[0.003s][trace][gc,heap]   Initial heap size 62914560
[0.003s][trace][gc,heap]   Minimum heap size 6815736
[0.003s][trace][gc,heap] CMS ergo set MaxNewSize: 20971520
[0.003s][trace][gc,heap] CMS set min_heap_size: 6815736 initial_heap_size:  62914560 max_heap: 62914560
[0.003s][trace][gc     ] MarkStackSize: 4096k  MarkStackSizeMax: 524288k
Java HotSpot(TM) 64-Bit Server VM warning: Option UseConcMarkSweepGC was deprecated in version 9.0 and will likely be removed in a future release.
Java HotSpot(TM) 64-Bit Server VM warning: Option UseConcMarkSweepGC was deprecated in version 9.0 and will likely be removed in a future release.
[0.012s][debug][gc,heap] Minimum heap 8388608  Initial heap 62914560  Maximum heap 62914560
[0.012s][trace][gc,heap] 1: Minimum young 196608  Initial young 20971520  Maximum young 20971520
[0.012s][trace][gc,heap] Minimum old 65536  Initial old 41943040  Maximum old 41943040
[0.012s][trace][gc,task] WorkerManager::add_workers() : created_workers: 1
[0.012s][trace][gc,task] Adding initial GC Thread(s) previously created workers 0 active workers 1 total created workers 1
[0.012s][trace][gc,heap,coops] Trying to allocate at address 0x00000000fc400000 heap of size 0x3c00000
[0.012s][trace][gc,heap,coops] Trying to allocate at address 0x00000000d2c00000 heap of size 0x3c00000
[0.012s][trace][gc,heap,coops] Trying to allocate at address 0x00000000a9400000 heap of size 0x3c00000
[0.012s][trace][gc,heap,coops] Trying to allocate at address 0x00000007fc400000 heap of size 0x3c00000
[0.013s][trace][gc,barrier   ] CardTable::CardTable:
[0.013s][trace][gc,barrier   ]     &_byte_map[0]: 0x0000000112211000  &_byte_map[_last_valid_index]: 0x000000011222efff
[0.013s][trace][gc,barrier   ]     _byte_map_base: 0x000000010e22f000
[0.013s][trace][gc,barrier   ] CardTable::resize_covered_region:
[0.013s][trace][gc,barrier   ]     _covered[0].start(): 0x00000007fc400000 _covered[0].last(): 0x00000007fd7ffff8
[0.013s][trace][gc,barrier   ]     _committed[0].start(): 0x0000000112211000  _committed[0].last(): 0x000000011221aff8
[0.013s][trace][gc,barrier   ]     byte_for(start): 0x0000000112211000  byte_for(last): 0x000000011221afff
[0.013s][trace][gc,barrier   ]     addr_for(start): 0x00000007fc400000  addr_for(last): 0x00000007fd7ff000
[0.013s][trace][gc,bot       ] BlockOffsetSharedArray::BlockOffsetSharedArray:
[0.013s][trace][gc,bot       ]    rs.base(): 0x0000000112230000 rs.size(): 0x0000000000015000 rs end(): 0x0000000112245000
[0.013s][trace][gc,bot       ]    _vs.low_boundary(): 0x0000000112230000  _vs.high_boundary(): 0x0000000112245000
[0.013s][trace][gc,barrier   ] CardTable::resize_covered_region:
[0.013s][trace][gc,barrier   ]     _covered[1].start(): 0x00000007fd800000 _covered[1].last(): 0x00000007fffffff8
[0.013s][trace][gc,barrier   ]     _committed[1].start(): 0x000000011221b000  _committed[1].last(): 0x000000011222eff8
[0.013s][trace][gc,barrier   ]     byte_for(start): 0x000000011221b000  byte_for(last): 0x000000011222efff
[0.013s][trace][gc,barrier   ]     addr_for(start): 0x00000007fd800000  addr_for(last): 0x00000007fffff000
[0.014s][trace][gc,task      ] WorkerManager::add_workers() : created_workers: 1
[0.014s][trace][gc,task      ] Adding initial CMS Thread(s) previously created workers 0 active workers 1 total created workers 1
[0.014s][debug][gc           ] ConcGCThreads: 3
[0.014s][debug][gc           ] ParallelGCThreads: 10
[0.014s][info ][gc           ] Using Concurrent Mark Sweep
[0.014s][info ][gc,heap,coops] Heap address: 0x00000007fc400000, size: 60 MB, Compressed Oops mode: Zero based, Oop shift amount: 3
[0.014s][trace][gc,metaspace ] node @0x00007ff7a2f11fc0: reserved=1048576.00 KB, committed=0.00 KB (  0%), used=0.00 KB (  0%)
[0.014s][trace][gc,metaspace ]    [0x0000000800000000, 0x0000000800000000, 0x0000000800000000, 0x0000000840000000)
[0.014s][trace][gc,metaspace ] Narrow klass base: 0x0000000800000000, Narrow klass shift: 0
[0.014s][trace][gc,metaspace ] Compressed class space size: 1073741824 Address: 0x0000000800000000 Req Addr: 0x0000000800000000
[0.014s][trace][gc,metaspace ] node @0x00007ff7a2f12180: reserved=8192.00 KB, committed=0.00 KB (  0%), used=0.00 KB (  0%)
[0.014s][trace][gc,metaspace ]    [0x00000001142e9000, 0x00000001142e9000, 0x00000001142e9000, 0x0000000114ae9000)
[0.016s][trace][gc,metaspace,freelist] SpaceManager(): 0x00007ff7a2f14000
[0.016s][trace][gc,metaspace,freelist] SpaceManager(): 0x00007ff7a2f14060
[0.016s][trace][gc,metaspace,freelist] allowed expansion words: 2305843009213693440 (left_until_max: 2305843009213693440, left_until_GC: 2305843009213693440.
[0.016s][trace][gc,metaspace,freelist] Expanded non-class virtual space list node by 4194304 words.
[0.016s][trace][gc,metaspace,freelist] Expanded non-class virtual space list.
[0.016s][trace][gc,metaspace,freelist] SpaceManager::added chunk:
[0.016s][trace][gc,metaspace,freelist] Metachunk: bottom 0x00000001142e9000 top 0x00000001142e9040 end 0x00000001146e9000 size 524288 (humongous)
[0.016s][trace][gc,metaspace,freelist] Free chunk total 0  count 0
[0.016s][trace][gc,metaspace,freelist] allowed expansion words: 2305843009213169152 (left_until_max: 2305843009213169152, left_until_GC: 2305843009213169152.
[0.016s][trace][gc,metaspace,freelist] Expanded class virtual space list node by 393216 words.
[0.016s][trace][gc,metaspace,freelist] Expanded class virtual space list.
[0.016s][trace][gc,metaspace,freelist] SpaceManager::added chunk:
[0.016s][trace][gc,metaspace,freelist] Metachunk: bottom 0x0000000800000000 top 0x0000000800000040 end 0x0000000800060000 size 49152 (humongous)
[0.016s][trace][gc,metaspace,freelist] Free chunk total 0  count 0
[0.016s][trace][gc,tlab              ] ThreadLocalAllocBuffer::compute_size(2) returns 41945
[0.017s][trace][gc,tlab              ] TLAB: fill thread: 0x00007ff7a3004000 [id: 8963] desired_size: 327KB slow allocs: 0  refill waste: 5240B alloc: 1.00000      328KB refills: 1 waste  0.0% gc: 0B slow: 0B fast: 0B
[0.018s][trace][gc,metaspace,freelist,blocks] returning block at 0x00000001142f7ec8 size = 3
[0.025s][trace][gc,metaspace,freelist,blocks] returning block at 0x00000001143cd330 size = 6
[0.031s][trace][gc,metaspace,freelist,blocks] returning block at 0x00000001144197d8 size = 13
[0.034s][trace][gc,tlab                     ] ThreadLocalAllocBuffer::compute_size(24) returns 41967
[0.034s][trace][gc,tlab                     ] TLAB: fill thread: 0x00007ff7a3801000 [id: 17923] desired_size: 327KB slow allocs: 0  refill waste: 5240B alloc: 1.00000      656KB refills: 1 waste  0.0% gc: 0B slow: 0B fast: 0B
[0.039s][trace][gc,metaspace,freelist,blocks] returning block at 0x0000000114447860 size = 15
[0.054s][trace][gc,metaspace,freelist,blocks] returning block at 0x00000001145209a8 size = 19
[0.058s][trace][gc,tlab                     ] ThreadLocalAllocBuffer::compute_size(3) returns 41946
[0.058s][trace][gc,tlab                     ] TLAB: fill thread: 0x00007ff7a3004000 [id: 8963] desired_size: 327KB slow allocs: 0  refill waste: 5240B alloc: 1.00000      983KB refills: 2 waste  0.1% gc: 0B slow: 576B fast: 0B
[0.067s][trace][gc,metaspace,freelist,blocks] returning block at 0x000000011456db30 size = 7
[0.067s][trace][gc,metaspace,freelist,blocks] returning block at 0x000000011456ea60 size = 29
[0.069s][trace][gc,metaspace,freelist,blocks] returning block at 0x0000000114581468 size = 5
[0.069s][trace][gc,metaspace,freelist,blocks] returning block at 0x0000000114581c18 size = 10
[0.069s][trace][gc,metaspace,freelist,blocks] returning block at 0x0000000114583810 size = 10
[0.069s][trace][gc,metaspace,freelist,blocks] returning block at 0x0000000114585350 size = 10
[0.070s][trace][gc,metaspace,freelist,blocks] returning block at 0x000000011458b9f0 size = 44
[0.079s][trace][gc,tlab                     ] ThreadLocalAllocBuffer::compute_size(3) returns 41946
[0.079s][trace][gc,tlab                     ] TLAB: fill thread: 0x00007ff78301a800 [id: 13571] desired_size: 327KB slow allocs: 0  refill waste: 5240B alloc: 1.00000     1311KB refills: 1 waste  0.0% gc: 0B slow: 0B fast: 0B
[0.082s][trace][gc,metaspace,freelist       ] SpaceManager(): 0x00007ff7a490d350
[0.082s][trace][gc,metaspace,freelist       ] SpaceManager(): 0x00007ff7a490d3b0
[0.082s][trace][gc,metaspace,freelist       ] allowed expansion words: 2152448 (left_until_max: 2305843009213120000, left_until_GC: 2152448.
[0.082s][trace][gc,metaspace,freelist       ] Expanded non-class virtual space list node by 262144 words.
[0.082s][trace][gc,metaspace,freelist       ] Expanded non-class virtual space list.
[0.082s][trace][gc,metaspace,freelist       ] SpaceManager::added chunk:
[0.082s][trace][gc,metaspace,freelist       ] Metachunk: bottom 0x00000001146e9000 top 0x00000001146e9040 end 0x00000001146e9400 size 128 (specialized)
[0.082s][trace][gc,metaspace,freelist       ] Free chunk total 0  count 0
[0.082s][trace][gc,metaspace,freelist       ] allowed expansion words: 2119680 (left_until_max: 2305843009213087232, left_until_GC: 2119680.
[0.082s][trace][gc,metaspace,freelist       ] Expanded class virtual space list node by 131072 words.
[0.082s][trace][gc,metaspace,freelist       ] Expanded class virtual space list.
[0.082s][trace][gc,metaspace,freelist       ] SpaceManager::added chunk:
[0.082s][trace][gc,metaspace,freelist       ] Metachunk: bottom 0x0000000800060000 top 0x0000000800060040 end 0x0000000800060400 size 128 (specialized)
[0.082s][trace][gc,metaspace,freelist       ] Free chunk total 0  count 0
[0.082s][trace][gc,metaspace,freelist       ] SpaceManager::grow_and_allocate for 10 words 121 words used 7 words left
[0.082s][trace][gc,metaspace,freelist,blocks] returning block at 0x00000001146e93c8 size = 7
[0.082s][trace][gc,metaspace,freelist       ] SpaceManager::added chunk:
[0.082s][trace][gc,metaspace,freelist       ] Metachunk: bottom 0x00000001146e9400 top 0x00000001146e9440 end 0x00000001146e9800 size 128 (specialized)
[0.082s][trace][gc,metaspace,freelist       ] Free chunk total 0  count 0
[0.087s][trace][gc,metaspace,freelist       ] SpaceManager(): 0x00007ff7a490e340
[0.087s][trace][gc,metaspace,freelist       ] SpaceManager(): 0x00007ff7a490e3a0
[0.087s][trace][gc,metaspace,freelist       ] SpaceManager::added chunk:
[0.087s][trace][gc,metaspace,freelist       ] Metachunk: bottom 0x00000001146e9800 top 0x00000001146e9840 end 0x00000001146e9c00 size 128 (specialized)
[0.087s][trace][gc,metaspace,freelist       ] Free chunk total 0  count 0
[0.087s][trace][gc,metaspace,freelist       ] SpaceManager::added chunk:
[0.087s][trace][gc,metaspace,freelist       ] Metachunk: bottom 0x0000000800060400 top 0x0000000800060440 end 0x0000000800060800 size 128 (specialized)
[0.087s][trace][gc,metaspace,freelist       ] Free chunk total 0  count 0
[0.088s][trace][gc,metaspace,freelist       ] SpaceManager(): 0x00007ff7a490fa30
[0.088s][trace][gc,metaspace,freelist       ] SpaceManager(): 0x00007ff7a490fa90
[0.088s][trace][gc,metaspace,freelist       ] SpaceManager::added chunk:
[0.088s][trace][gc,metaspace,freelist       ] Metachunk: bottom 0x00000001146e9c00 top 0x00000001146e9c40 end 0x00000001146ea000 size 128 (specialized)
[0.088s][trace][gc,metaspace,freelist       ] Free chunk total 0  count 0
[0.089s][trace][gc,metaspace,freelist       ] SpaceManager::added chunk:
[0.089s][trace][gc,metaspace,freelist       ] Metachunk: bottom 0x0000000800060800 top 0x0000000800060840 end 0x0000000800060c00 size 128 (specialized)
[0.089s][trace][gc,metaspace,freelist       ] Free chunk total 0  count 0
[0.089s][trace][gc,metaspace,freelist       ] SpaceManager(): 0x00007ff7a490f880
[0.089s][trace][gc,metaspace,freelist       ] SpaceManager(): 0x00007ff7a490ffe0
[0.089s][trace][gc,metaspace,freelist       ] SpaceManager::added chunk:
[0.089s][trace][gc,metaspace,freelist       ] Metachunk: bottom 0x00000001146ea000 top 0x00000001146ea040 end 0x00000001146ea400 size 128 (specialized)
[0.089s][trace][gc,metaspace,freelist       ] Free chunk total 0  count 0
[0.089s][trace][gc,metaspace,freelist       ] SpaceManager::added chunk:
[0.089s][trace][gc,metaspace,freelist       ] Metachunk: bottom 0x0000000800060c00 top 0x0000000800060c40 end 0x0000000800061000 size 128 (specialized)
[0.089s][trace][gc,metaspace,freelist       ] Free chunk total 0  count 0
[0.089s][trace][gc,metaspace,freelist       ] SpaceManager::grow_and_allocate for 11 words 120 words used 8 words left
[0.089s][trace][gc,metaspace,freelist,blocks] returning block at 0x00000001146ea3c0 size = 8
[0.089s][trace][gc,metaspace,freelist       ] SpaceManager::added chunk:
[0.089s][trace][gc,metaspace,freelist       ] Metachunk: bottom 0x00000001146ea400 top 0x00000001146ea440 end 0x00000001146ea800 size 128 (specialized)
[0.089s][trace][gc,metaspace,freelist       ] Free chunk total 0  count 0
[0.090s][trace][gc,metaspace,freelist       ] SpaceManager(): 0x00007ff7a49102c0
[0.090s][trace][gc,metaspace,freelist       ] SpaceManager(): 0x00007ff7a4910320
[0.090s][trace][gc,metaspace,freelist       ] SpaceManager::added chunk:
[0.090s][trace][gc,metaspace,freelist       ] Metachunk: bottom 0x00000001146ea800 top 0x00000001146ea840 end 0x00000001146eac00 size 128 (specialized)
[0.090s][trace][gc,metaspace,freelist       ] Free chunk total 0  count 0
[0.090s][trace][gc,metaspace,freelist       ] SpaceManager::added chunk:
[0.090s][trace][gc,metaspace,freelist       ] Metachunk: bottom 0x0000000800061000 top 0x0000000800061040 end 0x0000000800061400 size 128 (specialized)
[0.090s][trace][gc,metaspace,freelist       ] Free chunk total 0  count 0
[0.092s][trace][gc,metaspace,freelist       ] SpaceManager(): 0x00007ff7a2f16de0
[0.092s][trace][gc,metaspace,freelist       ] SpaceManager(): 0x00007ff7a2f16e40
[0.092s][trace][gc,metaspace,freelist       ] SpaceManager::added chunk:
[0.092s][trace][gc,metaspace,freelist       ] Metachunk: bottom 0x00000001146eac00 top 0x00000001146eac40 end 0x00000001146eb000 size 128 (specialized)
[0.092s][trace][gc,metaspace,freelist       ] Free chunk total 0  count 0
[0.092s][trace][gc,metaspace,freelist       ] SpaceManager::added chunk:
[0.092s][trace][gc,metaspace,freelist       ] Metachunk: bottom 0x0000000800061400 top 0x0000000800061440 end 0x0000000800061800 size 128 (specialized)
[0.092s][trace][gc,metaspace,freelist       ] Free chunk total 0  count 0
[0.093s][trace][gc,metaspace,freelist       ] SpaceManager(): 0x00007ff7a2e0eea0
[0.093s][trace][gc,metaspace,freelist       ] SpaceManager(): 0x00007ff7a2e0ef00
[0.093s][trace][gc,metaspace,freelist       ] SpaceManager::added chunk:
[0.093s][trace][gc,metaspace,freelist       ] Metachunk: bottom 0x00000001146eb000 top 0x00000001146eb040 end 0x00000001146eb400 size 128 (specialized)
[0.093s][trace][gc,metaspace,freelist       ] Free chunk total 0  count 0
[0.093s][trace][gc,metaspace,freelist       ] SpaceManager::added chunk:
[0.093s][trace][gc,metaspace,freelist       ] Metachunk: bottom 0x0000000800061800 top 0x0000000800061840 end 0x0000000800061c00 size 128 (specialized)
[0.093s][trace][gc,metaspace,freelist       ] Free chunk total 0  count 0
[0.093s][trace][gc,metaspace,freelist,blocks] returning block at 0x00000001146bd3a0 size = 5
[0.093s][trace][gc,metaspace,freelist       ] SpaceManager(): 0x00007ff7a2e0f360
[0.093s][trace][gc,metaspace,freelist       ] SpaceManager(): 0x00007ff7a2e0f3c0
[0.093s][trace][gc,metaspace,freelist       ] SpaceManager::added chunk:
[0.093s][trace][gc,metaspace,freelist       ] Metachunk: bottom 0x00000001146eb400 top 0x00000001146eb440 end 0x00000001146eb800 size 128 (specialized)
[0.093s][trace][gc,metaspace,freelist       ] Free chunk total 0  count 0
[0.093s][trace][gc,metaspace,freelist       ] SpaceManager::added chunk:
[0.093s][trace][gc,metaspace,freelist       ] Metachunk: bottom 0x0000000800061c00 top 0x0000000800061c40 end 0x0000000800062000 size 128 (specialized)
[0.093s][trace][gc,metaspace,freelist       ] Free chunk total 0  count 0
[0.093s][trace][gc,metaspace,freelist       ] SpaceManager::grow_and_allocate for 10 words 124 words used 4 words left
[0.093s][trace][gc,metaspace,freelist,blocks] returning block at 0x00000001146eb7e0 size = 4
[0.093s][trace][gc,metaspace,freelist       ] SpaceManager::added chunk:
[0.093s][trace][gc,metaspace,freelist       ] Metachunk: bottom 0x00000001146eb800 top 0x00000001146eb840 end 0x00000001146ebc00 size 128 (specialized)
[0.093s][trace][gc,metaspace,freelist       ] Free chunk total 0  count 0
[0.093s][trace][gc,metaspace,freelist       ] SpaceManager(): 0x00007ff7a2e0f760
[0.093s][trace][gc,metaspace,freelist       ] SpaceManager(): 0x00007ff7a2e0f7c0
[0.093s][trace][gc,metaspace,freelist       ] SpaceManager::added chunk:
[0.093s][trace][gc,metaspace,freelist       ] Metachunk: bottom 0x00000001146ebc00 top 0x00000001146ebc40 end 0x00000001146ec000 size 128 (specialized)
[0.093s][trace][gc,metaspace,freelist       ] Free chunk total 0  count 0
[0.093s][trace][gc,metaspace,freelist       ] SpaceManager::added chunk:
[0.093s][trace][gc,metaspace,freelist       ] Metachunk: bottom 0x0000000800062000 top 0x0000000800062040 end 0x0000000800062400 size 128 (specialized)
[0.093s][trace][gc,metaspace,freelist       ] Free chunk total 0  count 0
[0.094s][trace][gc,metaspace,freelist,blocks] returning block at 0x00000001146c3ce0 size = 7
[0.094s][trace][gc,metaspace,freelist,blocks] returning block at 0x00000001146c4948 size = 3
[0.094s][trace][gc,metaspace,freelist,blocks] returning block at 0x00000001146c6230 size = 5
[0.094s][trace][gc,metaspace,freelist       ] SpaceManager::grow_and_allocate for 10 words 127 words used 1 words left
[0.094s][trace][gc,metaspace,freelist       ] SpaceManager::added chunk:
[0.094s][trace][gc,metaspace,freelist       ] Metachunk: bottom 0x00000001146ec000 top 0x00000001146ec040 end 0x00000001146ec400 size 128 (specialized)
[0.094s][trace][gc,metaspace,freelist       ] Free chunk total 0  count 0
[0.095s][trace][gc,metaspace,freelist       ] SpaceManager(): 0x00007ff792c05f40
[0.095s][trace][gc,metaspace,freelist       ] SpaceManager(): 0x00007ff792c05fa0
[0.095s][trace][gc,metaspace,freelist       ] SpaceManager::added chunk:
[0.095s][trace][gc,metaspace,freelist       ] Metachunk: bottom 0x00000001146ec400 top 0x00000001146ec440 end 0x00000001146ec800 size 128 (specialized)
[0.095s][trace][gc,metaspace,freelist       ] Free chunk total 0  count 0
[0.095s][trace][gc,metaspace,freelist       ] SpaceManager::added chunk:
[0.095s][trace][gc,metaspace,freelist       ] Metachunk: bottom 0x0000000800062400 top 0x0000000800062440 end 0x0000000800062800 size 128 (specialized)
[0.095s][trace][gc,metaspace,freelist       ] Free chunk total 0  count 0
[0.095s][trace][gc,metaspace,freelist       ] SpaceManager::grow_and_allocate for 10 words 121 words used 7 words left
[0.095s][trace][gc,metaspace,freelist,blocks] returning block at 0x00000001146ec7c8 size = 7
[0.095s][trace][gc,metaspace,freelist       ] SpaceManager::added chunk:
[0.095s][trace][gc,metaspace,freelist       ] Metachunk: bottom 0x00000001146ec800 top 0x00000001146ec840 end 0x00000001146ecc00 size 128 (specialized)
[0.095s][trace][gc,metaspace,freelist       ] Free chunk total 0  count 0
[0.095s][trace][gc,metaspace,freelist,blocks] returning block at 0x00000001146c97f0 size = 4
[0.095s][trace][gc,metaspace,freelist       ] SpaceManager(): 0x00007ff792c06590
[0.095s][trace][gc,metaspace,freelist       ] SpaceManager(): 0x00007ff792c065f0
[0.095s][trace][gc,metaspace,freelist       ] SpaceManager::added chunk:
[0.095s][trace][gc,metaspace,freelist       ] Metachunk: bottom 0x00000001146ecc00 top 0x00000001146ecc40 end 0x00000001146ed000 size 128 (specialized)
[0.095s][trace][gc,metaspace,freelist       ] Free chunk total 0  count 0
[0.095s][trace][gc,metaspace,freelist       ] SpaceManager::added chunk:
[0.095s][trace][gc,metaspace,freelist       ] Metachunk: bottom 0x0000000800062800 top 0x0000000800062840 end 0x0000000800062c00 size 128 (specialized)
[0.095s][trace][gc,metaspace,freelist       ] Free chunk total 0  count 0
[0.096s][trace][gc,metaspace,freelist       ] SpaceManager(): 0x00007ff792c068d0
[0.096s][trace][gc,metaspace,freelist       ] SpaceManager(): 0x00007ff792c06930
[0.096s][trace][gc,metaspace,freelist       ] SpaceManager::added chunk:
[0.096s][trace][gc,metaspace,freelist       ] Metachunk: bottom 0x00000001146ed000 top 0x00000001146ed040 end 0x00000001146ed400 size 128 (specialized)
[0.096s][trace][gc,metaspace,freelist       ] Free chunk total 0  count 0
[0.096s][trace][gc,metaspace,freelist       ] SpaceManager::added chunk:
[0.096s][trace][gc,metaspace,freelist       ] Metachunk: bottom 0x0000000800062c00 top 0x0000000800062c40 end 0x0000000800063000 size 128 (specialized)
[0.096s][trace][gc,metaspace,freelist       ] Free chunk total 0  count 0
[0.096s][trace][gc,metaspace,freelist       ] SpaceManager(): 0x00007ff792c06c10
[0.096s][trace][gc,metaspace,freelist       ] SpaceManager(): 0x00007ff792c06c70
[0.096s][trace][gc,metaspace,freelist       ] SpaceManager::added chunk:
[0.096s][trace][gc,metaspace,freelist       ] Metachunk: bottom 0x00000001146ed400 top 0x00000001146ed440 end 0x00000001146ed800 size 128 (specialized)
[0.096s][trace][gc,metaspace,freelist       ] Free chunk total 0  count 0
[0.096s][trace][gc,metaspace,freelist       ] SpaceManager::added chunk:
[0.096s][trace][gc,metaspace,freelist       ] Metachunk: bottom 0x0000000800063000 top 0x0000000800063040 end 0x0000000800063400 size 128 (specialized)
[0.096s][trace][gc,metaspace,freelist       ] Free chunk total 0  count 0
[0.096s][trace][gc,metaspace,freelist       ] SpaceManager(): 0x00007ff792c06f70
[0.096s][trace][gc,metaspace,freelist       ] SpaceManager(): 0x00007ff792c06fd0
[0.096s][trace][gc,metaspace,freelist       ] SpaceManager::added chunk:
[0.096s][trace][gc,metaspace,freelist       ] Metachunk: bottom 0x00000001146ed800 top 0x00000001146ed840 end 0x00000001146edc00 size 128 (specialized)
[0.096s][trace][gc,metaspace,freelist       ] Free chunk total 0  count 0
[0.096s][trace][gc,metaspace,freelist       ] SpaceManager::added chunk:
[0.096s][trace][gc,metaspace,freelist       ] Metachunk: bottom 0x0000000800063400 top 0x0000000800063440 end 0x0000000800063800 size 128 (specialized)
[0.096s][trace][gc,metaspace,freelist       ] Free chunk total 0  count 0
[0.096s][trace][gc,metaspace,freelist       ] SpaceManager::grow_and_allocate for 10 words 127 words used 1 words left
[0.096s][trace][gc,metaspace,freelist       ] SpaceManager::added chunk:
[0.096s][trace][gc,metaspace,freelist       ] Metachunk: bottom 0x00000001146edc00 top 0x00000001146edc40 end 0x00000001146ee000 size 128 (specialized)
[0.096s][trace][gc,metaspace,freelist       ] Free chunk total 0  count 0
[0.096s][trace][gc,metaspace,freelist       ] SpaceManager::grow_and_allocate for 10 words 128 words used 0 words left
[0.096s][trace][gc,metaspace,freelist       ] SpaceManager::added chunk:
[0.096s][trace][gc,metaspace,freelist       ] Metachunk: bottom 0x00000001146ee000 top 0x00000001146ee040 end 0x00000001146ee400 size 128 (specialized)
[0.096s][trace][gc,metaspace,freelist       ] Free chunk total 0  count 0
[0.097s][trace][gc,tlab                     ] ThreadLocalAllocBuffer::compute_size(5) returns 41948
[0.097s][trace][gc,tlab                     ] TLAB: fill thread: 0x00007ff7a3004000 [id: 8963] desired_size: 327KB slow allocs: 0  refill waste: 5240B alloc: 1.00000     1639KB refills: 3 waste  0.1% gc: 0B slow: 1160B fast: 0B
[0.105s][trace][gc,tlab                     ] ThreadLocalAllocBuffer::compute_size(3) returns 41946
[0.105s][trace][gc,tlab                     ] TLAB: fill thread: 0x00007ff7a3004000 [id: 8963] desired_size: 327KB slow allocs: 0  refill waste: 5240B alloc: 1.00000     1966KB refills: 4 waste  0.1% gc: 0B slow: 1752B fast: 0B
[0.106s][trace][gc,metaspace,freelist       ] SpaceManager::grow_and_allocate for 57 words 524251 words used 37 words left
[0.106s][trace][gc,metaspace,freelist       ] Creating padding chunks in metaspace between 0x1146ee400 and 0x1146ef000...
[0.106s][trace][gc,metaspace,freelist       ] Created padding chunk in metaspace at 0x00000001146ee400, size 0x400.
[0.106s][trace][gc,metaspace,freelist       ] returned one specialized chunk at 0x00000001146ee400 to freelist.
[0.106s][trace][gc,metaspace,freelist       ] Created padding chunk in metaspace at 0x00000001146ee800, size 0x400.
[0.106s][trace][gc,metaspace,freelist       ] returned one specialized chunk at 0x00000001146ee800 to freelist.
[0.106s][trace][gc,metaspace,freelist       ] Created padding chunk in metaspace at 0x00000001146eec00, size 0x400.
[0.106s][trace][gc,metaspace,freelist       ] returned one specialized chunk at 0x00000001146eec00 to freelist.
[0.106s][trace][gc,metaspace,freelist,blocks] returning block at 0x00000001146e8ed8 size = 37
[0.106s][trace][gc,metaspace,freelist       ] SpaceManager::added chunk:
[0.106s][trace][gc,metaspace,freelist       ] Metachunk: bottom 0x00000001146ef000 top 0x00000001146ef040 end 0x00000001146f0000 size 512 (small)
[0.106s][trace][gc,metaspace,freelist       ] Free chunk total 384  count 3
[0.106s][trace][gc,metaspace,freelist       ] SpaceManager::grow_and_allocate for 11 words 507 words used 5 words left
[0.106s][trace][gc,metaspace,freelist,blocks] returning block at 0x00000001146effd8 size = 5
[0.106s][trace][gc,metaspace,freelist       ] SpaceManager::added chunk:
[0.106s][trace][gc,metaspace,freelist       ] Metachunk: bottom 0x00000001146f0000 top 0x00000001146f0040 end 0x00000001146f1000 size 512 (small)
[0.106s][trace][gc,metaspace,freelist       ] Free chunk total 384  count 3
[0.107s][trace][gc,metaspace,freelist       ] SpaceManager::grow_and_allocate for 10 words 504 words used 8 words left
[0.107s][trace][gc,metaspace,freelist,blocks] returning block at 0x00000001146f0fc0 size = 8
[0.107s][trace][gc,metaspace,freelist       ] SpaceManager::added chunk:
[0.107s][trace][gc,metaspace,freelist       ] Metachunk: bottom 0x00000001146f1000 top 0x00000001146f1040 end 0x00000001146f2000 size 512 (small)
[0.107s][trace][gc,metaspace,freelist       ] Free chunk total 384  count 3
[0.107s][trace][gc,metaspace,freelist       ] SpaceManager::grow_and_allocate for 329 words 452 words used 60 words left
[0.107s][trace][gc,metaspace,freelist,blocks] returning block at 0x00000001146f1e20 size = 60
[0.107s][trace][gc,metaspace,freelist       ] SpaceManager::added chunk:
[0.107s][trace][gc,metaspace,freelist       ] Metachunk: bottom 0x00000001146f2000 top 0x00000001146f2040 end 0x00000001146f3000 size 512 (small)
[0.107s][trace][gc,metaspace,freelist       ] Free chunk total 384  count 3
[0.107s][trace][gc,metaspace,freelist       ] SpaceManager::grow_and_allocate for 279 words 337 words used 175 words left
[0.107s][trace][gc,metaspace,freelist       ] Creating padding chunks in metaspace between 0x1146f3000 and 0x114700000...
[0.107s][trace][gc,metaspace,freelist       ] Created padding chunk in metaspace at 0x00000001146f3000, size 0x1000.
[0.107s][trace][gc,metaspace,freelist       ] returned one small chunk at 0x00000001146f3000 to freelist.
[0.107s][trace][gc,metaspace,freelist       ] Created padding chunk in metaspace at 0x00000001146f4000, size 0x1000.
[0.107s][trace][gc,metaspace,freelist       ] returned one small chunk at 0x00000001146f4000 to freelist.
[0.107s][trace][gc,metaspace,freelist       ] Created padding chunk in metaspace at 0x00000001146f5000, size 0x1000.
[0.107s][trace][gc,metaspace,freelist       ] returned one small chunk at 0x00000001146f5000 to freelist.
[0.107s][trace][gc,metaspace,freelist       ] Created padding chunk in metaspace at 0x00000001146f6000, size 0x1000.
[0.107s][trace][gc,metaspace,freelist       ] returned one small chunk at 0x00000001146f6000 to freelist.
[0.107s][trace][gc,metaspace,freelist       ] Created padding chunk in metaspace at 0x00000001146f7000, size 0x1000.
[0.107s][trace][gc,metaspace,freelist       ] returned one small chunk at 0x00000001146f7000 to freelist.
[0.107s][trace][gc,metaspace,freelist       ] Created padding chunk in metaspace at 0x00000001146f8000, size 0x1000.
[0.107s][trace][gc,metaspace,freelist       ] returned one small chunk at 0x00000001146f8000 to freelist.
[0.107s][trace][gc,metaspace,freelist       ] Created padding chunk in metaspace at 0x00000001146f9000, size 0x1000.
[0.107s][trace][gc,metaspace,freelist       ] returned one small chunk at 0x00000001146f9000 to freelist.
[0.107s][trace][gc,metaspace,freelist       ] Created padding chunk in metaspace at 0x00000001146fa000, size 0x1000.
[0.107s][trace][gc,metaspace,freelist       ] returned one small chunk at 0x00000001146fa000 to freelist.
[0.107s][trace][gc,metaspace,freelist       ] Created padding chunk in metaspace at 0x00000001146fb000, size 0x1000.
[0.107s][trace][gc,metaspace,freelist       ] returned one small chunk at 0x00000001146fb000 to freelist.
[0.107s][trace][gc,metaspace,freelist       ] Created padding chunk in metaspace at 0x00000001146fc000, size 0x1000.
[0.107s][trace][gc,metaspace,freelist       ] returned one small chunk at 0x00000001146fc000 to freelist.
[0.107s][trace][gc,metaspace,freelist       ] Created padding chunk in metaspace at 0x00000001146fd000, size 0x1000.
[0.107s][trace][gc,metaspace,freelist       ] returned one small chunk at 0x00000001146fd000 to freelist.
[0.107s][trace][gc,metaspace,freelist       ] Created padding chunk in metaspace at 0x00000001146fe000, size 0x1000.
[0.107s][trace][gc,metaspace,freelist       ] returned one small chunk at 0x00000001146fe000 to freelist.
[0.107s][trace][gc,metaspace,freelist       ] Created padding chunk in metaspace at 0x00000001146ff000, size 0x1000.
[0.107s][trace][gc,metaspace,freelist       ] returned one small chunk at 0x00000001146ff000 to freelist.
[0.107s][trace][gc,metaspace,freelist,blocks] returning block at 0x00000001146f2a88 size = 175
[0.107s][trace][gc,metaspace,freelist       ] SpaceManager::added chunk:
[0.107s][trace][gc,metaspace,freelist       ] Metachunk: bottom 0x0000000114700000 top 0x0000000114700040 end 0x0000000114710000 size 8192 (medium)
[0.107s][trace][gc,metaspace,freelist       ] Free chunk total 7040  count 16
[0.113s][trace][gc,metaspace,freelist       ] SpaceManager::grow_and_allocate for 317 words 7961 words used 231 words left
[0.113s][trace][gc,metaspace,freelist,blocks] returning block at 0x000000011470f8c8 size = 231
[0.113s][trace][gc,metaspace,freelist       ] SpaceManager::added chunk:
[0.113s][trace][gc,metaspace,freelist       ] Metachunk: bottom 0x0000000114710000 top 0x0000000114710040 end 0x0000000114720000 size 8192 (medium)
[0.113s][trace][gc,metaspace,freelist       ] Free chunk total 7040  count 16
[0.114s][trace][gc,metaspace,freelist       ] SpaceManager::grow_and_allocate for 64 words 49146 words used 6 words left
[0.114s][trace][gc,metaspace,freelist,blocks] returning block at 0x000000080005ffd0 size = 6
[0.114s][trace][gc,metaspace,freelist       ] SpaceManager::added chunk:
[0.114s][trace][gc,metaspace,freelist       ] Metachunk: bottom 0x0000000800063800 top 0x0000000800063840 end 0x0000000800064000 size 256 (small)
[0.114s][trace][gc,metaspace,freelist       ] Free chunk total 0  count 0
[0.114s][trace][gc,metaspace,freelist       ] SpaceManager::grow_and_allocate for 393 words 8115 words used 77 words left
[0.114s][trace][gc,metaspace,freelist       ] allowed expansion words: 2103296 (left_until_max: 2305843009213070848, left_until_GC: 2103296.
[0.114s][trace][gc,metaspace,freelist       ] Expanded non-class virtual space list node by 262144 words.
[0.114s][trace][gc,metaspace,freelist       ] Expanded non-class virtual space list.
[0.114s][trace][gc,metaspace,freelist,blocks] returning block at 0x000000011471fd98 size = 77
[0.114s][trace][gc,metaspace,freelist       ] SpaceManager::added chunk:
[0.114s][trace][gc,metaspace,freelist       ] Metachunk: bottom 0x0000000114720000 top 0x0000000114720040 end 0x0000000114730000 size 8192 (medium)
[0.114s][trace][gc,metaspace,freelist       ] Free chunk total 7040  count 16
[0.114s][trace][gc,metaspace,freelist       ] SpaceManager::grow_and_allocate for 71 words 191 words used 65 words left
[0.114s][trace][gc,metaspace,freelist,blocks] returning block at 0x0000000800063df8 size = 65
[0.114s][trace][gc,metaspace,freelist       ] SpaceManager::added chunk:
[0.114s][trace][gc,metaspace,freelist       ] Metachunk: bottom 0x0000000800064000 top 0x0000000800064040 end 0x0000000800064800 size 256 (small)
[0.114s][trace][gc,metaspace,freelist       ] Free chunk total 0  count 0
[0.115s][trace][gc,metaspace,freelist       ] SpaceManager::grow_and_allocate for 75 words 223 words used 33 words left
[0.115s][trace][gc,metaspace,freelist,blocks] returning block at 0x00000008000646f8 size = 33
[0.115s][trace][gc,metaspace,freelist       ] SpaceManager::added chunk:
[0.115s][trace][gc,metaspace,freelist       ] Metachunk: bottom 0x0000000800064800 top 0x0000000800064840 end 0x0000000800065000 size 256 (small)
[0.115s][trace][gc,metaspace,freelist       ] Free chunk total 0  count 0
[0.115s][trace][gc,metaspace,freelist       ] SpaceManager::grow_and_allocate for 65 words 215 words used 41 words left
[0.115s][trace][gc,metaspace,freelist,blocks] returning block at 0x0000000800064eb8 size = 41
[0.115s][trace][gc,metaspace,freelist       ] SpaceManager::added chunk:
[0.115s][trace][gc,metaspace,freelist       ] Metachunk: bottom 0x0000000800065000 top 0x0000000800065040 end 0x0000000800065800 size 256 (small)
[0.115s][trace][gc,metaspace,freelist       ] Free chunk total 0  count 0
[0.115s][trace][gc,metaspace,freelist       ] SpaceManager::grow_and_allocate for 885 words 7850 words used 342 words left
[0.115s][trace][gc,metaspace,freelist,blocks] returning block at 0x000000011472f550 size = 342
[0.115s][trace][gc,metaspace,freelist       ] SpaceManager::added chunk:
[0.115s][trace][gc,metaspace,freelist       ] Metachunk: bottom 0x0000000114730000 top 0x0000000114730040 end 0x0000000114740000 size 8192 (medium)
[0.115s][trace][gc,metaspace,freelist       ] Free chunk total 7040  count 16
[0.116s][trace][gc,metaspace,freelist       ] SpaceManager::grow_and_allocate for 72 words 210 words used 46 words left
[0.116s][trace][gc,metaspace,freelist       ] Creating padding chunks in class space  between 0x800065800 and 0x800068000...
[0.116s][trace][gc,metaspace,freelist       ] Created padding chunk in class space  at 0x0000000800065800, size 0x800.
[0.116s][trace][gc,metaspace,freelist       ] returned one small chunk at 0x0000000800065800 to freelist.
[0.116s][trace][gc,metaspace,freelist       ] Created padding chunk in class space  at 0x0000000800066000, size 0x800.
[0.116s][trace][gc,metaspace,freelist       ] returned one small chunk at 0x0000000800066000 to freelist.
[0.116s][trace][gc,metaspace,freelist       ] Created padding chunk in class space  at 0x0000000800066800, size 0x800.
[0.116s][trace][gc,metaspace,freelist       ] returned one small chunk at 0x0000000800066800 to freelist.
[0.116s][trace][gc,metaspace,freelist       ] Created padding chunk in class space  at 0x0000000800067000, size 0x800.
[0.116s][trace][gc,metaspace,freelist       ] returned one small chunk at 0x0000000800067000 to freelist.
[0.116s][trace][gc,metaspace,freelist       ] Created padding chunk in class space  at 0x0000000800067800, size 0x800.
[0.116s][trace][gc,metaspace,freelist       ] returned one small chunk at 0x0000000800067800 to freelist.
[0.116s][trace][gc,metaspace,freelist,blocks] returning block at 0x0000000800065690 size = 46
[0.116s][trace][gc,metaspace,freelist       ] SpaceManager::added chunk:
[0.116s][trace][gc,metaspace,freelist       ] Metachunk: bottom 0x0000000800068000 top 0x0000000800068040 end 0x0000000800070000 size 4096 (medium)
[0.116s][trace][gc,metaspace,freelist       ] Free chunk total 1280  count 5
[0.117s][trace][gc,metaspace,freelist       ] SpaceManager::grow_and_allocate for 11 words 8191 words used 1 words left
[0.117s][trace][gc,metaspace,freelist       ] SpaceManager::added chunk:
[0.117s][trace][gc,metaspace,freelist       ] Metachunk: bottom 0x0000000114740000 top 0x0000000114740040 end 0x0000000114750000 size 8192 (medium)
[0.117s][trace][gc,metaspace,freelist       ] Free chunk total 7040  count 16
[0.119s][trace][gc,metaspace,freelist       ] SpaceManager::grow_and_allocate for 707 words 7690 words used 502 words left
[0.119s][trace][gc,metaspace,freelist,blocks] returning block at 0x000000011474f050 size = 502
[0.119s][trace][gc,metaspace,freelist       ] SpaceManager::added chunk:
[0.119s][trace][gc,metaspace,freelist       ] Metachunk: bottom 0x0000000114750000 top 0x0000000114750040 end 0x0000000114760000 size 8192 (medium)
[0.119s][trace][gc,metaspace,freelist       ] Free chunk total 7040  count 16
[0.120s][trace][gc,metaspace,freelist       ] SpaceManager::grow_and_allocate for 22 words 8183 words used 9 words left
[0.120s][trace][gc,metaspace,freelist       ] allowed expansion words: 2070528 (left_until_max: 2305843009213038080, left_until_GC: 2070528.
[0.120s][trace][gc,metaspace,freelist       ] Expanded non-class virtual space list node by 262144 words.
[0.120s][trace][gc,metaspace,freelist       ] Expanded non-class virtual space list.
[0.120s][trace][gc,metaspace,freelist,blocks] returning block at 0x000000011475ffb8 size = 9
[0.120s][trace][gc,metaspace,freelist       ] SpaceManager::added chunk:
[0.120s][trace][gc,metaspace,freelist       ] Metachunk: bottom 0x0000000114760000 top 0x0000000114760040 end 0x0000000114770000 size 8192 (medium)
[0.120s][trace][gc,metaspace,freelist       ] Free chunk total 7040  count 16
[0.120s][trace][gc,metaspace,freelist       ] SpaceManager::grow_and_allocate for 65 words 8141 words used 51 words left
[0.121s][trace][gc,metaspace,freelist,blocks] returning block at 0x000000011476fe68 size = 51
[0.121s][trace][gc,metaspace,freelist       ] SpaceManager::added chunk:
[0.121s][trace][gc,metaspace,freelist       ] Metachunk: bottom 0x0000000114770000 top 0x0000000114770040 end 0x0000000114780000 size 8192 (medium)
[0.121s][trace][gc,metaspace,freelist       ] Free chunk total 7040  count 16
[0.121s][trace][gc,metaspace,freelist       ] SpaceManager::grow_and_allocate for 100 words 4049 words used 47 words left
[0.121s][trace][gc,metaspace,freelist,blocks] returning block at 0x000000080006fe88 size = 47
[0.121s][trace][gc,metaspace,freelist       ] SpaceManager::added chunk:
[0.121s][trace][gc,metaspace,freelist       ] Metachunk: bottom 0x0000000800070000 top 0x0000000800070040 end 0x0000000800078000 size 4096 (medium)
[0.121s][trace][gc,metaspace,freelist       ] Free chunk total 1280  count 5
[0.121s][trace][gc,metaspace,freelist       ] SpaceManager::grow_and_allocate for 11 words 8192 words used 0 words left
[0.121s][trace][gc,metaspace,freelist       ] SpaceManager::added chunk:
[0.121s][trace][gc,metaspace,freelist       ] Metachunk: bottom 0x0000000114780000 top 0x0000000114780040 end 0x0000000114790000 size 8192 (medium)
[0.121s][trace][gc,metaspace,freelist       ] Free chunk total 7040  count 16
[0.125s][trace][gc,metaspace,freelist       ] SpaceManager::grow_and_allocate for 343 words 8058 words used 134 words left
[0.125s][trace][gc,metaspace,freelist,blocks] returning block at 0x000000011478fbd0 size = 134
[0.125s][trace][gc,metaspace,freelist       ] SpaceManager::added chunk:
[0.125s][trace][gc,metaspace,freelist       ] Metachunk: bottom 0x0000000114790000 top 0x0000000114790040 end 0x00000001147a0000 size 8192 (medium)
[0.125s][trace][gc,metaspace,freelist       ] Free chunk total 7040  count 16
[0.126s][trace][gc,metaspace,freelist       ] SpaceManager::grow_and_allocate for 1123 words 7624 words used 568 words left
[0.126s][trace][gc,metaspace,freelist       ] allowed expansion words: 2037760 (left_until_max: 2305843009213005312, left_until_GC: 2037760.
[0.126s][trace][gc,metaspace,freelist       ] Expanded non-class virtual space list node by 262144 words.
[0.126s][trace][gc,metaspace,freelist       ] Expanded non-class virtual space list.
[0.126s][trace][gc,metaspace,freelist,blocks] returning block at 0x000000011479ee40 size = 568
[0.126s][trace][gc,metaspace,freelist       ] SpaceManager::added chunk:
[0.126s][trace][gc,metaspace,freelist       ] Metachunk: bottom 0x00000001147a0000 top 0x00000001147a0040 end 0x00000001147b0000 size 8192 (medium)
[0.126s][trace][gc,metaspace,freelist       ] Free chunk total 7040  count 16
[0.127s][trace][gc,metaspace,freelist       ] SpaceManager::grow_and_allocate for 11 words 8188 words used 4 words left
[0.127s][trace][gc,metaspace,freelist,blocks] returning block at 0x00000001147affe0 size = 4
[0.127s][trace][gc,metaspace,freelist       ] SpaceManager::added chunk:
[0.127s][trace][gc,metaspace,freelist       ] Metachunk: bottom 0x00000001147b0000 top 0x00000001147b0040 end 0x00000001147c0000 size 8192 (medium)
[0.127s][trace][gc,metaspace,freelist       ] Free chunk total 7040  count 16
[0.128s][trace][gc,metaspace,freelist       ] SpaceManager::grow_and_allocate for 11 words 8188 words used 4 words left
[0.128s][trace][gc,metaspace,freelist,blocks] returning block at 0x00000001147bffe0 size = 4
[0.128s][trace][gc,metaspace,freelist       ] SpaceManager::added chunk:
[0.128s][trace][gc,metaspace,freelist       ] Metachunk: bottom 0x00000001147c0000 top 0x00000001147c0040 end 0x00000001147d0000 size 8192 (medium)
[0.128s][trace][gc,metaspace,freelist       ] Free chunk total 7040  count 16
[0.129s][trace][gc,metaspace,freelist       ] SpaceManager::grow_and_allocate for 69 words 4073 words used 23 words left
[0.129s][trace][gc,metaspace,freelist,blocks] returning block at 0x0000000800077f48 size = 23
[0.129s][trace][gc,metaspace,freelist       ] SpaceManager::added chunk:
[0.129s][trace][gc,metaspace,freelist       ] Metachunk: bottom 0x0000000800078000 top 0x0000000800078040 end 0x0000000800080000 size 4096 (medium)
[0.129s][trace][gc,metaspace,freelist       ] Free chunk total 1280  count 5
[0.129s][trace][gc,metaspace,freelist       ] SpaceManager::grow_and_allocate for 26 words 8173 words used 19 words left
[0.129s][trace][gc,metaspace,freelist,blocks] returning block at 0x00000001147cff68 size = 19
[0.129s][trace][gc,metaspace,freelist       ] SpaceManager::added chunk:
[0.129s][trace][gc,metaspace,freelist       ] Metachunk: bottom 0x00000001147d0000 top 0x00000001147d0040 end 0x00000001147e0000 size 8192 (medium)
[0.129s][trace][gc,metaspace,freelist       ] Free chunk total 7040  count 16
[0.133s][trace][gc,metaspace,freelist       ] SpaceManager::grow_and_allocate for 11 words 8184 words used 8 words left
[0.133s][trace][gc,metaspace,freelist       ] allowed expansion words: 2004992 (left_until_max: 2305843009212972544, left_until_GC: 2004992.
[0.133s][trace][gc,metaspace,freelist       ] Expanded non-class virtual space list node by 262144 words.
[0.133s][trace][gc,metaspace,freelist       ] Expanded non-class virtual space list.
[0.133s][trace][gc,metaspace,freelist,blocks] returning block at 0x00000001147dffc0 size = 8
[0.133s][trace][gc,metaspace,freelist       ] SpaceManager::added chunk:
[0.133s][trace][gc,metaspace,freelist       ] Metachunk: bottom 0x00000001147e0000 top 0x00000001147e0040 end 0x00000001147f0000 size 8192 (medium)
[0.133s][trace][gc,metaspace,freelist       ] Free chunk total 7040  count 16
[0.134s][trace][gc,metaspace,freelist       ] SpaceManager::grow_and_allocate for 14 words 8184 words used 8 words left
[0.134s][trace][gc,metaspace,freelist,blocks] returning block at 0x00000001147effc0 size = 8
[0.134s][trace][gc,metaspace,freelist       ] SpaceManager::added chunk:
[0.134s][trace][gc,metaspace,freelist       ] Metachunk: bottom 0x00000001147f0000 top 0x00000001147f0040 end 0x0000000114800000 size 8192 (medium)
[0.134s][trace][gc,metaspace,freelist       ] Free chunk total 7040  count 16
[0.135s][trace][gc,metaspace,freelist       ] SpaceManager::grow_and_allocate for 26 words 8187 words used 5 words left
[0.135s][trace][gc,metaspace,freelist,blocks] returning block at 0x00000001147fffd8 size = 5
[0.135s][trace][gc,metaspace,freelist       ] SpaceManager::added chunk:
[0.135s][trace][gc,metaspace,freelist       ] Metachunk: bottom 0x0000000114800000 top 0x0000000114800040 end 0x0000000114810000 size 8192 (medium)
[0.135s][trace][gc,metaspace,freelist       ] Free chunk total 7040  count 16
[0.135s][trace][gc,tlab                     ] ThreadLocalAllocBuffer::compute_size(18) returns 41961
[0.135s][trace][gc,tlab                     ] TLAB: fill thread: 0x00007ff7a3004000 [id: 8963] desired_size: 327KB slow allocs: 0  refill waste: 5240B alloc: 1.00000     2294KB refills: 5 waste  0.1% gc: 0B slow: 2416B fast: 0B
[0.140s][trace][gc,metaspace,freelist       ] SpaceManager::grow_and_allocate for 229 words 8032 words used 160 words left
[0.140s][trace][gc,metaspace,freelist,blocks] returning block at 0x000000011480fb00 size = 160
[0.140s][trace][gc,metaspace,freelist       ] SpaceManager::added chunk:
[0.140s][trace][gc,metaspace,freelist       ] Metachunk: bottom 0x0000000114810000 top 0x0000000114810040 end 0x0000000114820000 size 8192 (medium)
[0.140s][trace][gc,metaspace,freelist       ] Free chunk total 7040  count 16
[0.142s][trace][gc,metaspace,freelist       ] SpaceManager::grow_and_allocate for 120 words 4040 words used 56 words left
[0.142s][trace][gc,metaspace,freelist       ] allowed expansion words: 1972224 (left_until_max: 2305843009212939776, left_until_GC: 1972224.
[0.142s][trace][gc,metaspace,freelist       ] Expanded class virtual space list node by 131072 words.
[0.142s][trace][gc,metaspace,freelist       ] Expanded class virtual space list.
[0.142s][trace][gc,metaspace,freelist,blocks] returning block at 0x000000080007fe40 size = 56
[0.142s][trace][gc,metaspace,freelist       ] SpaceManager::added chunk:
[0.142s][trace][gc,metaspace,freelist       ] Metachunk: bottom 0x0000000800080000 top 0x0000000800080040 end 0x0000000800088000 size 4096 (medium)
[0.142s][trace][gc,metaspace,freelist       ] Free chunk total 1280  count 5
[0.143s][trace][gc,metaspace,freelist       ] SpaceManager::grow_and_allocate for 623 words 8164 words used 28 words left
[0.143s][trace][gc,metaspace,freelist       ] allowed expansion words: 1955840 (left_until_max: 2305843009212923392, left_until_GC: 1955840.
[0.143s][trace][gc,metaspace,freelist       ] Expanded non-class virtual space list node by 262144 words.
[0.143s][trace][gc,metaspace,freelist       ] Expanded non-class virtual space list.
[0.143s][trace][gc,metaspace,freelist,blocks] returning block at 0x000000011481ff20 size = 28
[0.143s][trace][gc,metaspace,freelist       ] SpaceManager::added chunk:
[0.143s][trace][gc,metaspace,freelist       ] Metachunk: bottom 0x0000000114820000 top 0x0000000114820040 end 0x0000000114830000 size 8192 (medium)
[0.143s][trace][gc,metaspace,freelist       ] Free chunk total 7040  count 16
[0.144s][trace][gc,metaspace,freelist       ] SpaceManager::grow_and_allocate for 8 words 8192 words used 0 words left
[0.144s][trace][gc,metaspace,freelist       ] SpaceManager::added chunk:
[0.144s][trace][gc,metaspace,freelist       ] Metachunk: bottom 0x0000000114830000 top 0x0000000114830040 end 0x0000000114840000 size 8192 (medium)
[0.144s][trace][gc,metaspace,freelist       ] Free chunk total 7040  count 16
[0.146s][trace][gc,metaspace,freelist       ] SpaceManager::grow_and_allocate for 11 words 8182 words used 10 words left
[0.146s][trace][gc,metaspace,freelist,blocks] returning block at 0x000000011483ffb0 size = 10
[0.146s][trace][gc,metaspace,freelist       ] SpaceManager::added chunk:
[0.146s][trace][gc,metaspace,freelist       ] Metachunk: bottom 0x0000000114840000 top 0x0000000114840040 end 0x0000000114850000 size 8192 (medium)
[0.146s][trace][gc,metaspace,freelist       ] Free chunk total 7040  count 16
[0.148s][trace][gc,metaspace,freelist       ] SpaceManager(): 0x00007ff7a4b02980
[0.148s][trace][gc,metaspace,freelist       ] SpaceManager(): 0x00007ff7a4b08800
[0.148s][trace][gc,metaspace,freelist       ] ChunkManager::free_chunks_get: free_list: 0x00007ff7a2f122a0 chunks left: 12.
[0.148s][trace][gc,metaspace,freelist       ] ChunkManager::chunk_freelist_allocate: 0x00007ff7a2f12280 chunk 0x00000001146ff000  size 512 count 12 Free chunk total 6528  count 15
[0.148s][trace][gc,metaspace,freelist       ] SpaceManager::added chunk:
[0.148s][trace][gc,metaspace,freelist       ] Metachunk: bottom 0x00000001146ff000 top 0x00000001146ff040 end 0x0000000114700000 size 512 (small)
[0.148s][trace][gc,metaspace,freelist       ] Free chunk total 6528  count 15
[0.148s][trace][gc,metaspace,freelist       ] ChunkManager::free_chunks_get: free_list: 0x00007ff7a2f120e0 chunks left: 4.
[0.148s][trace][gc,metaspace,freelist       ] ChunkManager::chunk_freelist_allocate: 0x00007ff7a2f120c0 chunk 0x0000000800067800  size 256 count 4 Free chunk total 1024  count 4
[0.148s][trace][gc,metaspace,freelist       ] SpaceManager::added chunk:
[0.148s][trace][gc,metaspace,freelist       ] Metachunk: bottom 0x0000000800067800 top 0x0000000800067840 end 0x0000000800068000 size 256 (small)
[0.148s][trace][gc,metaspace,freelist       ] Free chunk total 1024  count 4
[0.148s][trace][gc,metaspace,freelist       ] SpaceManager::grow_and_allocate for 13 words 504 words used 8 words left
[0.148s][trace][gc,metaspace,freelist       ] ChunkManager::free_chunks_get: free_list: 0x00007ff7a2f122a0 chunks left: 11.
[0.148s][trace][gc,metaspace,freelist       ] ChunkManager::chunk_freelist_allocate: 0x00007ff7a2f12280 chunk 0x00000001146fe000  size 512 count 11 Free chunk total 6016  count 14
[0.148s][trace][gc,metaspace,freelist,blocks] returning block at 0x00000001146fffc0 size = 8
[0.148s][trace][gc,metaspace,freelist       ] SpaceManager::added chunk:
[0.148s][trace][gc,metaspace,freelist       ] Metachunk: bottom 0x00000001146fe000 top 0x00000001146fe040 end 0x00000001146ff000 size 512 (small)
[0.148s][trace][gc,metaspace,freelist       ] Free chunk total 6016  count 14
[0.149s][trace][gc,metaspace,freelist       ] SpaceManager::grow_and_allocate for 169 words 460 words used 52 words left
[0.149s][trace][gc,metaspace,freelist       ] ChunkManager::free_chunks_get: free_list: 0x00007ff7a2f122a0 chunks left: 10.
[0.149s][trace][gc,metaspace,freelist       ] ChunkManager::chunk_freelist_allocate: 0x00007ff7a2f12280 chunk 0x00000001146fd000  size 512 count 10 Free chunk total 5504  count 13
[0.149s][trace][gc,metaspace,freelist,blocks] returning block at 0x00000001146fee60 size = 52
[0.149s][trace][gc,metaspace,freelist       ] SpaceManager::added chunk:
[0.149s][trace][gc,metaspace,freelist       ] Metachunk: bottom 0x00000001146fd000 top 0x00000001146fd040 end 0x00000001146fe000 size 512 (small)
[0.149s][trace][gc,metaspace,freelist       ] Free chunk total 5504  count 13
[0.149s][trace][gc,metaspace,freelist       ] SpaceManager::grow_and_allocate for 11 words 8186 words used 6 words left
[0.149s][trace][gc,metaspace,freelist,blocks] returning block at 0x000000011484ffd0 size = 6
[0.149s][trace][gc,metaspace,freelist       ] SpaceManager::added chunk:
[0.149s][trace][gc,metaspace,freelist       ] Metachunk: bottom 0x0000000114850000 top 0x0000000114850040 end 0x0000000114860000 size 8192 (medium)
[0.149s][trace][gc,metaspace,freelist       ] Free chunk total 5504  count 13
[0.150s][trace][gc,tlab                     ] ThreadLocalAllocBuffer::compute_size(3) returns 41946
[0.150s][trace][gc,tlab                     ] TLAB: fill thread: 0x00007ff7a5816000 [id: 42755] desired_size: 327KB slow allocs: 0  refill waste: 5240B alloc: 1.00000     2622KB refills: 1 waste  0.0% gc: 0B slow: 0B fast: 0B
[0.150s][trace][gc,nmethod                  ] oops_do_marking_prologue
[0.150s][trace][gc,nmethod                  ] oops_do_marking_epilogue
[0.151s][trace][gc,metaspace,freelist       ] SpaceManager::grow_and_allocate for 10 words 8186 words used 6 words left
[0.151s][trace][gc,metaspace,freelist       ] allowed expansion words: 1923072 (left_until_max: 2305843009212890624, left_until_GC: 1923072.
[0.151s][trace][gc,metaspace,freelist       ] Expanded non-class virtual space list node by 262144 words.
[0.151s][trace][gc,metaspace,freelist       ] Expanded non-class virtual space list.
[0.151s][trace][gc,metaspace,freelist,blocks] returning block at 0x000000011485ffd0 size = 6
[0.151s][trace][gc,metaspace,freelist       ] SpaceManager::added chunk:
[0.151s][trace][gc,metaspace,freelist       ] Metachunk: bottom 0x0000000114860000 top 0x0000000114860040 end 0x0000000114870000 size 8192 (medium)
[0.151s][trace][gc,metaspace,freelist       ] Free chunk total 5504  count 13
[0.152s][trace][gc,metaspace,freelist       ] SpaceManager::grow_and_allocate for 71 words 4051 words used 45 words left
[0.152s][trace][gc,metaspace,freelist,blocks] returning block at 0x0000000800087e98 size = 45
[0.152s][trace][gc,metaspace,freelist       ] SpaceManager::added chunk:
[0.152s][trace][gc,metaspace,freelist       ] Metachunk: bottom 0x0000000800088000 top 0x0000000800088040 end 0x0000000800090000 size 4096 (medium)
[0.152s][trace][gc,metaspace,freelist       ] Free chunk total 1024  count 4
[0.153s][trace][gc,metaspace,freelist       ] SpaceManager::grow_and_allocate for 8 words 8186 words used 6 words left
[0.153s][trace][gc,metaspace,freelist,blocks] returning block at 0x000000011486ffd0 size = 6
[0.153s][trace][gc,metaspace,freelist       ] SpaceManager::added chunk:
[0.153s][trace][gc,metaspace,freelist       ] Metachunk: bottom 0x0000000114870000 top 0x0000000114870040 end 0x0000000114880000 size 8192 (medium)
[0.153s][trace][gc,metaspace,freelist       ] Free chunk total 5504  count 13
[0.153s][trace][gc,metaspace,freelist,blocks] returning block at 0x0000000114870040 size = 8
[0.153s][trace][gc,metaspace,freelist,blocks] returning block at 0x0000000114871210 size = 16
[0.153s][trace][gc,metaspace,freelist       ] SpaceManager::grow_and_allocate for 65 words 229 words used 27 words left
[0.153s][trace][gc,metaspace,freelist       ] ChunkManager::free_chunks_get: free_list: 0x00007ff7a2f120e0 chunks left: 3.
[0.153s][trace][gc,metaspace,freelist       ] ChunkManager::chunk_freelist_allocate: 0x00007ff7a2f120c0 chunk 0x0000000800067000  size 256 count 3 Free chunk total 768  count 3
[0.153s][trace][gc,metaspace,freelist,blocks] returning block at 0x0000000800067f28 size = 27
[0.153s][trace][gc,metaspace,freelist       ] SpaceManager::added chunk:
[0.153s][trace][gc,metaspace,freelist       ] Metachunk: bottom 0x0000000800067000 top 0x0000000800067040 end 0x0000000800067800 size 256 (small)
[0.153s][trace][gc,metaspace,freelist       ] Free chunk total 768  count 3
[0.153s][trace][gc,metaspace,freelist,blocks] returning block at 0x0000000114878260 size = 10
[0.154s][trace][gc,metaspace,freelist,blocks] returning block at 0x00000001148792a0 size = 22
[0.154s][trace][gc,metaspace,freelist       ] SpaceManager::grow_and_allocate for 10 words 505 words used 7 words left
[0.154s][trace][gc,metaspace,freelist       ] ChunkManager::free_chunks_get: free_list: 0x00007ff7a2f122a0 chunks left: 9.
[0.154s][trace][gc,metaspace,freelist       ] ChunkManager::chunk_freelist_allocate: 0x00007ff7a2f12280 chunk 0x00000001146fc000  size 512 count 9 Free chunk total 4992  count 12
[0.154s][trace][gc,metaspace,freelist,blocks] returning block at 0x00000001146fdfc8 size = 7
[0.154s][trace][gc,metaspace,freelist       ] SpaceManager::added chunk:
[0.154s][trace][gc,metaspace,freelist       ] Metachunk: bottom 0x00000001146fc000 top 0x00000001146fc040 end 0x00000001146fd000 size 512 (small)
[0.154s][trace][gc,metaspace,freelist       ] Free chunk total 4992  count 12
[0.154s][trace][gc,metaspace,freelist,blocks] returning block at 0x000000011487b438 size = 19
[0.154s][trace][gc,metaspace,freelist       ] SpaceManager::grow_and_allocate for 131 words 8131 words used 61 words left
[0.154s][trace][gc,metaspace,freelist,blocks] returning block at 0x000000011487fe18 size = 61
[0.154s][trace][gc,metaspace,freelist       ] SpaceManager::added chunk:
[0.154s][trace][gc,metaspace,freelist       ] Metachunk: bottom 0x0000000114880000 top 0x0000000114880040 end 0x0000000114890000 size 8192 (medium)
[0.154s][trace][gc,metaspace,freelist       ] Free chunk total 4992  count 12
[0.155s][trace][gc,metaspace,freelist       ] SpaceManager::grow_and_allocate for 9 words 8189 words used 3 words left
[0.155s][trace][gc,metaspace,freelist,blocks] returning block at 0x000000011488ffe8 size = 3
[0.155s][trace][gc,metaspace,freelist       ] SpaceManager::added chunk:
[0.155s][trace][gc,metaspace,freelist       ] Metachunk: bottom 0x0000000114890000 top 0x0000000114890040 end 0x00000001148a0000 size 8192 (medium)
[0.155s][trace][gc,metaspace,freelist       ] Free chunk total 4992  count 12
[0.157s][trace][gc,metaspace,freelist       ] SpaceManager::grow_and_allocate for 96 words 8183 words used 9 words left
[0.157s][trace][gc,metaspace,freelist       ] allowed expansion words: 1890304 (left_until_max: 2305843009212857856, left_until_GC: 1890304.
[0.157s][trace][gc,metaspace,freelist       ] Expanded non-class virtual space list node by 262144 words.
[0.157s][trace][gc,metaspace,freelist       ] Expanded non-class virtual space list.
[0.157s][trace][gc,metaspace,freelist,blocks] returning block at 0x000000011489ffb8 size = 9
[0.157s][trace][gc,metaspace,freelist       ] SpaceManager::added chunk:
[0.157s][trace][gc,metaspace,freelist       ] Metachunk: bottom 0x00000001148a0000 top 0x00000001148a0040 end 0x00000001148b0000 size 8192 (medium)
[0.157s][trace][gc,metaspace,freelist       ] Free chunk total 4992  count 12
[0.158s][trace][gc,metaspace,freelist       ] SpaceManager::grow_and_allocate for 484 words 8130 words used 62 words left
[0.158s][trace][gc,metaspace,freelist,blocks] returning block at 0x00000001148afe10 size = 62
[0.158s][trace][gc,metaspace,freelist       ] SpaceManager::added chunk:
[0.158s][trace][gc,metaspace,freelist       ] Metachunk: bottom 0x00000001148b0000 top 0x00000001148b0040 end 0x00000001148c0000 size 8192 (medium)
[0.158s][trace][gc,metaspace,freelist       ] Free chunk total 4992  count 12
[0.158s][trace][gc,metaspace,freelist       ] SpaceManager::grow_and_allocate for 100 words 4017 words used 79 words left
[0.158s][trace][gc,metaspace,freelist,blocks] returning block at 0x000000080008fd88 size = 79
[0.158s][trace][gc,metaspace,freelist       ] SpaceManager::added chunk:
[0.158s][trace][gc,metaspace,freelist       ] Metachunk: bottom 0x0000000800090000 top 0x0000000800090040 end 0x0000000800098000 size 4096 (medium)
[0.158s][trace][gc,metaspace,freelist       ] Free chunk total 768  count 3
[0.159s][trace][gc,metaspace,freelist       ] SpaceManager(): 0x00007ff7a4912720
[0.159s][trace][gc,metaspace,freelist       ] SpaceManager(): 0x00007ff7a4912780
[0.159s][trace][gc,metaspace,freelist       ] ChunkManager::free_chunks_get: free_list: 0x00007ff7a2f12280 chunks left: 2.
[0.159s][trace][gc,metaspace,freelist       ] ChunkManager::chunk_freelist_allocate: 0x00007ff7a2f12280 chunk 0x00000001146eec00  size 128 count 2 Free chunk total 4864  count 11
[0.159s][trace][gc,metaspace,freelist       ] SpaceManager::added chunk:
[0.159s][trace][gc,metaspace,freelist       ] Metachunk: bottom 0x00000001146eec00 top 0x00000001146eec40 end 0x00000001146ef000 size 128 (specialized)
[0.159s][trace][gc,metaspace,freelist       ] Free chunk total 4864  count 11
[0.159s][trace][gc,metaspace,freelist       ] class space: splitting chunk 0x0000000800066800, word size 0x100 (small), to get a chunk of word size 0x80 (specialized)...
[0.159s][trace][gc,metaspace,freelist       ] Created chunk at 0x0000000800066c00, word size 0x80 (specialized), in split region [0x0000000800066800...0x0000000800067000).
[0.159s][trace][gc,metaspace,freelist       ] ChunkManager::free_chunks_get: free_list: 0x00007ff7a2f120c0 chunks left: 1.
[0.159s][trace][gc,metaspace,freelist       ] ChunkManager::chunk_freelist_allocate: 0x00007ff7a2f120c0 chunk 0x0000000800066800  size 128 count 1 Free chunk total 640  count 3
[0.159s][trace][gc,metaspace,freelist       ] SpaceManager::added chunk:
[0.159s][trace][gc,metaspace,freelist       ] Metachunk: bottom 0x0000000800066800 top 0x0000000800066840 end 0x0000000800066c00 size 128 (specialized)
[0.159s][trace][gc,metaspace,freelist       ] Free chunk total 640  count 3
[0.159s][trace][gc,metaspace,freelist       ] SpaceManager(): 0x00007ff7a4912a60
[0.159s][trace][gc,metaspace,freelist       ] SpaceManager(): 0x00007ff7a4912ac0
[0.159s][trace][gc,metaspace,freelist       ] ChunkManager::free_chunks_get: free_list: 0x00007ff7a2f12280 chunks left: 1.
[0.159s][trace][gc,metaspace,freelist       ] ChunkManager::chunk_freelist_allocate: 0x00007ff7a2f12280 chunk 0x00000001146ee800  size 128 count 1 Free chunk total 4736  count 10
[0.159s][trace][gc,metaspace,freelist       ] SpaceManager::added chunk:
[0.159s][trace][gc,metaspace,freelist       ] Metachunk: bottom 0x00000001146ee800 top 0x00000001146ee840 end 0x00000001146eec00 size 128 (specialized)
[0.159s][trace][gc,metaspace,freelist       ] Free chunk total 4736  count 10
[0.159s][trace][gc,metaspace,freelist       ] ChunkManager::free_chunks_get: free_list: 0x00007ff7a2f120c0 chunks left: 0.
[0.159s][trace][gc,metaspace,freelist       ] ChunkManager::chunk_freelist_allocate: 0x00007ff7a2f120c0 chunk 0x0000000800066c00  size 128 count 0 Free chunk total 512  count 2
[0.159s][trace][gc,metaspace,freelist       ] SpaceManager::added chunk:
[0.159s][trace][gc,metaspace,freelist       ] Metachunk: bottom 0x0000000800066c00 top 0x0000000800066c40 end 0x0000000800067000 size 128 (specialized)
[0.160s][trace][gc,metaspace,freelist       ] Free chunk total 512  count 2
[0.160s][trace][gc,metaspace,freelist       ] SpaceManager::grow_and_allocate for 30 words 8174 words used 18 words left
[0.160s][trace][gc,metaspace,freelist,blocks] returning block at 0x00000001148bff70 size = 18
[0.160s][trace][gc,metaspace,freelist       ] SpaceManager::added chunk:
[0.160s][trace][gc,metaspace,freelist       ] Metachunk: bottom 0x00000001148c0000 top 0x00000001148c0040 end 0x00000001148d0000 size 8192 (medium)
[0.160s][trace][gc,metaspace,freelist       ] Free chunk total 4736  count 10
[0.161s][trace][gc,metaspace,freelist       ] SpaceManager(): 0x00007ff7a4912500
[0.161s][trace][gc,metaspace,freelist       ] SpaceManager(): 0x00007ff7a4912560
[0.161s][trace][gc,metaspace,freelist       ] ChunkManager::free_chunks_get: free_list: 0x00007ff7a2f12280 chunks left: 0.
[0.161s][trace][gc,metaspace,freelist       ] ChunkManager::chunk_freelist_allocate: 0x00007ff7a2f12280 chunk 0x00000001146ee400  size 128 count 0 Free chunk total 4608  count 9
[0.161s][trace][gc,metaspace,freelist       ] SpaceManager::added chunk:
[0.161s][trace][gc,metaspace,freelist       ] Metachunk: bottom 0x00000001146ee400 top 0x00000001146ee440 end 0x00000001146ee800 size 128 (specialized)
[0.161s][trace][gc,metaspace,freelist       ] Free chunk total 4608  count 9
[0.161s][trace][gc,metaspace,freelist       ] class space: splitting chunk 0x0000000800066000, word size 0x100 (small), to get a chunk of word size 0x80 (specialized)...
[0.161s][trace][gc,metaspace,freelist       ] Created chunk at 0x0000000800066400, word size 0x80 (specialized), in split region [0x0000000800066000...0x0000000800066800).
[0.161s][trace][gc,metaspace,freelist       ] ChunkManager::free_chunks_get: free_list: 0x00007ff7a2f120c0 chunks left: 1.
[0.161s][trace][gc,metaspace,freelist       ] ChunkManager::chunk_freelist_allocate: 0x00007ff7a2f120c0 chunk 0x0000000800066000  size 128 count 1 Free chunk total 384  count 2
[0.161s][trace][gc,metaspace,freelist       ] SpaceManager::added chunk:
[0.161s][trace][gc,metaspace,freelist       ] Metachunk: bottom 0x0000000800066000 top 0x0000000800066040 end 0x0000000800066400 size 128 (specialized)
[0.161s][trace][gc,metaspace,freelist       ] Free chunk total 384  count 2
[0.162s][trace][gc,metaspace,freelist       ] SpaceManager(): 0x00007ff7a49131b0
[0.162s][trace][gc,metaspace,freelist       ] SpaceManager(): 0x00007ff7a4913210
[0.162s][trace][gc,metaspace,freelist       ] metaspace: splitting chunk 0x00000001146fb000, word size 0x200 (small), to get a chunk of word size 0x80 (specialized)...
[0.162s][trace][gc,metaspace,freelist       ] Created chunk at 0x00000001146fb400, word size 0x80 (specialized), in split region [0x00000001146fb000...0x00000001146fc000).
[0.162s][trace][gc,metaspace,freelist       ] Created chunk at 0x00000001146fb800, word size 0x80 (specialized), in split region [0x00000001146fb000...0x00000001146fc000).
[0.162s][trace][gc,metaspace,freelist       ] Created chunk at 0x00000001146fbc00, word size 0x80 (specialized), in split region [0x00000001146fb000...0x00000001146fc000).
[0.162s][trace][gc,metaspace,freelist       ] ChunkManager::free_chunks_get: free_list: 0x00007ff7a2f12280 chunks left: 3.
[0.162s][trace][gc,metaspace,freelist       ] ChunkManager::chunk_freelist_allocate: 0x00007ff7a2f12280 chunk 0x00000001146fb000  size 128 count 3 Free chunk total 4480  count 11
[0.162s][trace][gc,metaspace,freelist       ] SpaceManager::added chunk:
[0.162s][trace][gc,metaspace,freelist       ] Metachunk: bottom 0x00000001146fb000 top 0x00000001146fb040 end 0x00000001146fb400 size 128 (specialized)
[0.162s][trace][gc,metaspace,freelist       ] Free chunk total 4480  count 11
[0.162s][trace][gc,metaspace,freelist       ] ChunkManager::free_chunks_get: free_list: 0x00007ff7a2f120c0 chunks left: 0.
[0.162s][trace][gc,metaspace,freelist       ] ChunkManager::chunk_freelist_allocate: 0x00007ff7a2f120c0 chunk 0x0000000800066400  size 128 count 0 Free chunk total 256  count 1
[0.162s][trace][gc,metaspace,freelist       ] SpaceManager(): 0x00007ff7a2e160b0
[0.162s][trace][gc,metaspace,freelist       ] SpaceManager::added chunk:
[0.162s][trace][gc,metaspace,freelist       ] Metachunk: bottom 0x0000000800066400 top 0x0000000800066440 end 0x0000000800066800 size 128 (specialized)
[0.162s][trace][gc,metaspace,freelist       ] Free chunk total 256  count 1
[0.162s][trace][gc,metaspace,freelist       ] SpaceManager(): 0x00007ff7a2e16110
[0.162s][trace][gc,metaspace,freelist       ] ChunkManager::free_chunks_get: free_list: 0x00007ff7a2f12280 chunks left: 2.
[0.162s][trace][gc,metaspace,freelist       ] ChunkManager::chunk_freelist_allocate: 0x00007ff7a2f12280 chunk 0x00000001146fbc00  size 128 count 2 Free chunk total 4352  count 10
[0.162s][trace][gc,metaspace,freelist       ] SpaceManager::added chunk:
[0.162s][trace][gc,metaspace,freelist       ] Metachunk: bottom 0x00000001146fbc00 top 0x00000001146fbc40 end 0x00000001146fc000 size 128 (specialized)
[0.162s][trace][gc,metaspace,freelist       ] Free chunk total 4352  count 10
[0.162s][trace][gc,metaspace,freelist       ] class space: splitting chunk 0x0000000800065800, word size 0x100 (small), to get a chunk of word size 0x80 (specialized)...
[0.162s][trace][gc,metaspace,freelist       ] Created chunk at 0x0000000800065c00, word size 0x80 (specialized), in split region [0x0000000800065800...0x0000000800066000).
[0.162s][trace][gc,metaspace,freelist       ] ChunkManager::free_chunks_get: free_list: 0x00007ff7a2f120c0 chunks left: 1.
[0.162s][trace][gc,metaspace,freelist       ] ChunkManager::chunk_freelist_allocate: 0x00007ff7a2f120c0 chunk 0x0000000800065800  size 128 count 1 Free chunk total 128  count 1
[0.162s][trace][gc,metaspace,freelist       ] SpaceManager::added chunk:
[0.162s][trace][gc,metaspace,freelist       ] Metachunk: bottom 0x0000000800065800 top 0x0000000800065840 end 0x0000000800065c00 size 128 (specialized)
[0.162s][trace][gc,metaspace,freelist       ] Free chunk total 128  count 1
[0.162s][trace][gc,metaspace,freelist       ] SpaceManager::grow_and_allocate for 10 words 121 words used 7 words left
[0.162s][trace][gc,metaspace,freelist       ] ChunkManager::free_chunks_get: free_list: 0x00007ff7a2f12280 chunks left: 1.
[0.162s][trace][gc,metaspace,freelist       ] ChunkManager::chunk_freelist_allocate: 0x00007ff7a2f12280 chunk 0x00000001146fb800  size 128 count 1 Free chunk total 4224  count 9
[0.162s][trace][gc,metaspace,freelist,blocks] returning block at 0x00000001146fbfc8 size = 7
[0.162s][trace][gc,metaspace,freelist       ] SpaceManager::added chunk:
[0.162s][trace][gc,metaspace,freelist       ] Metachunk: bottom 0x00000001146fb800 top 0x00000001146fb840 end 0x00000001146fbc00 size 128 (specialized)
[0.162s][trace][gc,metaspace,freelist       ] Free chunk total 4224  count 9
[0.162s][trace][gc,metaspace,freelist       ] SpaceManager(): 0x00007ff7a49134f0
[0.162s][trace][gc,metaspace,freelist       ] SpaceManager(): 0x00007ff7a4913550
[0.162s][trace][gc,metaspace,freelist       ] ChunkManager::free_chunks_get: free_list: 0x00007ff7a2f12280 chunks left: 0.
[0.162s][trace][gc,metaspace,freelist       ] ChunkManager::chunk_freelist_allocate: 0x00007ff7a2f12280 chunk 0x00000001146fb400  size 128 count 0 Free chunk total 4096  count 8
[0.162s][trace][gc,metaspace,freelist       ] SpaceManager::added chunk:
[0.162s][trace][gc,metaspace,freelist       ] Metachunk: bottom 0x00000001146fb400 top 0x00000001146fb440 end 0x00000001146fb800 size 128 (specialized)
[0.162s][trace][gc,metaspace,freelist       ] Free chunk total 4096  count 8
[0.162s][trace][gc,metaspace,freelist       ] ChunkManager::free_chunks_get: free_list: 0x00007ff7a2f120c0 chunks left: 0.
[0.162s][trace][gc,metaspace,freelist       ] ChunkManager::chunk_freelist_allocate: 0x00007ff7a2f120c0 chunk 0x0000000800065c00  size 128 count 0 Free chunk total 0  count 0
[0.162s][trace][gc,metaspace,freelist       ] SpaceManager::added chunk:
[0.162s][trace][gc,metaspace,freelist       ] Metachunk: bottom 0x0000000800065c00 top 0x0000000800065c40 end 0x0000000800066000 size 128 (specialized)
[0.162s][trace][gc,metaspace,freelist       ] Free chunk total 0  count 0
[0.163s][trace][gc,metaspace,freelist       ] SpaceManager::grow_and_allocate for 84 words 8126 words used 66 words left
[0.163s][trace][gc,metaspace,freelist,blocks] returning block at 0x00000001148cfdf0 size = 66
[0.163s][trace][gc,metaspace,freelist       ] SpaceManager::added chunk:
[0.163s][trace][gc,metaspace,freelist       ] Metachunk: bottom 0x00000001148d0000 top 0x00000001148d0040 end 0x00000001148e0000 size 8192 (medium)
[0.163s][trace][gc,metaspace,freelist       ] Free chunk total 4096  count 8
[0.164s][trace][gc,metaspace,freelist       ] SpaceManager(): 0x00007ff7a4912e30
[0.164s][trace][gc,metaspace,freelist       ] SpaceManager(): 0x00007ff7a4912e90
[0.164s][trace][gc,metaspace,freelist       ] metaspace: splitting chunk 0x00000001146fa000, word size 0x200 (small), to get a chunk of word size 0x80 (specialized)...
[0.164s][trace][gc,metaspace,freelist       ] Created chunk at 0x00000001146fa400, word size 0x80 (specialized), in split region [0x00000001146fa000...0x00000001146fb000).
[0.164s][trace][gc,metaspace,freelist       ] Created chunk at 0x00000001146fa800, word size 0x80 (specialized), in split region [0x00000001146fa000...0x00000001146fb000).
[0.164s][trace][gc,metaspace,freelist       ] Created chunk at 0x00000001146fac00, word size 0x80 (specialized), in split region [0x00000001146fa000...0x00000001146fb000).
[0.164s][trace][gc,metaspace,freelist       ] ChunkManager::free_chunks_get: free_list: 0x00007ff7a2f12280 chunks left: 3.
[0.164s][trace][gc,metaspace,freelist       ] ChunkManager::chunk_freelist_allocate: 0x00007ff7a2f12280 chunk 0x00000001146fa000  size 128 count 3 Free chunk total 3968  count 10
[0.164s][trace][gc,metaspace,freelist       ] SpaceManager::added chunk:
[0.164s][trace][gc,metaspace,freelist       ] Metachunk: bottom 0x00000001146fa000 top 0x00000001146fa040 end 0x00000001146fa400 size 128 (specialized)
[0.164s][trace][gc,metaspace,freelist       ] Free chunk total 3968  count 10
[0.164s][trace][gc,metaspace,freelist       ] SpaceManager::added chunk:
[0.164s][trace][gc,metaspace,freelist       ] Metachunk: bottom 0x0000000800098000 top 0x0000000800098040 end 0x0000000800098400 size 128 (specialized)
[0.164s][trace][gc,metaspace,freelist       ] Free chunk total 0  count 0
[0.164s][trace][gc,metaspace,freelist       ] SpaceManager::grow_and_allocate for 29 words 104 words used 24 words left
[0.164s][trace][gc,metaspace,freelist       ] ChunkManager::free_chunks_get: free_list: 0x00007ff7a2f12280 chunks left: 2.
[0.164s][trace][gc,metaspace,freelist       ] ChunkManager::chunk_freelist_allocate: 0x00007ff7a2f12280 chunk 0x00000001146fac00  size 128 count 2 Free chunk total 3840  count 9
[0.164s][trace][gc,metaspace,freelist,blocks] returning block at 0x00000001146fa340 size = 24
[0.164s][trace][gc,metaspace,freelist       ] SpaceManager::added chunk:
[0.164s][trace][gc,metaspace,freelist       ] Metachunk: bottom 0x00000001146fac00 top 0x00000001146fac40 end 0x00000001146fb000 size 128 (specialized)
[0.164s][trace][gc,metaspace,freelist       ] Free chunk total 3840  count 9
[0.165s][trace][gc,metaspace,freelist       ] SpaceManager(): 0x00007ff7a4913630
[0.165s][trace][gc,metaspace,freelist       ] SpaceManager(): 0x00007ff7a4913690
[0.165s][trace][gc,metaspace,freelist       ] ChunkManager::free_chunks_get: free_list: 0x00007ff7a2f12280 chunks left: 1.
[0.165s][trace][gc,metaspace,freelist       ] ChunkManager::chunk_freelist_allocate: 0x00007ff7a2f12280 chunk 0x00000001146fa800  size 128 count 1 Free chunk total 3712  count 8
[0.165s][trace][gc,metaspace,freelist       ] SpaceManager::added chunk:
[0.165s][trace][gc,metaspace,freelist       ] Metachunk: bottom 0x00000001146fa800 top 0x00000001146fa840 end 0x00000001146fac00 size 128 (specialized)
[0.165s][trace][gc,metaspace,freelist       ] Free chunk total 3712  count 8
[0.165s][trace][gc,metaspace,freelist       ] SpaceManager::added chunk:
[0.165s][trace][gc,metaspace,freelist       ] Metachunk: bottom 0x0000000800098400 top 0x0000000800098440 end 0x0000000800098800 size 128 (specialized)
[0.165s][trace][gc,metaspace,freelist       ] Free chunk total 0  count 0
[0.165s][trace][gc,metaspace,freelist       ] SpaceManager::grow_and_allocate for 37 words 113 words used 15 words left
[0.165s][trace][gc,metaspace,freelist       ] ChunkManager::free_chunks_get: free_list: 0x00007ff7a2f12280 chunks left: 0.
[0.165s][trace][gc,metaspace,freelist       ] ChunkManager::chunk_freelist_allocate: 0x00007ff7a2f12280 chunk 0x00000001146fa400  size 128 count 0 Free chunk total 3584  count 7
[0.165s][trace][gc,metaspace,freelist,blocks] returning block at 0x00000001146fab88 size = 15
[0.165s][trace][gc,metaspace,freelist       ] SpaceManager::added chunk:
[0.165s][trace][gc,metaspace,freelist       ] Metachunk: bottom 0x00000001146fa400 top 0x00000001146fa440 end 0x00000001146fa800 size 128 (specialized)
[0.165s][trace][gc,metaspace,freelist       ] Free chunk total 3584  count 7
[0.167s][trace][gc,metaspace,freelist       ] SpaceManager(): 0x00007ff7a4800470
[0.167s][trace][gc,metaspace,freelist       ] SpaceManager(): 0x00007ff7a48004d0
[0.167s][trace][gc,metaspace,freelist       ] metaspace: splitting chunk 0x00000001146f9000, word size 0x200 (small), to get a chunk of word size 0x80 (specialized)...
[0.167s][trace][gc,metaspace,freelist       ] Created chunk at 0x00000001146f9400, word size 0x80 (specialized), in split region [0x00000001146f9000...0x00000001146fa000).
[0.167s][trace][gc,metaspace,freelist       ] Created chunk at 0x00000001146f9800, word size 0x80 (specialized), in split region [0x00000001146f9000...0x00000001146fa000).
[0.167s][trace][gc,metaspace,freelist       ] Created chunk at 0x00000001146f9c00, word size 0x80 (specialized), in split region [0x00000001146f9000...0x00000001146fa000).
[0.167s][trace][gc,metaspace,freelist       ] ChunkManager::free_chunks_get: free_list: 0x00007ff7a2f12280 chunks left: 3.
[0.167s][trace][gc,metaspace,freelist       ] ChunkManager::chunk_freelist_allocate: 0x00007ff7a2f12280 chunk 0x00000001146f9000  size 128 count 3 Free chunk total 3456  count 9
[0.167s][trace][gc,metaspace,freelist       ] SpaceManager::added chunk:
[0.167s][trace][gc,metaspace,freelist       ] Metachunk: bottom 0x00000001146f9000 top 0x00000001146f9040 end 0x00000001146f9400 size 128 (specialized)
[0.167s][trace][gc,metaspace,freelist       ] Free chunk total 3456  count 9
[0.167s][trace][gc,metaspace,freelist       ] SpaceManager::added chunk:
[0.167s][trace][gc,metaspace,freelist       ] Metachunk: bottom 0x0000000800098800 top 0x0000000800098840 end 0x0000000800098c00 size 128 (specialized)
[0.167s][trace][gc,metaspace,freelist       ] Free chunk total 0  count 0
[0.167s][trace][gc,metaspace,freelist       ] SpaceManager::grow_and_allocate for 37 words 113 words used 15 words left
[0.167s][trace][gc,metaspace,freelist       ] ChunkManager::free_chunks_get: free_list: 0x00007ff7a2f12280 chunks left: 2.
[0.167s][trace][gc,metaspace,freelist       ] ChunkManager::chunk_freelist_allocate: 0x00007ff7a2f12280 chunk 0x00000001146f9c00  size 128 count 2 Free chunk total 3328  count 8
[0.167s][trace][gc,metaspace,freelist,blocks] returning block at 0x00000001146f9388 size = 15
[0.167s][trace][gc,metaspace,freelist       ] SpaceManager::added chunk:
[0.167s][trace][gc,metaspace,freelist       ] Metachunk: bottom 0x00000001146f9c00 top 0x00000001146f9c40 end 0x00000001146fa000 size 128 (specialized)
[0.167s][trace][gc,metaspace,freelist       ] Free chunk total 3328  count 8
[0.168s][trace][gc,metaspace,freelist       ] SpaceManager::grow_and_allocate for 10 words 8186 words used 6 words left
[0.168s][trace][gc,metaspace,freelist       ] allowed expansion words: 1857536 (left_until_max: 2305843009212825088, left_until_GC: 1857536.
[0.168s][trace][gc,metaspace,freelist       ] Expanded non-class virtual space list node by 262144 words.
[0.168s][trace][gc,metaspace,freelist       ] Expanded non-class virtual space list.
[0.168s][trace][gc,metaspace,freelist,blocks] returning block at 0x00000001148dffd0 size = 6
[0.168s][trace][gc,metaspace,freelist       ] SpaceManager::added chunk:
[0.168s][trace][gc,metaspace,freelist       ] Metachunk: bottom 0x00000001148e0000 top 0x00000001148e0040 end 0x00000001148f0000 size 8192 (medium)
[0.168s][trace][gc,metaspace,freelist       ] Free chunk total 3328  count 8
[0.169s][trace][gc,tlab                     ] ThreadLocalAllocBuffer::compute_size(4) returns 41947
[0.169s][trace][gc,tlab                     ] TLAB: fill thread: 0x00007ff7a3004000 [id: 8963] desired_size: 327KB slow allocs: 0  refill waste: 5240B alloc: 1.00000     2950KB refills: 6 waste  0.1% gc: 0B slow: 2992B fast: 0B
[0.169s][trace][gc,metaspace,freelist       ] SpaceManager(): 0x00007ff7a2f1f830
[0.169s][trace][gc,metaspace,freelist       ] SpaceManager(): 0x00007ff7a2f1f890
[0.169s][trace][gc,metaspace,freelist       ] ChunkManager::free_chunks_get: free_list: 0x00007ff7a2f12280 chunks left: 1.
[0.169s][trace][gc,metaspace,freelist       ] ChunkManager::chunk_freelist_allocate: 0x00007ff7a2f12280 chunk 0x00000001146f9800  size 128 count 1 Free chunk total 3200  count 7
[0.169s][trace][gc,metaspace,freelist       ] SpaceManager::added chunk:
[0.169s][trace][gc,metaspace,freelist       ] Metachunk: bottom 0x00000001146f9800 top 0x00000001146f9840 end 0x00000001146f9c00 size 128 (specialized)
[0.169s][trace][gc,metaspace,freelist       ] Free chunk total 3200  count 7
[0.169s][trace][gc,metaspace,freelist       ] SpaceManager::added chunk:
[0.169s][trace][gc,metaspace,freelist       ] Metachunk: bottom 0x0000000800098c00 top 0x0000000800098c40 end 0x0000000800099000 size 128 (specialized)
[0.169s][trace][gc,metaspace,freelist       ] Free chunk total 0  count 0
[0.169s][trace][gc,metaspace,freelist       ] SpaceManager::grow_and_allocate for 45 words 123 words used 5 words left
[0.169s][trace][gc,metaspace,freelist       ] ChunkManager::free_chunks_get: free_list: 0x00007ff7a2f12280 chunks left: 0.
[0.169s][trace][gc,metaspace,freelist       ] ChunkManager::chunk_freelist_allocate: 0x00007ff7a2f12280 chunk 0x00000001146f9400  size 128 count 0 Free chunk total 3072  count 6
[0.169s][trace][gc,metaspace,freelist,blocks] returning block at 0x00000001146f9bd8 size = 5
[0.169s][trace][gc,metaspace,freelist       ] SpaceManager::added chunk:
[0.169s][trace][gc,metaspace,freelist       ] Metachunk: bottom 0x00000001146f9400 top 0x00000001146f9440 end 0x00000001146f9800 size 128 (specialized)
[0.169s][trace][gc,metaspace,freelist       ] Free chunk total 3072  count 6
[0.170s][trace][gc,metaspace,freelist       ] SpaceManager(): 0x00007ff7a2c4a330
[0.170s][trace][gc,metaspace,freelist       ] SpaceManager(): 0x00007ff7a2c4a390
[0.170s][trace][gc,metaspace,freelist       ] metaspace: splitting chunk 0x00000001146f8000, word size 0x200 (small), to get a chunk of word size 0x80 (specialized)...
[0.170s][trace][gc,metaspace,freelist       ] Created chunk at 0x00000001146f8400, word size 0x80 (specialized), in split region [0x00000001146f8000...0x00000001146f9000).
[0.170s][trace][gc,metaspace,freelist       ] Created chunk at 0x00000001146f8800, word size 0x80 (specialized), in split region [0x00000001146f8000...0x00000001146f9000).
[0.170s][trace][gc,metaspace,freelist       ] Created chunk at 0x00000001146f8c00, word size 0x80 (specialized), in split region [0x00000001146f8000...0x00000001146f9000).
[0.170s][trace][gc,metaspace,freelist       ] ChunkManager::free_chunks_get: free_list: 0x00007ff7a2f12280 chunks left: 3.
[0.170s][trace][gc,metaspace,freelist       ] ChunkManager::chunk_freelist_allocate: 0x00007ff7a2f12280 chunk 0x00000001146f8000  size 128 count 3 Free chunk total 2944  count 8
[0.170s][trace][gc,metaspace,freelist       ] SpaceManager::added chunk:
[0.170s][trace][gc,metaspace,freelist       ] Metachunk: bottom 0x00000001146f8000 top 0x00000001146f8040 end 0x00000001146f8400 size 128 (specialized)
[0.170s][trace][gc,metaspace,freelist       ] Free chunk total 2944  count 8
[0.170s][trace][gc,metaspace,freelist       ] SpaceManager::added chunk:
[0.170s][trace][gc,metaspace,freelist       ] Metachunk: bottom 0x0000000800099000 top 0x0000000800099040 end 0x0000000800099400 size 128 (specialized)
[0.170s][trace][gc,metaspace,freelist       ] Free chunk total 0  count 0
[0.171s][trace][gc,metaspace,freelist       ] SpaceManager::grow_and_allocate for 49 words 128 words used 0 words left
[0.171s][trace][gc,metaspace,freelist       ] ChunkManager::free_chunks_get: free_list: 0x00007ff7a2f12280 chunks left: 2.
[0.171s][trace][gc,metaspace,freelist       ] ChunkManager::chunk_freelist_allocate: 0x00007ff7a2f12280 chunk 0x00000001146f8c00  size 128 count 2 Free chunk total 2816  count 7
[0.171s][trace][gc,metaspace,freelist       ] SpaceManager::added chunk:
[0.171s][trace][gc,metaspace,freelist       ] Metachunk: bottom 0x00000001146f8c00 top 0x00000001146f8c40 end 0x00000001146f9000 size 128 (specialized)
[0.171s][trace][gc,metaspace,freelist       ] Free chunk total 2816  count 7
[0.171s][trace][gc,metaspace,freelist       ] SpaceManager::grow_and_allocate for 63 words 4077 words used 19 words left
[0.171s][trace][gc,metaspace,freelist       ] allowed expansion words: 1824768 (left_until_max: 2305843009212792320, left_until_GC: 1824768.
[0.171s][trace][gc,metaspace,freelist       ] Expanded class virtual space list node by 131072 words.
[0.171s][trace][gc,metaspace,freelist       ] Expanded class virtual space list.
[0.171s][trace][gc,metaspace,freelist       ] Creating padding chunks in class space  between 0x800099400 and 0x8000a0000...
[0.171s][trace][gc,metaspace,freelist       ] Created padding chunk in class space  at 0x0000000800099400, size 0x400.
[0.171s][trace][gc,metaspace,freelist       ] returned one specialized chunk at 0x0000000800099400 to freelist.
[0.171s][trace][gc,metaspace,freelist       ] Created padding chunk in class space  at 0x0000000800099800, size 0x800.
[0.171s][trace][gc,metaspace,freelist       ] returned one small chunk at 0x0000000800099800 to freelist.
[0.171s][trace][gc,metaspace,freelist       ] Created padding chunk in class space  at 0x000000080009a000, size 0x800.
[0.171s][trace][gc,metaspace,freelist       ] returned one small chunk at 0x000000080009a000 to freelist.
[0.171s][trace][gc,metaspace,freelist       ] Created padding chunk in class space  at 0x000000080009a800, size 0x800.
[0.171s][trace][gc,metaspace,freelist       ] returned one small chunk at 0x000000080009a800 to freelist.
[0.171s][trace][gc,metaspace,freelist       ] Created padding chunk in class space  at 0x000000080009b000, size 0x800.
[0.171s][trace][gc,metaspace,freelist       ] returned one small chunk at 0x000000080009b000 to freelist.
[0.171s][trace][gc,metaspace,freelist       ] Created padding chunk in class space  at 0x000000080009b800, size 0x800.
[0.171s][trace][gc,metaspace,freelist       ] returned one small chunk at 0x000000080009b800 to freelist.
[0.171s][trace][gc,metaspace,freelist       ] Created padding chunk in class space  at 0x000000080009c000, size 0x800.
[0.171s][trace][gc,metaspace,freelist       ] returned one small chunk at 0x000000080009c000 to freelist.
[0.171s][trace][gc,metaspace,freelist       ] Created padding chunk in class space  at 0x000000080009c800, size 0x800.
[0.171s][trace][gc,metaspace,freelist       ] returned one small chunk at 0x000000080009c800 to freelist.
[0.171s][trace][gc,metaspace,freelist       ] Created padding chunk in class space  at 0x000000080009d000, size 0x800.
[0.171s][trace][gc,metaspace,freelist       ] returned one small chunk at 0x000000080009d000 to freelist.
[0.171s][trace][gc,metaspace,freelist       ] Created padding chunk in class space  at 0x000000080009d800, size 0x800.
[0.171s][trace][gc,metaspace,freelist       ] returned one small chunk at 0x000000080009d800 to freelist.
[0.171s][trace][gc,metaspace,freelist       ] Created padding chunk in class space  at 0x000000080009e000, size 0x800.
[0.171s][trace][gc,metaspace,freelist       ] returned one small chunk at 0x000000080009e000 to freelist.
[0.171s][trace][gc,metaspace,freelist       ] Created padding chunk in class space  at 0x000000080009e800, size 0x800.
[0.171s][trace][gc,metaspace,freelist       ] returned one small chunk at 0x000000080009e800 to freelist.
[0.171s][trace][gc,metaspace,freelist       ] Created padding chunk in class space  at 0x000000080009f000, size 0x800.
[0.171s][trace][gc,metaspace,freelist       ] returned one small chunk at 0x000000080009f000 to freelist.
[0.171s][trace][gc,metaspace,freelist       ] Created padding chunk in class space  at 0x000000080009f800, size 0x800.
[0.171s][trace][gc,metaspace,freelist       ] returned one small chunk at 0x000000080009f800 to freelist.
[0.171s][trace][gc,metaspace,freelist,blocks] returning block at 0x0000000800097f68 size = 19
[0.171s][trace][gc,metaspace,freelist       ] SpaceManager::added chunk:
[0.171s][trace][gc,metaspace,freelist       ] Metachunk: bottom 0x00000008000a0000 top 0x00000008000a0040 end 0x00000008000a8000 size 4096 (medium)
[0.171s][trace][gc,metaspace,freelist       ] Free chunk total 3456  count 14
[0.172s][trace][gc,metaspace,freelist       ] SpaceManager(): 0x00007ff7a2c4a700
[0.172s][trace][gc,metaspace,freelist       ] SpaceManager(): 0x00007ff7a2c4a760
[0.172s][trace][gc,metaspace,freelist       ] ChunkManager::free_chunks_get: free_list: 0x00007ff7a2f12280 chunks left: 1.
[0.172s][trace][gc,metaspace,freelist       ] ChunkManager::chunk_freelist_allocate: 0x00007ff7a2f12280 chunk 0x00000001146f8800  size 128 count 1 Free chunk total 2688  count 6
[0.172s][trace][gc,metaspace,freelist       ] SpaceManager::added chunk:
[0.172s][trace][gc,metaspace,freelist       ] Metachunk: bottom 0x00000001146f8800 top 0x00000001146f8840 end 0x00000001146f8c00 size 128 (specialized)
[0.172s][trace][gc,metaspace,freelist       ] Free chunk total 2688  count 6
[0.172s][trace][gc,metaspace,freelist       ] ChunkManager::free_chunks_get: free_list: 0x00007ff7a2f120c0 chunks left: 0.
[0.172s][trace][gc,metaspace,freelist       ] ChunkManager::chunk_freelist_allocate: 0x00007ff7a2f120c0 chunk 0x0000000800099400  size 128 count 0 Free chunk total 3328  count 13
[0.172s][trace][gc,metaspace,freelist       ] SpaceManager::added chunk:
[0.172s][trace][gc,metaspace,freelist       ] Metachunk: bottom 0x0000000800099400 top 0x0000000800099440 end 0x0000000800099800 size 128 (specialized)
[0.172s][trace][gc,metaspace,freelist       ] Free chunk total 3328  count 13
[0.172s][trace][gc,metaspace,freelist       ] SpaceManager::grow_and_allocate for 11 words 119 words used 9 words left
[0.172s][trace][gc,metaspace,freelist       ] ChunkManager::free_chunks_get: free_list: 0x00007ff7a2f12280 chunks left: 0.
[0.172s][trace][gc,metaspace,freelist       ] ChunkManager::chunk_freelist_allocate: 0x00007ff7a2f12280 chunk 0x00000001146f8400  size 128 count 0 Free chunk total 2560  count 5
[0.172s][trace][gc,metaspace,freelist,blocks] returning block at 0x00000001146f8bb8 size = 9
[0.172s][trace][gc,metaspace,freelist       ] SpaceManager::added chunk:
[0.172s][trace][gc,metaspace,freelist       ] Metachunk: bottom 0x00000001146f8400 top 0x00000001146f8440 end 0x00000001146f8800 size 128 (specialized)
[0.172s][trace][gc,metaspace,freelist       ] Free chunk total 2560  count 5
[0.174s][trace][gc,metaspace,freelist       ] SpaceManager::grow_and_allocate for 1948 words 7696 words used 496 words left
[0.174s][trace][gc,metaspace,freelist,blocks] returning block at 0x00000001148ef080 size = 496
[0.174s][trace][gc,metaspace,freelist       ] SpaceManager(): 0x00007ff7a2e166a0
[0.174s][trace][gc,metaspace,freelist       ] SpaceManager(): 0x00007ff7a2e16700
[0.174s][trace][gc,metaspace,freelist       ] SpaceManager::added chunk:
[0.174s][trace][gc,metaspace,freelist       ] Metachunk: bottom 0x00000001148f0000 top 0x00000001148f0040 end 0x0000000114900000 size 8192 (medium)
[0.174s][trace][gc,metaspace,freelist       ] Free chunk total 2560  count 5
[0.174s][trace][gc,metaspace,freelist       ] metaspace: splitting chunk 0x00000001146f7000, word size 0x200 (small), to get a chunk of word size 0x80 (specialized)...
[0.174s][trace][gc,metaspace,freelist       ] Created chunk at 0x00000001146f7400, word size 0x80 (specialized), in split region [0x00000001146f7000...0x00000001146f8000).
[0.174s][trace][gc,metaspace,freelist       ] Created chunk at 0x00000001146f7800, word size 0x80 (specialized), in split region [0x00000001146f7000...0x00000001146f8000).
[0.174s][trace][gc,metaspace,freelist       ] Created chunk at 0x00000001146f7c00, word size 0x80 (specialized), in split region [0x00000001146f7000...0x00000001146f8000).
[0.174s][trace][gc,metaspace,freelist       ] ChunkManager::free_chunks_get: free_list: 0x00007ff7a2f12280 chunks left: 3.
[0.174s][trace][gc,metaspace,freelist       ] ChunkManager::chunk_freelist_allocate: 0x00007ff7a2f12280 chunk 0x00000001146f7000  size 128 count 3 Free chunk total 2432  count 7
[0.174s][trace][gc,metaspace,freelist       ] SpaceManager::added chunk:
[0.174s][trace][gc,metaspace,freelist       ] Metachunk: bottom 0x00000001146f7000 top 0x00000001146f7040 end 0x00000001146f7400 size 128 (specialized)
[0.174s][trace][gc,metaspace,freelist       ] Free chunk total 2432  count 7
[0.174s][trace][gc,metaspace,freelist       ] class space: splitting chunk 0x000000080009f800, word size 0x100 (small), to get a chunk of word size 0x80 (specialized)...
[0.174s][trace][gc,metaspace,freelist       ] Created chunk at 0x000000080009fc00, word size 0x80 (specialized), in split region [0x000000080009f800...0x00000008000a0000).
[0.174s][trace][gc,metaspace,freelist       ] ChunkManager::free_chunks_get: free_list: 0x00007ff7a2f120c0 chunks left: 1.
[0.174s][trace][gc,metaspace,freelist       ] ChunkManager::chunk_freelist_allocate: 0x00007ff7a2f120c0 chunk 0x000000080009f800  size 128 count 1 Free chunk total 3200  count 13
[0.174s][trace][gc,metaspace,freelist       ] SpaceManager::added chunk:
[0.174s][trace][gc,metaspace,freelist       ] Metachunk: bottom 0x000000080009f800 top 0x000000080009f840 end 0x000000080009fc00 size 128 (specialized)
[0.174s][trace][gc,metaspace,freelist       ] Free chunk total 3200  count 13
[0.174s][trace][gc,metaspace,freelist       ] SpaceManager::grow_and_allocate for 11 words 124 words used 4 words left
[0.174s][trace][gc,metaspace,freelist       ] ChunkManager::free_chunks_get: free_list: 0x00007ff7a2f12280 chunks left: 2.
[0.174s][trace][gc,metaspace,freelist       ] ChunkManager::chunk_freelist_allocate: 0x00007ff7a2f12280 chunk 0x00000001146f7c00  size 128 count 2 Free chunk total 2304  count 6
[0.174s][trace][gc,metaspace,freelist,blocks] returning block at 0x00000001146f73e0 size = 4
[0.174s][trace][gc,metaspace,freelist       ] SpaceManager::added chunk:
[0.174s][trace][gc,metaspace,freelist       ] Metachunk: bottom 0x00000001146f7c00 top 0x00000001146f7c40 end 0x00000001146f8000 size 128 (specialized)
[0.174s][trace][gc,metaspace,freelist       ] Free chunk total 2304  count 6
[0.177s][trace][gc,metaspace,freelist       ] SpaceManager::grow_and_allocate for 156 words 92 words used 36 words left
[0.177s][trace][gc,metaspace,freelist       ] ChunkManager::free_chunks_get: free_list: 0x00007ff7a2f122a0 chunks left: 3.
[0.177s][trace][gc,metaspace,freelist       ] ChunkManager::chunk_freelist_allocate: 0x00007ff7a2f12280 chunk 0x00000001146f6000  size 512 count 3 Free chunk total 1792  count 5
[0.177s][trace][gc,metaspace,freelist,blocks] returning block at 0x00000001146f7ee0 size = 36
[0.177s][trace][gc,metaspace,freelist       ] SpaceManager::added chunk:
[0.177s][trace][gc,metaspace,freelist       ] Metachunk: bottom 0x00000001146f6000 top 0x00000001146f6040 end 0x00000001146f7000 size 512 (small)
[0.177s][trace][gc,metaspace,freelist       ] Free chunk total 1792  count 5
[0.177s][trace][gc,metaspace,freelist       ] SpaceManager::grow_and_allocate for 83 words 119 words used 9 words left
[0.177s][trace][gc,metaspace,freelist       ] ChunkManager::free_chunks_get: free_list: 0x00007ff7a2f12280 chunks left: 1.
[0.177s][trace][gc,metaspace,freelist       ] ChunkManager::chunk_freelist_allocate: 0x00007ff7a2f12280 chunk 0x00000001146f7800  size 128 count 1 Free chunk total 1664  count 4
[0.177s][trace][gc,metaspace,freelist,blocks] returning block at 0x00000001146ee7b8 size = 9
[0.177s][trace][gc,metaspace,freelist       ] SpaceManager::added chunk:
[0.177s][trace][gc,metaspace,freelist       ] Metachunk: bottom 0x00000001146f7800 top 0x00000001146f7840 end 0x00000001146f7c00 size 128 (specialized)
[0.177s][trace][gc,metaspace,freelist       ] Free chunk total 1664  count 4
[0.177s][trace][gc,metaspace,freelist       ] SpaceManager::grow_and_allocate for 88 words 8119 words used 73 words left
[0.177s][trace][gc,metaspace,freelist,blocks] returning block at 0x00000001148ffdb8 size = 73
[0.177s][trace][gc,metaspace,freelist       ] SpaceManager::added chunk:
[0.177s][trace][gc,metaspace,freelist       ] Metachunk: bottom 0x0000000114900000 top 0x0000000114900040 end 0x0000000114910000 size 8192 (medium)
[0.177s][trace][gc,metaspace,freelist       ] Free chunk total 1664  count 4
[0.185s][trace][gc,tlab                     ] ThreadLocalAllocBuffer::compute_size(3) returns 41946
[0.185s][trace][gc,tlab                     ] TLAB: fill thread: 0x00007ff7a3004000 [id: 8963] desired_size: 327KB slow allocs: 0  refill waste: 5240B alloc: 1.00000     3277KB refills: 7 waste  0.2% gc: 0B slow: 3584B fast: 0B
[0.188s][trace][gc,tlab                     ] ThreadLocalAllocBuffer::compute_size(3) returns 41946
[0.188s][trace][gc,tlab                     ] TLAB: fill thread: 0x00007ff7a3004000 [id: 8963] desired_size: 327KB slow allocs: 0  refill waste: 5240B alloc: 1.00000     3605KB refills: 8 waste  0.2% gc: 0B slow: 4168B fast: 0B
[0.190s][trace][gc,tlab                     ] ThreadLocalAllocBuffer::compute_size(7) returns 41950
[0.190s][trace][gc,tlab                     ] TLAB: fill thread: 0x00007ff7a3004000 [id: 8963] desired_size: 327KB slow allocs: 0  refill waste: 5240B alloc: 1.00000     3933KB refills: 9 waste  0.2% gc: 0B slow: 4760B fast: 0B
[0.192s][trace][gc,tlab                     ] ThreadLocalAllocBuffer::compute_size(3) returns 41946
[0.192s][trace][gc,tlab                     ] TLAB: fill thread: 0x00007ff7a3004000 [id: 8963] desired_size: 327KB slow allocs: 1  refill waste: 5272B alloc: 1.00000     4315KB refills: 10 waste  0.2% gc: 0B slow: 5344B fast: 0B
[0.195s][trace][gc,tlab                     ] ThreadLocalAllocBuffer::compute_size(7) returns 41950
[0.195s][trace][gc,tlab                     ] TLAB: fill thread: 0x00007ff7a3004000 [id: 8963] desired_size: 327KB slow allocs: 2  refill waste: 5272B alloc: 1.00000     4680KB refills: 11 waste  0.2% gc: 0B slow: 5952B fast: 0B
[0.196s][trace][gc,tlab                     ] ThreadLocalAllocBuffer::compute_size(7) returns 41950
[0.196s][trace][gc,tlab                     ] TLAB: fill thread: 0x00007ff7a3004000 [id: 8963] desired_size: 327KB slow allocs: 2  refill waste: 5240B alloc: 1.00000     5007KB refills: 12 waste  0.2% gc: 0B slow: 6576B fast: 0B
[0.198s][trace][gc,tlab                     ] ThreadLocalAllocBuffer::compute_size(7) returns 41950
[0.198s][trace][gc,tlab                     ] TLAB: fill thread: 0x00007ff7a3004000 [id: 8963] desired_size: 327KB slow allocs: 2  refill waste: 5240B alloc: 1.00000     5335KB refills: 13 waste  0.2% gc: 0B slow: 7160B fast: 0B
[0.200s][trace][gc,tlab                     ] ThreadLocalAllocBuffer::compute_size(7) returns 41950
[0.200s][trace][gc,tlab                     ] TLAB: fill thread: 0x00007ff7a3004000 [id: 8963] desired_size: 327KB slow allocs: 2  refill waste: 5240B alloc: 1.00000     5663KB refills: 14 waste  0.2% gc: 0B slow: 7752B fast: 0B
[0.201s][trace][gc,tlab                     ] ThreadLocalAllocBuffer::compute_size(7) returns 41950
[0.201s][trace][gc,tlab                     ] TLAB: fill thread: 0x00007ff7a3004000 [id: 8963] desired_size: 327KB slow allocs: 2  refill waste: 5240B alloc: 1.00000     5991KB refills: 15 waste  0.2% gc: 0B slow: 8336B fast: 0B
[0.202s][trace][gc,tlab                     ] ThreadLocalAllocBuffer::compute_size(7) returns 41950
[0.202s][trace][gc,tlab                     ] TLAB: fill thread: 0x00007ff7a3004000 [id: 8963] desired_size: 327KB slow allocs: 2  refill waste: 5240B alloc: 1.00000     6318KB refills: 16 waste  0.2% gc: 0B slow: 8920B fast: 0B
[0.203s][trace][gc,tlab                     ] ThreadLocalAllocBuffer::compute_size(7) returns 41950
[0.203s][trace][gc,tlab                     ] TLAB: fill thread: 0x00007ff7a3004000 [id: 8963] desired_size: 327KB slow allocs: 2  refill waste: 5240B alloc: 1.00000     6646KB refills: 17 waste  0.2% gc: 0B slow: 9544B fast: 0B
[0.205s][trace][gc,tlab                     ] ThreadLocalAllocBuffer::compute_size(7) returns 41950
[0.205s][trace][gc,tlab                     ] TLAB: fill thread: 0x00007ff7a3004000 [id: 8963] desired_size: 327KB slow allocs: 2  refill waste: 5240B alloc: 1.00000     6974KB refills: 18 waste  0.2% gc: 0B slow: 10128B fast: 0B
[0.207s][trace][gc,tlab                     ] ThreadLocalAllocBuffer::compute_size(7) returns 41950
[0.207s][trace][gc,tlab                     ] TLAB: fill thread: 0x00007ff7a3004000 [id: 8963] desired_size: 327KB slow allocs: 2  refill waste: 5240B alloc: 1.00000     7302KB refills: 19 waste  0.2% gc: 0B slow: 10712B fast: 0B
[0.208s][trace][gc,tlab                     ] ThreadLocalAllocBuffer::compute_size(7) returns 41950
[0.208s][trace][gc,tlab                     ] TLAB: fill thread: 0x00007ff7a3004000 [id: 8963] desired_size: 327KB slow allocs: 2  refill waste: 5240B alloc: 1.00000     7629KB refills: 20 waste  0.2% gc: 0B slow: 11296B fast: 0B
[0.210s][trace][gc,tlab                     ] ThreadLocalAllocBuffer::compute_size(7) returns 41950
[0.210s][trace][gc,tlab                     ] TLAB: fill thread: 0x00007ff7a3004000 [id: 8963] desired_size: 327KB slow allocs: 2  refill waste: 5240B alloc: 1.00000     7957KB refills: 21 waste  0.2% gc: 0B slow: 11880B fast: 0B
[0.210s][trace][gc,tlab                     ] ThreadLocalAllocBuffer::compute_size(4) returns 41947
[0.210s][trace][gc,tlab                     ] TLAB: fill thread: 0x00007ff7a3004000 [id: 8963] desired_size: 327KB slow allocs: 2  refill waste: 5240B alloc: 1.00000     8285KB refills: 22 waste  0.2% gc: 0B slow: 12472B fast: 0B
[0.211s][trace][gc,tlab                     ] ThreadLocalAllocBuffer::compute_size(3) returns 41946
[0.211s][trace][gc,tlab                     ] TLAB: fill thread: 0x00007ff7a3004000 [id: 8963] desired_size: 327KB slow allocs: 2  refill waste: 5240B alloc: 1.00000     8612KB refills: 23 waste  0.2% gc: 0B slow: 13056B fast: 0B
[0.213s][trace][gc,tlab                     ] ThreadLocalAllocBuffer::compute_size(7) returns 41950
[0.213s][trace][gc,tlab                     ] TLAB: fill thread: 0x00007ff7a3004000 [id: 8963] desired_size: 327KB slow allocs: 2  refill waste: 5240B alloc: 1.00000     8940KB refills: 24 waste  0.2% gc: 0B slow: 13664B fast: 0B
[0.214s][trace][gc,tlab                     ] ThreadLocalAllocBuffer::compute_size(7) returns 41950
[0.214s][trace][gc,tlab                     ] TLAB: fill thread: 0x00007ff7a3004000 [id: 8963] desired_size: 327KB slow allocs: 2  refill waste: 5240B alloc: 1.00000     9268KB refills: 25 waste  0.2% gc: 0B slow: 14248B fast: 0B
[0.215s][trace][gc,tlab                     ] ThreadLocalAllocBuffer::compute_size(7) returns 41950
[0.215s][trace][gc,tlab                     ] TLAB: fill thread: 0x00007ff7a3004000 [id: 8963] desired_size: 327KB slow allocs: 2  refill waste: 5240B alloc: 1.00000     9596KB refills: 26 waste  0.2% gc: 0B slow: 14832B fast: 0B
[0.216s][trace][gc,tlab                     ] ThreadLocalAllocBuffer::compute_size(7) returns 41950
[0.216s][trace][gc,tlab                     ] TLAB: fill thread: 0x00007ff7a3004000 [id: 8963] desired_size: 327KB slow allocs: 2  refill waste: 5240B alloc: 1.00000     9923KB refills: 27 waste  0.2% gc: 0B slow: 15416B fast: 0B
[0.217s][trace][gc,tlab                     ] ThreadLocalAllocBuffer::compute_size(7) returns 41950
[0.217s][trace][gc,tlab                     ] TLAB: fill thread: 0x00007ff7a3004000 [id: 8963] desired_size: 327KB slow allocs: 2  refill waste: 5240B alloc: 1.00000    10251KB refills: 28 waste  0.2% gc: 0B slow: 16000B fast: 0B
[0.218s][trace][gc,tlab                     ] ThreadLocalAllocBuffer::compute_size(7) returns 41950
[0.218s][trace][gc,tlab                     ] TLAB: fill thread: 0x00007ff7a3004000 [id: 8963] desired_size: 327KB slow allocs: 2  refill waste: 5240B alloc: 1.00000    10579KB refills: 29 waste  0.2% gc: 0B slow: 16584B fast: 0B
[0.219s][trace][gc,tlab                     ] ThreadLocalAllocBuffer::compute_size(7) returns 41950
[0.219s][trace][gc,tlab                     ] TLAB: fill thread: 0x00007ff7a3004000 [id: 8963] desired_size: 327KB slow allocs: 2  refill waste: 5240B alloc: 1.00000    10907KB refills: 30 waste  0.2% gc: 0B slow: 17168B fast: 0B
[0.220s][trace][gc,tlab                     ] ThreadLocalAllocBuffer::compute_size(7) returns 41950
[0.220s][trace][gc,tlab                     ] TLAB: fill thread: 0x00007ff7a3004000 [id: 8963] desired_size: 327KB slow allocs: 2  refill waste: 5240B alloc: 1.00000    11234KB refills: 31 waste  0.2% gc: 0B slow: 17752B fast: 0B
[0.221s][trace][gc,tlab                     ] ThreadLocalAllocBuffer::compute_size(7) returns 41950
[0.221s][trace][gc,tlab                     ] TLAB: fill thread: 0x00007ff7a3004000 [id: 8963] desired_size: 327KB slow allocs: 2  refill waste: 5240B alloc: 1.00000    11562KB refills: 32 waste  0.2% gc: 0B slow: 18336B fast: 0B
[0.223s][trace][gc,tlab                     ] ThreadLocalAllocBuffer::compute_size(7) returns 41950
[0.223s][trace][gc,tlab                     ] TLAB: fill thread: 0x00007ff7a3004000 [id: 8963] desired_size: 327KB slow allocs: 2  refill waste: 5240B alloc: 1.00000    11890KB refills: 33 waste  0.2% gc: 0B slow: 18920B fast: 0B
[0.224s][trace][gc,tlab                     ] ThreadLocalAllocBuffer::compute_size(7) returns 41950
[0.224s][trace][gc,tlab                     ] TLAB: fill thread: 0x00007ff7a3004000 [id: 8963] desired_size: 327KB slow allocs: 2  refill waste: 5240B alloc: 1.00000    12218KB refills: 34 waste  0.2% gc: 0B slow: 19504B fast: 0B
[0.225s][trace][gc,tlab                     ] ThreadLocalAllocBuffer::compute_size(7) returns 41950
[0.225s][trace][gc,tlab                     ] TLAB: fill thread: 0x00007ff7a3004000 [id: 8963] desired_size: 327KB slow allocs: 2  refill waste: 5240B alloc: 1.00000    12545KB refills: 35 waste  0.2% gc: 0B slow: 20088B fast: 0B
[0.226s][trace][gc,tlab                     ] ThreadLocalAllocBuffer::compute_size(7) returns 41950
[0.226s][trace][gc,tlab                     ] TLAB: fill thread: 0x00007ff7a3004000 [id: 8963] desired_size: 327KB slow allocs: 2  refill waste: 5240B alloc: 1.00000    12873KB refills: 36 waste  0.2% gc: 0B slow: 20672B fast: 0B
[0.227s][trace][gc,tlab                     ] ThreadLocalAllocBuffer::compute_size(7) returns 41950
[0.227s][trace][gc,tlab                     ] TLAB: fill thread: 0x00007ff7a3004000 [id: 8963] desired_size: 327KB slow allocs: 2  refill waste: 5240B alloc: 1.00000    13201KB refills: 37 waste  0.2% gc: 0B slow: 21256B fast: 0B
[0.228s][trace][gc,tlab                     ] ThreadLocalAllocBuffer::compute_size(7) returns 41950
[0.228s][trace][gc,tlab                     ] TLAB: fill thread: 0x00007ff7a3004000 [id: 8963] desired_size: 327KB slow allocs: 2  refill waste: 5240B alloc: 1.00000    13528KB refills: 38 waste  0.2% gc: 0B slow: 21840B fast: 0B
[0.229s][trace][gc,tlab                     ] ThreadLocalAllocBuffer::compute_size(7) returns 41950
[0.229s][trace][gc,tlab                     ] TLAB: fill thread: 0x00007ff7a3004000 [id: 8963] desired_size: 327KB slow allocs: 2  refill waste: 5240B alloc: 1.00000    13856KB refills: 39 waste  0.2% gc: 0B slow: 22424B fast: 0B
[0.229s][trace][gc,tlab                     ] ThreadLocalAllocBuffer::compute_size(7) returns 41950
[0.229s][trace][gc,tlab                     ] TLAB: fill thread: 0x00007ff7a3004000 [id: 8963] desired_size: 327KB slow allocs: 2  refill waste: 5240B alloc: 1.00000    14184KB refills: 40 waste  0.2% gc: 0B slow: 23040B fast: 0B
[0.230s][trace][gc,tlab                     ] ThreadLocalAllocBuffer::compute_size(7) returns 41950
[0.230s][trace][gc,tlab                     ] TLAB: fill thread: 0x00007ff7a3004000 [id: 8963] desired_size: 327KB slow allocs: 2  refill waste: 5240B alloc: 1.00000    14512KB refills: 41 waste  0.2% gc: 0B slow: 23624B fast: 0B
[0.231s][trace][gc,tlab                     ] ThreadLocalAllocBuffer::compute_size(8) returns 41951
[0.231s][trace][gc,tlab                     ] TLAB: fill thread: 0x00007ff7a3004000 [id: 8963] desired_size: 327KB slow allocs: 2  refill waste: 5240B alloc: 1.00000    14839KB refills: 42 waste  0.2% gc: 0B slow: 24208B fast: 0B
[0.231s][trace][gc,tlab                     ] ThreadLocalAllocBuffer::compute_size(8) returns 41951
[0.231s][trace][gc,tlab                     ] TLAB: fill thread: 0x00007ff7a3004000 [id: 8963] desired_size: 327KB slow allocs: 2  refill waste: 5240B alloc: 1.00000    15167KB refills: 43 waste  0.2% gc: 0B slow: 24808B fast: 0B
[0.232s][trace][gc,tlab                     ] ThreadLocalAllocBuffer::compute_size(8) returns 41951
[0.232s][trace][gc,tlab                     ] TLAB: fill thread: 0x00007ff7a3004000 [id: 8963] desired_size: 327KB slow allocs: 2  refill waste: 5240B alloc: 1.00000    15495KB refills: 44 waste  0.2% gc: 0B slow: 25408B fast: 0B
[0.233s][trace][gc,tlab                     ] ThreadLocalAllocBuffer::compute_size(8) returns 41951
[0.233s][trace][gc,tlab                     ] TLAB: fill thread: 0x00007ff7a3004000 [id: 8963] desired_size: 327KB slow allocs: 2  refill waste: 5240B alloc: 1.00000    15823KB refills: 45 waste  0.2% gc: 0B slow: 26008B fast: 0B
[0.234s][trace][gc,tlab                     ] ThreadLocalAllocBuffer::compute_size(8) returns 41951
[0.234s][trace][gc,tlab                     ] TLAB: fill thread: 0x00007ff7a3004000 [id: 8963] desired_size: 327KB slow allocs: 2  refill waste: 5240B alloc: 1.00000    16150KB refills: 46 waste  0.2% gc: 0B slow: 26608B fast: 0B
[0.235s][trace][gc,tlab                     ] ThreadLocalAllocBuffer::compute_size(8) returns 29898
[0.235s][trace][gc,tlab                     ] TLAB: fill thread: 0x00007ff7a3004000 [id: 8963] desired_size: 327KB slow allocs: 2  refill waste: 5240B alloc: 1.00000    16384KB refills: 47 waste  0.2% gc: 0B slow: 27208B fast: 0B
[0.235s][trace][gc,tlab                     ] ThreadLocalAllocBuffer::compute_size(4) returns failure
[0.235s][trace][gc,alloc                    ] GenCollectedHeap::mem_allocate_work: attempting locked slow path allocation
[0.235s][trace][gc,alloc                    ] DefNewGeneration::allocate_from_space(4):  will_fail: false  heap_lock: locked  free: 2097152  should_allocate_from_space: NOT returns NULL
[0.235s][trace][gc,nmethod                  ] oops_do_marking_prologue
[0.235s][trace][gc,nmethod                  ] oops_do_marking_epilogue
[0.235s][debug][gc,heap                     ] GC(0) Heap before GC invocations=0 (full 0): par new generation   total 18432K, used 16384K [0x00000007fc400000, 0x00000007fd800000, 0x00000007fd800000)
[0.235s][debug][gc,heap                     ] GC(0)   eden space 16384K, 100% used [0x00000007fc400000, 0x00000007fd400000, 0x00000007fd400000)
[0.235s][debug][gc,heap                     ] GC(0)   from space 2048K,   0% used [0x00000007fd400000, 0x00000007fd400000, 0x00000007fd600000)
[0.235s][debug][gc,heap                     ] GC(0)   to   space 2048K,   0% used [0x00000007fd600000, 0x00000007fd600000, 0x00000007fd800000)
[0.235s][debug][gc,heap                     ] GC(0)  concurrent mark-sweep generation total 40960K, used 0K [0x00000007fd800000, 0x0000000800000000, 0x0000000800000000)
[0.235s][debug][gc,heap                     ] GC(0)  Metaspace       used 6830K, capacity 6934K, committed 7168K, reserved 1056768K
[0.235s][debug][gc,heap                     ] GC(0)   class space    used 609K, capacity 647K, committed 768K, reserved 1048576K
[0.235s][info ][gc,start                    ] GC(0) Pause Young (Allocation Failure)
[0.235s][trace][gc,tlab                     ] GC(0) TLAB: gc thread: 0x00007ff7a3004000 [id: 8963] desired_size: 327KB slow allocs: 2  refill waste: 5240B alloc: 1.00000    16384KB refills: 47 waste  0.2% gc: 0B slow: 27808B fast: 0B
[0.235s][trace][gc,tlab                     ] GC(0) TLAB: gc thread: 0x00007ff783019800 [id: 12035] desired_size: 327KB slow allocs: 0  refill waste: 5240B alloc: 1.00000    16384KB refills: 0 waste  0.0% gc: 0B slow: 0B fast: 0B
[0.235s][trace][gc,tlab                     ] GC(0) TLAB: gc thread: 0x00007ff7a3801000 [id: 17923] desired_size: 327KB slow allocs: 0  refill waste: 5240B alloc: 1.00000    16384KB refills: 1 waste 99.9% gc: 335456B slow: 0B fast: 0B
[0.235s][trace][gc,tlab                     ] GC(0) TLAB: gc thread: 0x00007ff7a3029800 [id: 13315] desired_size: 327KB slow allocs: 0  refill waste: 5240B alloc: 1.00000    16384KB refills: 0 waste  0.0% gc: 0B slow: 0B fast: 0B
[0.235s][trace][gc,tlab                     ] GC(0) TLAB: gc thread: 0x00007ff7a3808000 [id: 15875] desired_size: 327KB slow allocs: 0  refill waste: 5240B alloc: 1.00000    16384KB refills: 0 waste  0.0% gc: 0B slow: 0B fast: 0B
[0.235s][trace][gc,tlab                     ] GC(0) TLAB: gc thread: 0x00007ff78301a800 [id: 13571] desired_size: 327KB slow allocs: 0  refill waste: 5240B alloc: 1.00000    16384KB refills: 1 waste 99.6% gc: 334280B slow: 0B fast: 0B
[0.235s][trace][gc,tlab                     ] GC(0) TLAB: gc thread: 0x00007ff78301d800 [id: 14339] desired_size: 327KB slow allocs: 0  refill waste: 5240B alloc: 1.00000    16384KB refills: 0 waste  0.0% gc: 0B slow: 0B fast: 0B
[0.235s][trace][gc,tlab                     ] GC(0) TLAB: gc thread: 0x00007ff793003000 [id: 14851] desired_size: 327KB slow allocs: 0  refill waste: 5240B alloc: 1.00000    16384KB refills: 0 waste  0.0% gc: 0B slow: 0B fast: 0B
[0.235s][trace][gc,tlab                     ] GC(0) TLAB: gc thread: 0x00007ff7a3882800 [id: 43267] desired_size: 327KB slow allocs: 0  refill waste: 5240B alloc: 1.00000    16384KB refills: 0 waste  0.0% gc: 0B slow: 0B fast: 0B
[0.235s][trace][gc,tlab                     ] GC(0) TLAB: gc thread: 0x00007ff7a5816000 [id: 42755] desired_size: 327KB slow allocs: 0  refill waste: 5240B alloc: 1.00000    16384KB refills: 1 waste 67.5% gc: 226592B slow: 0B fast: 0B
[0.235s][trace][gc,tlab                     ] GC(0) TLAB: gc thread: 0x00007ff7a5817000 [id: 41987] desired_size: 327KB slow allocs: 0  refill waste: 5240B alloc: 1.00000    16384KB refills: 0 waste  0.0% gc: 0B slow: 0B fast: 0B
[0.235s][trace][gc,tlab                     ] GC(0) TLAB: gc thread: 0x00007ff78301b800 [id: 23299] desired_size: 327KB slow allocs: 0  refill waste: 5240B alloc: 1.00000    16384KB refills: 0 waste  0.0% gc: 0B slow: 0B fast: 0B
[0.235s][debug][gc,tlab                     ] GC(0) TLAB totals: thrds: 4  refills: 50 max: 47 slow allocs: 2 max 2 waste:  5.5% gc: 896328B max: 335456B slow: 27808B max: 27808B fast: 0B max: 0B
[0.236s][debug][gc,freelist,stats           ] Before GC:
[0.236s][debug][gc,freelist,stats           ] Statistics for BinaryTreeDictionary:
[0.236s][debug][gc,freelist,stats           ] ------------------------------------
[0.236s][debug][gc,freelist,stats           ] Total Free Space: 5242880
[0.236s][debug][gc,freelist,stats           ] Max   Chunk Size: 5242880
[0.236s][debug][gc,freelist,stats           ] Number of Blocks: 1
[0.236s][debug][gc,freelist,stats           ] Av.  Block  Size: 5242880
[0.236s][debug][gc,freelist,stats           ] Tree      Height: 1
[0.236s][trace][gc,freelist,stats           ] Statistics for IndexedFreeLists:
[0.236s][trace][gc,freelist,stats           ] --------------------------------
[0.236s][trace][gc,freelist,stats           ] Total Free Space: 0
[0.236s][trace][gc,freelist,stats           ] Max   Chunk Size: 0
[0.236s][trace][gc,freelist,stats           ] Number of Blocks: 0
[0.236s][trace][gc,freelist,stats           ]  free=5242880 frag=0.0000
[0.236s][trace][gc,phases,start             ] GC(0) Collect gen: ParNew
[0.236s][trace][gc                          ] GC(0) Young invoke=1 size=32
[0.236s][trace][gc,task                     ] GC(0) GCTaskManager::calc_default_active_workers() : active_workers(): 1  new_active_workers: 2  prev_active_workers: 1
 active_workers_by_JT: 2  active_workers_by_heap_size: 2
[0.236s][trace][gc,task                     ] GC(0) WorkerManager::add_workers() : created_workers: 2
[0.236s][trace][gc,task                     ] GC(0) Creating additional GC Thread(s) previously created workers 1 active workers 2 total created workers 2
[0.236s][trace][gc,task                     ] GC(0) GC Thread: using 2 out of 10 workers
[0.236s][info ][gc,task                     ] GC(0) Using 2 workers of 10 for evacuation
[0.236s][trace][gc,promotion                ] CMS: promo attempt is safe: available(41943040) >= av_promo(0), max_promo(16777216)
[0.236s][trace][gc,phases,start             ] GC(0) ParNew (Allocation Failure)
[0.236s][trace][gc,nmethod                  ] GC(0) oops_do_marking_prologue
[0.236s][trace][gc,task                     ] GC(0) WorkerManager::add_workers() : created_workers: 2
[0.236s][trace][gc,task                     ] GC(0) GC Thread: using 2 out of 10 workers
[0.236s][trace][gc,nmethod                  ] GC(0)  333       4       jdk.internal.misc.Unsafe::allocateUninitializedArray (52 bytes)   oops_do, mark
[0.236s][trace][gc,nmethod                  ] GC(0)  331 %     3       TExample::main @ 18 (86 bytes)   oops_do, mark
[0.237s][trace][gc,nmethod                  ] GC(0)  332       3       TExample::main (86 bytes)   scavenge root
[0.237s][trace][gc,nmethod                  ] GC(0)  332       3       TExample::main (86 bytes)   oops_do, mark
[0.237s][trace][gc,nmethod                  ] GC(0)  331 %     3       TExample::main @ 18 (86 bytes)   scavenge root
[0.237s][trace][gc,nmethod                  ] GC(0)  325       4       java.lang.StringConcatHelper::prepend (18 bytes)   scavenge root
[0.237s][trace][gc,nmethod                  ] GC(0)  325       4       java.lang.StringConcatHelper::prepend (18 bytes)   oops_do, mark
[0.237s][trace][gc,nmethod                  ] GC(0)  318       4       java.lang.invoke.LambdaForm$MH/0x000000080009f840::invoke (137 bytes)   scavenge root
[0.237s][trace][gc,nmethod                  ] GC(0)  318       4       java.lang.invoke.LambdaForm$MH/0x000000080009f840::invoke (137 bytes)   oops_do, mark
[0.237s][trace][gc,nmethod                  ] GC(0)  326       4       java.lang.invoke.LambdaForm$MH/0x0000000800066040::invoke (31 bytes)   scavenge root
[0.237s][trace][gc,nmethod                  ] GC(0)  326       4       java.lang.invoke.LambdaForm$MH/0x0000000800066040::invoke (31 bytes)   oops_do, mark
[0.237s][trace][gc,nmethod                  ] GC(0)  316       4       java.lang.Integer::getChars (131 bytes)   scavenge root
[0.237s][trace][gc,nmethod                  ] GC(0)  316       4       java.lang.Integer::getChars (131 bytes)   oops_do, mark
[0.237s][trace][gc,nmethod                  ] GC(0)  323       4       jdk.internal.misc.Unsafe::allocateUninitializedArray0 (90 bytes)   scavenge root
[0.237s][trace][gc,nmethod                  ] GC(0)  323       4       jdk.internal.misc.Unsafe::allocateUninitializedArray0 (90 bytes)   oops_do, mark
[0.237s][trace][gc,nmethod                  ] GC(0)  321       4       java.lang.invoke.StringConcatFactory$MethodHandleInlineCopyStrategy::newArray (16 bytes)   scavenge root
[0.237s][trace][gc,nmethod                  ] GC(0)  321       4       java.lang.invoke.StringConcatFactory$MethodHandleInlineCopyStrategy::newArray (16 bytes)   oops_do, mark
[0.237s][trace][gc,nmethod                  ] GC(0)  275       3       jdk.internal.org.objectweb.asm.MethodWriter::visitVarInsn (300 bytes)   scavenge root
[0.237s][trace][gc,nmethod                  ] GC(0)  275       3       jdk.internal.org.objectweb.asm.MethodWriter::visitVarInsn (300 bytes)   oops_do, mark
[0.237s][trace][gc,nmethod                  ] GC(0)  307       3       java.lang.StringConcatHelper::newString (46 bytes)   scavenge root
[0.237s][trace][gc,nmethod                  ] GC(0)  307       3       java.lang.StringConcatHelper::newString (46 bytes)   oops_do, mark
[0.237s][trace][gc,nmethod                  ] GC(0)  303       3       java.lang.invoke.LambdaForm$MH/0x0000000800066040::invoke (31 bytes)   scavenge root
[0.237s][trace][gc,nmethod                  ] GC(0)  303       3       java.lang.invoke.LambdaForm$MH/0x0000000800066040::invoke (31 bytes)   oops_do, mark
[0.237s][trace][gc,nmethod                  ] GC(0)  300       3       jdk.internal.misc.Unsafe::allocateUninitializedArray0 (90 bytes)   scavenge root
[0.237s][trace][gc,nmethod                  ] GC(0)  300       3       jdk.internal.misc.Unsafe::allocateUninitializedArray0 (90 bytes)   oops_do, mark
[0.237s][trace][gc,nmethod                  ] GC(0)  299       3       jdk.internal.misc.Unsafe::allocateUninitializedArray (52 bytes)   scavenge root
[0.237s][trace][gc,nmethod                  ] GC(0)  299       3       jdk.internal.misc.Unsafe::allocateUninitializedArray (52 bytes)   oops_do, mark
[0.237s][trace][gc,nmethod                  ] GC(0)  298       3       java.lang.invoke.StringConcatFactory$MethodHandleInlineCopyStrategy::newArray (16 bytes)   scavenge root
[0.237s][trace][gc,nmethod                  ] GC(0)  298       3       java.lang.invoke.StringConcatFactory$MethodHandleInlineCopyStrategy::newArray (16 bytes)   oops_do, mark
[0.237s][trace][gc,nmethod                  ] GC(0)  296       3       java.lang.StringConcatHelper::checkOverflow (16 bytes)   scavenge root
[0.237s][trace][gc,nmethod                  ] GC(0)  296       3       java.lang.StringConcatHelper::checkOverflow (16 bytes)   oops_do, mark
[0.237s][trace][gc,nmethod                  ] GC(0)  295       3       java.lang.StringConcatHelper::mixLen (10 bytes)   scavenge root
[0.237s][trace][gc,nmethod                  ] GC(0)  295       3       java.lang.StringConcatHelper::mixLen (10 bytes)   oops_do, mark
[0.237s][trace][gc,nmethod                  ] GC(0)  293       3       java.lang.invoke.LambdaForm$MH/0x000000080009f840::invoke (137 bytes)   scavenge root
[0.237s][trace][gc,nmethod                  ] GC(0)  293       3       java.lang.invoke.LambdaForm$MH/0x000000080009f840::invoke (137 bytes)   oops_do, mark
[0.237s][trace][gc,nmethod                  ] GC(0)  291       3       java.lang.Integer::getChars (131 bytes)   scavenge root
[0.237s][trace][gc,nmethod                  ] GC(0)  291       3       java.lang.Integer::getChars (131 bytes)   oops_do, mark
[0.237s][trace][gc,nmethod                  ] GC(0)  276       3       jdk.internal.org.objectweb.asm.Frame::execute (2264 bytes)   scavenge root
[0.237s][trace][gc,nmethod                  ] GC(0)  276       3       jdk.internal.org.objectweb.asm.Frame::execute (2264 bytes)   oops_do, mark
[0.237s][trace][gc,nmethod                  ] GC(0)  273       3       sun.invoke.util.Wrapper::forPrimitiveType (49 bytes)   scavenge root
[0.237s][trace][gc,nmethod                  ] GC(0)  273       3       sun.invoke.util.Wrapper::forPrimitiveType (49 bytes)   oops_do, mark
[0.237s][trace][gc,nmethod                  ] GC(0)  258       3       java.lang.invoke.MethodType::checkPtypes (61 bytes)   scavenge root
[0.237s][trace][gc,nmethod                  ] GC(0)  258       3       java.lang.invoke.MethodType::checkPtypes (61 bytes)   oops_do, mark
[0.237s][trace][gc,nmethod                  ] GC(0)  256       3       java.util.Arrays::copyOf (40 bytes)   scavenge root
[0.237s][trace][gc,nmethod                  ] GC(0)  256       3       java.util.Arrays::copyOf (40 bytes)   oops_do, mark
[0.237s][trace][gc,nmethod                  ] GC(0)  247       3       java.lang.invoke.LambdaForm$BasicType::basicType (19 bytes)   scavenge root
[0.237s][trace][gc,nmethod                  ] GC(0)  247       3       java.lang.invoke.LambdaForm$BasicType::basicType (19 bytes)   oops_do, mark
[0.237s][trace][gc,nmethod                  ] GC(0)  242       3       sun.invoke.util.Wrapper::findPrimitiveType (25 bytes)   scavenge root
[0.237s][trace][gc,nmethod                  ] GC(0)  242       3       sun.invoke.util.Wrapper::findPrimitiveType (25 bytes)   oops_do, mark
[0.237s][trace][gc,nmethod                  ] GC(0)  235       3       sun.invoke.util.VerifyAccess::isTypeVisible (118 bytes)   scavenge root
[0.237s][trace][gc,nmethod                  ] GC(0)  235       3       sun.invoke.util.VerifyAccess::isTypeVisible (118 bytes)   oops_do, mark
[0.237s][trace][gc,nmethod                  ] GC(0)  222       3       java.lang.invoke.MethodType$ConcurrentWeakInternSet$WeakEntry::<init> (14 bytes)   scavenge root
[0.237s][trace][gc,nmethod                  ] GC(0)  222       3       java.lang.invoke.MethodType$ConcurrentWeakInternSet$WeakEntry::<init> (14 bytes)   oops_do, mark
[0.237s][trace][gc,nmethod                  ] GC(0)  220       3       java.lang.invoke.MethodType::makeImpl (108 bytes)   scavenge root
[0.237s][trace][gc,nmethod                  ] GC(0)  220       3       java.lang.invoke.MethodType::makeImpl (108 bytes)   oops_do, mark
[0.237s][trace][gc,nmethod                  ] GC(0)  219       3       java.lang.invoke.LambdaForm::argument (27 bytes)   scavenge root
[0.237s][trace][gc,nmethod                  ] GC(0)  219       3       java.lang.invoke.LambdaForm::argument (27 bytes)   oops_do, mark
[0.237s][trace][gc,nmethod                  ] GC(0)  205       3       java.lang.Class::getClassLoader (28 bytes)   scavenge root
[0.237s][trace][gc,nmethod                  ] GC(0)  205       3       java.lang.Class::getClassLoader (28 bytes)   oops_do, mark
[0.237s][trace][gc,nmethod                  ] GC(0)  202       3       java.lang.invoke.MethodType::checkSlotCount (33 bytes)   scavenge root
[0.237s][trace][gc,nmethod                  ] GC(0)  202       3       java.lang.invoke.MethodType::checkSlotCount (33 bytes)   oops_do, mark
[0.237s][trace][gc,nmethod                  ] GC(0)  188       3       java.lang.System::getSecurityManager (4 bytes)   scavenge root
[0.237s][trace][gc,nmethod                  ] GC(0)  188       3       java.lang.System::getSecurityManager (4 bytes)   oops_do, mark
[0.237s][trace][gc,nmethod                  ] GC(0)  185       3       java.lang.String::checkBoundsBeginEnd (60 bytes)   scavenge root
[0.237s][trace][gc,nmethod                  ] GC(0)  185       3       java.lang.String::checkBoundsBeginEnd (60 bytes)   oops_do, mark
[0.237s][trace][gc,nmethod                  ] GC(0)  180       3       sun.nio.fs.UnixPath::checkNotNul (16 bytes)   scavenge root
[0.237s][trace][gc,nmethod                  ] GC(0)  180       3       sun.nio.fs.UnixPath::checkNotNul (16 bytes)   oops_do, mark
[0.237s][trace][gc,nmethod                  ] GC(0)  174       3       java.lang.ref.WeakReference::<init> (6 bytes)   scavenge root
[0.237s][trace][gc,nmethod                  ] GC(0)  174       3       java.lang.ref.WeakReference::<init> (6 bytes)   oops_do, mark
[0.237s][trace][gc,nmethod                  ] GC(0)  168       3       java.util.Arrays::copyOfRange (63 bytes)   scavenge root
[0.237s][trace][gc,nmethod                  ] GC(0)  168       3       java.util.Arrays::copyOfRange (63 bytes)   oops_do, mark
[0.237s][trace][gc,nmethod                  ] GC(0)  163     n 0       java.lang.Module::addExportsToAllUnnamed0 (native)   scavenge root
[0.237s][trace][gc,nmethod                  ] GC(0)  163     n 0       java.lang.Module::addExportsToAllUnnamed0 (native)   oops_do, mark
[0.237s][trace][gc,nmethod                  ] GC(0)  136       3       java.util.Optional::ofNullable (15 bytes)   scavenge root
[0.237s][trace][gc,nmethod                  ] GC(0)  136       3       java.util.Optional::ofNullable (15 bytes)   oops_do, mark
[0.237s][trace][gc,nmethod                  ] GC(0)  125       3       java.util.HashSet::add (20 bytes)   scavenge root
[0.237s][trace][gc,nmethod                  ] GC(0)  125       3       java.util.HashSet::add (20 bytes)   oops_do, mark
[0.237s][trace][gc,nmethod                  ] GC(0)   78       3       java.lang.invoke.MethodType::checkPtype (19 bytes)   scavenge root
[0.237s][trace][gc,nmethod                  ] GC(0)   78       3       java.lang.invoke.MethodType::checkPtype (19 bytes)   oops_do, mark
[0.237s][trace][gc,nmethod                  ] GC(0)   76       3       java.lang.ref.Reference::<init> (7 bytes)   scavenge root
[0.237s][trace][gc,nmethod                  ] GC(0)   76       3       java.lang.ref.Reference::<init> (7 bytes)   oops_do, mark
[0.237s][trace][gc,nmethod                  ] GC(0)   70       3       java.util.concurrent.ConcurrentHashMap::get (162 bytes)   scavenge root
[0.237s][trace][gc,nmethod                  ] GC(0)   70       3       java.util.concurrent.ConcurrentHashMap::get (162 bytes)   oops_do, mark
[0.237s][trace][gc,nmethod                  ] GC(0)   61       3       java.lang.ref.Reference::<init> (25 bytes)   scavenge root
[0.237s][trace][gc,nmethod                  ] GC(0)   61       3       java.lang.ref.Reference::<init> (25 bytes)   oops_do, mark
[0.237s][trace][gc,nmethod                  ] GC(0)   56       3       java.lang.invoke.MethodTypeForm::canonicalize (233 bytes)   scavenge root
[0.237s][trace][gc,nmethod                  ] GC(0)   56       3       java.lang.invoke.MethodTypeForm::canonicalize (233 bytes)   oops_do, mark
[0.237s][trace][gc,nmethod                  ] GC(0)   43     n 0       java.lang.System::arraycopy (native)   scavenge root
[0.237s][trace][gc,nmethod                  ] GC(0)   43     n 0       java.lang.System::arraycopy (native)   oops_do, mark
[0.237s][trace][gc,nmethod                  ] GC(0)   42   !   3       java.util.concurrent.ConcurrentHashMap::putVal (432 bytes)   scavenge root
[0.237s][trace][gc,nmethod                  ] GC(0)   42   !   3       java.util.concurrent.ConcurrentHashMap::putVal (432 bytes)   oops_do, mark
[0.237s][trace][gc,nmethod                  ] GC(0)   23       3       java.util.Set::of (66 bytes)   scavenge root
[0.237s][trace][gc,nmethod                  ] GC(0)   23       3       java.util.Set::of (66 bytes)   oops_do, mark
[0.237s][trace][gc,nmethod                  ] GC(0)   15       3       java.util.Collections::emptySet (4 bytes)   scavenge root
[0.237s][trace][gc,nmethod                  ] GC(0)   15       3       java.util.Collections::emptySet (4 bytes)   oops_do, mark
[0.237s][trace][gc,nmethod                  ] GC(0)    1       3       java.util.concurrent.ConcurrentHashMap::tabAt (22 bytes)   scavenge root
[0.237s][trace][gc,nmethod                  ] GC(0)    1       3       java.util.concurrent.ConcurrentHashMap::tabAt (22 bytes)   oops_do, mark
[0.276s][trace][gc,task                     ] GC(0) WorkerManager::add_workers() : created_workers: 2
[0.276s][trace][gc,task                     ] GC(0) GC Thread: using 2 out of 10 workers
[0.276s][trace][gc,nmethod                  ] GC(0)    1       3       java.util.concurrent.ConcurrentHashMap::tabAt (22 bytes)   oops_do, unmark
[0.276s][trace][gc,nmethod                  ] GC(0)   15       3       java.util.Collections::emptySet (4 bytes)   oops_do, unmark
[0.276s][trace][gc,nmethod                  ] GC(0)   23       3       java.util.Set::of (66 bytes)   oops_do, unmark
[0.276s][trace][gc,nmethod                  ] GC(0)   42   !   3       java.util.concurrent.ConcurrentHashMap::putVal (432 bytes)   oops_do, unmark
[0.276s][trace][gc,nmethod                  ] GC(0)   43     n 0       java.lang.System::arraycopy (native)   oops_do, unmark
[0.276s][trace][gc,nmethod                  ] GC(0)   56       3       java.lang.invoke.MethodTypeForm::canonicalize (233 bytes)   oops_do, unmark
[0.276s][trace][gc,nmethod                  ] GC(0)   61       3       java.lang.ref.Reference::<init> (25 bytes)   oops_do, unmark
[0.276s][trace][gc,nmethod                  ] GC(0)   70       3       java.util.concurrent.ConcurrentHashMap::get (162 bytes)   oops_do, unmark
[0.276s][trace][gc,nmethod                  ] GC(0)   76       3       java.lang.ref.Reference::<init> (7 bytes)   oops_do, unmark
[0.276s][trace][gc,nmethod                  ] GC(0)   78       3       java.lang.invoke.MethodType::checkPtype (19 bytes)   oops_do, unmark
[0.276s][trace][gc,nmethod                  ] GC(0)  125       3       java.util.HashSet::add (20 bytes)   oops_do, unmark
[0.276s][trace][gc,nmethod                  ] GC(0)  136       3       java.util.Optional::ofNullable (15 bytes)   oops_do, unmark
[0.276s][trace][gc,nmethod                  ] GC(0)  163     n 0       java.lang.Module::addExportsToAllUnnamed0 (native)   oops_do, unmark
[0.276s][trace][gc,nmethod                  ] GC(0)  168       3       java.util.Arrays::copyOfRange (63 bytes)   oops_do, unmark
[0.276s][trace][gc,nmethod                  ] GC(0)  174       3       java.lang.ref.WeakReference::<init> (6 bytes)   oops_do, unmark
[0.276s][trace][gc,nmethod                  ] GC(0)  180       3       sun.nio.fs.UnixPath::checkNotNul (16 bytes)   oops_do, unmark
[0.276s][trace][gc,nmethod                  ] GC(0)  185       3       java.lang.String::checkBoundsBeginEnd (60 bytes)   oops_do, unmark
[0.276s][trace][gc,nmethod                  ] GC(0)  188       3       java.lang.System::getSecurityManager (4 bytes)   oops_do, unmark
[0.276s][trace][gc,nmethod                  ] GC(0)  202       3       java.lang.invoke.MethodType::checkSlotCount (33 bytes)   oops_do, unmark
[0.276s][trace][gc,nmethod                  ] GC(0)  205       3       java.lang.Class::getClassLoader (28 bytes)   oops_do, unmark
[0.276s][trace][gc,nmethod                  ] GC(0)  219       3       java.lang.invoke.LambdaForm::argument (27 bytes)   oops_do, unmark
[0.276s][trace][gc,nmethod                  ] GC(0)  220       3       java.lang.invoke.MethodType::makeImpl (108 bytes)   oops_do, unmark
[0.276s][trace][gc,nmethod                  ] GC(0)  222       3       java.lang.invoke.MethodType$ConcurrentWeakInternSet$WeakEntry::<init> (14 bytes)   oops_do, unmark
[0.276s][trace][gc,nmethod                  ] GC(0)  235       3       sun.invoke.util.VerifyAccess::isTypeVisible (118 bytes)   oops_do, unmark
[0.276s][trace][gc,nmethod                  ] GC(0)  242       3       sun.invoke.util.Wrapper::findPrimitiveType (25 bytes)   oops_do, unmark
[0.276s][trace][gc,nmethod                  ] GC(0)  247       3       java.lang.invoke.LambdaForm$BasicType::basicType (19 bytes)   oops_do, unmark
[0.276s][trace][gc,nmethod                  ] GC(0)  256       3       java.util.Arrays::copyOf (40 bytes)   oops_do, unmark
[0.276s][trace][gc,nmethod                  ] GC(0)  258       3       java.lang.invoke.MethodType::checkPtypes (61 bytes)   oops_do, unmark
[0.276s][trace][gc,nmethod                  ] GC(0)  273       3       sun.invoke.util.Wrapper::forPrimitiveType (49 bytes)   oops_do, unmark
[0.276s][trace][gc,nmethod                  ] GC(0)  276       3       jdk.internal.org.objectweb.asm.Frame::execute (2264 bytes)   oops_do, unmark
[0.276s][trace][gc,nmethod                  ] GC(0)  291       3       java.lang.Integer::getChars (131 bytes)   oops_do, unmark
[0.276s][trace][gc,nmethod                  ] GC(0)  293       3       java.lang.invoke.LambdaForm$MH/0x000000080009f840::invoke (137 bytes)   oops_do, unmark
[0.276s][trace][gc,nmethod                  ] GC(0)  295       3       java.lang.StringConcatHelper::mixLen (10 bytes)   oops_do, unmark
[0.276s][trace][gc,nmethod                  ] GC(0)  296       3       java.lang.StringConcatHelper::checkOverflow (16 bytes)   oops_do, unmark
[0.276s][trace][gc,nmethod                  ] GC(0)  298       3       java.lang.invoke.StringConcatFactory$MethodHandleInlineCopyStrategy::newArray (16 bytes)   oops_do, unmark
[0.276s][trace][gc,nmethod                  ] GC(0)  299       3       jdk.internal.misc.Unsafe::allocateUninitializedArray (52 bytes)   oops_do, unmark
[0.276s][trace][gc,nmethod                  ] GC(0)  300       3       jdk.internal.misc.Unsafe::allocateUninitializedArray0 (90 bytes)   oops_do, unmark
[0.276s][trace][gc,nmethod                  ] GC(0)  303       3       java.lang.invoke.LambdaForm$MH/0x0000000800066040::invoke (31 bytes)   oops_do, unmark
[0.276s][trace][gc,nmethod                  ] GC(0)  307       3       java.lang.StringConcatHelper::newString (46 bytes)   oops_do, unmark
[0.276s][trace][gc,nmethod                  ] GC(0)  275       3       jdk.internal.org.objectweb.asm.MethodWriter::visitVarInsn (300 bytes)   oops_do, unmark
[0.276s][trace][gc,nmethod                  ] GC(0)  321       4       java.lang.invoke.StringConcatFactory$MethodHandleInlineCopyStrategy::newArray (16 bytes)   oops_do, unmark
[0.276s][trace][gc,nmethod                  ] GC(0)  323       4       jdk.internal.misc.Unsafe::allocateUninitializedArray0 (90 bytes)   oops_do, unmark
[0.276s][trace][gc,nmethod                  ] GC(0)  316       4       java.lang.Integer::getChars (131 bytes)   oops_do, unmark
[0.276s][trace][gc,nmethod                  ] GC(0)  326       4       java.lang.invoke.LambdaForm$MH/0x0000000800066040::invoke (31 bytes)   oops_do, unmark
[0.276s][trace][gc,nmethod                  ] GC(0)  318       4       java.lang.invoke.LambdaForm$MH/0x000000080009f840::invoke (137 bytes)   oops_do, unmark
[0.276s][trace][gc,nmethod                  ] GC(0)  325       4       java.lang.StringConcatHelper::prepend (18 bytes)   oops_do, unmark
[0.276s][trace][gc,nmethod                  ] GC(0)  332       3       TExample::main (86 bytes)   oops_do, unmark
[0.276s][trace][gc,nmethod                  ] GC(0)  331 %     3       TExample::main @ 18 (86 bytes)   oops_do, unmark
[0.276s][trace][gc,nmethod                  ] GC(0)  333       4       jdk.internal.misc.Unsafe::allocateUninitializedArray (52 bytes)   oops_do, unmark
[0.276s][trace][gc,nmethod                  ] GC(0) oops_do_marking_epilogue
[0.276s][trace][gc,plab                     ] GC(0) 0[3]: 15/32320/16
[0.276s][trace][gc,plab                     ] GC(0) 0[4]: 2/32352/16
[0.276s][trace][gc,plab                     ] GC(0) 1[3]: 2/33920/16
[0.276s][trace][gc,plab                     ] GC(0) 1[4]: 14/22720/16
[0.276s][trace][gc,plab                     ] GC(0) 1[8]: 10/11264/16
[0.276s][trace][gc,plab                     ] GC(0) [3]: 1024
[0.276s][trace][gc,plab                     ] GC(0) [4]: 1024
[0.276s][trace][gc,plab                     ] GC(0) [8]: 1024
[0.276s][debug][gc,ref                      ] GC(0) Skipped phase1 of Reference Processing due to unavailable references
[0.276s][trace][gc,ref                      ] GC(0) Phase2 Soft before0 0 0 0 0 0 0 0 0 0 (0)
[0.276s][trace][gc,ref                      ] GC(0) Phase2 Weak before217 5 0 0 0 0 0 0 0 0 (222)
[0.276s][trace][gc,ref                      ] GC(0) Phase2 Final before0 0 0 0 0 0 0 0 0 0 (0)
[0.276s][trace][gc,ref                      ] GC(0) Phase2 Final after0 0 0 0 0 0 0 0 0 0 (0)
[0.276s][debug][gc,ref                      ] GC(0) Skipped phase3 of Reference Processing due to unavailable references
[0.276s][trace][gc,ref                      ] GC(0) Phase4 Phantom before0 22 0 0 0 0 0 0 0 0 (22)
[0.276s][debug][gc,phases,ref               ] GC(0) Reference Processing: 0.0ms
[0.276s][debug][gc,phases,ref               ] GC(0)   Reconsider SoftReferences: 0.0ms
[0.276s][debug][gc,phases,ref               ] GC(0)     SoftRef: skipped
[0.276s][debug][gc,phases,ref               ] GC(0)   Notify Soft/WeakReferences: 0.0ms
[0.276s][debug][gc,phases,ref               ] GC(0)     SoftRef: 0.0ms
[0.276s][debug][gc,phases,ref               ] GC(0)     WeakRef: 0.0ms
[0.276s][debug][gc,phases,ref               ] GC(0)     FinalRef: 0.0ms
[0.276s][debug][gc,phases,ref               ] GC(0)     Total: 0.0ms
[0.276s][debug][gc,phases,ref               ] GC(0)   Notify and keep alive finalizable: 0.0ms
[0.276s][debug][gc,phases,ref               ] GC(0)     FinalRef: skipped
[0.276s][debug][gc,phases,ref               ] GC(0)   Notify PhantomReferences: 0.0ms
[0.276s][debug][gc,phases,ref               ] GC(0)     PhantomRef: 0.0ms
[0.276s][debug][gc,phases,ref               ] GC(0)   SoftReference:
[0.276s][debug][gc,phases,ref               ] GC(0)     Discovered: 0
[0.276s][debug][gc,phases,ref               ] GC(0)     Cleared: 0
[0.276s][debug][gc,phases,ref               ] GC(0)   WeakReference:
[0.276s][debug][gc,phases,ref               ] GC(0)     Discovered: 222
[0.276s][debug][gc,phases,ref               ] GC(0)     Cleared: 170
[0.276s][debug][gc,phases,ref               ] GC(0)   FinalReference:
[0.276s][debug][gc,phases,ref               ] GC(0)     Discovered: 0
[0.276s][debug][gc,phases,ref               ] GC(0)     Cleared: 0
[0.276s][debug][gc,phases,ref               ] GC(0)   PhantomReference:
[0.276s][debug][gc,phases,ref               ] GC(0)     Discovered: 22
[0.276s][debug][gc,phases,ref               ] GC(0)     Cleared: 6
[0.277s][debug][gc,age                      ] GC(0) Desired survivor size 1048576 bytes, new threshold 1 (max threshold 6)
[0.277s][trace][gc,age                      ] GC(0) Age table with threshold 1 (max threshold 6)
[0.277s][trace][gc,age                      ] GC(0) - age   1:    2083240 bytes,    2083240 total
[0.277s][debug][gc,plab                     ] GC(0) Young PLAB allocation: allocated: 1601536B, wasted: 13344B, unused: 0B, used: 1588192B, undo waste: 0B,
[0.277s][debug][gc,plab                     ] GC(0) Young sizing: calculated: 1588192B, actual: 1588192B
[0.277s][trace][gc,phases                   ] GC(0) ParNew (Allocation Failure) 40.668ms
[0.277s][trace][gc,phases                   ] GC(0) Collect gen: ParNew 40.809ms
[0.277s][info ][gc,heap                     ] GC(0) ParNew: 16384K->2047K(18432K)
[0.277s][info ][gc,heap                     ] GC(0) CMS: 0K->4510K(40960K)
[0.277s][info ][gc,metaspace                ] GC(0) Metaspace: 6830K->6830K(1056768K)
[0.277s][trace][gc,tlab                     ] GC(0) TLAB new size: thread: 0x00007ff7a3004000 [id: 8963] refills 50  alloc: 0.969164 desired_size: 41943 -> 40649
[0.277s][trace][gc,tlab                     ] GC(0) TLAB new size: thread: 0x00007ff783019800 [id: 12035] refills 50  alloc: 0.999999 desired_size: 41943 -> 41943
[0.277s][trace][gc,tlab                     ] GC(0) TLAB new size: thread: 0x00007ff7a3801000 [id: 17923] refills 50  alloc: 0.500000 desired_size: 41943 -> 20971
[0.277s][trace][gc,tlab                     ] GC(0) TLAB new size: thread: 0x00007ff7a3029800 [id: 13315] refills 50  alloc: 0.999999 desired_size: 41943 -> 41943
[0.277s][trace][gc,tlab                     ] GC(0) TLAB new size: thread: 0x00007ff7a3808000 [id: 15875] refills 50  alloc: 0.999999 desired_size: 41943 -> 41943
[0.277s][trace][gc,tlab                     ] GC(0) TLAB new size: thread: 0x00007ff78301a800 [id: 13571] refills 50  alloc: 0.500000 desired_size: 41943 -> 20971
[0.277s][trace][gc,tlab                     ] GC(0) TLAB new size: thread: 0x00007ff78301d800 [id: 14339] refills 50  alloc: 0.999999 desired_size: 41943 -> 41943
[0.277s][trace][gc,tlab                     ] GC(0) TLAB new size: thread: 0x00007ff793003000 [id: 14851] refills 50  alloc: 0.999999 desired_size: 41943 -> 41943
[0.277s][trace][gc,tlab                     ] GC(0) TLAB new size: thread: 0x00007ff7a3882800 [id: 43267] refills 50  alloc: 0.999999 desired_size: 41943 -> 41943
[0.277s][trace][gc,tlab                     ] GC(0) TLAB new size: thread: 0x00007ff7a5816000 [id: 42755] refills 50  alloc: 0.500000 desired_size: 41943 -> 20971
[0.277s][trace][gc,tlab                     ] GC(0) TLAB new size: thread: 0x00007ff7a5817000 [id: 41987] refills 50  alloc: 0.999999 desired_size: 41943 -> 41943
[0.277s][trace][gc,tlab                     ] GC(0) TLAB new size: thread: 0x00007ff78301b800 [id: 23299] refills 50  alloc: 0.999999 desired_size: 41943 -> 41943
[0.277s][debug][gc,freelist,stats           ] After GC:
[0.277s][debug][gc,freelist,stats           ] Statistics for BinaryTreeDictionary:
[0.277s][debug][gc,freelist,stats           ] ------------------------------------
[0.277s][debug][gc,freelist,stats           ] Total Free Space: 4648994
[0.277s][debug][gc,freelist,stats           ] Max   Chunk Size: 4648994
[0.277s][debug][gc,freelist,stats           ] Number of Blocks: 1
[0.277s][debug][gc,freelist,stats           ] Av.  Block  Size: 4648994
[0.277s][debug][gc,freelist,stats           ] Tree      Height: 1
[0.277s][trace][gc,freelist,stats           ] Statistics for IndexedFreeLists:
[0.277s][trace][gc,freelist,stats           ] --------------------------------
[0.277s][trace][gc,freelist,stats           ] Total Free Space: 195
[0.277s][trace][gc,freelist,stats           ] Max   Chunk Size: 8
[0.277s][trace][gc,freelist,stats           ] Number of Blocks: 43
[0.277s][trace][gc,freelist,stats           ] Av.  Block  Size: 4
[0.277s][trace][gc,freelist,stats           ]  free=4649189 frag=0.0001
[0.277s][info ][gc                          ] GC(0) Pause Young (Allocation Failure) 16M->6M(58M) 41.382ms
[0.277s][info ][gc,cpu                      ] GC(0) User=0.07s Sys=0.00s Real=0.04s
[0.277s][debug][gc,heap                     ] GC(0) Heap after GC invocations=1 (full 0): par new generation   total 18432K, used 2047K [0x00000007fc400000, 0x00000007fd800000, 0x00000007fd800000)
[0.277s][debug][gc,heap                     ] GC(0)   eden space 16384K,   0% used [0x00000007fc400000, 0x00000007fc400000, 0x00000007fd400000)
[0.277s][debug][gc,heap                     ] GC(0)   from space 2048K,  99% used [0x00000007fd600000, 0x00000007fd7ffc18, 0x00000007fd800000)
[0.277s][debug][gc,heap                     ] GC(0)   to   space 2048K,   0% used [0x00000007fd400000, 0x00000007fd400000, 0x00000007fd600000)
[0.277s][debug][gc,heap                     ] GC(0)  concurrent mark-sweep generation total 40960K, used 4510K [0x00000007fd800000, 0x0000000800000000, 0x0000000800000000)
[0.277s][debug][gc,heap                     ] GC(0)  Metaspace       used 6830K, capacity 6934K, committed 7168K, reserved 1056768K
[0.277s][debug][gc,heap                     ] GC(0)   class space    used 609K, capacity 647K, committed 768K, reserved 1048576K
[0.277s][trace][gc,tlab                     ] ThreadLocalAllocBuffer::compute_size(3) returns 40652
[0.277s][trace][gc,tlab                     ] TLAB: fill thread: 0x00007ff7a3004000 [id: 8963] desired_size: 317KB slow allocs: 0  refill waste: 5080B alloc: 0.96916      308KB refills: 1 waste  0.0% gc: 0B slow: 0B fast: 0B
[0.277s][trace][gc,promotion                ] CMS: promo attempt is safe: available(37324584) >= av_promo(4618456), max_promo(2421400)
[0.277s][trace][gc,tlab                     ] ThreadLocalAllocBuffer::compute_size(8) returns 40657
[0.277s][trace][gc,tlab                     ] TLAB: fill thread: 0x00007ff7a3004000 [id: 8963] desired_size: 317KB slow allocs: 0  refill waste: 5080B alloc: 0.96916      616KB refills: 2 waste  0.1% gc: 0B slow: 624B fast: 0B
[0.278s][trace][gc,tlab                     ] ThreadLocalAllocBuffer::compute_size(8) returns 40657
[0.278s][trace][gc,tlab                     ] TLAB: fill thread: 0x00007ff7a3004000 [id: 8963] desired_size: 317KB slow allocs: 0  refill waste: 5080B alloc: 0.96916      924KB refills: 3 waste  0.1% gc: 0B slow: 1224B fast: 0B
[0.279s][trace][gc,tlab                     ] ThreadLocalAllocBuffer::compute_size(4) returns 40653
[0.279s][trace][gc,tlab                     ] TLAB: fill thread: 0x00007ff7a3004000 [id: 8963] desired_size: 317KB slow allocs: 0  refill waste: 5080B alloc: 0.96916     1231KB refills: 4 waste  0.1% gc: 0B slow: 1824B fast: 0B
[0.279s][trace][gc,tlab                     ] ThreadLocalAllocBuffer::compute_size(8) returns 40657
[0.279s][trace][gc,tlab                     ] TLAB: fill thread: 0x00007ff7a3004000 [id: 8963] desired_size: 317KB slow allocs: 0  refill waste: 5080B alloc: 0.96916     1539KB refills: 5 waste  0.1% gc: 0B slow: 2424B fast: 0B
[0.280s][trace][gc,tlab                     ] ThreadLocalAllocBuffer::compute_size(8) returns 40657
[0.280s][trace][gc,tlab                     ] TLAB: fill thread: 0x00007ff7a3004000 [id: 8963] desired_size: 317KB slow allocs: 0  refill waste: 5080B alloc: 0.96916     1847KB refills: 6 waste  0.2% gc: 0B slow: 3024B fast: 0B
[0.281s][trace][gc,tlab                     ] ThreadLocalAllocBuffer::compute_size(4) returns 40653
[0.281s][trace][gc,tlab                     ] TLAB: fill thread: 0x00007ff7a3004000 [id: 8963] desired_size: 317KB slow allocs: 0  refill waste: 5080B alloc: 0.96916     2155KB refills: 7 waste  0.2% gc: 0B slow: 3624B fast: 0B
[0.281s][trace][gc,tlab                     ] ThreadLocalAllocBuffer::compute_size(8) returns 40657
[0.281s][trace][gc,tlab                     ] TLAB: fill thread: 0x00007ff7a3004000 [id: 8963] desired_size: 317KB slow allocs: 0  refill waste: 5080B alloc: 0.96916     2463KB refills: 8 waste  0.2% gc: 0B slow: 4224B fast: 0B
[0.282s][trace][gc,tlab                     ] ThreadLocalAllocBuffer::compute_size(8) returns 40657
[0.282s][trace][gc,tlab                     ] TLAB: fill thread: 0x00007ff7a3004000 [id: 8963] desired_size: 317KB slow allocs: 0  refill waste: 5080B alloc: 0.96916     2770KB refills: 9 waste  0.2% gc: 0B slow: 4824B fast: 0B
[0.283s][trace][gc,tlab                     ] ThreadLocalAllocBuffer::compute_size(4) returns 40653
[0.283s][trace][gc,tlab                     ] TLAB: fill thread: 0x00007ff7a3004000 [id: 8963] desired_size: 317KB slow allocs: 1  refill waste: 5112B alloc: 0.96916     3482KB refills: 10 waste  0.2% gc: 0B slow: 5424B fast: 0B
[0.283s][trace][gc,tlab                     ] ThreadLocalAllocBuffer::compute_size(8) returns 40657
[0.283s][trace][gc,tlab                     ] TLAB: fill thread: 0x00007ff7a3004000 [id: 8963] desired_size: 317KB slow allocs: 1  refill waste: 5080B alloc: 0.96916     3790KB refills: 11 waste  0.2% gc: 0B slow: 6024B fast: 0B
[0.283s][trace][gc,tlab                     ] ThreadLocalAllocBuffer::compute_size(8) returns 40657
[0.283s][trace][gc,tlab                     ] TLAB: fill thread: 0x00007ff7a3004000 [id: 8963] desired_size: 317KB slow allocs: 1  refill waste: 5080B alloc: 0.96916     4098KB refills: 12 waste  0.2% gc: 0B slow: 6624B fast: 0B
[0.284s][trace][gc,tlab                     ] ThreadLocalAllocBuffer::compute_size(4) returns 40653
[0.284s][trace][gc,tlab                     ] TLAB: fill thread: 0x00007ff7a3004000 [id: 8963] desired_size: 317KB slow allocs: 1  refill waste: 5080B alloc: 0.96916     4406KB refills: 13 waste  0.2% gc: 0B slow: 7224B fast: 0B
[0.284s][trace][gc,tlab                     ] ThreadLocalAllocBuffer::compute_size(8) returns 40657
[0.284s][trace][gc,tlab                     ] TLAB: fill thread: 0x00007ff7a3004000 [id: 8963] desired_size: 317KB slow allocs: 1  refill waste: 5080B alloc: 0.96916     4714KB refills: 14 waste  0.2% gc: 0B slow: 7824B fast: 0B
[0.285s][trace][gc,tlab                     ] ThreadLocalAllocBuffer::compute_size(8) returns 40657
[0.285s][trace][gc,tlab                     ] TLAB: fill thread: 0x00007ff7a3004000 [id: 8963] desired_size: 317KB slow allocs: 1  refill waste: 5080B alloc: 0.96916     5021KB refills: 15 waste  0.2% gc: 0B slow: 8424B fast: 0B
[0.285s][trace][gc,tlab                     ] ThreadLocalAllocBuffer::compute_size(4) returns 40653
[0.285s][trace][gc,tlab                     ] TLAB: fill thread: 0x00007ff7a3004000 [id: 8963] desired_size: 317KB slow allocs: 1  refill waste: 5080B alloc: 0.96916     5329KB refills: 16 waste  0.2% gc: 0B slow: 9024B fast: 0B
[0.286s][trace][gc,tlab                     ] ThreadLocalAllocBuffer::compute_size(8) returns 40657
[0.286s][trace][gc,tlab                     ] TLAB: fill thread: 0x00007ff7a3004000 [id: 8963] desired_size: 317KB slow allocs: 1  refill waste: 5080B alloc: 0.96916     5637KB refills: 17 waste  0.2% gc: 0B slow: 9624B fast: 0B
[0.286s][trace][gc,tlab                     ] ThreadLocalAllocBuffer::compute_size(8) returns 40657
[0.286s][trace][gc,tlab                     ] TLAB: fill thread: 0x00007ff7a3004000 [id: 8963] desired_size: 317KB slow allocs: 1  refill waste: 5080B alloc: 0.96916     5945KB refills: 18 waste  0.2% gc: 0B slow: 10224B fast: 0B
[0.286s][trace][gc,tlab                     ] ThreadLocalAllocBuffer::compute_size(4) returns 40653
[0.286s][trace][gc,tlab                     ] TLAB: fill thread: 0x00007ff7a3004000 [id: 8963] desired_size: 317KB slow allocs: 1  refill waste: 5080B alloc: 0.96916     6253KB refills: 19 waste  0.2% gc: 0B slow: 10824B fast: 0B
[0.287s][trace][gc,tlab                     ] ThreadLocalAllocBuffer::compute_size(8) returns 40657
[0.287s][trace][gc,tlab                     ] TLAB: fill thread: 0x00007ff7a3004000 [id: 8963] desired_size: 317KB slow allocs: 1  refill waste: 5080B alloc: 0.96916     6561KB refills: 20 waste  0.2% gc: 0B slow: 11424B fast: 0B
[0.287s][trace][gc,tlab                     ] ThreadLocalAllocBuffer::compute_size(8) returns 40657
[0.287s][trace][gc,tlab                     ] TLAB: fill thread: 0x00007ff7a3004000 [id: 8963] desired_size: 317KB slow allocs: 1  refill waste: 5080B alloc: 0.96916     6868KB refills: 21 waste  0.2% gc: 0B slow: 12024B fast: 0B
[0.288s][trace][gc,tlab                     ] ThreadLocalAllocBuffer::compute_size(4) returns 40653
[0.288s][trace][gc,tlab                     ] TLAB: fill thread: 0x00007ff7a3004000 [id: 8963] desired_size: 317KB slow allocs: 1  refill waste: 5080B alloc: 0.96916     7176KB refills: 22 waste  0.2% gc: 0B slow: 12624B fast: 0B
[0.288s][trace][gc,tlab                     ] ThreadLocalAllocBuffer::compute_size(8) returns 40657
[0.288s][trace][gc,tlab                     ] TLAB: fill thread: 0x00007ff7a3004000 [id: 8963] desired_size: 317KB slow allocs: 1  refill waste: 5080B alloc: 0.96916     7484KB refills: 23 waste  0.2% gc: 0B slow: 13224B fast: 0B
[0.289s][trace][gc,tlab                     ] ThreadLocalAllocBuffer::compute_size(8) returns 40657
[0.289s][trace][gc,tlab                     ] TLAB: fill thread: 0x00007ff7a3004000 [id: 8963] desired_size: 317KB slow allocs: 1  refill waste: 5080B alloc: 0.96916     7792KB refills: 24 waste  0.2% gc: 0B slow: 13824B fast: 0B
[0.289s][trace][gc,tlab                     ] ThreadLocalAllocBuffer::compute_size(4) returns 40653
[0.289s][trace][gc,tlab                     ] TLAB: fill thread: 0x00007ff7a3004000 [id: 8963] desired_size: 317KB slow allocs: 1  refill waste: 5080B alloc: 0.96916     8100KB refills: 25 waste  0.2% gc: 0B slow: 14424B fast: 0B
[0.290s][trace][gc,tlab                     ] ThreadLocalAllocBuffer::compute_size(8) returns 40657
[0.290s][trace][gc,tlab                     ] TLAB: fill thread: 0x00007ff7a3004000 [id: 8963] desired_size: 317KB slow allocs: 1  refill waste: 5080B alloc: 0.96916     8408KB refills: 26 waste  0.2% gc: 0B slow: 15024B fast: 0B
[0.290s][trace][gc,tlab                     ] ThreadLocalAllocBuffer::compute_size(8) returns 40657
[0.290s][trace][gc,tlab                     ] TLAB: fill thread: 0x00007ff7a3004000 [id: 8963] desired_size: 317KB slow allocs: 1  refill waste: 5080B alloc: 0.96916     8715KB refills: 27 waste  0.2% gc: 0B slow: 15624B fast: 0B
[0.291s][trace][gc,tlab                     ] ThreadLocalAllocBuffer::compute_size(4) returns 40653
[0.291s][trace][gc,tlab                     ] TLAB: fill thread: 0x00007ff7a3004000 [id: 8963] desired_size: 317KB slow allocs: 1  refill waste: 5080B alloc: 0.96916     9023KB refills: 28 waste  0.2% gc: 0B slow: 16224B fast: 0B
[0.291s][trace][gc,tlab                     ] ThreadLocalAllocBuffer::compute_size(8) returns 40657
[0.291s][trace][gc,tlab                     ] TLAB: fill thread: 0x00007ff7a3004000 [id: 8963] desired_size: 317KB slow allocs: 1  refill waste: 5080B alloc: 0.96916     9331KB refills: 29 waste  0.2% gc: 0B slow: 16824B fast: 0B
[0.292s][trace][gc,tlab                     ] ThreadLocalAllocBuffer::compute_size(8) returns 40657
[0.292s][trace][gc,tlab                     ] TLAB: fill thread: 0x00007ff7a3004000 [id: 8963] desired_size: 317KB slow allocs: 1  refill waste: 5080B alloc: 0.96916     9639KB refills: 30 waste  0.2% gc: 0B slow: 17424B fast: 0B
[0.306s][trace][gc,tlab                     ] ThreadLocalAllocBuffer::compute_size(4) returns 40653
[0.306s][trace][gc,tlab                     ] TLAB: fill thread: 0x00007ff7a3004000 [id: 8963] desired_size: 317KB slow allocs: 1  refill waste: 5080B alloc: 0.96916     9947KB refills: 31 waste  0.2% gc: 0B slow: 18024B fast: 0B
[0.326s][trace][gc,tlab                     ] ThreadLocalAllocBuffer::compute_size(8) returns 40657
[0.326s][trace][gc,tlab                     ] TLAB: fill thread: 0x00007ff7a3004000 [id: 8963] desired_size: 317KB slow allocs: 1  refill waste: 5080B alloc: 0.96916    10255KB refills: 32 waste  0.2% gc: 0B slow: 18624B fast: 0B
[0.343s][trace][gc,tlab                     ] ThreadLocalAllocBuffer::compute_size(8) returns 40657
[0.344s][trace][gc,tlab                     ] TLAB: fill thread: 0x00007ff7a3004000 [id: 8963] desired_size: 317KB slow allocs: 1  refill waste: 5080B alloc: 0.96916    10562KB refills: 33 waste  0.2% gc: 0B slow: 19224B fast: 0B
[0.351s][trace][gc,tlab                     ] ThreadLocalAllocBuffer::compute_size(3) returns 20974
[0.351s][trace][gc,tlab                     ] TLAB: fill thread: 0x00007ff78301a800 [id: 13571] desired_size: 163KB slow allocs: 0  refill waste: 2616B alloc: 0.50000     5531KB refills: 1 waste  0.0% gc: 0B slow: 0B fast: 0B
[0.363s][trace][gc,tlab                     ] ThreadLocalAllocBuffer::compute_size(4) returns 40653
[0.363s][trace][gc,tlab                     ] TLAB: fill thread: 0x00007ff7a3004000 [id: 8963] desired_size: 317KB slow allocs: 1  refill waste: 5080B alloc: 0.96916    11029KB refills: 34 waste  0.2% gc: 0B slow: 19824B fast: 0B
[0.384s][trace][gc,tlab                     ] ThreadLocalAllocBuffer::compute_size(8) returns 40657
[0.384s][trace][gc,tlab                     ] TLAB: fill thread: 0x00007ff7a3004000 [id: 8963] desired_size: 317KB slow allocs: 1  refill waste: 5080B alloc: 0.96916    11337KB refills: 35 waste  0.2% gc: 0B slow: 20424B fast: 0B
[0.405s][trace][gc,tlab                     ] ThreadLocalAllocBuffer::compute_size(8) returns 40657
[0.405s][trace][gc,tlab                     ] TLAB: fill thread: 0x00007ff7a3004000 [id: 8963] desired_size: 317KB slow allocs: 1  refill waste: 5080B alloc: 0.96916    11645KB refills: 36 waste  0.2% gc: 0B slow: 21024B fast: 0B
[0.431s][trace][gc,tlab                     ] ThreadLocalAllocBuffer::compute_size(4) returns 40653
[0.431s][trace][gc,tlab                     ] TLAB: fill thread: 0x00007ff7a3004000 [id: 8963] desired_size: 317KB slow allocs: 1  refill waste: 5080B alloc: 0.96916    11952KB refills: 37 waste  0.2% gc: 0B slow: 21624B fast: 0B
[0.454s][trace][gc,tlab                     ] ThreadLocalAllocBuffer::compute_size(8) returns 40657
[0.454s][trace][gc,tlab                     ] TLAB: fill thread: 0x00007ff7a3004000 [id: 8963] desired_size: 317KB slow allocs: 1  refill waste: 5080B alloc: 0.96916    12260KB refills: 38 waste  0.2% gc: 0B slow: 22224B fast: 0B
[0.481s][trace][gc,tlab                     ] ThreadLocalAllocBuffer::compute_size(8) returns 40657
[0.481s][trace][gc,tlab                     ] TLAB: fill thread: 0x00007ff7a3004000 [id: 8963] desired_size: 317KB slow allocs: 1  refill waste: 5080B alloc: 0.96916    12568KB refills: 39 waste  0.2% gc: 0B slow: 22824B fast: 0B
[0.502s][trace][gc,tlab                     ] ThreadLocalAllocBuffer::compute_size(4) returns 40653
[0.503s][trace][gc,tlab                     ] TLAB: fill thread: 0x00007ff7a3004000 [id: 8963] desired_size: 317KB slow allocs: 1  refill waste: 5080B alloc: 0.96916    12876KB refills: 40 waste  0.2% gc: 0B slow: 23424B fast: 0B
[0.525s][trace][gc,tlab                     ] ThreadLocalAllocBuffer::compute_size(8) returns 40657
[0.525s][trace][gc,tlab                     ] TLAB: fill thread: 0x00007ff7a3004000 [id: 8963] desired_size: 317KB slow allocs: 1  refill waste: 5080B alloc: 0.96916    13184KB refills: 41 waste  0.2% gc: 0B slow: 24024B fast: 0B
[0.547s][trace][gc,tlab                     ] ThreadLocalAllocBuffer::compute_size(8) returns 40657
[0.547s][trace][gc,tlab                     ] TLAB: fill thread: 0x00007ff7a3004000 [id: 8963] desired_size: 317KB slow allocs: 1  refill waste: 5080B alloc: 0.96916    13492KB refills: 42 waste  0.2% gc: 0B slow: 24624B fast: 0B
[0.571s][trace][gc,tlab                     ] ThreadLocalAllocBuffer::compute_size(4) returns 40653
[0.571s][trace][gc,tlab                     ] TLAB: fill thread: 0x00007ff7a3004000 [id: 8963] desired_size: 317KB slow allocs: 1  refill waste: 5080B alloc: 0.96916    13799KB refills: 43 waste  0.2% gc: 0B slow: 25224B fast: 0B
[0.593s][trace][gc,tlab                     ] ThreadLocalAllocBuffer::compute_size(8) returns 40657
[0.593s][trace][gc,tlab                     ] TLAB: fill thread: 0x00007ff7a3004000 [id: 8963] desired_size: 317KB slow allocs: 1  refill waste: 5080B alloc: 0.96916    14107KB refills: 44 waste  0.2% gc: 0B slow: 25824B fast: 0B
[0.613s][trace][gc,tlab                     ] ThreadLocalAllocBuffer::compute_size(8) returns 40657
[0.613s][trace][gc,tlab                     ] TLAB: fill thread: 0x00007ff7a3004000 [id: 8963] desired_size: 317KB slow allocs: 1  refill waste: 5080B alloc: 0.96916    14415KB refills: 45 waste  0.2% gc: 0B slow: 26424B fast: 0B
[0.633s][trace][gc,tlab                     ] ThreadLocalAllocBuffer::compute_size(4) returns 40653
[0.633s][trace][gc,tlab                     ] TLAB: fill thread: 0x00007ff7a3004000 [id: 8963] desired_size: 317KB slow allocs: 1  refill waste: 5080B alloc: 0.96916    14723KB refills: 46 waste  0.2% gc: 0B slow: 27024B fast: 0B
[0.653s][trace][gc,tlab                     ] ThreadLocalAllocBuffer::compute_size(8) returns 40657
[0.653s][trace][gc,tlab                     ] TLAB: fill thread: 0x00007ff7a3004000 [id: 8963] desired_size: 317KB slow allocs: 1  refill waste: 5080B alloc: 0.96916    15031KB refills: 47 waste  0.2% gc: 0B slow: 27624B fast: 0B
[0.672s][trace][gc,tlab                     ] ThreadLocalAllocBuffer::compute_size(8) returns 40657
[0.672s][trace][gc,tlab                     ] TLAB: fill thread: 0x00007ff7a3004000 [id: 8963] desired_size: 317KB slow allocs: 1  refill waste: 5080B alloc: 0.96916    15339KB refills: 48 waste  0.2% gc: 0B slow: 28224B fast: 0B
[0.692s][trace][gc,tlab                     ] ThreadLocalAllocBuffer::compute_size(4) returns 40653
[0.692s][trace][gc,tlab                     ] TLAB: fill thread: 0x00007ff7a3004000 [id: 8963] desired_size: 317KB slow allocs: 1  refill waste: 5080B alloc: 0.96916    15646KB refills: 49 waste  0.2% gc: 0B slow: 28824B fast: 0B
[0.715s][trace][gc,tlab                     ] ThreadLocalAllocBuffer::compute_size(8) returns 30693
[0.715s][trace][gc,tlab                     ] TLAB: fill thread: 0x00007ff7a3004000 [id: 8963] desired_size: 317KB slow allocs: 1  refill waste: 5080B alloc: 0.96916    15879KB refills: 50 waste  0.2% gc: 0B slow: 29424B fast: 0B
[0.733s][trace][gc,tlab                     ] ThreadLocalAllocBuffer::compute_size(3) returns failure
[0.733s][trace][gc,alloc                    ] GenCollectedHeap::mem_allocate_work: attempting locked slow path allocation
[0.733s][trace][gc,alloc                    ] DefNewGeneration::allocate_from_space(3):  will_fail: false  heap_lock: locked  free: 1000  should_allocate_from_space: NOT returns NULL
[0.733s][trace][gc,nmethod                  ] oops_do_marking_prologue
[0.733s][trace][gc,nmethod                  ] oops_do_marking_epilogue
[0.733s][debug][gc,heap                     ] GC(1) Heap before GC invocations=1 (full 0): par new generation   total 18432K, used 18431K [0x00000007fc400000, 0x00000007fd800000, 0x00000007fd800000)
[0.733s][debug][gc,heap                     ] GC(1)   eden space 16384K, 100% used [0x00000007fc400000, 0x00000007fd400000, 0x00000007fd400000)
[0.733s][debug][gc,heap                     ] GC(1)   from space 2048K,  99% used [0x00000007fd600000, 0x00000007fd7ffc18, 0x00000007fd800000)
[0.733s][debug][gc,heap                     ] GC(1)   to   space 2048K,   0% used [0x00000007fd400000, 0x00000007fd400000, 0x00000007fd600000)
[0.733s][debug][gc,heap                     ] GC(1)  concurrent mark-sweep generation total 40960K, used 4510K [0x00000007fd800000, 0x0000000800000000, 0x0000000800000000)
[0.733s][debug][gc,heap                     ] GC(1)  Metaspace       used 6832K, capacity 6934K, committed 7168K, reserved 1056768K
[0.733s][debug][gc,heap                     ] GC(1)   class space    used 609K, capacity 647K, committed 768K, reserved 1048576K
[0.733s][info ][gc,start                    ] GC(1) Pause Young (Allocation Failure)
[0.733s][trace][gc,tlab                     ] GC(1) TLAB: gc thread: 0x00007ff7a3004000 [id: 8963] desired_size: 317KB slow allocs: 1  refill waste: 5080B alloc: 0.96916    15879KB refills: 50 waste  0.2% gc: 0B slow: 30000B fast: 0B
[0.733s][trace][gc,tlab                     ] GC(1) TLAB: gc thread: 0x00007ff783019800 [id: 12035] desired_size: 327KB slow allocs: 0  refill waste: 5240B alloc: 1.00000    16384KB refills: 0 waste  0.0% gc: 0B slow: 0B fast: 0B
[0.733s][trace][gc,tlab                     ] GC(1) TLAB: gc thread: 0x00007ff7a3801000 [id: 17923] desired_size: 163KB slow allocs: 0  refill waste: 2616B alloc: 0.50000     8192KB refills: 0 waste  0.0% gc: 0B slow: 0B fast: 0B
[0.733s][trace][gc,tlab                     ] GC(1) TLAB: gc thread: 0x00007ff7a3029800 [id: 13315] desired_size: 327KB slow allocs: 0  refill waste: 5240B alloc: 1.00000    16384KB refills: 0 waste  0.0% gc: 0B slow: 0B fast: 0B
[0.733s][trace][gc,tlab                     ] GC(1) TLAB: gc thread: 0x00007ff7a3808000 [id: 15875] desired_size: 327KB slow allocs: 0  refill waste: 5240B alloc: 1.00000    16384KB refills: 0 waste  0.0% gc: 0B slow: 0B fast: 0B
[0.733s][trace][gc,tlab                     ] GC(1) TLAB: gc thread: 0x00007ff78301a800 [id: 13571] desired_size: 163KB slow allocs: 0  refill waste: 2616B alloc: 0.50000     8192KB refills: 1 waste 100.0% gc: 167736B slow: 0B fast: 0B
[0.733s][trace][gc,tlab                     ] GC(1) TLAB: gc thread: 0x00007ff78301d800 [id: 14339] desired_size: 327KB slow allocs: 0  refill waste: 5240B alloc: 1.00000    16384KB refills: 0 waste  0.0% gc: 0B slow: 0B fast: 0B
[0.733s][trace][gc,tlab                     ] GC(1) TLAB: gc thread: 0x00007ff793003000 [id: 14851] desired_size: 327KB slow allocs: 0  refill waste: 5240B alloc: 1.00000    16384KB refills: 0 waste  0.0% gc: 0B slow: 0B fast: 0B
[0.733s][trace][gc,tlab                     ] GC(1) TLAB: gc thread: 0x00007ff7a3882800 [id: 43267] desired_size: 327KB slow allocs: 0  refill waste: 5240B alloc: 1.00000    16384KB refills: 0 waste  0.0% gc: 0B slow: 0B fast: 0B
[0.733s][trace][gc,tlab                     ] GC(1) TLAB: gc thread: 0x00007ff7a5816000 [id: 42755] desired_size: 163KB slow allocs: 0  refill waste: 2616B alloc: 0.50000     8192KB refills: 0 waste  0.0% gc: 0B slow: 0B fast: 0B
[0.733s][trace][gc,tlab                     ] GC(1) TLAB: gc thread: 0x00007ff7a5817000 [id: 41987] desired_size: 327KB slow allocs: 0  refill waste: 5240B alloc: 1.00000    16384KB refills: 0 waste  0.0% gc: 0B slow: 0B fast: 0B
[0.733s][trace][gc,tlab                     ] GC(1) TLAB: gc thread: 0x00007ff78301b800 [id: 23299] desired_size: 327KB slow allocs: 0  refill waste: 5240B alloc: 1.00000    16384KB refills: 0 waste  0.0% gc: 0B slow: 0B fast: 0B
[0.733s][debug][gc,tlab                     ] GC(1) TLAB totals: thrds: 2  refills: 51 max: 50 slow allocs: 1 max 1 waste:  1.2% gc: 167736B max: 167736B slow: 30000B max: 30000B fast: 0B max: 0B
[0.733s][debug][gc,freelist,stats           ] Before GC:
[0.733s][debug][gc,freelist,stats           ] Statistics for BinaryTreeDictionary:
[0.733s][debug][gc,freelist,stats           ] ------------------------------------
[0.733s][debug][gc,freelist,stats           ] Total Free Space: 4648994
[0.733s][debug][gc,freelist,stats           ] Max   Chunk Size: 4648994
[0.733s][debug][gc,freelist,stats           ] Number of Blocks: 1
[0.733s][debug][gc,freelist,stats           ] Av.  Block  Size: 4648994
[0.733s][debug][gc,freelist,stats           ] Tree      Height: 1
[0.733s][trace][gc,freelist,stats           ] Statistics for IndexedFreeLists:
[0.733s][trace][gc,freelist,stats           ] --------------------------------
[0.733s][trace][gc,freelist,stats           ] Total Free Space: 195
[0.733s][trace][gc,freelist,stats           ] Max   Chunk Size: 8
[0.733s][trace][gc,freelist,stats           ] Number of Blocks: 43
[0.733s][trace][gc,freelist,stats           ] Av.  Block  Size: 4
[0.733s][trace][gc,freelist,stats           ]  free=4649189 frag=0.0001
[0.733s][trace][gc,phases,start             ] GC(1) Collect gen: ParNew
[0.733s][trace][gc                          ] GC(1) Young invoke=2 size=24
[0.733s][trace][gc,task                     ] GC(1) GCTaskManager::calc_default_active_workers() : active_workers(): 2  new_active_workers: 2  prev_active_workers: 2
 active_workers_by_JT: 2  active_workers_by_heap_size: 2
[0.733s][trace][gc,task                     ] GC(1) WorkerManager::add_workers() : created_workers: 2
[0.733s][trace][gc,task                     ] GC(1) GC Thread: using 2 out of 10 workers
[0.733s][info ][gc,task                     ] GC(1) Using 2 workers of 10 for evacuation
[0.733s][trace][gc,promotion                ] CMS: promo attempt is safe: available(37324584) >= av_promo(4618456), max_promo(18873368)
[0.733s][trace][gc,phases,start             ] GC(1) ParNew (Allocation Failure)
[0.733s][trace][gc,nmethod                  ] GC(1) oops_do_marking_prologue
[0.733s][trace][gc,task                     ] GC(1) WorkerManager::add_workers() : created_workers: 2
[0.733s][trace][gc,task                     ] GC(1) GC Thread: using 2 out of 10 workers
[0.733s][trace][gc,nmethod                  ] GC(1)  330       4       java.lang.StringConcatHelper::newString (46 bytes)   oops_do, mark
[0.733s][trace][gc,nmethod                  ] GC(1)  343 %     3       TExample::main @ 18 (86 bytes)   oops_do, mark
[0.734s][trace][gc,nmethod                  ] GC(1)  343 %     3       TExample::main @ 18 (86 bytes)   scavenge root
[0.734s][trace][gc,nmethod                  ] GC(1)  340       3       java.util.ArrayList::remove (26 bytes)   scavenge root
[0.734s][trace][gc,nmethod                  ] GC(1)  340       3       java.util.ArrayList::remove (26 bytes)   oops_do, mark
[0.734s][trace][gc,nmethod                  ] GC(1)  342       3       jdk.internal.util.Preconditions::checkIndex (18 bytes)   scavenge root
[0.734s][trace][gc,nmethod                  ] GC(1)  342       3       jdk.internal.util.Preconditions::checkIndex (18 bytes)   oops_do, mark
[0.734s][trace][gc,nmethod                  ] GC(1)  341       3       java.util.Objects::checkIndex (7 bytes)   scavenge root
[0.734s][trace][gc,nmethod                  ] GC(1)  341       3       java.util.Objects::checkIndex (7 bytes)   oops_do, mark
[0.734s][trace][gc,nmethod                  ] GC(1)  336 %     4       TExample::main @ 18 (86 bytes)   scavenge root
[0.734s][trace][gc,nmethod                  ] GC(1)  336 %     4       TExample::main @ 18 (86 bytes)   oops_do, mark
[0.734s][trace][gc,nmethod                  ] GC(1)  332       3       TExample::main (86 bytes)   scavenge root
[0.734s][trace][gc,nmethod                  ] GC(1)  332       3       TExample::main (86 bytes)   oops_do, mark
[0.734s][trace][gc,nmethod                  ] GC(1)  331 %     3       TExample::main @ 18 (86 bytes)   scavenge root
[0.734s][trace][gc,nmethod                  ] GC(1)  331 %     3       TExample::main @ 18 (86 bytes)   oops_do, mark
[0.734s][trace][gc,nmethod                  ] GC(1)  325       4       java.lang.StringConcatHelper::prepend (18 bytes)   scavenge root
[0.734s][trace][gc,nmethod                  ] GC(1)  325       4       java.lang.StringConcatHelper::prepend (18 bytes)   oops_do, mark
[0.734s][trace][gc,nmethod                  ] GC(1)  318       4       java.lang.invoke.LambdaForm$MH/0x000000080009f840::invoke (137 bytes)   scavenge root
[0.734s][trace][gc,nmethod                  ] GC(1)  318       4       java.lang.invoke.LambdaForm$MH/0x000000080009f840::invoke (137 bytes)   oops_do, mark
[0.734s][trace][gc,nmethod                  ] GC(1)  326       4       java.lang.invoke.LambdaForm$MH/0x0000000800066040::invoke (31 bytes)   scavenge root
[0.734s][trace][gc,nmethod                  ] GC(1)  326       4       java.lang.invoke.LambdaForm$MH/0x0000000800066040::invoke (31 bytes)   oops_do, mark
[0.734s][trace][gc,nmethod                  ] GC(1)  316       4       java.lang.Integer::getChars (131 bytes)   scavenge root
[0.734s][trace][gc,nmethod                  ] GC(1)  316       4       java.lang.Integer::getChars (131 bytes)   oops_do, mark
[0.734s][trace][gc,nmethod                  ] GC(1)  323       4       jdk.internal.misc.Unsafe::allocateUninitializedArray0 (90 bytes)   scavenge root
[0.734s][trace][gc,nmethod                  ] GC(1)  323       4       jdk.internal.misc.Unsafe::allocateUninitializedArray0 (90 bytes)   oops_do, mark
[0.734s][trace][gc,nmethod                  ] GC(1)  321       4       java.lang.invoke.StringConcatFactory$MethodHandleInlineCopyStrategy::newArray (16 bytes)   scavenge root
[0.734s][trace][gc,nmethod                  ] GC(1)  321       4       java.lang.invoke.StringConcatFactory$MethodHandleInlineCopyStrategy::newArray (16 bytes)   oops_do, mark
[0.734s][trace][gc,nmethod                  ] GC(1)  275       3       jdk.internal.org.objectweb.asm.MethodWriter::visitVarInsn (300 bytes)   scavenge root
[0.734s][trace][gc,nmethod                  ] GC(1)  275       3       jdk.internal.org.objectweb.asm.MethodWriter::visitVarInsn (300 bytes)   oops_do, mark
[0.734s][trace][gc,nmethod                  ] GC(1)  307       3       java.lang.StringConcatHelper::newString (46 bytes)   scavenge root
[0.734s][trace][gc,nmethod                  ] GC(1)  307       3       java.lang.StringConcatHelper::newString (46 bytes)   oops_do, mark
[0.734s][trace][gc,nmethod                  ] GC(1)  303       3       java.lang.invoke.LambdaForm$MH/0x0000000800066040::invoke (31 bytes)   scavenge root
[0.734s][trace][gc,nmethod                  ] GC(1)  303       3       java.lang.invoke.LambdaForm$MH/0x0000000800066040::invoke (31 bytes)   oops_do, mark
[0.734s][trace][gc,nmethod                  ] GC(1)  300       3       jdk.internal.misc.Unsafe::allocateUninitializedArray0 (90 bytes)   scavenge root
[0.734s][trace][gc,nmethod                  ] GC(1)  300       3       jdk.internal.misc.Unsafe::allocateUninitializedArray0 (90 bytes)   oops_do, mark
[0.734s][trace][gc,nmethod                  ] GC(1)  299       3       jdk.internal.misc.Unsafe::allocateUninitializedArray (52 bytes)   scavenge root
[0.734s][trace][gc,nmethod                  ] GC(1)  299       3       jdk.internal.misc.Unsafe::allocateUninitializedArray (52 bytes)   oops_do, mark
[0.734s][trace][gc,nmethod                  ] GC(1)  298       3       java.lang.invoke.StringConcatFactory$MethodHandleInlineCopyStrategy::newArray (16 bytes)   scavenge root
[0.734s][trace][gc,nmethod                  ] GC(1)  298       3       java.lang.invoke.StringConcatFactory$MethodHandleInlineCopyStrategy::newArray (16 bytes)   oops_do, mark
[0.734s][trace][gc,nmethod                  ] GC(1)  296       3       java.lang.StringConcatHelper::checkOverflow (16 bytes)   scavenge root
[0.734s][trace][gc,nmethod                  ] GC(1)  296       3       java.lang.StringConcatHelper::checkOverflow (16 bytes)   oops_do, mark
[0.734s][trace][gc,nmethod                  ] GC(1)  295       3       java.lang.StringConcatHelper::mixLen (10 bytes)   scavenge root
[0.734s][trace][gc,nmethod                  ] GC(1)  295       3       java.lang.StringConcatHelper::mixLen (10 bytes)   oops_do, mark
[0.734s][trace][gc,nmethod                  ] GC(1)  293       3       java.lang.invoke.LambdaForm$MH/0x000000080009f840::invoke (137 bytes)   scavenge root
[0.734s][trace][gc,nmethod                  ] GC(1)  293       3       java.lang.invoke.LambdaForm$MH/0x000000080009f840::invoke (137 bytes)   oops_do, mark
[0.734s][trace][gc,nmethod                  ] GC(1)  291       3       java.lang.Integer::getChars (131 bytes)   scavenge root
[0.734s][trace][gc,nmethod                  ] GC(1)  291       3       java.lang.Integer::getChars (131 bytes)   oops_do, mark
[0.734s][trace][gc,nmethod                  ] GC(1)  276       3       jdk.internal.org.objectweb.asm.Frame::execute (2264 bytes)   scavenge root
[0.734s][trace][gc,nmethod                  ] GC(1)  276       3       jdk.internal.org.objectweb.asm.Frame::execute (2264 bytes)   oops_do, mark
[0.734s][trace][gc,nmethod                  ] GC(1)  273       3       sun.invoke.util.Wrapper::forPrimitiveType (49 bytes)   scavenge root
[0.734s][trace][gc,nmethod                  ] GC(1)  273       3       sun.invoke.util.Wrapper::forPrimitiveType (49 bytes)   oops_do, mark
[0.734s][trace][gc,nmethod                  ] GC(1)  258       3       java.lang.invoke.MethodType::checkPtypes (61 bytes)   scavenge root
[0.734s][trace][gc,nmethod                  ] GC(1)  258       3       java.lang.invoke.MethodType::checkPtypes (61 bytes)   oops_do, mark
[0.734s][trace][gc,nmethod                  ] GC(1)  256       3       java.util.Arrays::copyOf (40 bytes)   scavenge root
[0.734s][trace][gc,nmethod                  ] GC(1)  256       3       java.util.Arrays::copyOf (40 bytes)   oops_do, mark
[0.734s][trace][gc,nmethod                  ] GC(1)  247       3       java.lang.invoke.LambdaForm$BasicType::basicType (19 bytes)   scavenge root
[0.734s][trace][gc,nmethod                  ] GC(1)  247       3       java.lang.invoke.LambdaForm$BasicType::basicType (19 bytes)   oops_do, mark
[0.734s][trace][gc,nmethod                  ] GC(1)  242       3       sun.invoke.util.Wrapper::findPrimitiveType (25 bytes)   scavenge root
[0.734s][trace][gc,nmethod                  ] GC(1)  242       3       sun.invoke.util.Wrapper::findPrimitiveType (25 bytes)   oops_do, mark
[0.734s][trace][gc,nmethod                  ] GC(1)  235       3       sun.invoke.util.VerifyAccess::isTypeVisible (118 bytes)   scavenge root
[0.734s][trace][gc,nmethod                  ] GC(1)  235       3       sun.invoke.util.VerifyAccess::isTypeVisible (118 bytes)   oops_do, mark
[0.735s][trace][gc,nmethod                  ] GC(1)  222       3       java.lang.invoke.MethodType$ConcurrentWeakInternSet$WeakEntry::<init> (14 bytes)   scavenge root
[0.735s][trace][gc,nmethod                  ] GC(1)  222       3       java.lang.invoke.MethodType$ConcurrentWeakInternSet$WeakEntry::<init> (14 bytes)   oops_do, mark
[0.735s][trace][gc,nmethod                  ] GC(1)  220       3       java.lang.invoke.MethodType::makeImpl (108 bytes)   scavenge root
[0.735s][trace][gc,nmethod                  ] GC(1)  220       3       java.lang.invoke.MethodType::makeImpl (108 bytes)   oops_do, mark
[0.735s][trace][gc,nmethod                  ] GC(1)  219       3       java.lang.invoke.LambdaForm::argument (27 bytes)   scavenge root
[0.735s][trace][gc,nmethod                  ] GC(1)  219       3       java.lang.invoke.LambdaForm::argument (27 bytes)   oops_do, mark
[0.735s][trace][gc,nmethod                  ] GC(1)  205       3       java.lang.Class::getClassLoader (28 bytes)   scavenge root
[0.735s][trace][gc,nmethod                  ] GC(1)  205       3       java.lang.Class::getClassLoader (28 bytes)   oops_do, mark
[0.735s][trace][gc,nmethod                  ] GC(1)  202       3       java.lang.invoke.MethodType::checkSlotCount (33 bytes)   scavenge root
[0.735s][trace][gc,nmethod                  ] GC(1)  202       3       java.lang.invoke.MethodType::checkSlotCount (33 bytes)   oops_do, mark
[0.735s][trace][gc,nmethod                  ] GC(1)  188       3       java.lang.System::getSecurityManager (4 bytes)   scavenge root
[0.735s][trace][gc,nmethod                  ] GC(1)  188       3       java.lang.System::getSecurityManager (4 bytes)   oops_do, mark
[0.735s][trace][gc,nmethod                  ] GC(1)  185       3       java.lang.String::checkBoundsBeginEnd (60 bytes)   scavenge root
[0.735s][trace][gc,nmethod                  ] GC(1)  185       3       java.lang.String::checkBoundsBeginEnd (60 bytes)   oops_do, mark
[0.735s][trace][gc,nmethod                  ] GC(1)  180       3       sun.nio.fs.UnixPath::checkNotNul (16 bytes)   scavenge root
[0.735s][trace][gc,nmethod                  ] GC(1)  180       3       sun.nio.fs.UnixPath::checkNotNul (16 bytes)   oops_do, mark
[0.735s][trace][gc,nmethod                  ] GC(1)  174       3       java.lang.ref.WeakReference::<init> (6 bytes)   scavenge root
[0.735s][trace][gc,nmethod                  ] GC(1)  174       3       java.lang.ref.WeakReference::<init> (6 bytes)   oops_do, mark
[0.735s][trace][gc,nmethod                  ] GC(1)  168       3       java.util.Arrays::copyOfRange (63 bytes)   scavenge root
[0.735s][trace][gc,nmethod                  ] GC(1)  168       3       java.util.Arrays::copyOfRange (63 bytes)   oops_do, mark
[0.735s][trace][gc,nmethod                  ] GC(1)  163     n 0       java.lang.Module::addExportsToAllUnnamed0 (native)   scavenge root
[0.735s][trace][gc,nmethod                  ] GC(1)  163     n 0       java.lang.Module::addExportsToAllUnnamed0 (native)   oops_do, mark
[0.735s][trace][gc,nmethod                  ] GC(1)  136       3       java.util.Optional::ofNullable (15 bytes)   scavenge root
[0.735s][trace][gc,nmethod                  ] GC(1)  136       3       java.util.Optional::ofNullable (15 bytes)   oops_do, mark
[0.735s][trace][gc,nmethod                  ] GC(1)  125       3       java.util.HashSet::add (20 bytes)   scavenge root
[0.735s][trace][gc,nmethod                  ] GC(1)  125       3       java.util.HashSet::add (20 bytes)   oops_do, mark
[0.735s][trace][gc,nmethod                  ] GC(1)   78       3       java.lang.invoke.MethodType::checkPtype (19 bytes)   scavenge root
[0.735s][trace][gc,nmethod                  ] GC(1)   78       3       java.lang.invoke.MethodType::checkPtype (19 bytes)   oops_do, mark
[0.735s][trace][gc,nmethod                  ] GC(1)   76       3       java.lang.ref.Reference::<init> (7 bytes)   scavenge root
[0.735s][trace][gc,nmethod                  ] GC(1)   76       3       java.lang.ref.Reference::<init> (7 bytes)   oops_do, mark
[0.735s][trace][gc,nmethod                  ] GC(1)   70       3       java.util.concurrent.ConcurrentHashMap::get (162 bytes)   scavenge root
[0.735s][trace][gc,nmethod                  ] GC(1)   70       3       java.util.concurrent.ConcurrentHashMap::get (162 bytes)   oops_do, mark
[0.735s][trace][gc,nmethod                  ] GC(1)   61       3       java.lang.ref.Reference::<init> (25 bytes)   scavenge root
[0.735s][trace][gc,nmethod                  ] GC(1)   61       3       java.lang.ref.Reference::<init> (25 bytes)   oops_do, mark
[0.735s][trace][gc,nmethod                  ] GC(1)   56       3       java.lang.invoke.MethodTypeForm::canonicalize (233 bytes)   scavenge root
[0.735s][trace][gc,nmethod                  ] GC(1)   56       3       java.lang.invoke.MethodTypeForm::canonicalize (233 bytes)   oops_do, mark
[0.735s][trace][gc,nmethod                  ] GC(1)   43     n 0       java.lang.System::arraycopy (native)   scavenge root
[0.735s][trace][gc,nmethod                  ] GC(1)   43     n 0       java.lang.System::arraycopy (native)   oops_do, mark
[0.735s][trace][gc,nmethod                  ] GC(1)   42   !   3       java.util.concurrent.ConcurrentHashMap::putVal (432 bytes)   scavenge root
[0.735s][trace][gc,nmethod                  ] GC(1)   42   !   3       java.util.concurrent.ConcurrentHashMap::putVal (432 bytes)   oops_do, mark
[0.735s][trace][gc,nmethod                  ] GC(1)   23       3       java.util.Set::of (66 bytes)   scavenge root
[0.735s][trace][gc,nmethod                  ] GC(1)   23       3       java.util.Set::of (66 bytes)   oops_do, mark
[0.735s][trace][gc,nmethod                  ] GC(1)   15       3       java.util.Collections::emptySet (4 bytes)   scavenge root
[0.735s][trace][gc,nmethod                  ] GC(1)   15       3       java.util.Collections::emptySet (4 bytes)   oops_do, mark
[0.735s][trace][gc,nmethod                  ] GC(1)    1       3       java.util.concurrent.ConcurrentHashMap::tabAt (22 bytes)   scavenge root
[0.735s][trace][gc,nmethod                  ] GC(1)    1       3       java.util.concurrent.ConcurrentHashMap::tabAt (22 bytes)   oops_do, mark
[0.748s][trace][gc,task                     ] GC(1) WorkerManager::add_workers() : created_workers: 2
[0.748s][trace][gc,task                     ] GC(1) GC Thread: using 2 out of 10 workers
[0.748s][trace][gc,nmethod                  ] GC(1)    1       3       java.util.concurrent.ConcurrentHashMap::tabAt (22 bytes)   oops_do, unmark
[0.748s][trace][gc,nmethod                  ] GC(1)   15       3       java.util.Collections::emptySet (4 bytes)   oops_do, unmark
[0.748s][trace][gc,nmethod                  ] GC(1)   23       3       java.util.Set::of (66 bytes)   oops_do, unmark
[0.748s][trace][gc,nmethod                  ] GC(1)   42   !   3       java.util.concurrent.ConcurrentHashMap::putVal (432 bytes)   oops_do, unmark
[0.748s][trace][gc,nmethod                  ] GC(1)   43     n 0       java.lang.System::arraycopy (native)   oops_do, unmark
[0.748s][trace][gc,nmethod                  ] GC(1)   56       3       java.lang.invoke.MethodTypeForm::canonicalize (233 bytes)   oops_do, unmark
[0.748s][trace][gc,nmethod                  ] GC(1)   61       3       java.lang.ref.Reference::<init> (25 bytes)   oops_do, unmark
[0.748s][trace][gc,nmethod                  ] GC(1)   70       3       java.util.concurrent.ConcurrentHashMap::get (162 bytes)   oops_do, unmark
[0.748s][trace][gc,nmethod                  ] GC(1)   76       3       java.lang.ref.Reference::<init> (7 bytes)   oops_do, unmark
[0.748s][trace][gc,nmethod                  ] GC(1)   78       3       java.lang.invoke.MethodType::checkPtype (19 bytes)   oops_do, unmark
[0.748s][trace][gc,nmethod                  ] GC(1)  125       3       java.util.HashSet::add (20 bytes)   oops_do, unmark
[0.748s][trace][gc,nmethod                  ] GC(1)  136       3       java.util.Optional::ofNullable (15 bytes)   oops_do, unmark
[0.748s][trace][gc,nmethod                  ] GC(1)  163     n 0       java.lang.Module::addExportsToAllUnnamed0 (native)   oops_do, unmark
[0.748s][trace][gc,nmethod                  ] GC(1)  168       3       java.util.Arrays::copyOfRange (63 bytes)   oops_do, unmark
[0.748s][trace][gc,nmethod                  ] GC(1)  174       3       java.lang.ref.WeakReference::<init> (6 bytes)   oops_do, unmark
[0.748s][trace][gc,nmethod                  ] GC(1)  180       3       sun.nio.fs.UnixPath::checkNotNul (16 bytes)   oops_do, unmark
[0.748s][trace][gc,nmethod                  ] GC(1)  185       3       java.lang.String::checkBoundsBeginEnd (60 bytes)   oops_do, unmark
[0.748s][trace][gc,nmethod                  ] GC(1)  188       3       java.lang.System::getSecurityManager (4 bytes)   oops_do, unmark
[0.748s][trace][gc,nmethod                  ] GC(1)  202       3       java.lang.invoke.MethodType::checkSlotCount (33 bytes)   oops_do, unmark
[0.748s][trace][gc,nmethod                  ] GC(1)  205       3       java.lang.Class::getClassLoader (28 bytes)   oops_do, unmark
[0.748s][trace][gc,nmethod                  ] GC(1)  219       3       java.lang.invoke.LambdaForm::argument (27 bytes)   oops_do, unmark
[0.748s][trace][gc,nmethod                  ] GC(1)  220       3       java.lang.invoke.MethodType::makeImpl (108 bytes)   oops_do, unmark
[0.748s][trace][gc,nmethod                  ] GC(1)  222       3       java.lang.invoke.MethodType$ConcurrentWeakInternSet$WeakEntry::<init> (14 bytes)   oops_do, unmark
[0.748s][trace][gc,nmethod                  ] GC(1)  235       3       sun.invoke.util.VerifyAccess::isTypeVisible (118 bytes)   oops_do, unmark
[0.748s][trace][gc,nmethod                  ] GC(1)  242       3       sun.invoke.util.Wrapper::findPrimitiveType (25 bytes)   oops_do, unmark
[0.748s][trace][gc,nmethod                  ] GC(1)  247       3       java.lang.invoke.LambdaForm$BasicType::basicType (19 bytes)   oops_do, unmark
[0.748s][trace][gc,nmethod                  ] GC(1)  256       3       java.util.Arrays::copyOf (40 bytes)   oops_do, unmark
[0.748s][trace][gc,nmethod                  ] GC(1)  258       3       java.lang.invoke.MethodType::checkPtypes (61 bytes)   oops_do, unmark
[0.748s][trace][gc,nmethod                  ] GC(1)  273       3       sun.invoke.util.Wrapper::forPrimitiveType (49 bytes)   oops_do, unmark
[0.748s][trace][gc,nmethod                  ] GC(1)  276       3       jdk.internal.org.objectweb.asm.Frame::execute (2264 bytes)   oops_do, unmark
[0.748s][trace][gc,nmethod                  ] GC(1)  291       3       java.lang.Integer::getChars (131 bytes)   oops_do, unmark
[0.748s][trace][gc,nmethod                  ] GC(1)  293       3       java.lang.invoke.LambdaForm$MH/0x000000080009f840::invoke (137 bytes)   oops_do, unmark
[0.748s][trace][gc,nmethod                  ] GC(1)  295       3       java.lang.StringConcatHelper::mixLen (10 bytes)   oops_do, unmark
[0.748s][trace][gc,nmethod                  ] GC(1)  296       3       java.lang.StringConcatHelper::checkOverflow (16 bytes)   oops_do, unmark
[0.748s][trace][gc,nmethod                  ] GC(1)  298       3       java.lang.invoke.StringConcatFactory$MethodHandleInlineCopyStrategy::newArray (16 bytes)   oops_do, unmark
[0.748s][trace][gc,nmethod                  ] GC(1)  299       3       jdk.internal.misc.Unsafe::allocateUninitializedArray (52 bytes)   oops_do, unmark
[0.748s][trace][gc,nmethod                  ] GC(1)  300       3       jdk.internal.misc.Unsafe::allocateUninitializedArray0 (90 bytes)   oops_do, unmark
[0.748s][trace][gc,nmethod                  ] GC(1)  303       3       java.lang.invoke.LambdaForm$MH/0x0000000800066040::invoke (31 bytes)   oops_do, unmark
[0.748s][trace][gc,nmethod                  ] GC(1)  307       3       java.lang.StringConcatHelper::newString (46 bytes)   oops_do, unmark
[0.748s][trace][gc,nmethod                  ] GC(1)  275       3       jdk.internal.org.objectweb.asm.MethodWriter::visitVarInsn (300 bytes)   oops_do, unmark
[0.748s][trace][gc,nmethod                  ] GC(1)  321       4       java.lang.invoke.StringConcatFactory$MethodHandleInlineCopyStrategy::newArray (16 bytes)   oops_do, unmark
[0.748s][trace][gc,nmethod                  ] GC(1)  323       4       jdk.internal.misc.Unsafe::allocateUninitializedArray0 (90 bytes)   oops_do, unmark
[0.748s][trace][gc,nmethod                  ] GC(1)  316       4       java.lang.Integer::getChars (131 bytes)   oops_do, unmark
[0.748s][trace][gc,nmethod                  ] GC(1)  326       4       java.lang.invoke.LambdaForm$MH/0x0000000800066040::invoke (31 bytes)   oops_do, unmark
[0.748s][trace][gc,nmethod                  ] GC(1)  318       4       java.lang.invoke.LambdaForm$MH/0x000000080009f840::invoke (137 bytes)   oops_do, unmark
[0.748s][trace][gc,nmethod                  ] GC(1)  325       4       java.lang.StringConcatHelper::prepend (18 bytes)   oops_do, unmark
[0.748s][trace][gc,nmethod                  ] GC(1)  331 %     3       TExample::main @ 18 (86 bytes)   oops_do, unmark
[0.748s][trace][gc,nmethod                  ] GC(1)  332       3       TExample::main (86 bytes)   oops_do, unmark
[0.748s][trace][gc,nmethod                  ] GC(1)  336 %     4       TExample::main @ 18 (86 bytes)   oops_do, unmark
[0.748s][trace][gc,nmethod                  ] GC(1)  341       3       java.util.Objects::checkIndex (7 bytes)   oops_do, unmark
[0.748s][trace][gc,nmethod                  ] GC(1)  342       3       jdk.internal.util.Preconditions::checkIndex (18 bytes)   oops_do, unmark
[0.748s][trace][gc,nmethod                  ] GC(1)  340       3       java.util.ArrayList::remove (26 bytes)   oops_do, unmark
[0.748s][trace][gc,nmethod                  ] GC(1)  343 %     3       TExample::main @ 18 (86 bytes)   oops_do, unmark
[0.748s][trace][gc,nmethod                  ] GC(1)  330       4       java.lang.StringConcatHelper::newString (46 bytes)   oops_do, unmark
[0.748s][trace][gc,nmethod                  ] GC(1) oops_do_marking_epilogue
[0.748s][trace][gc,plab                     ] GC(1) 0[3]: 284/33792/1024
[0.748s][trace][gc,plab                     ] GC(1) 0[4]: 989/32784/1024
[0.748s][trace][gc,plab                     ] GC(1) 0[5]: 5/672/16
[0.748s][trace][gc,plab                     ] GC(1) 0[6]: 10/880/16
[0.748s][trace][gc,plab                     ] GC(1) 0[7]: 9/400/16
[0.748s][trace][gc,plab                     ] GC(1) 0[8]: 644/1034/1024
[0.748s][trace][gc,plab                     ] GC(1) 0[9]: 0/80/16
[0.748s][trace][gc,plab                     ] GC(1) 0[10]: 0/496/16
[0.748s][trace][gc,plab                     ] GC(1) 0[11]: 14/112/16
[0.748s][trace][gc,plab                     ] GC(1) 0[12]: 7/32/16
[0.748s][trace][gc,plab                     ] GC(1) 0[13]: 6/16/16
[0.748s][trace][gc,plab                     ] GC(1) 0[14]: 7/576/16
[0.748s][trace][gc,plab                     ] GC(1) 0[15]: 9/192/16
[0.748s][trace][gc,plab                     ] GC(1) 0[16]: 5/80/16
[0.748s][trace][gc,plab                     ] GC(1) 0[17]: 9/48/16
[0.748s][trace][gc,plab                     ] GC(1) 0[18]: 5/48/16
[0.748s][trace][gc,plab                     ] GC(1) 0[19]: 5/16/16
[0.748s][trace][gc,plab                     ] GC(1) 0[20]: 12/32/16
[0.748s][trace][gc,plab                     ] GC(1) 0[21]: 2/16/16
[0.748s][trace][gc,plab                     ] GC(1) 0[22]: 6/16/16
[0.748s][trace][gc,plab                     ] GC(1) 0[23]: 12/16/16
[0.748s][trace][gc,plab                     ] GC(1) 0[24]: 11/16/16
[0.748s][trace][gc,plab                     ] GC(1) 0[25]: 12/16/16
[0.748s][trace][gc,plab                     ] GC(1) 0[26]: 11/16/16
[0.748s][trace][gc,plab                     ] GC(1) 0[27]: 9/16/16
[0.748s][trace][gc,plab                     ] GC(1) 0[28]: 12/16/16
[0.748s][trace][gc,plab                     ] GC(1) 0[29]: 15/16/16
[0.748s][trace][gc,plab                     ] GC(1) 0[30]: 13/16/16
[0.748s][trace][gc,plab                     ] GC(1) 0[31]: 13/16/16
[0.748s][trace][gc,plab                     ] GC(1) 0[34]: 3/16/16
[0.748s][trace][gc,plab                     ] GC(1) 0[35]: 10/16/16
[0.748s][trace][gc,plab                     ] GC(1) 0[36]: 15/16/16
[0.748s][trace][gc,plab                     ] GC(1) 0[38]: 14/16/16
[0.748s][trace][gc,plab                     ] GC(1) 0[41]: 15/16/16
[0.748s][trace][gc,plab                     ] GC(1) 0[46]: 15/16/16
[0.748s][trace][gc,plab                     ] GC(1) 0[47]: 15/16/16
[0.748s][trace][gc,plab                     ] GC(1) 0[48]: 15/16/16
[0.748s][trace][gc,plab                     ] GC(1) 0[49]: 14/16/16
[0.748s][trace][gc,plab                     ] GC(1) 0[50]: 15/16/16
[0.748s][trace][gc,plab                     ] GC(1) 0[51]: 15/16/16
[0.748s][trace][gc,plab                     ] GC(1) 0[52]: 15/16/16
[0.748s][trace][gc,plab                     ] GC(1) 0[56]: 15/16/16
[0.748s][trace][gc,plab                     ] GC(1) 0[59]: 15/16/16
[0.748s][trace][gc,plab                     ] GC(1) 0[62]: 13/16/16
[0.748s][trace][gc,plab                     ] GC(1) 0[63]: 15/16/16
[0.748s][trace][gc,plab                     ] GC(1) 0[66]: 8/16/16
[0.748s][trace][gc,plab                     ] GC(1) 0[72]: 15/16/16
[0.748s][trace][gc,plab                     ] GC(1) 0[74]: 15/16/16
[0.748s][trace][gc,plab                     ] GC(1) 0[75]: 15/16/16
[0.748s][trace][gc,plab                     ] GC(1) 0[79]: 15/16/16
[0.748s][trace][gc,plab                     ] GC(1) 0[81]: 15/16/16
[0.748s][trace][gc,plab                     ] GC(1) 0[82]: 15/16/16
[0.748s][trace][gc,plab                     ] GC(1) 0[88]: 15/16/16
[0.748s][trace][gc,plab                     ] GC(1) 0[89]: 15/16/16
[0.748s][trace][gc,plab                     ] GC(1) 0[99]: 14/16/16
[0.748s][trace][gc,plab                     ] GC(1) 0[104]: 15/16/16
[0.748s][trace][gc,plab                     ] GC(1) 0[106]: 15/16/16
[0.748s][trace][gc,plab                     ] GC(1) 0[109]: 15/16/16
[0.748s][trace][gc,plab                     ] GC(1) 0[114]: 15/16/16
[0.748s][trace][gc,plab                     ] GC(1) 0[122]: 15/16/16
[0.748s][trace][gc,plab                     ] GC(1) 0[123]: 15/16/16
[0.748s][trace][gc,plab                     ] GC(1) 0[124]: 15/16/16
[0.748s][trace][gc,plab                     ] GC(1) 0[128]: 15/16/16
[0.748s][trace][gc,plab                     ] GC(1) 0[130]: 6/16/16
[0.748s][trace][gc,plab                     ] GC(1) 0[165]: 15/16/16
[0.748s][trace][gc,plab                     ] GC(1) 0[189]: 15/16/16
[0.748s][trace][gc,plab                     ] GC(1) 1[3]: 155/36881/1024
[0.748s][trace][gc,plab                     ] GC(1) 1[4]: 502/29696/1024
[0.748s][trace][gc,plab                     ] GC(1) 1[5]: 8/640/16
[0.748s][trace][gc,plab                     ] GC(1) 1[6]: 10/512/16
[0.748s][trace][gc,plab                     ] GC(1) 1[7]: 6/288/16
[0.748s][trace][gc,plab                     ] GC(1) 1[8]: 86/7168/1024
[0.748s][trace][gc,plab                     ] GC(1) 1[9]: 7/48/16
[0.748s][trace][gc,plab                     ] GC(1) 1[10]: 12/80/16
[0.748s][trace][gc,plab                     ] GC(1) 1[11]: 12/64/16
[0.748s][trace][gc,plab                     ] GC(1) 1[12]: 2/48/16
[0.748s][trace][gc,plab                     ] GC(1) 1[13]: 11/96/16
[0.748s][trace][gc,plab                     ] GC(1) 1[14]: 7/48/16
[0.748s][trace][gc,plab                     ] GC(1) 1[15]: 12/32/16
[0.748s][trace][gc,plab                     ] GC(1) 1[16]: 8/16/16
[0.748s][trace][gc,plab                     ] GC(1) 1[17]: 11/16/16
[0.748s][trace][gc,plab                     ] GC(1) 1[18]: 14/32/16
[0.748s][trace][gc,plab                     ] GC(1) 1[19]: 14/16/16
[0.748s][trace][gc,plab                     ] GC(1) 1[20]: 13/16/16
[0.748s][trace][gc,plab                     ] GC(1) 1[21]: 13/16/16
[0.748s][trace][gc,plab                     ] GC(1) 1[22]: 14/16/16
[0.748s][trace][gc,plab                     ] GC(1) 1[23]: 14/16/16
[0.748s][trace][gc,plab                     ] GC(1) 1[24]: 14/16/16
[0.748s][trace][gc,plab                     ] GC(1) 1[25]: 15/16/16
[0.748s][trace][gc,plab                     ] GC(1) 1[26]: 15/16/16
[0.748s][trace][gc,plab                     ] GC(1) 1[28]: 15/16/16
[0.748s][trace][gc,plab                     ] GC(1) 1[29]: 15/16/16
[0.748s][trace][gc,plab                     ] GC(1) 1[30]: 15/16/16
[0.748s][trace][gc,plab                     ] GC(1) 1[34]: 12/16/16
[0.748s][trace][gc,plab                     ] GC(1) 1[47]: 6/16/16
[0.748s][trace][gc,plab                     ] GC(1) 1[48]: 13/16/16
[0.748s][trace][gc,plab                     ] GC(1) 1[66]: 15/16/16
[0.748s][trace][gc,plab                     ] GC(1) 1[68]: 15/16/16
[0.748s][trace][gc,plab                     ] GC(1) 1[103]: 15/16/16
[0.748s][trace][gc,plab                     ] GC(1) [3]: 1024
[0.748s][trace][gc,plab                     ] GC(1) [4]: 1024
[0.748s][trace][gc,plab                     ] GC(1) [5]: 162
[0.748s][trace][gc,plab                     ] GC(1) [6]: 171
[0.748s][trace][gc,plab                     ] GC(1) [7]: 84
[0.748s][trace][gc,plab                     ] GC(1) [8]: 979
[0.748s][trace][gc,plab                     ] GC(1) [9]: 16
[0.748s][trace][gc,plab                     ] GC(1) [10]: 70
[0.748s][trace][gc,plab                     ] GC(1) [11]: 18
[0.748s][trace][gc,plab                     ] GC(1) [12]: 16
[0.748s][trace][gc,plab                     ] GC(1) [13]: 16
[0.748s][trace][gc,plab                     ] GC(1) [14]: 76
[0.748s][trace][gc,plab                     ] GC(1) [15]: 25
[0.748s][trace][gc,plab                     ] GC(1) [16]: 16
[0.748s][trace][gc,plab                     ] GC(1) [17]: 16
[0.748s][trace][gc,plab                     ] GC(1) [18]: 16
[0.748s][trace][gc,plab                     ] GC(1) [19]: 16
[0.748s][trace][gc,plab                     ] GC(1) [20]: 16
[0.748s][trace][gc,plab                     ] GC(1) [21]: 16
[0.748s][trace][gc,plab                     ] GC(1) [22]: 16
[0.748s][trace][gc,plab                     ] GC(1) [23]: 16
[0.748s][trace][gc,plab                     ] GC(1) [24]: 16
[0.748s][trace][gc,plab                     ] GC(1) [25]: 16
[0.748s][trace][gc,plab                     ] GC(1) [26]: 16
[0.748s][trace][gc,plab                     ] GC(1) [27]: 16
[0.748s][trace][gc,plab                     ] GC(1) [28]: 16
[0.748s][trace][gc,plab                     ] GC(1) [29]: 16
[0.748s][trace][gc,plab                     ] GC(1) [30]: 16
[0.748s][trace][gc,plab                     ] GC(1) [31]: 16
[0.748s][trace][gc,plab                     ] GC(1) [34]: 16
[0.748s][trace][gc,plab                     ] GC(1) [35]: 16
[0.748s][trace][gc,plab                     ] GC(1) [36]: 16
[0.748s][trace][gc,plab                     ] GC(1) [38]: 16
[0.748s][trace][gc,plab                     ] GC(1) [41]: 16
[0.748s][trace][gc,plab                     ] GC(1) [46]: 16
[0.748s][trace][gc,plab                     ] GC(1) [47]: 16
[0.748s][trace][gc,plab                     ] GC(1) [48]: 16
[0.748s][trace][gc,plab                     ] GC(1) [49]: 16
[0.748s][trace][gc,plab                     ] GC(1) [50]: 16
[0.748s][trace][gc,plab                     ] GC(1) [51]: 16
[0.748s][trace][gc,plab                     ] GC(1) [52]: 16
[0.748s][trace][gc,plab                     ] GC(1) [56]: 16
[0.748s][trace][gc,plab                     ] GC(1) [59]: 16
[0.748s][trace][gc,plab                     ] GC(1) [62]: 16
[0.748s][trace][gc,plab                     ] GC(1) [63]: 16
[0.748s][trace][gc,plab                     ] GC(1) [66]: 16
[0.748s][trace][gc,plab                     ] GC(1) [68]: 16
[0.748s][trace][gc,plab                     ] GC(1) [72]: 16
[0.748s][trace][gc,plab                     ] GC(1) [74]: 16
[0.748s][trace][gc,plab                     ] GC(1) [75]: 16
[0.748s][trace][gc,plab                     ] GC(1) [79]: 16
[0.748s][trace][gc,plab                     ] GC(1) [81]: 16
[0.748s][trace][gc,plab                     ] GC(1) [82]: 16
[0.748s][trace][gc,plab                     ] GC(1) [88]: 16
[0.748s][trace][gc,plab                     ] GC(1) [89]: 16
[0.748s][trace][gc,plab                     ] GC(1) [99]: 16
[0.748s][trace][gc,plab                     ] GC(1) [103]: 16
[0.748s][trace][gc,plab                     ] GC(1) [104]: 16
[0.748s][trace][gc,plab                     ] GC(1) [106]: 16
[0.748s][trace][gc,plab                     ] GC(1) [109]: 16
[0.748s][trace][gc,plab                     ] GC(1) [114]: 16
[0.748s][trace][gc,plab                     ] GC(1) [122]: 16
[0.748s][trace][gc,plab                     ] GC(1) [123]: 16
[0.748s][trace][gc,plab                     ] GC(1) [124]: 16
[0.748s][trace][gc,plab                     ] GC(1) [128]: 16
[0.748s][trace][gc,plab                     ] GC(1) [130]: 16
[0.748s][trace][gc,plab                     ] GC(1) [165]: 16
[0.748s][trace][gc,plab                     ] GC(1) [189]: 16
[0.748s][debug][gc,ref                      ] GC(1) Skipped phase1 of Reference Processing due to unavailable references
[0.748s][debug][gc,ref                      ] GC(1) Skipped phase2 of Reference Processing due to unavailable references
[0.748s][debug][gc,ref                      ] GC(1) Skipped phase3 of Reference Processing due to unavailable references
[0.748s][debug][gc,ref                      ] GC(1) Skipped phase4 of Reference Processing due to unavailable references
[0.748s][debug][gc,phases,ref               ] GC(1) Reference Processing: 0.0ms
[0.748s][debug][gc,phases,ref               ] GC(1)   Reconsider SoftReferences: 0.0ms
[0.748s][debug][gc,phases,ref               ] GC(1)     SoftRef: skipped
[0.748s][debug][gc,phases,ref               ] GC(1)   Notify Soft/WeakReferences: 0.0ms
[0.748s][debug][gc,phases,ref               ] GC(1)     SoftRef: skipped
[0.748s][debug][gc,phases,ref               ] GC(1)     WeakRef: skipped
[0.748s][debug][gc,phases,ref               ] GC(1)     FinalRef: skipped
[0.748s][debug][gc,phases,ref               ] GC(1)     Total: skipped
[0.748s][debug][gc,phases,ref               ] GC(1)   Notify and keep alive finalizable: 0.0ms
[0.748s][debug][gc,phases,ref               ] GC(1)     FinalRef: skipped
[0.748s][debug][gc,phases,ref               ] GC(1)   Notify PhantomReferences: 0.0ms
[0.748s][debug][gc,phases,ref               ] GC(1)     PhantomRef: skipped
[0.748s][debug][gc,phases,ref               ] GC(1)   SoftReference:
[0.748s][debug][gc,phases,ref               ] GC(1)     Discovered: 0
[0.748s][debug][gc,phases,ref               ] GC(1)     Cleared: 0
[0.748s][debug][gc,phases,ref               ] GC(1)   WeakReference:
[0.748s][debug][gc,phases,ref               ] GC(1)     Discovered: 0
[0.748s][debug][gc,phases,ref               ] GC(1)     Cleared: 0
[0.748s][debug][gc,phases,ref               ] GC(1)   FinalReference:
[0.748s][debug][gc,phases,ref               ] GC(1)     Discovered: 0
[0.748s][debug][gc,phases,ref               ] GC(1)     Cleared: 0
[0.748s][debug][gc,phases,ref               ] GC(1)   PhantomReference:
[0.748s][debug][gc,phases,ref               ] GC(1)     Discovered: 0
[0.748s][debug][gc,phases,ref               ] GC(1)     Cleared: 0
[0.748s][debug][gc,age                      ] GC(1) Desired survivor size 1048576 bytes, new threshold 1 (max threshold 6)
[0.748s][trace][gc,age                      ] GC(1) Age table with threshold 1 (max threshold 6)
[0.748s][trace][gc,age                      ] GC(1) - age   1:    2097072 bytes,    2097072 total
[0.748s][debug][gc,plab                     ] GC(1) Young PLAB allocation: allocated: 1670296B, wasted: 80B, unused: 0B, used: 1670216B, undo waste: 0B,
[0.748s][debug][gc,plab                     ] GC(1) Young sizing: calculated: 1670216B, actual: 1649704B
[0.748s][trace][gc,phases                   ] GC(1) ParNew (Allocation Failure) 15.698ms
[0.748s][trace][gc,phases                   ] GC(1) Collect gen: ParNew 15.735ms
[0.748s][info ][gc,heap                     ] GC(1) ParNew: 18431K->2048K(18432K)
[0.748s][info ][gc,heap                     ] GC(1) CMS: 4510K->9223K(40960K)
[0.748s][info ][gc,metaspace                ] GC(1) Metaspace: 6832K->6832K(1056768K)
[0.748s][trace][gc,tlab                     ] GC(1) TLAB new size: thread: 0x00007ff7a3004000 [id: 8963] refills 50  alloc: 0.975830 desired_size: 40649 -> 40929
[0.748s][trace][gc,tlab                     ] GC(1) TLAB new size: thread: 0x00007ff783019800 [id: 12035] refills 50  alloc: 0.999999 desired_size: 41943 -> 41943
[0.748s][trace][gc,tlab                     ] GC(1) TLAB new size: thread: 0x00007ff7a3801000 [id: 17923] refills 50  alloc: 0.500000 desired_size: 20971 -> 20971
[0.748s][trace][gc,tlab                     ] GC(1) TLAB new size: thread: 0x00007ff7a3029800 [id: 13315] refills 50  alloc: 0.999999 desired_size: 41943 -> 41943
[0.748s][trace][gc,tlab                     ] GC(1) TLAB new size: thread: 0x00007ff7a3808000 [id: 15875] refills 50  alloc: 0.999999 desired_size: 41943 -> 41943
[0.748s][trace][gc,tlab                     ] GC(1) TLAB new size: thread: 0x00007ff78301a800 [id: 13571] refills 50  alloc: 0.325027 desired_size: 20971 -> 13632
[0.748s][trace][gc,tlab                     ] GC(1) TLAB new size: thread: 0x00007ff78301d800 [id: 14339] refills 50  alloc: 0.999999 desired_size: 41943 -> 41943
[0.748s][trace][gc,tlab                     ] GC(1) TLAB new size: thread: 0x00007ff793003000 [id: 14851] refills 50  alloc: 0.999999 desired_size: 41943 -> 41943
[0.748s][trace][gc,tlab                     ] GC(1) TLAB new size: thread: 0x00007ff7a3882800 [id: 43267] refills 50  alloc: 0.999999 desired_size: 41943 -> 41943
[0.748s][trace][gc,tlab                     ] GC(1) TLAB new size: thread: 0x00007ff7a5816000 [id: 42755] refills 50  alloc: 0.500000 desired_size: 20971 -> 20971
[0.749s][trace][gc,tlab                     ] GC(1) TLAB new size: thread: 0x00007ff7a5817000 [id: 41987] refills 50  alloc: 0.999999 desired_size: 41943 -> 41943
[0.749s][trace][gc,tlab                     ] GC(1) TLAB new size: thread: 0x00007ff78301b800 [id: 23299] refills 50  alloc: 0.999999 desired_size: 41943 -> 41943
[0.749s][debug][gc,freelist,stats           ] After GC:
[0.749s][debug][gc,freelist,stats           ] Statistics for BinaryTreeDictionary:
[0.749s][debug][gc,freelist,stats           ] ------------------------------------
[0.749s][debug][gc,freelist,stats           ] Total Free Space: 3975818
[0.749s][debug][gc,freelist,stats           ] Max   Chunk Size: 3975818
[0.749s][debug][gc,freelist,stats           ] Number of Blocks: 1
[0.749s][debug][gc,freelist,stats           ] Av.  Block  Size: 3975818
[0.749s][debug][gc,freelist,stats           ] Tree      Height: 1
[0.749s][trace][gc,freelist,stats           ] Statistics for IndexedFreeLists:
[0.749s][trace][gc,freelist,stats           ] --------------------------------
[0.749s][trace][gc,freelist,stats           ] Total Free Space: 70021
[0.749s][trace][gc,freelist,stats           ] Max   Chunk Size: 189
[0.749s][trace][gc,freelist,stats           ] Number of Blocks: 3749
[0.749s][trace][gc,freelist,stats           ] Av.  Block  Size: 18
[0.749s][trace][gc,freelist,stats           ]  free=4045839 frag=0.0343
[0.749s][info ][gc                          ] GC(1) Pause Young (Allocation Failure) 22M->11M(58M) 15.926ms
[0.749s][info ][gc,cpu                      ] GC(1) User=0.03s Sys=0.01s Real=0.01s
[0.749s][debug][gc,heap                     ] GC(1) Heap after GC invocations=2 (full 0): par new generation   total 18432K, used 2048K [0x00000007fc400000, 0x00000007fd800000, 0x00000007fd800000)
[0.749s][debug][gc,heap                     ] GC(1)   eden space 16384K,   0% used [0x00000007fc400000, 0x00000007fc400000, 0x00000007fd400000)
[0.749s][debug][gc,heap                     ] GC(1)   from space 2048K, 100% used [0x00000007fd400000, 0x00000007fd600000, 0x00000007fd600000)
[0.749s][debug][gc,heap                     ] GC(1)   to   space 2048K,   0% used [0x00000007fd600000, 0x00000007fd600000, 0x00000007fd800000)
[0.749s][debug][gc,heap                     ] GC(1)  concurrent mark-sweep generation total 40960K, used 9223K [0x00000007fd800000, 0x0000000800000000, 0x0000000800000000)
[0.749s][debug][gc,heap                     ] GC(1)  Metaspace       used 6832K, capacity 6934K, committed 7168K, reserved 1056768K
[0.749s][debug][gc,heap                     ] GC(1)   class space    used 609K, capacity 647K, committed 768K, reserved 1048576K
[0.749s][trace][gc,promotion                ] CMS: promo attempt is safe: available(32497784) >= av_promo(4878886), max_promo(2097176)
[0.749s][trace][gc,tlab                     ] ThreadLocalAllocBuffer::compute_size(8) returns 40937
[0.749s][trace][gc,tlab                     ] TLAB: fill thread: 0x00007ff7a3004000 [id: 8963] desired_size: 319KB slow allocs: 0  refill waste: 5112B alloc: 0.97583      312KB refills: 1 waste  0.0% gc: 0B slow: 0B fast: 0B
[0.768s][trace][gc,tlab                     ] ThreadLocalAllocBuffer::compute_size(8) returns 40937
[0.768s][trace][gc,tlab                     ] TLAB: fill thread: 0x00007ff7a3004000 [id: 8963] desired_size: 319KB slow allocs: 0  refill waste: 5112B alloc: 0.97583      624KB refills: 2 waste  0.1% gc: 0B slow: 608B fast: 0B
[0.786s][trace][gc,tlab                     ] ThreadLocalAllocBuffer::compute_size(8) returns 40937
[0.786s][trace][gc,tlab                     ] TLAB: fill thread: 0x00007ff7a3004000 [id: 8963] desired_size: 319KB slow allocs: 0  refill waste: 5112B alloc: 0.97583      936KB refills: 3 waste  0.1% gc: 0B slow: 1216B fast: 0B
[0.805s][trace][gc,tlab                     ] ThreadLocalAllocBuffer::compute_size(8) returns 40937
[0.805s][trace][gc,tlab                     ] TLAB: fill thread: 0x00007ff7a3004000 [id: 8963] desired_size: 319KB slow allocs: 0  refill waste: 5112B alloc: 0.97583     1248KB refills: 4 waste  0.1% gc: 0B slow: 1824B fast: 0B
[0.824s][trace][gc,tlab                     ] ThreadLocalAllocBuffer::compute_size(8) returns 40937
[0.824s][trace][gc,tlab                     ] TLAB: fill thread: 0x00007ff7a3004000 [id: 8963] desired_size: 319KB slow allocs: 0  refill waste: 5112B alloc: 0.97583     1560KB refills: 5 waste  0.1% gc: 0B slow: 2432B fast: 0B
[0.841s][trace][gc,tlab                     ] ThreadLocalAllocBuffer::compute_size(8) returns 40937
[0.841s][trace][gc,tlab                     ] TLAB: fill thread: 0x00007ff7a3004000 [id: 8963] desired_size: 319KB slow allocs: 0  refill waste: 5112B alloc: 0.97583     1873KB refills: 6 waste  0.2% gc: 0B slow: 3040B fast: 0B
[0.858s][trace][gc,tlab                     ] ThreadLocalAllocBuffer::compute_size(8) returns 40937
[0.858s][trace][gc,tlab                     ] TLAB: fill thread: 0x00007ff7a3004000 [id: 8963] desired_size: 319KB slow allocs: 0  refill waste: 5112B alloc: 0.97583     2185KB refills: 7 waste  0.2% gc: 0B slow: 3648B fast: 0B
[0.875s][trace][gc,tlab                     ] ThreadLocalAllocBuffer::compute_size(8) returns 40937
[0.875s][trace][gc,tlab                     ] TLAB: fill thread: 0x00007ff7a3004000 [id: 8963] desired_size: 319KB slow allocs: 0  refill waste: 5112B alloc: 0.97583     2497KB refills: 8 waste  0.2% gc: 0B slow: 4256B fast: 0B
[0.892s][trace][gc,tlab                     ] ThreadLocalAllocBuffer::compute_size(8) returns 40937
[0.892s][trace][gc,tlab                     ] TLAB: fill thread: 0x00007ff7a3004000 [id: 8963] desired_size: 319KB slow allocs: 0  refill waste: 5112B alloc: 0.97583     2809KB refills: 9 waste  0.2% gc: 0B slow: 4864B fast: 0B
[0.911s][trace][gc,tlab                     ] ThreadLocalAllocBuffer::compute_size(8) returns 40937
[0.911s][trace][gc,tlab                     ] TLAB: fill thread: 0x00007ff7a3004000 [id: 8963] desired_size: 319KB slow allocs: 0  refill waste: 5112B alloc: 0.97583     3121KB refills: 10 waste  0.2% gc: 0B slow: 5472B fast: 0B
[0.929s][trace][gc,tlab                     ] ThreadLocalAllocBuffer::compute_size(8) returns 40937
[0.929s][trace][gc,tlab                     ] TLAB: fill thread: 0x00007ff7a3004000 [id: 8963] desired_size: 319KB slow allocs: 0  refill waste: 5112B alloc: 0.97583     3433KB refills: 11 waste  0.2% gc: 0B slow: 6080B fast: 0B
[0.947s][trace][gc,tlab                     ] ThreadLocalAllocBuffer::compute_size(8) returns 40937
[0.947s][trace][gc,tlab                     ] TLAB: fill thread: 0x00007ff7a3004000 [id: 8963] desired_size: 319KB slow allocs: 0  refill waste: 5112B alloc: 0.97583     3745KB refills: 12 waste  0.2% gc: 0B slow: 6688B fast: 0B
[0.964s][trace][gc,tlab                     ] ThreadLocalAllocBuffer::compute_size(8) returns 40937
[0.964s][trace][gc,tlab                     ] TLAB: fill thread: 0x00007ff7a3004000 [id: 8963] desired_size: 319KB slow allocs: 0  refill waste: 5112B alloc: 0.97583     4057KB refills: 13 waste  0.2% gc: 0B slow: 7296B fast: 0B
[0.982s][trace][gc,tlab                     ] ThreadLocalAllocBuffer::compute_size(8) returns 40937
[0.982s][trace][gc,tlab                     ] TLAB: fill thread: 0x00007ff7a3004000 [id: 8963] desired_size: 319KB slow allocs: 0  refill waste: 5112B alloc: 0.97583     4369KB refills: 14 waste  0.2% gc: 0B slow: 7904B fast: 0B
[1.000s][trace][gc,tlab                     ] ThreadLocalAllocBuffer::compute_size(8) returns 40937
[1.000s][trace][gc,tlab                     ] TLAB: fill thread: 0x00007ff7a3004000 [id: 8963] desired_size: 319KB slow allocs: 0  refill waste: 5112B alloc: 0.97583     4681KB refills: 15 waste  0.2% gc: 0B slow: 8512B fast: 0B
[1.016s][trace][gc,tlab                     ] ThreadLocalAllocBuffer::compute_size(8) returns 40937
[1.016s][trace][gc,tlab                     ] TLAB: fill thread: 0x00007ff7a3004000 [id: 8963] desired_size: 319KB slow allocs: 0  refill waste: 5112B alloc: 0.97583     4993KB refills: 16 waste  0.2% gc: 0B slow: 9120B fast: 0B
[1.033s][trace][gc,tlab                     ] ThreadLocalAllocBuffer::compute_size(8) returns 40937
[1.033s][trace][gc,tlab                     ] TLAB: fill thread: 0x00007ff7a3004000 [id: 8963] desired_size: 319KB slow allocs: 0  refill waste: 5112B alloc: 0.97583     5306KB refills: 17 waste  0.2% gc: 0B slow: 9728B fast: 0B
[1.050s][trace][gc,tlab                     ] ThreadLocalAllocBuffer::compute_size(8) returns 40937
[1.050s][trace][gc,tlab                     ] TLAB: fill thread: 0x00007ff7a3004000 [id: 8963] desired_size: 319KB slow allocs: 0  refill waste: 5112B alloc: 0.97583     5618KB refills: 18 waste  0.2% gc: 0B slow: 10336B fast: 0B
[1.069s][trace][gc,tlab                     ] ThreadLocalAllocBuffer::compute_size(8) returns 40937
[1.069s][trace][gc,tlab                     ] TLAB: fill thread: 0x00007ff7a3004000 [id: 8963] desired_size: 319KB slow allocs: 0  refill waste: 5112B alloc: 0.97583     5930KB refills: 19 waste  0.2% gc: 0B slow: 10944B fast: 0B
[1.087s][trace][gc,tlab                     ] ThreadLocalAllocBuffer::compute_size(8) returns 40937
[1.087s][trace][gc,tlab                     ] TLAB: fill thread: 0x00007ff7a3004000 [id: 8963] desired_size: 319KB slow allocs: 0  refill waste: 5112B alloc: 0.97583     6242KB refills: 20 waste  0.2% gc: 0B slow: 11552B fast: 0B
[1.105s][trace][gc,tlab                     ] ThreadLocalAllocBuffer::compute_size(8) returns 40937
[1.105s][trace][gc,tlab                     ] TLAB: fill thread: 0x00007ff7a3004000 [id: 8963] desired_size: 319KB slow allocs: 0  refill waste: 5112B alloc: 0.97583     6554KB refills: 21 waste  0.2% gc: 0B slow: 12160B fast: 0B
[1.123s][trace][gc,tlab                     ] ThreadLocalAllocBuffer::compute_size(8) returns 40937
[1.123s][trace][gc,tlab                     ] TLAB: fill thread: 0x00007ff7a3004000 [id: 8963] desired_size: 319KB slow allocs: 0  refill waste: 5112B alloc: 0.97583     6866KB refills: 22 waste  0.2% gc: 0B slow: 12768B fast: 0B
[1.141s][trace][gc,tlab                     ] ThreadLocalAllocBuffer::compute_size(8) returns 40937
[1.141s][trace][gc,tlab                     ] TLAB: fill thread: 0x00007ff7a3004000 [id: 8963] desired_size: 319KB slow allocs: 0  refill waste: 5112B alloc: 0.97583     7178KB refills: 23 waste  0.2% gc: 0B slow: 13376B fast: 0B
[1.159s][trace][gc,tlab                     ] ThreadLocalAllocBuffer::compute_size(8) returns 40937
[1.159s][trace][gc,tlab                     ] TLAB: fill thread: 0x00007ff7a3004000 [id: 8963] desired_size: 319KB slow allocs: 0  refill waste: 5112B alloc: 0.97583     7490KB refills: 24 waste  0.2% gc: 0B slow: 13984B fast: 0B
[1.176s][trace][gc,tlab                     ] ThreadLocalAllocBuffer::compute_size(8) returns 40937
[1.176s][trace][gc,tlab                     ] TLAB: fill thread: 0x00007ff7a3004000 [id: 8963] desired_size: 319KB slow allocs: 0  refill waste: 5112B alloc: 0.97583     7802KB refills: 25 waste  0.2% gc: 0B slow: 14592B fast: 0B
[1.192s][trace][gc,tlab                     ] ThreadLocalAllocBuffer::compute_size(8) returns 40937
[1.192s][trace][gc,tlab                     ] TLAB: fill thread: 0x00007ff7a3004000 [id: 8963] desired_size: 319KB slow allocs: 0  refill waste: 5112B alloc: 0.97583     8114KB refills: 26 waste  0.2% gc: 0B slow: 15200B fast: 0B
[1.208s][trace][gc,tlab                     ] ThreadLocalAllocBuffer::compute_size(8) returns 40937
[1.208s][trace][gc,tlab                     ] TLAB: fill thread: 0x00007ff7a3004000 [id: 8963] desired_size: 319KB slow allocs: 0  refill waste: 5112B alloc: 0.97583     8426KB refills: 27 waste  0.2% gc: 0B slow: 15808B fast: 0B
[1.225s][trace][gc,tlab                     ] ThreadLocalAllocBuffer::compute_size(8) returns 40937
[1.225s][trace][gc,tlab                     ] TLAB: fill thread: 0x00007ff7a3004000 [id: 8963] desired_size: 319KB slow allocs: 0  refill waste: 5112B alloc: 0.97583     8739KB refills: 28 waste  0.2% gc: 0B slow: 16416B fast: 0B
[1.242s][trace][gc,tlab                     ] ThreadLocalAllocBuffer::compute_size(8) returns 40937
[1.242s][trace][gc,tlab                     ] TLAB: fill thread: 0x00007ff7a3004000 [id: 8963] desired_size: 319KB slow allocs: 0  refill waste: 5112B alloc: 0.97583     9051KB refills: 29 waste  0.2% gc: 0B slow: 17024B fast: 0B
[1.258s][trace][gc,tlab                     ] ThreadLocalAllocBuffer::compute_size(8) returns 40937
[1.258s][trace][gc,tlab                     ] TLAB: fill thread: 0x00007ff7a3004000 [id: 8963] desired_size: 319KB slow allocs: 0  refill waste: 5112B alloc: 0.97583     9363KB refills: 30 waste  0.2% gc: 0B slow: 17632B fast: 0B
[1.273s][trace][gc,tlab                     ] ThreadLocalAllocBuffer::compute_size(8) returns 40937
[1.273s][trace][gc,tlab                     ] TLAB: fill thread: 0x00007ff7a3004000 [id: 8963] desired_size: 319KB slow allocs: 0  refill waste: 5112B alloc: 0.97583     9675KB refills: 31 waste  0.2% gc: 0B slow: 18240B fast: 0B
[1.287s][trace][gc,tlab                     ] ThreadLocalAllocBuffer::compute_size(8) returns 40937
[1.287s][trace][gc,tlab                     ] TLAB: fill thread: 0x00007ff7a3004000 [id: 8963] desired_size: 319KB slow allocs: 0  refill waste: 5112B alloc: 0.97583     9987KB refills: 32 waste  0.2% gc: 0B slow: 18848B fast: 0B
[1.302s][trace][gc,tlab                     ] ThreadLocalAllocBuffer::compute_size(8) returns 40937
[1.302s][trace][gc,tlab                     ] TLAB: fill thread: 0x00007ff7a3004000 [id: 8963] desired_size: 319KB slow allocs: 0  refill waste: 5112B alloc: 0.97583    10299KB refills: 33 waste  0.2% gc: 0B slow: 19456B fast: 0B
[1.318s][trace][gc,tlab                     ] ThreadLocalAllocBuffer::compute_size(8) returns 40937
[1.318s][trace][gc,tlab                     ] TLAB: fill thread: 0x00007ff7a3004000 [id: 8963] desired_size: 319KB slow allocs: 0  refill waste: 5112B alloc: 0.97583    10611KB refills: 34 waste  0.2% gc: 0B slow: 20064B fast: 0B
[1.334s][trace][gc,tlab                     ] ThreadLocalAllocBuffer::compute_size(8) returns 40937
[1.334s][trace][gc,tlab                     ] TLAB: fill thread: 0x00007ff7a3004000 [id: 8963] desired_size: 319KB slow allocs: 0  refill waste: 5112B alloc: 0.97583    10923KB refills: 35 waste  0.2% gc: 0B slow: 20672B fast: 0B
[1.349s][trace][gc,tlab                     ] ThreadLocalAllocBuffer::compute_size(8) returns 40937
[1.349s][trace][gc,tlab                     ] TLAB: fill thread: 0x00007ff7a3004000 [id: 8963] desired_size: 319KB slow allocs: 0  refill waste: 5112B alloc: 0.97583    11235KB refills: 36 waste  0.2% gc: 0B slow: 21280B fast: 0B
[1.364s][trace][gc,tlab                     ] ThreadLocalAllocBuffer::compute_size(8) returns 40937
[1.364s][trace][gc,tlab                     ] TLAB: fill thread: 0x00007ff7a3004000 [id: 8963] desired_size: 319KB slow allocs: 0  refill waste: 5112B alloc: 0.97583    11547KB refills: 37 waste  0.2% gc: 0B slow: 21888B fast: 0B
[1.378s][trace][gc,tlab                     ] ThreadLocalAllocBuffer::compute_size(8) returns 40937
[1.378s][trace][gc,tlab                     ] TLAB: fill thread: 0x00007ff7a3004000 [id: 8963] desired_size: 319KB slow allocs: 0  refill waste: 5112B alloc: 0.97583    11859KB refills: 38 waste  0.2% gc: 0B slow: 22496B fast: 0B
[1.392s][trace][gc,tlab                     ] ThreadLocalAllocBuffer::compute_size(8) returns 40937
[1.392s][trace][gc,tlab                     ] TLAB: fill thread: 0x00007ff7a3004000 [id: 8963] desired_size: 319KB slow allocs: 0  refill waste: 5112B alloc: 0.97583    12172KB refills: 39 waste  0.2% gc: 0B slow: 23104B fast: 0B
[1.406s][trace][gc,tlab                     ] ThreadLocalAllocBuffer::compute_size(8) returns 40937
[1.406s][trace][gc,tlab                     ] TLAB: fill thread: 0x00007ff7a3004000 [id: 8963] desired_size: 319KB slow allocs: 0  refill waste: 5112B alloc: 0.97583    12484KB refills: 40 waste  0.2% gc: 0B slow: 23712B fast: 0B
[1.419s][trace][gc,tlab                     ] ThreadLocalAllocBuffer::compute_size(8) returns 40937
[1.419s][trace][gc,tlab                     ] TLAB: fill thread: 0x00007ff7a3004000 [id: 8963] desired_size: 319KB slow allocs: 0  refill waste: 5112B alloc: 0.97583    12796KB refills: 41 waste  0.2% gc: 0B slow: 24320B fast: 0B
[1.431s][trace][gc,tlab                     ] ThreadLocalAllocBuffer::compute_size(8) returns 40937
[1.431s][trace][gc,tlab                     ] TLAB: fill thread: 0x00007ff7a3004000 [id: 8963] desired_size: 319KB slow allocs: 0  refill waste: 5112B alloc: 0.97583    13108KB refills: 42 waste  0.2% gc: 0B slow: 24928B fast: 0B
[1.444s][trace][gc,tlab                     ] ThreadLocalAllocBuffer::compute_size(8) returns 40937
[1.444s][trace][gc,tlab                     ] TLAB: fill thread: 0x00007ff7a3004000 [id: 8963] desired_size: 319KB slow allocs: 0  refill waste: 5112B alloc: 0.97583    13420KB refills: 43 waste  0.2% gc: 0B slow: 25536B fast: 0B
[1.457s][trace][gc,tlab                     ] ThreadLocalAllocBuffer::compute_size(8) returns 40937
[1.457s][trace][gc,tlab                     ] TLAB: fill thread: 0x00007ff7a3004000 [id: 8963] desired_size: 319KB slow allocs: 0  refill waste: 5112B alloc: 0.97583    13732KB refills: 44 waste  0.2% gc: 0B slow: 26144B fast: 0B
[1.470s][trace][gc,tlab                     ] ThreadLocalAllocBuffer::compute_size(8) returns 40937
[1.470s][trace][gc,tlab                     ] TLAB: fill thread: 0x00007ff7a3004000 [id: 8963] desired_size: 319KB slow allocs: 0  refill waste: 5112B alloc: 0.97583    14044KB refills: 45 waste  0.2% gc: 0B slow: 26752B fast: 0B
[1.483s][trace][gc,tlab                     ] ThreadLocalAllocBuffer::compute_size(8) returns 40937
[1.483s][trace][gc,tlab                     ] TLAB: fill thread: 0x00007ff7a3004000 [id: 8963] desired_size: 319KB slow allocs: 0  refill waste: 5112B alloc: 0.97583    14356KB refills: 46 waste  0.2% gc: 0B slow: 27360B fast: 0B
[1.496s][trace][gc,tlab                     ] ThreadLocalAllocBuffer::compute_size(8) returns 40937
[1.496s][trace][gc,tlab                     ] TLAB: fill thread: 0x00007ff7a3004000 [id: 8963] desired_size: 319KB slow allocs: 0  refill waste: 5112B alloc: 0.97583    14668KB refills: 47 waste  0.2% gc: 0B slow: 27968B fast: 0B
[1.509s][trace][gc,tlab                     ] ThreadLocalAllocBuffer::compute_size(8) returns 40937
[1.509s][trace][gc,tlab                     ] TLAB: fill thread: 0x00007ff7a3004000 [id: 8963] desired_size: 319KB slow allocs: 0  refill waste: 5112B alloc: 0.97583    14980KB refills: 48 waste  0.2% gc: 0B slow: 28576B fast: 0B
[1.524s][trace][gc,tlab                     ] ThreadLocalAllocBuffer::compute_size(8) returns 40937
[1.524s][trace][gc,tlab                     ] TLAB: fill thread: 0x00007ff7a3004000 [id: 8963] desired_size: 319KB slow allocs: 0  refill waste: 5112B alloc: 0.97583    15292KB refills: 49 waste  0.2% gc: 0B slow: 29184B fast: 0B
[1.537s][trace][gc,tlab                     ] ThreadLocalAllocBuffer::compute_size(8) returns 40937
[1.537s][trace][gc,tlab                     ] TLAB: fill thread: 0x00007ff7a3004000 [id: 8963] desired_size: 319KB slow allocs: 0  refill waste: 5112B alloc: 0.97583    15605KB refills: 50 waste  0.2% gc: 0B slow: 29792B fast: 0B
[1.551s][trace][gc,tlab                     ] ThreadLocalAllocBuffer::compute_size(8) returns 40937
[1.551s][trace][gc,tlab                     ] TLAB: fill thread: 0x00007ff7a3004000 [id: 8963] desired_size: 319KB slow allocs: 0  refill waste: 5112B alloc: 0.97583    15917KB refills: 51 waste  0.2% gc: 0B slow: 30400B fast: 0B
[1.565s][trace][gc,tlab                     ] ThreadLocalAllocBuffer::compute_size(8) returns 9362
[1.565s][trace][gc,tlab                     ] TLAB: fill thread: 0x00007ff7a3004000 [id: 8963] desired_size: 319KB slow allocs: 0  refill waste: 5112B alloc: 0.97583    15988KB refills: 52 waste  0.2% gc: 0B slow: 31008B fast: 0B
[1.569s][trace][gc,tlab                     ] ThreadLocalAllocBuffer::compute_size(3) returns failure
[1.569s][trace][gc,alloc                    ] GenCollectedHeap::mem_allocate_work: attempting locked slow path allocation
[1.569s][trace][gc,alloc                    ] DefNewGeneration::allocate_from_space(3):  will_fail: false  heap_lock: locked  free: 0  should_allocate_from_space: NOT returns NULL
[1.569s][trace][gc,nmethod                  ] oops_do_marking_prologue
[1.569s][trace][gc,nmethod                  ] oops_do_marking_epilogue
[1.569s][debug][gc,heap                     ] GC(2) Heap before GC invocations=2 (full 0): par new generation   total 18432K, used 18432K [0x00000007fc400000, 0x00000007fd800000, 0x00000007fd800000)
[1.569s][debug][gc,heap                     ] GC(2)   eden space 16384K, 100% used [0x00000007fc400000, 0x00000007fd400000, 0x00000007fd400000)
[1.569s][debug][gc,heap                     ] GC(2)   from space 2048K, 100% used [0x00000007fd400000, 0x00000007fd600000, 0x00000007fd600000)
[1.569s][debug][gc,heap                     ] GC(2)   to   space 2048K,   0% used [0x00000007fd600000, 0x00000007fd600000, 0x00000007fd800000)
[1.569s][debug][gc,heap                     ] GC(2)  concurrent mark-sweep generation total 40960K, used 9223K [0x00000007fd800000, 0x0000000800000000, 0x0000000800000000)
[1.569s][debug][gc,heap                     ] GC(2)  Metaspace       used 6832K, capacity 6934K, committed 7168K, reserved 1056768K
[1.569s][debug][gc,heap                     ] GC(2)   class space    used 609K, capacity 647K, committed 768K, reserved 1048576K
[1.569s][info ][gc,start                    ] GC(2) Pause Young (Allocation Failure)
[1.569s][trace][gc,tlab                     ] GC(2) TLAB: gc thread: 0x00007ff7a3004000 [id: 8963] desired_size: 319KB slow allocs: 0  refill waste: 5112B alloc: 0.97583    15988KB refills: 52 waste  0.2% gc: 0B slow: 31600B fast: 0B
[1.569s][trace][gc,tlab                     ] GC(2) TLAB: gc thread: 0x00007ff783019800 [id: 12035] desired_size: 327KB slow allocs: 0  refill waste: 5240B alloc: 1.00000    16384KB refills: 0 waste  0.0% gc: 0B slow: 0B fast: 0B
[1.569s][trace][gc,tlab                     ] GC(2) TLAB: gc thread: 0x00007ff7a3801000 [id: 17923] desired_size: 163KB slow allocs: 0  refill waste: 2616B alloc: 0.50000     8192KB refills: 0 waste  0.0% gc: 0B slow: 0B fast: 0B
[1.569s][trace][gc,tlab                     ] GC(2) TLAB: gc thread: 0x00007ff7a3029800 [id: 13315] desired_size: 327KB slow allocs: 0  refill waste: 5240B alloc: 1.00000    16384KB refills: 0 waste  0.0% gc: 0B slow: 0B fast: 0B
[1.569s][trace][gc,tlab                     ] GC(2) TLAB: gc thread: 0x00007ff7a3808000 [id: 15875] desired_size: 327KB slow allocs: 0  refill waste: 5240B alloc: 1.00000    16384KB refills: 0 waste  0.0% gc: 0B slow: 0B fast: 0B
[1.569s][trace][gc,tlab                     ] GC(2) TLAB: gc thread: 0x00007ff78301a800 [id: 13571] desired_size: 106KB slow allocs: 0  refill waste: 1704B alloc: 0.32503     5325KB refills: 0 waste  0.0% gc: 0B slow: 0B fast: 0B
[1.569s][trace][gc,tlab                     ] GC(2) TLAB: gc thread: 0x00007ff78301d800 [id: 14339] desired_size: 327KB slow allocs: 0  refill waste: 5240B alloc: 1.00000    16384KB refills: 0 waste  0.0% gc: 0B slow: 0B fast: 0B
[1.569s][trace][gc,tlab                     ] GC(2) TLAB: gc thread: 0x00007ff793003000 [id: 14851] desired_size: 327KB slow allocs: 0  refill waste: 5240B alloc: 1.00000    16384KB refills: 0 waste  0.0% gc: 0B slow: 0B fast: 0B
[1.569s][trace][gc,tlab                     ] GC(2) TLAB: gc thread: 0x00007ff7a3882800 [id: 43267] desired_size: 327KB slow allocs: 0  refill waste: 5240B alloc: 1.00000    16384KB refills: 0 waste  0.0% gc: 0B slow: 0B fast: 0B
[1.569s][trace][gc,tlab                     ] GC(2) TLAB: gc thread: 0x00007ff7a5816000 [id: 42755] desired_size: 163KB slow allocs: 0  refill waste: 2616B alloc: 0.50000     8192KB refills: 0 waste  0.0% gc: 0B slow: 0B fast: 0B
[1.569s][trace][gc,tlab                     ] GC(2) TLAB: gc thread: 0x00007ff7a5817000 [id: 41987] desired_size: 327KB slow allocs: 0  refill waste: 5240B alloc: 1.00000    16384KB refills: 0 waste  0.0% gc: 0B slow: 0B fast: 0B
[1.569s][debug][gc,tlab                     ] GC(2) TLAB totals: thrds: 1  refills: 52 max: 52 slow allocs: 0 max 0 waste:  0.2% gc: 0B max: 0B slow: 31600B max: 31600B fast: 0B max: 0B
[1.569s][debug][gc,freelist,stats           ] Before GC:
[1.569s][debug][gc,freelist,stats           ] Statistics for BinaryTreeDictionary:
[1.569s][debug][gc,freelist,stats           ] ------------------------------------
[1.569s][debug][gc,freelist,stats           ] Total Free Space: 3975818
[1.569s][debug][gc,freelist,stats           ] Max   Chunk Size: 3975818
[1.569s][debug][gc,freelist,stats           ] Number of Blocks: 1
[1.569s][debug][gc,freelist,stats           ] Av.  Block  Size: 3975818
[1.569s][debug][gc,freelist,stats           ] Tree      Height: 1
[1.569s][trace][gc,freelist,stats           ] Statistics for IndexedFreeLists:
[1.569s][trace][gc,freelist,stats           ] --------------------------------
[1.569s][trace][gc,freelist,stats           ] Total Free Space: 70021
[1.569s][trace][gc,freelist,stats           ] Max   Chunk Size: 189
[1.569s][trace][gc,freelist,stats           ] Number of Blocks: 3749
[1.569s][trace][gc,freelist,stats           ] Av.  Block  Size: 18
[1.569s][trace][gc,freelist,stats           ]  free=4045839 frag=0.0343
[1.569s][trace][gc,phases,start             ] GC(2) Collect gen: ParNew
[1.569s][trace][gc                          ] GC(2) Young invoke=3 size=24
[1.569s][trace][gc,task                     ] GC(2) GCTaskManager::calc_default_active_workers() : active_workers(): 2  new_active_workers: 2  prev_active_workers: 2
 active_workers_by_JT: 2  active_workers_by_heap_size: 2
[1.569s][trace][gc,task                     ] GC(2) WorkerManager::add_workers() : created_workers: 2
[1.569s][trace][gc,task                     ] GC(2) GC Thread: using 2 out of 10 workers
[1.569s][info ][gc,task                     ] GC(2) Using 2 workers of 10 for evacuation
[1.569s][trace][gc,promotion                ] CMS: promo attempt is safe: available(32497784) >= av_promo(4878886), max_promo(18874368)
[1.569s][trace][gc,phases,start             ] GC(2) ParNew (Allocation Failure)
[1.569s][trace][gc,nmethod                  ] GC(2) oops_do_marking_prologue
[1.569s][trace][gc,task                     ] GC(2) WorkerManager::add_workers() : created_workers: 2
[1.569s][trace][gc,task                     ] GC(2) GC Thread: using 2 out of 10 workers
[1.569s][trace][gc,nmethod                  ] GC(2)  346 %     4       TExample::main @ 18 (86 bytes)   oops_do, mark
[1.569s][trace][gc,nmethod                  ] GC(2)  340       3       java.util.ArrayList::remove (26 bytes)   scavenge root
[1.569s][trace][gc,nmethod                  ] GC(2)  340       3       java.util.ArrayList::remove (26 bytes)   oops_do, mark
[1.569s][trace][gc,nmethod                  ] GC(2)  342       3       jdk.internal.util.Preconditions::checkIndex (18 bytes)   scavenge root
[1.569s][trace][gc,nmethod                  ] GC(2)  342       3       jdk.internal.util.Preconditions::checkIndex (18 bytes)   oops_do, mark
[1.569s][trace][gc,nmethod                  ] GC(2)  341       3       java.util.Objects::checkIndex (7 bytes)   scavenge root
[1.569s][trace][gc,nmethod                  ] GC(2)  341       3       java.util.Objects::checkIndex (7 bytes)   oops_do, mark
[1.575s][trace][gc,task                     ] GC(2) WorkerManager::add_workers() : created_workers: 2
[1.575s][trace][gc,task                     ] GC(2) GC Thread: using 2 out of 10 workers
[1.575s][trace][gc,nmethod                  ] GC(2)  341       3       java.util.Objects::checkIndex (7 bytes)   oops_do, unmark
[1.575s][trace][gc,nmethod                  ] GC(2)  342       3       jdk.internal.util.Preconditions::checkIndex (18 bytes)   oops_do, unmark
[1.575s][trace][gc,nmethod                  ] GC(2)  340       3       java.util.ArrayList::remove (26 bytes)   oops_do, unmark
[1.575s][trace][gc,nmethod                  ] GC(2)  346 %     4       TExample::main @ 18 (86 bytes)   oops_do, unmark
[1.575s][trace][gc,nmethod                  ] GC(2) oops_do_marking_epilogue
[1.575s][trace][gc,plab                     ] GC(2) 0[3]: 79/19779/1024
[1.575s][trace][gc,plab                     ] GC(2) 0[4]: 730/20434/1024
[1.575s][trace][gc,plab                     ] GC(2) 1[3]: 500/17599/1024
[1.575s][trace][gc,plab                     ] GC(2) 1[4]: 875/17976/1024
[1.575s][trace][gc,plab                     ] GC(2) [3]: 1024
[1.575s][trace][gc,plab                     ] GC(2) [4]: 1024
[1.576s][debug][gc,ref                      ] GC(2) Skipped phase1 of Reference Processing due to unavailable references
[1.576s][debug][gc,ref                      ] GC(2) Skipped phase2 of Reference Processing due to unavailable references
[1.576s][debug][gc,ref                      ] GC(2) Skipped phase3 of Reference Processing due to unavailable references
[1.576s][debug][gc,ref                      ] GC(2) Skipped phase4 of Reference Processing due to unavailable references
[1.576s][debug][gc,phases,ref               ] GC(2) Reference Processing: 0.0ms
[1.576s][debug][gc,phases,ref               ] GC(2)   Reconsider SoftReferences: 0.0ms
[1.576s][debug][gc,phases,ref               ] GC(2)     SoftRef: skipped
[1.576s][debug][gc,phases,ref               ] GC(2)   Notify Soft/WeakReferences: 0.0ms
[1.576s][debug][gc,phases,ref               ] GC(2)     SoftRef: skipped
[1.576s][debug][gc,phases,ref               ] GC(2)     WeakRef: skipped
[1.576s][debug][gc,phases,ref               ] GC(2)     FinalRef: skipped
[1.576s][debug][gc,phases,ref               ] GC(2)     Total: skipped
[1.576s][debug][gc,phases,ref               ] GC(2)   Notify and keep alive finalizable: 0.0ms
[1.576s][debug][gc,phases,ref               ] GC(2)     FinalRef: skipped
[1.576s][debug][gc,phases,ref               ] GC(2)   Notify PhantomReferences: 0.0ms
[1.576s][debug][gc,phases,ref               ] GC(2)     PhantomRef: skipped
[1.576s][debug][gc,phases,ref               ] GC(2)   SoftReference:
[1.576s][debug][gc,phases,ref               ] GC(2)     Discovered: 0
[1.576s][debug][gc,phases,ref               ] GC(2)     Cleared: 0
[1.576s][debug][gc,phases,ref               ] GC(2)   WeakReference:
[1.576s][debug][gc,phases,ref               ] GC(2)     Discovered: 0
[1.576s][debug][gc,phases,ref               ] GC(2)     Cleared: 0
[1.576s][debug][gc,phases,ref               ] GC(2)   FinalReference:
[1.576s][debug][gc,phases,ref               ] GC(2)     Discovered: 0
[1.576s][debug][gc,phases,ref               ] GC(2)     Cleared: 0
[1.576s][debug][gc,phases,ref               ] GC(2)   PhantomReference:
[1.576s][debug][gc,phases,ref               ] GC(2)     Discovered: 0
[1.576s][debug][gc,phases,ref               ] GC(2)     Cleared: 0
[1.576s][debug][gc,age                      ] GC(2) Desired survivor size 1048576 bytes, new threshold 1 (max threshold 6)
[1.576s][trace][gc,age                      ] GC(2) Age table with threshold 1 (max threshold 6)
[1.576s][trace][gc,age                      ] GC(2) - age   1:    2097072 bytes,    2097072 total
[1.576s][debug][gc,plab                     ] GC(2) Young PLAB allocation: allocated: 2097152B, wasted: 80B, unused: 0B, used: 2097072B, undo waste: 0B,
[1.576s][debug][gc,plab                     ] GC(2) Young sizing: calculated: 2097072B, actual: 1985224B
[1.576s][trace][gc,phases                   ] GC(2) ParNew (Allocation Failure) 6.644ms
[1.576s][trace][gc,phases                   ] GC(2) Collect gen: ParNew 6.679ms
[1.576s][info ][gc,heap                     ] GC(2) ParNew: 18432K->2048K(18432K)
[1.576s][info ][gc,heap                     ] GC(2) CMS: 9223K->11653K(40960K)
[1.576s][info ][gc,metaspace                ] GC(2) Metaspace: 6832K->6832K(1056768K)
[1.576s][trace][gc,tlab                     ] GC(2) TLAB new size: thread: 0x00007ff7a3004000 [id: 8963] refills 50  alloc: 0.983630 desired_size: 40929 -> 41256
[1.576s][trace][gc,tlab                     ] GC(2) TLAB new size: thread: 0x00007ff783019800 [id: 12035] refills 50  alloc: 0.999999 desired_size: 41943 -> 41943
[1.576s][trace][gc,tlab                     ] GC(2) TLAB new size: thread: 0x00007ff7a3801000 [id: 17923] refills 50  alloc: 0.500000 desired_size: 20971 -> 20971
[1.576s][trace][gc,tlab                     ] GC(2) TLAB new size: thread: 0x00007ff7a3029800 [id: 13315] refills 50  alloc: 0.999999 desired_size: 41943 -> 41943
[1.576s][trace][gc,tlab                     ] GC(2) TLAB new size: thread: 0x00007ff7a3808000 [id: 15875] refills 50  alloc: 0.999999 desired_size: 41943 -> 41943
[1.576s][trace][gc,tlab                     ] GC(2) TLAB new size: thread: 0x00007ff78301a800 [id: 13571] refills 50  alloc: 0.325027 desired_size: 13632 -> 13632
[1.576s][trace][gc,tlab                     ] GC(2) TLAB new size: thread: 0x00007ff78301d800 [id: 14339] refills 50  alloc: 0.999999 desired_size: 41943 -> 41943
[1.576s][trace][gc,tlab                     ] GC(2) TLAB new size: thread: 0x00007ff793003000 [id: 14851] refills 50  alloc: 0.999999 desired_size: 41943 -> 41943
[1.576s][trace][gc,tlab                     ] GC(2) TLAB new size: thread: 0x00007ff7a3882800 [id: 43267] refills 50  alloc: 0.999999 desired_size: 41943 -> 41943
[1.576s][trace][gc,tlab                     ] GC(2) TLAB new size: thread: 0x00007ff7a5816000 [id: 42755] refills 50  alloc: 0.500000 desired_size: 20971 -> 20971
[1.576s][trace][gc,tlab                     ] GC(2) TLAB new size: thread: 0x00007ff7a5817000 [id: 41987] refills 50  alloc: 0.999999 desired_size: 41943 -> 41943
[1.576s][debug][gc,freelist,stats           ] After GC:
[1.576s][debug][gc,freelist,stats           ] Statistics for BinaryTreeDictionary:
[1.576s][debug][gc,freelist,stats           ] ------------------------------------
[1.576s][debug][gc,freelist,stats           ] Total Free Space: 3702301
[1.576s][debug][gc,freelist,stats           ] Max   Chunk Size: 3702301
[1.576s][debug][gc,freelist,stats           ] Number of Blocks: 1
[1.576s][debug][gc,freelist,stats           ] Av.  Block  Size: 3702301
[1.576s][debug][gc,freelist,stats           ] Tree      Height: 1
[1.576s][trace][gc,freelist,stats           ] Statistics for IndexedFreeLists:
[1.576s][trace][gc,freelist,stats           ] --------------------------------
[1.576s][trace][gc,freelist,stats           ] Total Free Space: 32564
[1.576s][trace][gc,freelist,stats           ] Max   Chunk Size: 130
[1.576s][trace][gc,freelist,stats           ] Number of Blocks: 2735
[1.576s][trace][gc,freelist,stats           ] Av.  Block  Size: 11
[1.576s][trace][gc,freelist,stats           ]  free=3734865 frag=0.0174
[1.576s][info ][gc                          ] GC(2) Pause Young (Allocation Failure) 27M->13M(58M) 6.842ms
[1.576s][info ][gc,cpu                      ] GC(2) User=0.01s Sys=0.00s Real=0.01s
[1.576s][debug][gc,heap                     ] GC(2) Heap after GC invocations=3 (full 0): par new generation   total 18432K, used 2048K [0x00000007fc400000, 0x00000007fd800000, 0x00000007fd800000)
[1.576s][debug][gc,heap                     ] GC(2)   eden space 16384K,   0% used [0x00000007fc400000, 0x00000007fc400000, 0x00000007fd400000)
[1.576s][debug][gc,heap                     ] GC(2)   from space 2048K, 100% used [0x00000007fd600000, 0x00000007fd800000, 0x00000007fd800000)
[1.576s][debug][gc,heap                     ] GC(2)   to   space 2048K,   0% used [0x00000007fd400000, 0x00000007fd400000, 0x00000007fd600000)
[1.576s][debug][gc,heap                     ] GC(2)  concurrent mark-sweep generation total 40960K, used 11653K [0x00000007fd800000, 0x0000000800000000, 0x0000000800000000)
[1.576s][debug][gc,heap                     ] GC(2)  Metaspace       used 6832K, capacity 6934K, committed 7168K, reserved 1056768K
[1.576s][debug][gc,heap                     ] GC(2)   class space    used 609K, capacity 647K, committed 768K, reserved 1048576K
[1.576s][trace][gc,promotion                ] CMS: promo attempt is safe: available(30009992) >= av_promo(5359466), max_promo(2097176)
[1.576s][trace][gc,tlab                     ] ThreadLocalAllocBuffer::compute_size(8) returns 41264
[1.576s][trace][gc,tlab                     ] TLAB: fill thread: 0x00007ff7a3004000 [id: 8963] desired_size: 322KB slow allocs: 0  refill waste: 5152B alloc: 0.98363      317KB refills: 1 waste  0.0% gc: 0B slow: 0B fast: 0B
[1.591s][trace][gc,tlab                     ] ThreadLocalAllocBuffer::compute_size(4) returns 41260
[1.591s][trace][gc,tlab                     ] TLAB: fill thread: 0x00007ff7a3004000 [id: 8963] desired_size: 322KB slow allocs: 0  refill waste: 5152B alloc: 0.98363      634KB refills: 2 waste  0.1% gc: 0B slow: 584B fast: 0B
[1.605s][trace][gc,tlab                     ] ThreadLocalAllocBuffer::compute_size(8) returns 41264
[1.605s][trace][gc,tlab                     ] TLAB: fill thread: 0x00007ff7a3004000 [id: 8963] desired_size: 322KB slow allocs: 0  refill waste: 5152B alloc: 0.98363      951KB refills: 3 waste  0.1% gc: 0B slow: 1168B fast: 0B
[1.620s][trace][gc,tlab                     ] ThreadLocalAllocBuffer::compute_size(8) returns 41264
[1.620s][trace][gc,tlab                     ] TLAB: fill thread: 0x00007ff7a3004000 [id: 8963] desired_size: 322KB slow allocs: 0  refill waste: 5152B alloc: 0.98363     1268KB refills: 4 waste  0.1% gc: 0B slow: 1752B fast: 0B
[1.634s][trace][gc,tlab                     ] ThreadLocalAllocBuffer::compute_size(4) returns 41260
[1.634s][trace][gc,tlab                     ] TLAB: fill thread: 0x00007ff7a3004000 [id: 8963] desired_size: 322KB slow allocs: 0  refill waste: 5152B alloc: 0.98363     1585KB refills: 5 waste  0.1% gc: 0B slow: 2336B fast: 0B
[1.648s][trace][gc,tlab                     ] ThreadLocalAllocBuffer::compute_size(8) returns 41264
[1.648s][trace][gc,tlab                     ] TLAB: fill thread: 0x00007ff7a3004000 [id: 8963] desired_size: 322KB slow allocs: 0  refill waste: 5152B alloc: 0.98363     1903KB refills: 6 waste  0.1% gc: 0B slow: 2920B fast: 0B
[1.660s][trace][gc,tlab                     ] ThreadLocalAllocBuffer::compute_size(8) returns 41264
[1.660s][trace][gc,tlab                     ] TLAB: fill thread: 0x00007ff7a3004000 [id: 8963] desired_size: 322KB slow allocs: 0  refill waste: 5152B alloc: 0.98363     2220KB refills: 7 waste  0.2% gc: 0B slow: 3504B fast: 0B
[1.673s][trace][gc,tlab                     ] ThreadLocalAllocBuffer::compute_size(4) returns 41260
[1.673s][trace][gc,tlab                     ] TLAB: fill thread: 0x00007ff7a3004000 [id: 8963] desired_size: 322KB slow allocs: 0  refill waste: 5152B alloc: 0.98363     2537KB refills: 8 waste  0.2% gc: 0B slow: 4088B fast: 0B
[1.686s][trace][gc,tlab                     ] ThreadLocalAllocBuffer::compute_size(8) returns 41264
[1.686s][trace][gc,tlab                     ] TLAB: fill thread: 0x00007ff7a3004000 [id: 8963] desired_size: 322KB slow allocs: 0  refill waste: 5152B alloc: 0.98363     2854KB refills: 9 waste  0.2% gc: 0B slow: 4672B fast: 0B
[1.698s][trace][gc,tlab                     ] ThreadLocalAllocBuffer::compute_size(8) returns 41264
[1.698s][trace][gc,tlab                     ] TLAB: fill thread: 0x00007ff7a3004000 [id: 8963] desired_size: 322KB slow allocs: 0  refill waste: 5152B alloc: 0.98363     3171KB refills: 10 waste  0.2% gc: 0B slow: 5256B fast: 0B
[1.712s][trace][gc,tlab                     ] ThreadLocalAllocBuffer::compute_size(4) returns 41260
[1.712s][trace][gc,tlab                     ] TLAB: fill thread: 0x00007ff7a3004000 [id: 8963] desired_size: 322KB slow allocs: 0  refill waste: 5152B alloc: 0.98363     3488KB refills: 11 waste  0.2% gc: 0B slow: 5840B fast: 0B
[1.726s][trace][gc,tlab                     ] ThreadLocalAllocBuffer::compute_size(8) returns 41264
[1.726s][trace][gc,tlab                     ] TLAB: fill thread: 0x00007ff7a3004000 [id: 8963] desired_size: 322KB slow allocs: 0  refill waste: 5152B alloc: 0.98363     3805KB refills: 12 waste  0.2% gc: 0B slow: 6424B fast: 0B
[1.741s][trace][gc,tlab                     ] ThreadLocalAllocBuffer::compute_size(8) returns 41264
[1.741s][trace][gc,tlab                     ] TLAB: fill thread: 0x00007ff7a3004000 [id: 8963] desired_size: 322KB slow allocs: 0  refill waste: 5152B alloc: 0.98363     4122KB refills: 13 waste  0.2% gc: 0B slow: 7008B fast: 0B
[1.754s][trace][gc,tlab                     ] ThreadLocalAllocBuffer::compute_size(4) returns 41260
[1.754s][trace][gc,tlab                     ] TLAB: fill thread: 0x00007ff7a3004000 [id: 8963] desired_size: 322KB slow allocs: 0  refill waste: 5152B alloc: 0.98363     4439KB refills: 14 waste  0.2% gc: 0B slow: 7592B fast: 0B
[1.767s][trace][gc,tlab                     ] ThreadLocalAllocBuffer::compute_size(8) returns 41264
[1.767s][trace][gc,tlab                     ] TLAB: fill thread: 0x00007ff7a3004000 [id: 8963] desired_size: 322KB slow allocs: 0  refill waste: 5152B alloc: 0.98363     4756KB refills: 15 waste  0.2% gc: 0B slow: 8176B fast: 0B
[1.781s][trace][gc,tlab                     ] ThreadLocalAllocBuffer::compute_size(8) returns 41264
[1.781s][trace][gc,tlab                     ] TLAB: fill thread: 0x00007ff7a3004000 [id: 8963] desired_size: 322KB slow allocs: 0  refill waste: 5152B alloc: 0.98363     5073KB refills: 16 waste  0.2% gc: 0B slow: 8760B fast: 0B
[1.795s][trace][gc,tlab                     ] ThreadLocalAllocBuffer::compute_size(4) returns 41260
[1.795s][trace][gc,tlab                     ] TLAB: fill thread: 0x00007ff7a3004000 [id: 8963] desired_size: 322KB slow allocs: 0  refill waste: 5152B alloc: 0.98363     5391KB refills: 17 waste  0.2% gc: 0B slow: 9344B fast: 0B
[1.809s][trace][gc,tlab                     ] ThreadLocalAllocBuffer::compute_size(8) returns 41264
[1.809s][trace][gc,tlab                     ] TLAB: fill thread: 0x00007ff7a3004000 [id: 8963] desired_size: 322KB slow allocs: 0  refill waste: 5152B alloc: 0.98363     5708KB refills: 18 waste  0.2% gc: 0B slow: 9928B fast: 0B
[1.824s][trace][gc,tlab                     ] ThreadLocalAllocBuffer::compute_size(8) returns 41264
[1.824s][trace][gc,tlab                     ] TLAB: fill thread: 0x00007ff7a3004000 [id: 8963] desired_size: 322KB slow allocs: 0  refill waste: 5152B alloc: 0.98363     6025KB refills: 19 waste  0.2% gc: 0B slow: 10512B fast: 0B
[1.838s][trace][gc,tlab                     ] ThreadLocalAllocBuffer::compute_size(4) returns 41260
[1.838s][trace][gc,tlab                     ] TLAB: fill thread: 0x00007ff7a3004000 [id: 8963] desired_size: 322KB slow allocs: 0  refill waste: 5152B alloc: 0.98363     6342KB refills: 20 waste  0.2% gc: 0B slow: 11096B fast: 0B
[1.850s][trace][gc,tlab                     ] ThreadLocalAllocBuffer::compute_size(8) returns 41264
[1.850s][trace][gc,tlab                     ] TLAB: fill thread: 0x00007ff7a3004000 [id: 8963] desired_size: 322KB slow allocs: 0  refill waste: 5152B alloc: 0.98363     6659KB refills: 21 waste  0.2% gc: 0B slow: 11680B fast: 0B
[1.863s][trace][gc,tlab                     ] ThreadLocalAllocBuffer::compute_size(8) returns 41264
[1.863s][trace][gc,tlab                     ] TLAB: fill thread: 0x00007ff7a3004000 [id: 8963] desired_size: 322KB slow allocs: 0  refill waste: 5152B alloc: 0.98363     6976KB refills: 22 waste  0.2% gc: 0B slow: 12264B fast: 0B
[1.875s][trace][gc,tlab                     ] ThreadLocalAllocBuffer::compute_size(4) returns 41260
[1.875s][trace][gc,tlab                     ] TLAB: fill thread: 0x00007ff7a3004000 [id: 8963] desired_size: 322KB slow allocs: 0  refill waste: 5152B alloc: 0.98363     7293KB refills: 23 waste  0.2% gc: 0B slow: 12848B fast: 0B
[1.888s][trace][gc,tlab                     ] ThreadLocalAllocBuffer::compute_size(8) returns 41264
[1.888s][trace][gc,tlab                     ] TLAB: fill thread: 0x00007ff7a3004000 [id: 8963] desired_size: 322KB slow allocs: 0  refill waste: 5152B alloc: 0.98363     7610KB refills: 24 waste  0.2% gc: 0B slow: 13432B fast: 0B
[1.902s][trace][gc,tlab                     ] ThreadLocalAllocBuffer::compute_size(8) returns 41264
[1.902s][trace][gc,tlab                     ] TLAB: fill thread: 0x00007ff7a3004000 [id: 8963] desired_size: 322KB slow allocs: 0  refill waste: 5152B alloc: 0.98363     7927KB refills: 25 waste  0.2% gc: 0B slow: 14016B fast: 0B
[1.918s][trace][gc,tlab                     ] ThreadLocalAllocBuffer::compute_size(4) returns 41260
[1.918s][trace][gc,tlab                     ] TLAB: fill thread: 0x00007ff7a3004000 [id: 8963] desired_size: 322KB slow allocs: 0  refill waste: 5152B alloc: 0.98363     8244KB refills: 26 waste  0.2% gc: 0B slow: 14600B fast: 0B
[1.932s][trace][gc,tlab                     ] ThreadLocalAllocBuffer::compute_size(8) returns 41264
[1.932s][trace][gc,tlab                     ] TLAB: fill thread: 0x00007ff7a3004000 [id: 8963] desired_size: 322KB slow allocs: 0  refill waste: 5152B alloc: 0.98363     8561KB refills: 27 waste  0.2% gc: 0B slow: 15184B fast: 0B
[1.947s][trace][gc,tlab                     ] ThreadLocalAllocBuffer::compute_size(8) returns 41264
[1.947s][trace][gc,tlab                     ] TLAB: fill thread: 0x00007ff7a3004000 [id: 8963] desired_size: 322KB slow allocs: 0  refill waste: 5152B alloc: 0.98363     8878KB refills: 28 waste  0.2% gc: 0B slow: 15768B fast: 0B
[1.960s][trace][gc,tlab                     ] ThreadLocalAllocBuffer::compute_size(4) returns 41260
[1.960s][trace][gc,tlab                     ] TLAB: fill thread: 0x00007ff7a3004000 [id: 8963] desired_size: 322KB slow allocs: 0  refill waste: 5152B alloc: 0.98363     9196KB refills: 29 waste  0.2% gc: 0B slow: 16352B fast: 0B
[1.974s][trace][gc,tlab                     ] ThreadLocalAllocBuffer::compute_size(8) returns 41264
[1.974s][trace][gc,tlab                     ] TLAB: fill thread: 0x00007ff7a3004000 [id: 8963] desired_size: 322KB slow allocs: 0  refill waste: 5152B alloc: 0.98363     9513KB refills: 30 waste  0.2% gc: 0B slow: 16936B fast: 0B
[1.987s][trace][gc,tlab                     ] ThreadLocalAllocBuffer::compute_size(8) returns 41264
[1.987s][trace][gc,tlab                     ] TLAB: fill thread: 0x00007ff7a3004000 [id: 8963] desired_size: 322KB slow allocs: 0  refill waste: 5152B alloc: 0.98363     9830KB refills: 31 waste  0.2% gc: 0B slow: 17520B fast: 0B
[2.002s][trace][gc,tlab                     ] ThreadLocalAllocBuffer::compute_size(4) returns 41260
[2.002s][trace][gc,tlab                     ] TLAB: fill thread: 0x00007ff7a3004000 [id: 8963] desired_size: 322KB slow allocs: 0  refill waste: 5152B alloc: 0.98363    10147KB refills: 32 waste  0.2% gc: 0B slow: 18104B fast: 0B
[2.018s][trace][gc,tlab                     ] ThreadLocalAllocBuffer::compute_size(8) returns 41264
[2.018s][trace][gc,tlab                     ] TLAB: fill thread: 0x00007ff7a3004000 [id: 8963] desired_size: 322KB slow allocs: 0  refill waste: 5152B alloc: 0.98363    10464KB refills: 33 waste  0.2% gc: 0B slow: 18688B fast: 0B
[2.032s][trace][gc,tlab                     ] ThreadLocalAllocBuffer::compute_size(8) returns 41264
[2.032s][trace][gc,tlab                     ] TLAB: fill thread: 0x00007ff7a3004000 [id: 8963] desired_size: 322KB slow allocs: 0  refill waste: 5152B alloc: 0.98363    10781KB refills: 34 waste  0.2% gc: 0B slow: 19272B fast: 0B
[2.045s][trace][gc,tlab                     ] ThreadLocalAllocBuffer::compute_size(4) returns 41260
[2.045s][trace][gc,tlab                     ] TLAB: fill thread: 0x00007ff7a3004000 [id: 8963] desired_size: 322KB slow allocs: 0  refill waste: 5152B alloc: 0.98363    11098KB refills: 35 waste  0.2% gc: 0B slow: 19856B fast: 0B
[2.057s][trace][gc,tlab                     ] ThreadLocalAllocBuffer::compute_size(8) returns 41264
[2.057s][trace][gc,tlab                     ] TLAB: fill thread: 0x00007ff7a3004000 [id: 8963] desired_size: 322KB slow allocs: 0  refill waste: 5152B alloc: 0.98363    11415KB refills: 36 waste  0.2% gc: 0B slow: 20440B fast: 0B
[2.070s][trace][gc,tlab                     ] ThreadLocalAllocBuffer::compute_size(8) returns 41264
[2.070s][trace][gc,tlab                     ] TLAB: fill thread: 0x00007ff7a3004000 [id: 8963] desired_size: 322KB slow allocs: 0  refill waste: 5152B alloc: 0.98363    11732KB refills: 37 waste  0.2% gc: 0B slow: 21024B fast: 0B
[2.082s][trace][gc,tlab                     ] ThreadLocalAllocBuffer::compute_size(4) returns 41260
[2.082s][trace][gc,tlab                     ] TLAB: fill thread: 0x00007ff7a3004000 [id: 8963] desired_size: 322KB slow allocs: 0  refill waste: 5152B alloc: 0.98363    12049KB refills: 38 waste  0.2% gc: 0B slow: 21608B fast: 0B
[2.095s][trace][gc,tlab                     ] ThreadLocalAllocBuffer::compute_size(8) returns 41264
[2.095s][trace][gc,tlab                     ] TLAB: fill thread: 0x00007ff7a3004000 [id: 8963] desired_size: 322KB slow allocs: 0  refill waste: 5152B alloc: 0.98363    12366KB refills: 39 waste  0.2% gc: 0B slow: 22192B fast: 0B
[2.108s][trace][gc,tlab                     ] ThreadLocalAllocBuffer::compute_size(8) returns 41264
[2.108s][trace][gc,tlab                     ] TLAB: fill thread: 0x00007ff7a3004000 [id: 8963] desired_size: 322KB slow allocs: 0  refill waste: 5152B alloc: 0.98363    12684KB refills: 40 waste  0.2% gc: 0B slow: 22776B fast: 0B
[2.121s][trace][gc,tlab                     ] ThreadLocalAllocBuffer::compute_size(4) returns 41260
[2.121s][trace][gc,tlab                     ] TLAB: fill thread: 0x00007ff7a3004000 [id: 8963] desired_size: 322KB slow allocs: 0  refill waste: 5152B alloc: 0.98363    13001KB refills: 41 waste  0.2% gc: 0B slow: 23360B fast: 0B
[2.133s][trace][gc,tlab                     ] ThreadLocalAllocBuffer::compute_size(8) returns 41264
[2.133s][trace][gc,tlab                     ] TLAB: fill thread: 0x00007ff7a3004000 [id: 8963] desired_size: 322KB slow allocs: 0  refill waste: 5152B alloc: 0.98363    13318KB refills: 42 waste  0.2% gc: 0B slow: 23944B fast: 0B
[2.147s][trace][gc,tlab                     ] ThreadLocalAllocBuffer::compute_size(8) returns 41264
[2.147s][trace][gc,tlab                     ] TLAB: fill thread: 0x00007ff7a3004000 [id: 8963] desired_size: 322KB slow allocs: 0  refill waste: 5152B alloc: 0.98363    13635KB refills: 43 waste  0.2% gc: 0B slow: 24528B fast: 0B
[2.159s][trace][gc,tlab                     ] ThreadLocalAllocBuffer::compute_size(4) returns 41260
[2.159s][trace][gc,tlab                     ] TLAB: fill thread: 0x00007ff7a3004000 [id: 8963] desired_size: 322KB slow allocs: 0  refill waste: 5152B alloc: 0.98363    13952KB refills: 44 waste  0.2% gc: 0B slow: 25112B fast: 0B
[2.172s][trace][gc,tlab                     ] ThreadLocalAllocBuffer::compute_size(8) returns 41264
[2.172s][trace][gc,tlab                     ] TLAB: fill thread: 0x00007ff7a3004000 [id: 8963] desired_size: 322KB slow allocs: 0  refill waste: 5152B alloc: 0.98363    14269KB refills: 45 waste  0.2% gc: 0B slow: 25696B fast: 0B
[2.187s][trace][gc,tlab                     ] ThreadLocalAllocBuffer::compute_size(8) returns 41264
[2.187s][trace][gc,tlab                     ] TLAB: fill thread: 0x00007ff7a3004000 [id: 8963] desired_size: 322KB slow allocs: 0  refill waste: 5152B alloc: 0.98363    14586KB refills: 46 waste  0.2% gc: 0B slow: 26280B fast: 0B
[2.201s][trace][gc,tlab                     ] ThreadLocalAllocBuffer::compute_size(4) returns 41260
[2.201s][trace][gc,tlab                     ] TLAB: fill thread: 0x00007ff7a3004000 [id: 8963] desired_size: 322KB slow allocs: 0  refill waste: 5152B alloc: 0.98363    14903KB refills: 47 waste  0.2% gc: 0B slow: 26864B fast: 0B
[2.214s][trace][gc,tlab                     ] ThreadLocalAllocBuffer::compute_size(8) returns 41264
[2.214s][trace][gc,tlab                     ] TLAB: fill thread: 0x00007ff7a3004000 [id: 8963] desired_size: 322KB slow allocs: 0  refill waste: 5152B alloc: 0.98363    15220KB refills: 48 waste  0.2% gc: 0B slow: 27448B fast: 0B
[2.228s][trace][gc,tlab                     ] ThreadLocalAllocBuffer::compute_size(8) returns 41264
[2.228s][trace][gc,tlab                     ] TLAB: fill thread: 0x00007ff7a3004000 [id: 8963] desired_size: 322KB slow allocs: 0  refill waste: 5152B alloc: 0.98363    15537KB refills: 49 waste  0.2% gc: 0B slow: 28032B fast: 0B
[2.241s][trace][gc,tlab                     ] ThreadLocalAllocBuffer::compute_size(4) returns 41260
[2.241s][trace][gc,tlab                     ] TLAB: fill thread: 0x00007ff7a3004000 [id: 8963] desired_size: 322KB slow allocs: 0  refill waste: 5152B alloc: 0.98363    15854KB refills: 50 waste  0.2% gc: 0B slow: 28616B fast: 0B
[2.254s][trace][gc,tlab                     ] ThreadLocalAllocBuffer::compute_size(8) returns 34017
[2.254s][trace][gc,tlab                     ] TLAB: fill thread: 0x00007ff7a3004000 [id: 8963] desired_size: 322KB slow allocs: 0  refill waste: 5152B alloc: 0.98363    16116KB refills: 51 waste  0.2% gc: 0B slow: 29200B fast: 0B
[2.264s][trace][gc,tlab                     ] ThreadLocalAllocBuffer::compute_size(8) returns failure
[2.264s][trace][gc,alloc                    ] GenCollectedHeap::mem_allocate_work: attempting locked slow path allocation
[2.264s][trace][gc,alloc                    ] DefNewGeneration::allocate_from_space(8):  will_fail: false  heap_lock: locked  free: 0  should_allocate_from_space: NOT returns NULL
[2.264s][trace][gc,nmethod                  ] oops_do_marking_prologue
[2.264s][trace][gc,nmethod                  ] oops_do_marking_epilogue
[2.264s][debug][gc,heap                     ] GC(3) Heap before GC invocations=3 (full 0): par new generation   total 18432K, used 18432K [0x00000007fc400000, 0x00000007fd800000, 0x00000007fd800000)
[2.264s][debug][gc,heap                     ] GC(3)   eden space 16384K, 100% used [0x00000007fc400000, 0x00000007fd400000, 0x00000007fd400000)
[2.264s][debug][gc,heap                     ] GC(3)   from space 2048K, 100% used [0x00000007fd600000, 0x00000007fd800000, 0x00000007fd800000)
[2.264s][debug][gc,heap                     ] GC(3)   to   space 2048K,   0% used [0x00000007fd400000, 0x00000007fd400000, 0x00000007fd600000)
[2.264s][debug][gc,heap                     ] GC(3)  concurrent mark-sweep generation total 40960K, used 11653K [0x00000007fd800000, 0x0000000800000000, 0x0000000800000000)
[2.264s][debug][gc,heap                     ] GC(3)  Metaspace       used 6832K, capacity 6934K, committed 7168K, reserved 1056768K
[2.264s][debug][gc,heap                     ] GC(3)   class space    used 609K, capacity 647K, committed 768K, reserved 1048576K
[2.264s][info ][gc,start                    ] GC(3) Pause Young (Allocation Failure)
[2.264s][trace][gc,tlab                     ] GC(3) TLAB: gc thread: 0x00007ff7a3004000 [id: 8963] desired_size: 322KB slow allocs: 0  refill waste: 5152B alloc: 0.98363    16116KB refills: 51 waste  0.2% gc: 0B slow: 29808B fast: 0B
[2.264s][trace][gc,tlab                     ] GC(3) TLAB: gc thread: 0x00007ff783019800 [id: 12035] desired_size: 327KB slow allocs: 0  refill waste: 5240B alloc: 1.00000    16384KB refills: 0 waste  0.0% gc: 0B slow: 0B fast: 0B
[2.264s][trace][gc,tlab                     ] GC(3) TLAB: gc thread: 0x00007ff7a3801000 [id: 17923] desired_size: 163KB slow allocs: 0  refill waste: 2616B alloc: 0.50000     8192KB refills: 0 waste  0.0% gc: 0B slow: 0B fast: 0B
[2.264s][trace][gc,tlab                     ] GC(3) TLAB: gc thread: 0x00007ff7a3029800 [id: 13315] desired_size: 327KB slow allocs: 0  refill waste: 5240B alloc: 1.00000    16384KB refills: 0 waste  0.0% gc: 0B slow: 0B fast: 0B
[2.264s][trace][gc,tlab                     ] GC(3) TLAB: gc thread: 0x00007ff7a3808000 [id: 15875] desired_size: 327KB slow allocs: 0  refill waste: 5240B alloc: 1.00000    16384KB refills: 0 waste  0.0% gc: 0B slow: 0B fast: 0B
[2.264s][trace][gc,tlab                     ] GC(3) TLAB: gc thread: 0x00007ff78301a800 [id: 13571] desired_size: 106KB slow allocs: 0  refill waste: 1704B alloc: 0.32503     5325KB refills: 0 waste  0.0% gc: 0B slow: 0B fast: 0B
[2.264s][trace][gc,tlab                     ] GC(3) TLAB: gc thread: 0x00007ff78301d800 [id: 14339] desired_size: 327KB slow allocs: 0  refill waste: 5240B alloc: 1.00000    16384KB refills: 0 waste  0.0% gc: 0B slow: 0B fast: 0B
[2.264s][trace][gc,tlab                     ] GC(3) TLAB: gc thread: 0x00007ff793003000 [id: 14851] desired_size: 327KB slow allocs: 0  refill waste: 5240B alloc: 1.00000    16384KB refills: 0 waste  0.0% gc: 0B slow: 0B fast: 0B
[2.264s][trace][gc,tlab                     ] GC(3) TLAB: gc thread: 0x00007ff7a3882800 [id: 43267] desired_size: 327KB slow allocs: 0  refill waste: 5240B alloc: 1.00000    16384KB refills: 0 waste  0.0% gc: 0B slow: 0B fast: 0B
[2.264s][trace][gc,tlab                     ] GC(3) TLAB: gc thread: 0x00007ff7a5816000 [id: 42755] desired_size: 163KB slow allocs: 0  refill waste: 2616B alloc: 0.50000     8192KB refills: 0 waste  0.0% gc: 0B slow: 0B fast: 0B
[2.264s][trace][gc,tlab                     ] GC(3) TLAB: gc thread: 0x00007ff7a5817000 [id: 41987] desired_size: 327KB slow allocs: 0  refill waste: 5240B alloc: 1.00000    16384KB refills: 0 waste  0.0% gc: 0B slow: 0B fast: 0B
[2.264s][debug][gc,tlab                     ] GC(3) TLAB totals: thrds: 1  refills: 51 max: 51 slow allocs: 0 max 0 waste:  0.2% gc: 0B max: 0B slow: 29808B max: 29808B fast: 0B max: 0B
[2.264s][debug][gc,freelist,stats           ] Before GC:
[2.264s][debug][gc,freelist,stats           ] Statistics for BinaryTreeDictionary:
[2.264s][debug][gc,freelist,stats           ] ------------------------------------
[2.264s][debug][gc,freelist,stats           ] Total Free Space: 3702301
[2.264s][debug][gc,freelist,stats           ] Max   Chunk Size: 3702301
[2.264s][debug][gc,freelist,stats           ] Number of Blocks: 1
[2.264s][debug][gc,freelist,stats           ] Av.  Block  Size: 3702301
[2.264s][debug][gc,freelist,stats           ] Tree      Height: 1
[2.264s][trace][gc,freelist,stats           ] Statistics for IndexedFreeLists:
[2.264s][trace][gc,freelist,stats           ] --------------------------------
[2.264s][trace][gc,freelist,stats           ] Total Free Space: 32564
[2.264s][trace][gc,freelist,stats           ] Max   Chunk Size: 130
[2.264s][trace][gc,freelist,stats           ] Number of Blocks: 2735
[2.264s][trace][gc,freelist,stats           ] Av.  Block  Size: 11
[2.264s][trace][gc,freelist,stats           ]  free=3734865 frag=0.0174
[2.264s][trace][gc,phases,start             ] GC(3) Collect gen: ParNew
[2.264s][trace][gc                          ] GC(3) Young invoke=4 size=64
[2.264s][trace][gc,task                     ] GC(3) GCTaskManager::calc_default_active_workers() : active_workers(): 2  new_active_workers: 2  prev_active_workers: 2
 active_workers_by_JT: 2  active_workers_by_heap_size: 2
[2.264s][trace][gc,task                     ] GC(3) WorkerManager::add_workers() : created_workers: 2
[2.264s][trace][gc,task                     ] GC(3) GC Thread: using 2 out of 10 workers
[2.264s][info ][gc,task                     ] GC(3) Using 2 workers of 10 for evacuation
[2.264s][trace][gc,promotion                ] CMS: promo attempt is safe: available(30009992) >= av_promo(5359466), max_promo(18874368)
[2.264s][trace][gc,phases,start             ] GC(3) ParNew (Allocation Failure)
[2.264s][trace][gc,nmethod                  ] GC(3) oops_do_marking_prologue
[2.264s][trace][gc,task                     ] GC(3) WorkerManager::add_workers() : created_workers: 2
[2.264s][trace][gc,task                     ] GC(3) GC Thread: using 2 out of 10 workers
[2.264s][trace][gc,nmethod                  ] GC(3)  346 %     4       TExample::main @ 18 (86 bytes)   oops_do, mark
[2.271s][trace][gc,task                     ] GC(3) WorkerManager::add_workers() : created_workers: 2
[2.271s][trace][gc,task                     ] GC(3) GC Thread: using 2 out of 10 workers
[2.271s][trace][gc,nmethod                  ] GC(3)  346 %     4       TExample::main @ 18 (86 bytes)   oops_do, unmark
[2.271s][trace][gc,nmethod                  ] GC(3) oops_do_marking_epilogue
[2.271s][trace][gc,plab                     ] GC(3) 0[3]: 103/15939/1024
[2.271s][trace][gc,plab                     ] GC(3) 0[4]: 173/20480/1024
[2.271s][trace][gc,plab                     ] GC(3) 0[8]: 879/979/979
[2.271s][trace][gc,plab                     ] GC(3) 1[3]: 998/28672/1024
[2.271s][trace][gc,plab                     ] GC(3) 1[4]: 829/24133/1024
[2.271s][trace][gc,plab                     ] GC(3) [3]: 1024
[2.271s][trace][gc,plab                     ] GC(3) [4]: 1024
[2.271s][trace][gc,plab                     ] GC(3) [8]: 502
[2.271s][debug][gc,ref                      ] GC(3) Skipped phase1 of Reference Processing due to unavailable references
[2.271s][debug][gc,ref                      ] GC(3) Skipped phase2 of Reference Processing due to unavailable references
[2.271s][debug][gc,ref                      ] GC(3) Skipped phase3 of Reference Processing due to unavailable references
[2.271s][debug][gc,ref                      ] GC(3) Skipped phase4 of Reference Processing due to unavailable references
[2.271s][debug][gc,phases,ref               ] GC(3) Reference Processing: 0.0ms
[2.271s][debug][gc,phases,ref               ] GC(3)   Reconsider SoftReferences: 0.0ms
[2.271s][debug][gc,phases,ref               ] GC(3)     SoftRef: skipped
[2.271s][debug][gc,phases,ref               ] GC(3)   Notify Soft/WeakReferences: 0.0ms
[2.271s][debug][gc,phases,ref               ] GC(3)     SoftRef: skipped
[2.271s][debug][gc,phases,ref               ] GC(3)     WeakRef: skipped
[2.271s][debug][gc,phases,ref               ] GC(3)     FinalRef: skipped
[2.271s][debug][gc,phases,ref               ] GC(3)     Total: skipped
[2.271s][debug][gc,phases,ref               ] GC(3)   Notify and keep alive finalizable: 0.0ms
[2.271s][debug][gc,phases,ref               ] GC(3)     FinalRef: skipped
[2.271s][debug][gc,phases,ref               ] GC(3)   Notify PhantomReferences: 0.0ms
[2.271s][debug][gc,phases,ref               ] GC(3)     PhantomRef: skipped
[2.271s][debug][gc,phases,ref               ] GC(3)   SoftReference:
[2.271s][debug][gc,phases,ref               ] GC(3)     Discovered: 0
[2.271s][debug][gc,phases,ref               ] GC(3)     Cleared: 0
[2.271s][debug][gc,phases,ref               ] GC(3)   WeakReference:
[2.271s][debug][gc,phases,ref               ] GC(3)     Discovered: 0
[2.271s][debug][gc,phases,ref               ] GC(3)     Cleared: 0
[2.271s][debug][gc,phases,ref               ] GC(3)   FinalReference:
[2.271s][debug][gc,phases,ref               ] GC(3)     Discovered: 0
[2.271s][debug][gc,phases,ref               ] GC(3)     Cleared: 0
[2.271s][debug][gc,phases,ref               ] GC(3)   PhantomReference:
[2.271s][debug][gc,phases,ref               ] GC(3)     Discovered: 0
[2.271s][debug][gc,phases,ref               ] GC(3)     Cleared: 0
[2.271s][debug][gc,age                      ] GC(3) Desired survivor size 1048576 bytes, new threshold 1 (max threshold 6)
[2.271s][trace][gc,age                      ] GC(3) Age table with threshold 1 (max threshold 6)
[2.271s][trace][gc,age                      ] GC(3) - age   1:    2097088 bytes,    2097088 total
[2.271s][debug][gc,plab                     ] GC(3) Young PLAB allocation: allocated: 2097152B, wasted: 64B, unused: 0B, used: 2097088B, undo waste: 0B,
[2.271s][debug][gc,plab                     ] GC(3) Young sizing: calculated: 2097088B, actual: 2069120B
[2.271s][trace][gc,phases                   ] GC(3) ParNew (Allocation Failure) 6.827ms
[2.271s][trace][gc,phases                   ] GC(3) Collect gen: ParNew 6.859ms
[2.271s][info ][gc,heap                     ] GC(3) ParNew: 18432K->2048K(18432K)
[2.271s][info ][gc,heap                     ] GC(3) CMS: 11653K->14042K(40960K)
[2.271s][info ][gc,metaspace                ] GC(3) Metaspace: 6832K->6832K(1056768K)
[2.271s][trace][gc,tlab                     ] GC(3) TLAB new size: thread: 0x00007ff7a3004000 [id: 8963] refills 50  alloc: 0.988738 desired_size: 41256 -> 41470
[2.271s][trace][gc,tlab                     ] GC(3) TLAB new size: thread: 0x00007ff783019800 [id: 12035] refills 50  alloc: 0.999999 desired_size: 41943 -> 41943
[2.271s][trace][gc,tlab                     ] GC(3) TLAB new size: thread: 0x00007ff7a3801000 [id: 17923] refills 50  alloc: 0.500000 desired_size: 20971 -> 20971
[2.271s][trace][gc,tlab                     ] GC(3) TLAB new size: thread: 0x00007ff7a3029800 [id: 13315] refills 50  alloc: 0.999999 desired_size: 41943 -> 41943
[2.271s][trace][gc,tlab                     ] GC(3) TLAB new size: thread: 0x00007ff7a3808000 [id: 15875] refills 50  alloc: 0.999999 desired_size: 41943 -> 41943
[2.271s][trace][gc,tlab                     ] GC(3) TLAB new size: thread: 0x00007ff78301a800 [id: 13571] refills 50  alloc: 0.325027 desired_size: 13632 -> 13632
[2.271s][trace][gc,tlab                     ] GC(3) TLAB new size: thread: 0x00007ff78301d800 [id: 14339] refills 50  alloc: 0.999999 desired_size: 41943 -> 41943
[2.271s][trace][gc,tlab                     ] GC(3) TLAB new size: thread: 0x00007ff793003000 [id: 14851] refills 50  alloc: 0.999999 desired_size: 41943 -> 41943
[2.271s][trace][gc,tlab                     ] GC(3) TLAB new size: thread: 0x00007ff7a3882800 [id: 43267] refills 50  alloc: 0.999999 desired_size: 41943 -> 41943
[2.271s][trace][gc,tlab                     ] GC(3) TLAB new size: thread: 0x00007ff7a5816000 [id: 42755] refills 50  alloc: 0.500000 desired_size: 20971 -> 20971
[2.271s][trace][gc,tlab                     ] GC(3) TLAB new size: thread: 0x00007ff7a5817000 [id: 41987] refills 50  alloc: 0.999999 desired_size: 41943 -> 41943
[2.271s][debug][gc,freelist,stats           ] After GC:
[2.271s][debug][gc,freelist,stats           ] Statistics for BinaryTreeDictionary:
[2.271s][debug][gc,freelist,stats           ] ------------------------------------
[2.271s][debug][gc,freelist,stats           ] Total Free Space: 3390341
[2.271s][debug][gc,freelist,stats           ] Max   Chunk Size: 3390341
[2.271s][debug][gc,freelist,stats           ] Number of Blocks: 1
[2.271s][debug][gc,freelist,stats           ] Av.  Block  Size: 3390341
[2.271s][debug][gc,freelist,stats           ] Tree      Height: 1
[2.271s][trace][gc,freelist,stats           ] Statistics for IndexedFreeLists:
[2.271s][trace][gc,freelist,stats           ] --------------------------------
[2.271s][trace][gc,freelist,stats           ] Total Free Space: 38750
[2.271s][trace][gc,freelist,stats           ] Max   Chunk Size: 130
[2.271s][trace][gc,freelist,stats           ] Number of Blocks: 3533
[2.271s][trace][gc,freelist,stats           ] Av.  Block  Size: 10
[2.271s][trace][gc,freelist,stats           ]  free=3429091 frag=0.0225
[2.271s][info ][gc                          ] GC(3) Pause Young (Allocation Failure) 29M->15M(58M) 7.000ms
[2.271s][info ][gc,cpu                      ] GC(3) User=0.02s Sys=0.00s Real=0.01s
[2.271s][debug][gc,heap                     ] GC(3) Heap after GC invocations=4 (full 0): par new generation   total 18432K, used 2048K [0x00000007fc400000, 0x00000007fd800000, 0x00000007fd800000)
[2.271s][debug][gc,heap                     ] GC(3)   eden space 16384K,   0% used [0x00000007fc400000, 0x00000007fc400000, 0x00000007fd400000)
[2.271s][debug][gc,heap                     ] GC(3)   from space 2048K, 100% used [0x00000007fd400000, 0x00000007fd600000, 0x00000007fd600000)
[2.271s][debug][gc,heap                     ] GC(3)   to   space 2048K,   0% used [0x00000007fd600000, 0x00000007fd600000, 0x00000007fd800000)
[2.271s][debug][gc,heap                     ] GC(3)  concurrent mark-sweep generation total 40960K, used 14042K [0x00000007fd800000, 0x0000000800000000, 0x0000000800000000)
[2.271s][debug][gc,heap                     ] GC(3)  Metaspace       used 6832K, capacity 6934K, committed 7168K, reserved 1056768K
[2.271s][debug][gc,heap                     ] GC(3)   class space    used 609K, capacity 647K, committed 768K, reserved 1048576K
[2.271s][trace][gc,tlab                     ] ThreadLocalAllocBuffer::compute_size(3) returns 41473
[2.271s][trace][gc,tlab                     ] TLAB: fill thread: 0x00007ff7a3004000 [id: 8963] desired_size: 323KB slow allocs: 0  refill waste: 5176B alloc: 0.98874      320KB refills: 1 waste  0.0% gc: 0B slow: 0B fast: 0B
[2.271s][trace][gc,promotion                ] CMS: promo attempt is safe: available(27563800) >= av_promo(4772092), max_promo(2429000)
[2.285s][trace][gc,tlab                     ] ThreadLocalAllocBuffer::compute_size(3) returns 41473
[2.285s][trace][gc,tlab                     ] TLAB: fill thread: 0x00007ff7a3004000 [id: 8963] desired_size: 323KB slow allocs: 0  refill waste: 5176B alloc: 0.98874      641KB refills: 2 waste  0.1% gc: 0B slow: 576B fast: 0B
[2.298s][trace][gc,tlab                     ] ThreadLocalAllocBuffer::compute_size(3) returns 41473
[2.298s][trace][gc,tlab                     ] TLAB: fill thread: 0x00007ff7a3004000 [id: 8963] desired_size: 323KB slow allocs: 0  refill waste: 5176B alloc: 0.98874      961KB refills: 3 waste  0.1% gc: 0B slow: 1152B fast: 0B
[2.312s][trace][gc,tlab                     ] ThreadLocalAllocBuffer::compute_size(8) returns 41478
[2.312s][trace][gc,tlab                     ] TLAB: fill thread: 0x00007ff7a3004000 [id: 8963] desired_size: 323KB slow allocs: 0  refill waste: 5176B alloc: 0.98874     1282KB refills: 4 waste  0.1% gc: 0B slow: 1760B fast: 0B
[2.325s][trace][gc,tlab                     ] ThreadLocalAllocBuffer::compute_size(8) returns 41478
[2.325s][trace][gc,tlab                     ] TLAB: fill thread: 0x00007ff7a3004000 [id: 8963] desired_size: 323KB slow allocs: 0  refill waste: 5176B alloc: 0.98874     1602KB refills: 5 waste  0.1% gc: 0B slow: 2376B fast: 0B
[2.339s][trace][gc,tlab                     ] ThreadLocalAllocBuffer::compute_size(4) returns 41474
[2.339s][trace][gc,tlab                     ] TLAB: fill thread: 0x00007ff7a3004000 [id: 8963] desired_size: 323KB slow allocs: 0  refill waste: 5176B alloc: 0.98874     1922KB refills: 6 waste  0.1% gc: 0B slow: 2960B fast: 0B
[2.353s][trace][gc,tlab                     ] ThreadLocalAllocBuffer::compute_size(8) returns 41478
[2.353s][trace][gc,tlab                     ] TLAB: fill thread: 0x00007ff7a3004000 [id: 8963] desired_size: 323KB slow allocs: 0  refill waste: 5176B alloc: 0.98874     2243KB refills: 7 waste  0.2% gc: 0B slow: 3544B fast: 0B
[2.367s][trace][gc,tlab                     ] ThreadLocalAllocBuffer::compute_size(8) returns 41478
[2.367s][trace][gc,tlab                     ] TLAB: fill thread: 0x00007ff7a3004000 [id: 8963] desired_size: 323KB slow allocs: 0  refill waste: 5176B alloc: 0.98874     2563KB refills: 8 waste  0.2% gc: 0B slow: 4160B fast: 0B
[2.381s][trace][gc,tlab                     ] ThreadLocalAllocBuffer::compute_size(4) returns 41474
[2.381s][trace][gc,tlab                     ] TLAB: fill thread: 0x00007ff7a3004000 [id: 8963] desired_size: 323KB slow allocs: 0  refill waste: 5176B alloc: 0.98874     2883KB refills: 9 waste  0.2% gc: 0B slow: 4744B fast: 0B
[2.393s][trace][gc,tlab                     ] ThreadLocalAllocBuffer::compute_size(8) returns 41478
[2.393s][trace][gc,tlab                     ] TLAB: fill thread: 0x00007ff7a3004000 [id: 8963] desired_size: 323KB slow allocs: 0  refill waste: 5176B alloc: 0.98874     3204KB refills: 10 waste  0.2% gc: 0B slow: 5328B fast: 0B
[2.406s][trace][gc,tlab                     ] ThreadLocalAllocBuffer::compute_size(8) returns 41478
[2.406s][trace][gc,tlab                     ] TLAB: fill thread: 0x00007ff7a3004000 [id: 8963] desired_size: 323KB slow allocs: 0  refill waste: 5176B alloc: 0.98874     3524KB refills: 11 waste  0.2% gc: 0B slow: 5944B fast: 0B
[2.419s][trace][gc,tlab                     ] ThreadLocalAllocBuffer::compute_size(4) returns 41474
[2.419s][trace][gc,tlab                     ] TLAB: fill thread: 0x00007ff7a3004000 [id: 8963] desired_size: 323KB slow allocs: 0  refill waste: 5176B alloc: 0.98874     3845KB refills: 12 waste  0.2% gc: 0B slow: 6528B fast: 0B
[2.431s][trace][gc,tlab                     ] ThreadLocalAllocBuffer::compute_size(8) returns 41478
[2.431s][trace][gc,tlab                     ] TLAB: fill thread: 0x00007ff7a3004000 [id: 8963] desired_size: 323KB slow allocs: 0  refill waste: 5176B alloc: 0.98874     4165KB refills: 13 waste  0.2% gc: 0B slow: 7112B fast: 0B
[2.444s][trace][gc,tlab                     ] ThreadLocalAllocBuffer::compute_size(8) returns 41478
[2.444s][trace][gc,tlab                     ] TLAB: fill thread: 0x00007ff7a3004000 [id: 8963] desired_size: 323KB slow allocs: 0  refill waste: 5176B alloc: 0.98874     4485KB refills: 14 waste  0.2% gc: 0B slow: 7728B fast: 0B
[2.457s][trace][gc,tlab                     ] ThreadLocalAllocBuffer::compute_size(4) returns 41474
[2.457s][trace][gc,tlab                     ] TLAB: fill thread: 0x00007ff7a3004000 [id: 8963] desired_size: 323KB slow allocs: 0  refill waste: 5176B alloc: 0.98874     4806KB refills: 15 waste  0.2% gc: 0B slow: 8312B fast: 0B
[2.469s][trace][gc,tlab                     ] ThreadLocalAllocBuffer::compute_size(8) returns 41478
[2.469s][trace][gc,tlab                     ] TLAB: fill thread: 0x00007ff7a3004000 [id: 8963] desired_size: 323KB slow allocs: 0  refill waste: 5176B alloc: 0.98874     5126KB refills: 16 waste  0.2% gc: 0B slow: 8896B fast: 0B
[2.482s][trace][gc,tlab                     ] ThreadLocalAllocBuffer::compute_size(8) returns 41478
[2.482s][trace][gc,tlab                     ] TLAB: fill thread: 0x00007ff7a3004000 [id: 8963] desired_size: 323KB slow allocs: 0  refill waste: 5176B alloc: 0.98874     5447KB refills: 17 waste  0.2% gc: 0B slow: 9512B fast: 0B
[2.494s][trace][gc,tlab                     ] ThreadLocalAllocBuffer::compute_size(4) returns 41474
[2.494s][trace][gc,tlab                     ] TLAB: fill thread: 0x00007ff7a3004000 [id: 8963] desired_size: 323KB slow allocs: 0  refill waste: 5176B alloc: 0.98874     5767KB refills: 18 waste  0.2% gc: 0B slow: 10096B fast: 0B
[2.507s][trace][gc,tlab                     ] ThreadLocalAllocBuffer::compute_size(8) returns 41478
[2.507s][trace][gc,tlab                     ] TLAB: fill thread: 0x00007ff7a3004000 [id: 8963] desired_size: 323KB slow allocs: 0  refill waste: 5176B alloc: 0.98874     6087KB refills: 19 waste  0.2% gc: 0B slow: 10680B fast: 0B
[2.520s][trace][gc,tlab                     ] ThreadLocalAllocBuffer::compute_size(8) returns 41478
[2.520s][trace][gc,tlab                     ] TLAB: fill thread: 0x00007ff7a3004000 [id: 8963] desired_size: 323KB slow allocs: 0  refill waste: 5176B alloc: 0.98874     6408KB refills: 20 waste  0.2% gc: 0B slow: 11296B fast: 0B
[2.533s][trace][gc,tlab                     ] ThreadLocalAllocBuffer::compute_size(4) returns 41474
[2.533s][trace][gc,tlab                     ] TLAB: fill thread: 0x00007ff7a3004000 [id: 8963] desired_size: 323KB slow allocs: 0  refill waste: 5176B alloc: 0.98874     6728KB refills: 21 waste  0.2% gc: 0B slow: 11880B fast: 0B
[2.546s][trace][gc,tlab                     ] ThreadLocalAllocBuffer::compute_size(8) returns 41478
[2.546s][trace][gc,tlab                     ] TLAB: fill thread: 0x00007ff7a3004000 [id: 8963] desired_size: 323KB slow allocs: 0  refill waste: 5176B alloc: 0.98874     7049KB refills: 22 waste  0.2% gc: 0B slow: 12464B fast: 0B
[2.559s][trace][gc,tlab                     ] ThreadLocalAllocBuffer::compute_size(8) returns 41478
[2.559s][trace][gc,tlab                     ] TLAB: fill thread: 0x00007ff7a3004000 [id: 8963] desired_size: 323KB slow allocs: 0  refill waste: 5176B alloc: 0.98874     7369KB refills: 23 waste  0.2% gc: 0B slow: 13080B fast: 0B
[2.573s][trace][gc,tlab                     ] ThreadLocalAllocBuffer::compute_size(4) returns 41474
[2.573s][trace][gc,tlab                     ] TLAB: fill thread: 0x00007ff7a3004000 [id: 8963] desired_size: 323KB slow allocs: 0  refill waste: 5176B alloc: 0.98874     7689KB refills: 24 waste  0.2% gc: 0B slow: 13664B fast: 0B
[2.587s][trace][gc,tlab                     ] ThreadLocalAllocBuffer::compute_size(8) returns 41478
[2.587s][trace][gc,tlab                     ] TLAB: fill thread: 0x00007ff7a3004000 [id: 8963] desired_size: 323KB slow allocs: 0  refill waste: 5176B alloc: 0.98874     8010KB refills: 25 waste  0.2% gc: 0B slow: 14248B fast: 0B
[2.601s][trace][gc,tlab                     ] ThreadLocalAllocBuffer::compute_size(8) returns 41478
[2.601s][trace][gc,tlab                     ] TLAB: fill thread: 0x00007ff7a3004000 [id: 8963] desired_size: 323KB slow allocs: 0  refill waste: 5176B alloc: 0.98874     8330KB refills: 26 waste  0.2% gc: 0B slow: 14864B fast: 0B
[2.615s][trace][gc,tlab                     ] ThreadLocalAllocBuffer::compute_size(4) returns 41474
[2.615s][trace][gc,tlab                     ] TLAB: fill thread: 0x00007ff7a3004000 [id: 8963] desired_size: 323KB slow allocs: 0  refill waste: 5176B alloc: 0.98874     8650KB refills: 27 waste  0.2% gc: 0B slow: 15448B fast: 0B
[2.628s][trace][gc,tlab                     ] ThreadLocalAllocBuffer::compute_size(8) returns 41478
[2.628s][trace][gc,tlab                     ] TLAB: fill thread: 0x00007ff7a3004000 [id: 8963] desired_size: 323KB slow allocs: 0  refill waste: 5176B alloc: 0.98874     8971KB refills: 28 waste  0.2% gc: 0B slow: 16032B fast: 0B
[2.641s][trace][gc,tlab                     ] ThreadLocalAllocBuffer::compute_size(8) returns 41478
[2.641s][trace][gc,tlab                     ] TLAB: fill thread: 0x00007ff7a3004000 [id: 8963] desired_size: 323KB slow allocs: 0  refill waste: 5176B alloc: 0.98874     9291KB refills: 29 waste  0.2% gc: 0B slow: 16648B fast: 0B
[2.654s][trace][gc,tlab                     ] ThreadLocalAllocBuffer::compute_size(4) returns 41474
[2.654s][trace][gc,tlab                     ] TLAB: fill thread: 0x00007ff7a3004000 [id: 8963] desired_size: 323KB slow allocs: 0  refill waste: 5176B alloc: 0.98874     9612KB refills: 30 waste  0.2% gc: 0B slow: 17232B fast: 0B
[2.666s][trace][gc,tlab                     ] ThreadLocalAllocBuffer::compute_size(8) returns 41478
[2.666s][trace][gc,tlab                     ] TLAB: fill thread: 0x00007ff7a3004000 [id: 8963] desired_size: 323KB slow allocs: 0  refill waste: 5176B alloc: 0.98874     9932KB refills: 31 waste  0.2% gc: 0B slow: 17816B fast: 0B
[2.679s][trace][gc,tlab                     ] ThreadLocalAllocBuffer::compute_size(8) returns 41478
[2.679s][trace][gc,tlab                     ] TLAB: fill thread: 0x00007ff7a3004000 [id: 8963] desired_size: 323KB slow allocs: 0  refill waste: 5176B alloc: 0.98874    10252KB refills: 32 waste  0.2% gc: 0B slow: 18432B fast: 0B
[2.691s][trace][gc,tlab                     ] ThreadLocalAllocBuffer::compute_size(4) returns 41474
[2.691s][trace][gc,tlab                     ] TLAB: fill thread: 0x00007ff7a3004000 [id: 8963] desired_size: 323KB slow allocs: 0  refill waste: 5176B alloc: 0.98874    10573KB refills: 33 waste  0.2% gc: 0B slow: 19016B fast: 0B
[2.704s][trace][gc,tlab                     ] ThreadLocalAllocBuffer::compute_size(8) returns 41478
[2.704s][trace][gc,tlab                     ] TLAB: fill thread: 0x00007ff7a3004000 [id: 8963] desired_size: 323KB slow allocs: 0  refill waste: 5176B alloc: 0.98874    10893KB refills: 34 waste  0.2% gc: 0B slow: 19600B fast: 0B
[2.717s][trace][gc,tlab                     ] ThreadLocalAllocBuffer::compute_size(8) returns 41478
[2.717s][trace][gc,tlab                     ] TLAB: fill thread: 0x00007ff7a3004000 [id: 8963] desired_size: 323KB slow allocs: 0  refill waste: 5176B alloc: 0.98874    11214KB refills: 35 waste  0.2% gc: 0B slow: 20216B fast: 0B
[2.730s][trace][gc,tlab                     ] ThreadLocalAllocBuffer::compute_size(4) returns 41474
[2.730s][trace][gc,tlab                     ] TLAB: fill thread: 0x00007ff7a3004000 [id: 8963] desired_size: 323KB slow allocs: 0  refill waste: 5176B alloc: 0.98874    11534KB refills: 36 waste  0.2% gc: 0B slow: 20800B fast: 0B
[2.743s][trace][gc,tlab                     ] ThreadLocalAllocBuffer::compute_size(8) returns 41478
[2.743s][trace][gc,tlab                     ] TLAB: fill thread: 0x00007ff7a3004000 [id: 8963] desired_size: 323KB slow allocs: 0  refill waste: 5176B alloc: 0.98874    11854KB refills: 37 waste  0.2% gc: 0B slow: 21384B fast: 0B
[2.756s][trace][gc,tlab                     ] ThreadLocalAllocBuffer::compute_size(8) returns 41478
[2.756s][trace][gc,tlab                     ] TLAB: fill thread: 0x00007ff7a3004000 [id: 8963] desired_size: 323KB slow allocs: 0  refill waste: 5176B alloc: 0.98874    12175KB refills: 38 waste  0.2% gc: 0B slow: 22000B fast: 0B
[2.770s][trace][gc,tlab                     ] ThreadLocalAllocBuffer::compute_size(4) returns 41474
[2.770s][trace][gc,tlab                     ] TLAB: fill thread: 0x00007ff7a3004000 [id: 8963] desired_size: 323KB slow allocs: 0  refill waste: 5176B alloc: 0.98874    12495KB refills: 39 waste  0.2% gc: 0B slow: 22584B fast: 0B
[2.784s][trace][gc,tlab                     ] ThreadLocalAllocBuffer::compute_size(8) returns 41478
[2.784s][trace][gc,tlab                     ] TLAB: fill thread: 0x00007ff7a3004000 [id: 8963] desired_size: 323KB slow allocs: 0  refill waste: 5176B alloc: 0.98874    12815KB refills: 40 waste  0.2% gc: 0B slow: 23168B fast: 0B
[2.797s][trace][gc,tlab                     ] ThreadLocalAllocBuffer::compute_size(8) returns 41478
[2.797s][trace][gc,tlab                     ] TLAB: fill thread: 0x00007ff7a3004000 [id: 8963] desired_size: 323KB slow allocs: 0  refill waste: 5176B alloc: 0.98874    13136KB refills: 41 waste  0.2% gc: 0B slow: 23784B fast: 0B
[2.811s][trace][gc,tlab                     ] ThreadLocalAllocBuffer::compute_size(4) returns 41474
[2.811s][trace][gc,tlab                     ] TLAB: fill thread: 0x00007ff7a3004000 [id: 8963] desired_size: 323KB slow allocs: 0  refill waste: 5176B alloc: 0.98874    13456KB refills: 42 waste  0.2% gc: 0B slow: 24368B fast: 0B
[2.825s][trace][gc,tlab                     ] ThreadLocalAllocBuffer::compute_size(8) returns 41478
[2.825s][trace][gc,tlab                     ] TLAB: fill thread: 0x00007ff7a3004000 [id: 8963] desired_size: 323KB slow allocs: 0  refill waste: 5176B alloc: 0.98874    13777KB refills: 43 waste  0.2% gc: 0B slow: 24952B fast: 0B
[2.839s][trace][gc,tlab                     ] ThreadLocalAllocBuffer::compute_size(8) returns 41478
[2.839s][trace][gc,tlab                     ] TLAB: fill thread: 0x00007ff7a3004000 [id: 8963] desired_size: 323KB slow allocs: 0  refill waste: 5176B alloc: 0.98874    14097KB refills: 44 waste  0.2% gc: 0B slow: 25568B fast: 0B
[2.852s][trace][gc,tlab                     ] ThreadLocalAllocBuffer::compute_size(4) returns 41474
[2.852s][trace][gc,tlab                     ] TLAB: fill thread: 0x00007ff7a3004000 [id: 8963] desired_size: 323KB slow allocs: 0  refill waste: 5176B alloc: 0.98874    14417KB refills: 45 waste  0.2% gc: 0B slow: 26152B fast: 0B
[2.865s][trace][gc,tlab                     ] ThreadLocalAllocBuffer::compute_size(8) returns 41478
[2.865s][trace][gc,tlab                     ] TLAB: fill thread: 0x00007ff7a3004000 [id: 8963] desired_size: 323KB slow allocs: 0  refill waste: 5176B alloc: 0.98874    14738KB refills: 46 waste  0.2% gc: 0B slow: 26736B fast: 0B
[2.878s][trace][gc,tlab                     ] ThreadLocalAllocBuffer::compute_size(8) returns 41478
[2.878s][trace][gc,tlab                     ] TLAB: fill thread: 0x00007ff7a3004000 [id: 8963] desired_size: 323KB slow allocs: 0  refill waste: 5176B alloc: 0.98874    15058KB refills: 47 waste  0.2% gc: 0B slow: 27352B fast: 0B
[2.891s][trace][gc,tlab                     ] ThreadLocalAllocBuffer::compute_size(4) returns 41474
[2.891s][trace][gc,tlab                     ] TLAB: fill thread: 0x00007ff7a3004000 [id: 8963] desired_size: 323KB slow allocs: 0  refill waste: 5176B alloc: 0.98874    15379KB refills: 48 waste  0.2% gc: 0B slow: 27936B fast: 0B
[2.905s][trace][gc,tlab                     ] ThreadLocalAllocBuffer::compute_size(8) returns 41478
[2.905s][trace][gc,tlab                     ] TLAB: fill thread: 0x00007ff7a3004000 [id: 8963] desired_size: 323KB slow allocs: 0  refill waste: 5176B alloc: 0.98874    15699KB refills: 49 waste  0.2% gc: 0B slow: 28520B fast: 0B
[2.921s][trace][gc,tlab                     ] ThreadLocalAllocBuffer::compute_size(8) returns 41478
[2.921s][trace][gc,tlab                     ] TLAB: fill thread: 0x00007ff7a3004000 [id: 8963] desired_size: 323KB slow allocs: 0  refill waste: 5176B alloc: 0.98874    16019KB refills: 50 waste  0.2% gc: 0B slow: 29136B fast: 0B
[2.936s][trace][gc,tlab                     ] ThreadLocalAllocBuffer::compute_size(4) returns 23319
[2.936s][trace][gc,tlab                     ] TLAB: fill thread: 0x00007ff7a3004000 [id: 8963] desired_size: 323KB slow allocs: 0  refill waste: 5176B alloc: 0.98874    16199KB refills: 51 waste  0.2% gc: 0B slow: 29720B fast: 0B
[2.944s][trace][gc,tlab                     ] ThreadLocalAllocBuffer::compute_size(8) returns failure
[2.944s][trace][gc,alloc                    ] GenCollectedHeap::mem_allocate_work: attempting locked slow path allocation
[2.944s][trace][gc,alloc                    ] DefNewGeneration::allocate_from_space(8):  will_fail: false  heap_lock: locked  free: 0  should_allocate_from_space: NOT returns NULL
[2.944s][trace][gc,nmethod                  ] oops_do_marking_prologue
[2.944s][trace][gc,nmethod                  ] oops_do_marking_epilogue
[2.944s][debug][gc,heap                     ] GC(4) Heap before GC invocations=4 (full 0): par new generation   total 18432K, used 18432K [0x00000007fc400000, 0x00000007fd800000, 0x00000007fd800000)
[2.944s][debug][gc,heap                     ] GC(4)   eden space 16384K, 100% used [0x00000007fc400000, 0x00000007fd400000, 0x00000007fd400000)
[2.944s][debug][gc,heap                     ] GC(4)   from space 2048K, 100% used [0x00000007fd400000, 0x00000007fd600000, 0x00000007fd600000)
[2.944s][debug][gc,heap                     ] GC(4)   to   space 2048K,   0% used [0x00000007fd600000, 0x00000007fd600000, 0x00000007fd800000)
[2.944s][debug][gc,heap                     ] GC(4)  concurrent mark-sweep generation total 40960K, used 14042K [0x00000007fd800000, 0x0000000800000000, 0x0000000800000000)
[2.944s][debug][gc,heap                     ] GC(4)  Metaspace       used 6832K, capacity 6934K, committed 7168K, reserved 1056768K
[2.944s][debug][gc,heap                     ] GC(4)   class space    used 609K, capacity 647K, committed 768K, reserved 1048576K
[2.944s][info ][gc,start                    ] GC(4) Pause Young (Allocation Failure)
[2.944s][trace][gc,tlab                     ] GC(4) TLAB: gc thread: 0x00007ff7a3004000 [id: 8963] desired_size: 323KB slow allocs: 0  refill waste: 5176B alloc: 0.98874    16199KB refills: 51 waste  0.2% gc: 0B slow: 30296B fast: 0B
[2.944s][trace][gc,tlab                     ] GC(4) TLAB: gc thread: 0x00007ff783019800 [id: 12035] desired_size: 327KB slow allocs: 0  refill waste: 5240B alloc: 1.00000    16384KB refills: 0 waste  0.0% gc: 0B slow: 0B fast: 0B
[2.944s][trace][gc,tlab                     ] GC(4) TLAB: gc thread: 0x00007ff7a3801000 [id: 17923] desired_size: 163KB slow allocs: 0  refill waste: 2616B alloc: 0.50000     8192KB refills: 0 waste  0.0% gc: 0B slow: 0B fast: 0B
[2.944s][trace][gc,tlab                     ] GC(4) TLAB: gc thread: 0x00007ff7a3029800 [id: 13315] desired_size: 327KB slow allocs: 0  refill waste: 5240B alloc: 1.00000    16384KB refills: 0 waste  0.0% gc: 0B slow: 0B fast: 0B
[2.944s][trace][gc,tlab                     ] GC(4) TLAB: gc thread: 0x00007ff7a3808000 [id: 15875] desired_size: 327KB slow allocs: 0  refill waste: 5240B alloc: 1.00000    16384KB refills: 0 waste  0.0% gc: 0B slow: 0B fast: 0B
[2.944s][trace][gc,tlab                     ] GC(4) TLAB: gc thread: 0x00007ff78301a800 [id: 13571] desired_size: 106KB slow allocs: 0  refill waste: 1704B alloc: 0.32503     5325KB refills: 0 waste  0.0% gc: 0B slow: 0B fast: 0B
[2.944s][trace][gc,tlab                     ] GC(4) TLAB: gc thread: 0x00007ff78301d800 [id: 14339] desired_size: 327KB slow allocs: 0  refill waste: 5240B alloc: 1.00000    16384KB refills: 0 waste  0.0% gc: 0B slow: 0B fast: 0B
[2.944s][trace][gc,tlab                     ] GC(4) TLAB: gc thread: 0x00007ff793003000 [id: 14851] desired_size: 327KB slow allocs: 0  refill waste: 5240B alloc: 1.00000    16384KB refills: 0 waste  0.0% gc: 0B slow: 0B fast: 0B
[2.944s][trace][gc,tlab                     ] GC(4) TLAB: gc thread: 0x00007ff7a3882800 [id: 43267] desired_size: 327KB slow allocs: 0  refill waste: 5240B alloc: 1.00000    16384KB refills: 0 waste  0.0% gc: 0B slow: 0B fast: 0B
[2.944s][trace][gc,tlab                     ] GC(4) TLAB: gc thread: 0x00007ff7a5816000 [id: 42755] desired_size: 163KB slow allocs: 0  refill waste: 2616B alloc: 0.50000     8192KB refills: 0 waste  0.0% gc: 0B slow: 0B fast: 0B
[2.944s][trace][gc,tlab                     ] GC(4) TLAB: gc thread: 0x00007ff7a5817000 [id: 41987] desired_size: 327KB slow allocs: 0  refill waste: 5240B alloc: 1.00000    16384KB refills: 0 waste  0.0% gc: 0B slow: 0B fast: 0B
[2.944s][debug][gc,tlab                     ] GC(4) TLAB totals: thrds: 1  refills: 51 max: 51 slow allocs: 0 max 0 waste:  0.2% gc: 0B max: 0B slow: 30296B max: 30296B fast: 0B max: 0B
[2.944s][debug][gc,freelist,stats           ] Before GC:
[2.944s][debug][gc,freelist,stats           ] Statistics for BinaryTreeDictionary:
[2.944s][debug][gc,freelist,stats           ] ------------------------------------
[2.944s][debug][gc,freelist,stats           ] Total Free Space: 3390341
[2.944s][debug][gc,freelist,stats           ] Max   Chunk Size: 3390341
[2.944s][debug][gc,freelist,stats           ] Number of Blocks: 1
[2.944s][debug][gc,freelist,stats           ] Av.  Block  Size: 3390341
[2.944s][debug][gc,freelist,stats           ] Tree      Height: 1
[2.944s][trace][gc,freelist,stats           ] Statistics for IndexedFreeLists:
[2.944s][trace][gc,freelist,stats           ] --------------------------------
[2.944s][trace][gc,freelist,stats           ] Total Free Space: 38750
[2.944s][trace][gc,freelist,stats           ] Max   Chunk Size: 130
[2.944s][trace][gc,freelist,stats           ] Number of Blocks: 3533
[2.944s][trace][gc,freelist,stats           ] Av.  Block  Size: 10
[2.944s][trace][gc,freelist,stats           ]  free=3429091 frag=0.0225
[2.944s][trace][gc,phases,start             ] GC(4) Collect gen: ParNew
[2.944s][trace][gc                          ] GC(4) Young invoke=5 size=64
[2.944s][trace][gc,task                     ] GC(4) GCTaskManager::calc_default_active_workers() : active_workers(): 2  new_active_workers: 2  prev_active_workers: 2
 active_workers_by_JT: 2  active_workers_by_heap_size: 2
[2.944s][trace][gc,task                     ] GC(4) WorkerManager::add_workers() : created_workers: 2
[2.944s][trace][gc,task                     ] GC(4) GC Thread: using 2 out of 10 workers
[2.944s][info ][gc,task                     ] GC(4) Using 2 workers of 10 for evacuation
[2.944s][trace][gc,promotion                ] CMS: promo attempt is safe: available(27563800) >= av_promo(4772092), max_promo(18874368)
[2.944s][trace][gc,phases,start             ] GC(4) ParNew (Allocation Failure)
[2.944s][trace][gc,nmethod                  ] GC(4) oops_do_marking_prologue
[2.944s][trace][gc,task                     ] GC(4) WorkerManager::add_workers() : created_workers: 2
[2.944s][trace][gc,task                     ] GC(4) GC Thread: using 2 out of 10 workers
[2.944s][trace][gc,nmethod                  ] GC(4)  346 %     4       TExample::main @ 18 (86 bytes)   oops_do, mark
[2.953s][trace][gc,task                     ] GC(4) WorkerManager::add_workers() : created_workers: 2
[2.953s][trace][gc,task                     ] GC(4) GC Thread: using 2 out of 10 workers
[2.953s][trace][gc,nmethod                  ] GC(4)  346 %     4       TExample::main @ 18 (86 bytes)   oops_do, unmark
[2.953s][trace][gc,nmethod                  ] GC(4) oops_do_marking_epilogue
[2.953s][trace][gc,plab                     ] GC(4) 0[3]: 199/26624/1024
[2.953s][trace][gc,plab                     ] GC(4) 0[4]: 211/28672/1024
[2.953s][trace][gc,plab                     ] GC(4) 1[3]: 188/36941/1024
[2.953s][trace][gc,plab                     ] GC(4) 1[4]: 810/35528/1024
[2.953s][trace][gc,plab                     ] GC(4) [3]: 1024
[2.953s][trace][gc,plab                     ] GC(4) [4]: 1024
[2.953s][debug][gc,ref                      ] GC(4) Skipped phase1 of Reference Processing due to unavailable references
[2.953s][debug][gc,ref                      ] GC(4) Skipped phase2 of Reference Processing due to unavailable references
[2.953s][debug][gc,ref                      ] GC(4) Skipped phase3 of Reference Processing due to unavailable references
[2.953s][debug][gc,ref                      ] GC(4) Skipped phase4 of Reference Processing due to unavailable references
[2.953s][debug][gc,phases,ref               ] GC(4) Reference Processing: 0.0ms
[2.953s][debug][gc,phases,ref               ] GC(4)   Reconsider SoftReferences: 0.0ms
[2.953s][debug][gc,phases,ref               ] GC(4)     SoftRef: skipped
[2.953s][debug][gc,phases,ref               ] GC(4)   Notify Soft/WeakReferences: 0.0ms
[2.953s][debug][gc,phases,ref               ] GC(4)     SoftRef: skipped
[2.953s][debug][gc,phases,ref               ] GC(4)     WeakRef: skipped
[2.953s][debug][gc,phases,ref               ] GC(4)     FinalRef: skipped
[2.953s][debug][gc,phases,ref               ] GC(4)     Total: skipped
[2.953s][debug][gc,phases,ref               ] GC(4)   Notify and keep alive finalizable: 0.0ms
[2.953s][debug][gc,phases,ref               ] GC(4)     FinalRef: skipped
[2.953s][debug][gc,phases,ref               ] GC(4)   Notify PhantomReferences: 0.0ms
[2.953s][debug][gc,phases,ref               ] GC(4)     PhantomRef: skipped
[2.953s][debug][gc,phases,ref               ] GC(4)   SoftReference:
[2.953s][debug][gc,phases,ref               ] GC(4)     Discovered: 0
[2.953s][debug][gc,phases,ref               ] GC(4)     Cleared: 0
[2.953s][debug][gc,phases,ref               ] GC(4)   WeakReference:
[2.953s][debug][gc,phases,ref               ] GC(4)     Discovered: 0
[2.953s][debug][gc,phases,ref               ] GC(4)     Cleared: 0
[2.953s][debug][gc,phases,ref               ] GC(4)   FinalReference:
[2.953s][debug][gc,phases,ref               ] GC(4)     Discovered: 0
[2.953s][debug][gc,phases,ref               ] GC(4)     Cleared: 0
[2.953s][debug][gc,phases,ref               ] GC(4)   PhantomReference:
[2.953s][debug][gc,phases,ref               ] GC(4)     Discovered: 0
[2.953s][debug][gc,phases,ref               ] GC(4)     Cleared: 0
[2.953s][debug][gc,age                      ] GC(4) Desired survivor size 1048576 bytes, new threshold 1 (max threshold 6)
[2.953s][trace][gc,age                      ] GC(4) Age table with threshold 1 (max threshold 6)
[2.953s][trace][gc,age                      ] GC(4) - age   1:    2097056 bytes,    2097056 total
[2.953s][debug][gc,plab                     ] GC(4) Young PLAB allocation: allocated: 2097152B, wasted: 96B, unused: 0B, used: 2097056B, undo waste: 0B,
[2.953s][debug][gc,plab                     ] GC(4) Young sizing: calculated: 2097056B, actual: 2090072B
[2.953s][trace][gc,phases                   ] GC(4) ParNew (Allocation Failure) 8.852ms
[2.953s][trace][gc,phases                   ] GC(4) Collect gen: ParNew 8.886ms
[2.953s][info ][gc,heap                     ] GC(4) ParNew: 18432K->2048K(18432K)
[2.953s][info ][gc,heap                     ] GC(4) CMS: 14042K->17497K(40960K)
[2.953s][info ][gc,metaspace                ] GC(4) Metaspace: 6832K->6832K(1056768K)
[2.953s][trace][gc,tlab                     ] GC(4) TLAB new size: thread: 0x00007ff7a3004000 [id: 8963] refills 50  alloc: 0.992048 desired_size: 41470 -> 41609
[2.953s][trace][gc,tlab                     ] GC(4) TLAB new size: thread: 0x00007ff783019800 [id: 12035] refills 50  alloc: 0.999999 desired_size: 41943 -> 41943
[2.953s][trace][gc,tlab                     ] GC(4) TLAB new size: thread: 0x00007ff7a3801000 [id: 17923] refills 50  alloc: 0.500000 desired_size: 20971 -> 20971
[2.953s][trace][gc,tlab                     ] GC(4) TLAB new size: thread: 0x00007ff7a3029800 [id: 13315] refills 50  alloc: 0.999999 desired_size: 41943 -> 41943
[2.953s][trace][gc,tlab                     ] GC(4) TLAB new size: thread: 0x00007ff7a3808000 [id: 15875] refills 50  alloc: 0.999999 desired_size: 41943 -> 41943
[2.953s][trace][gc,tlab                     ] GC(4) TLAB new size: thread: 0x00007ff78301a800 [id: 13571] refills 50  alloc: 0.325027 desired_size: 13632 -> 13632
[2.953s][trace][gc,tlab                     ] GC(4) TLAB new size: thread: 0x00007ff78301d800 [id: 14339] refills 50  alloc: 0.999999 desired_size: 41943 -> 41943
[2.953s][trace][gc,tlab                     ] GC(4) TLAB new size: thread: 0x00007ff793003000 [id: 14851] refills 50  alloc: 0.999999 desired_size: 41943 -> 41943
[2.953s][trace][gc,tlab                     ] GC(4) TLAB new size: thread: 0x00007ff7a3882800 [id: 43267] refills 50  alloc: 0.999999 desired_size: 41943 -> 41943
[2.953s][trace][gc,tlab                     ] GC(4) TLAB new size: thread: 0x00007ff7a5816000 [id: 42755] refills 50  alloc: 0.500000 desired_size: 20971 -> 20971
[2.953s][trace][gc,tlab                     ] GC(4) TLAB new size: thread: 0x00007ff7a5817000 [id: 41987] refills 50  alloc: 0.999999 desired_size: 41943 -> 41943
[2.953s][debug][gc,freelist,stats           ] After GC:
[2.953s][debug][gc,freelist,stats           ] Statistics for BinaryTreeDictionary:
[2.953s][debug][gc,freelist,stats           ] ------------------------------------
[2.953s][debug][gc,freelist,stats           ] Total Free Space: 2957189
[2.953s][debug][gc,freelist,stats           ] Max   Chunk Size: 2957189
[2.953s][debug][gc,freelist,stats           ] Number of Blocks: 1
[2.953s][debug][gc,freelist,stats           ] Av.  Block  Size: 2957189
[2.953s][debug][gc,freelist,stats           ] Tree      Height: 1
[2.953s][trace][gc,freelist,stats           ] Statistics for IndexedFreeLists:
[2.953s][trace][gc,freelist,stats           ] --------------------------------
[2.953s][trace][gc,freelist,stats           ] Total Free Space: 29652
[2.953s][trace][gc,freelist,stats           ] Max   Chunk Size: 130
[2.953s][trace][gc,freelist,stats           ] Number of Blocks: 1959
[2.953s][trace][gc,freelist,stats           ] Av.  Block  Size: 15
[2.953s][trace][gc,freelist,stats           ]  free=2986841 frag=0.0198
[2.953s][info ][gc                          ] GC(4) Pause Young (Allocation Failure) 31M->19M(58M) 9.040ms
[2.953s][info ][gc,cpu                      ] GC(4) User=0.02s Sys=0.00s Real=0.01s
[2.953s][debug][gc,heap                     ] GC(4) Heap after GC invocations=5 (full 0): par new generation   total 18432K, used 2048K [0x00000007fc400000, 0x00000007fd800000, 0x00000007fd800000)
[2.953s][debug][gc,heap                     ] GC(4)   eden space 16384K,   0% used [0x00000007fc400000, 0x00000007fc400000, 0x00000007fd400000)
[2.953s][debug][gc,heap                     ] GC(4)   from space 2048K, 100% used [0x00000007fd600000, 0x00000007fd800000, 0x00000007fd800000)
[2.953s][debug][gc,heap                     ] GC(4)   to   space 2048K,   0% used [0x00000007fd400000, 0x00000007fd400000, 0x00000007fd600000)
[2.953s][debug][gc,heap                     ] GC(4)  concurrent mark-sweep generation total 40960K, used 17497K [0x00000007fd800000, 0x0000000800000000, 0x0000000800000000)
[2.953s][debug][gc,heap                     ] GC(4)  Metaspace       used 6832K, capacity 6934K, committed 7168K, reserved 1056768K
[2.953s][debug][gc,heap                     ] GC(4)   class space    used 609K, capacity 647K, committed 768K, reserved 1048576K
[2.953s][trace][gc,promotion                ] CMS: promo attempt is safe: available(24025800) >= av_promo(4539270), max_promo(2097216)
[2.953s][trace][gc,tlab                     ] ThreadLocalAllocBuffer::compute_size(3) returns 41612
[2.953s][trace][gc,tlab                     ] TLAB: fill thread: 0x00007ff7a3004000 [id: 8963] desired_size: 325KB slow allocs: 0  refill waste: 5200B alloc: 0.99205      323KB refills: 1 waste  0.0% gc: 0B slow: 0B fast: 0B
[2.967s][trace][gc,tlab                     ] ThreadLocalAllocBuffer::compute_size(8) returns 41617
[2.967s][trace][gc,tlab                     ] TLAB: fill thread: 0x00007ff7a3004000 [id: 8963] desired_size: 325KB slow allocs: 0  refill waste: 5200B alloc: 0.99205      645KB refills: 2 waste  0.1% gc: 0B slow: 592B fast: 0B
[2.982s][trace][gc,tlab                     ] ThreadLocalAllocBuffer::compute_size(8) returns 41617
[2.982s][trace][gc,tlab                     ] TLAB: fill thread: 0x00007ff7a3004000 [id: 8963] desired_size: 325KB slow allocs: 0  refill waste: 5200B alloc: 0.99205      968KB refills: 3 waste  0.1% gc: 0B slow: 1216B fast: 0B
[2.996s][trace][gc,tlab                     ] ThreadLocalAllocBuffer::compute_size(3) returns 41612
[2.996s][trace][gc,tlab                     ] TLAB: fill thread: 0x00007ff7a3004000 [id: 8963] desired_size: 325KB slow allocs: 0  refill waste: 5200B alloc: 0.99205     1290KB refills: 4 waste  0.1% gc: 0B slow: 1808B fast: 0B
[3.011s][trace][gc,tlab                     ] ThreadLocalAllocBuffer::compute_size(3) returns 41612
[3.011s][trace][gc,tlab                     ] TLAB: fill thread: 0x00007ff7a3004000 [id: 8963] desired_size: 325KB slow allocs: 0  refill waste: 5200B alloc: 0.99205     1613KB refills: 5 waste  0.1% gc: 0B slow: 2392B fast: 0B
[3.026s][trace][gc,tlab                     ] ThreadLocalAllocBuffer::compute_size(3) returns 41612
[3.026s][trace][gc,tlab                     ] TLAB: fill thread: 0x00007ff7a3004000 [id: 8963] desired_size: 325KB slow allocs: 0  refill waste: 5200B alloc: 0.99205     1935KB refills: 6 waste  0.1% gc: 0B slow: 2976B fast: 0B
[3.040s][trace][gc,tlab                     ] ThreadLocalAllocBuffer::compute_size(8) returns 41617
[3.040s][trace][gc,tlab                     ] TLAB: fill thread: 0x00007ff7a3004000 [id: 8963] desired_size: 325KB slow allocs: 0  refill waste: 5200B alloc: 0.99205     2258KB refills: 7 waste  0.2% gc: 0B slow: 3568B fast: 0B
[3.054s][trace][gc,tlab                     ] ThreadLocalAllocBuffer::compute_size(8) returns 41617
[3.054s][trace][gc,tlab                     ] TLAB: fill thread: 0x00007ff7a3004000 [id: 8963] desired_size: 325KB slow allocs: 0  refill waste: 5200B alloc: 0.99205     2580KB refills: 8 waste  0.2% gc: 0B slow: 4192B fast: 0B
[3.067s][trace][gc,tlab                     ] ThreadLocalAllocBuffer::compute_size(3) returns 41612
[3.067s][trace][gc,tlab                     ] TLAB: fill thread: 0x00007ff7a3004000 [id: 8963] desired_size: 325KB slow allocs: 0  refill waste: 5200B alloc: 0.99205     2903KB refills: 9 waste  0.2% gc: 0B slow: 4784B fast: 0B
[3.080s][trace][gc,tlab                     ] ThreadLocalAllocBuffer::compute_size(3) returns 41612
[3.080s][trace][gc,tlab                     ] TLAB: fill thread: 0x00007ff7a3004000 [id: 8963] desired_size: 325KB slow allocs: 0  refill waste: 5200B alloc: 0.99205     3225KB refills: 10 waste  0.2% gc: 0B slow: 5368B fast: 0B
[3.093s][trace][gc,tlab                     ] ThreadLocalAllocBuffer::compute_size(3) returns 41612
[3.093s][trace][gc,tlab                     ] TLAB: fill thread: 0x00007ff7a3004000 [id: 8963] desired_size: 325KB slow allocs: 0  refill waste: 5200B alloc: 0.99205     3548KB refills: 11 waste  0.2% gc: 0B slow: 5952B fast: 0B
[3.106s][trace][gc,tlab                     ] ThreadLocalAllocBuffer::compute_size(8) returns 41617
[3.106s][trace][gc,tlab                     ] TLAB: fill thread: 0x00007ff7a3004000 [id: 8963] desired_size: 325KB slow allocs: 0  refill waste: 5200B alloc: 0.99205     3870KB refills: 12 waste  0.2% gc: 0B slow: 6544B fast: 0B
[3.119s][trace][gc,tlab                     ] ThreadLocalAllocBuffer::compute_size(8) returns 41617
[3.119s][trace][gc,tlab                     ] TLAB: fill thread: 0x00007ff7a3004000 [id: 8963] desired_size: 325KB slow allocs: 0  refill waste: 5200B alloc: 0.99205     4193KB refills: 13 waste  0.2% gc: 0B slow: 7168B fast: 0B
[3.131s][trace][gc,tlab                     ] ThreadLocalAllocBuffer::compute_size(3) returns 41612
[3.131s][trace][gc,tlab                     ] TLAB: fill thread: 0x00007ff7a3004000 [id: 8963] desired_size: 325KB slow allocs: 0  refill waste: 5200B alloc: 0.99205     4515KB refills: 14 waste  0.2% gc: 0B slow: 7760B fast: 0B
[3.144s][trace][gc,tlab                     ] ThreadLocalAllocBuffer::compute_size(3) returns 41612
[3.144s][trace][gc,tlab                     ] TLAB: fill thread: 0x00007ff7a3004000 [id: 8963] desired_size: 325KB slow allocs: 0  refill waste: 5200B alloc: 0.99205     4838KB refills: 15 waste  0.2% gc: 0B slow: 8344B fast: 0B
[3.158s][trace][gc,tlab                     ] ThreadLocalAllocBuffer::compute_size(3) returns 41612
[3.158s][trace][gc,tlab                     ] TLAB: fill thread: 0x00007ff7a3004000 [id: 8963] desired_size: 325KB slow allocs: 0  refill waste: 5200B alloc: 0.99205     5160KB refills: 16 waste  0.2% gc: 0B slow: 8928B fast: 0B
[3.171s][trace][gc,tlab                     ] ThreadLocalAllocBuffer::compute_size(8) returns 41617
[3.171s][trace][gc,tlab                     ] TLAB: fill thread: 0x00007ff7a3004000 [id: 8963] desired_size: 325KB slow allocs: 0  refill waste: 5200B alloc: 0.99205     5483KB refills: 17 waste  0.2% gc: 0B slow: 9520B fast: 0B
[3.183s][trace][gc,tlab                     ] ThreadLocalAllocBuffer::compute_size(8) returns 41617
[3.183s][trace][gc,tlab                     ] TLAB: fill thread: 0x00007ff7a3004000 [id: 8963] desired_size: 325KB slow allocs: 0  refill waste: 5200B alloc: 0.99205     5806KB refills: 18 waste  0.2% gc: 0B slow: 10144B fast: 0B
[3.197s][trace][gc,tlab                     ] ThreadLocalAllocBuffer::compute_size(3) returns 41612
[3.197s][trace][gc,tlab                     ] TLAB: fill thread: 0x00007ff7a3004000 [id: 8963] desired_size: 325KB slow allocs: 0  refill waste: 5200B alloc: 0.99205     6128KB refills: 19 waste  0.2% gc: 0B slow: 10736B fast: 0B
[3.210s][trace][gc,tlab                     ] ThreadLocalAllocBuffer::compute_size(3) returns 41612
[3.210s][trace][gc,tlab                     ] TLAB: fill thread: 0x00007ff7a3004000 [id: 8963] desired_size: 325KB slow allocs: 0  refill waste: 5200B alloc: 0.99205     6451KB refills: 20 waste  0.2% gc: 0B slow: 11320B fast: 0B
[3.223s][trace][gc,tlab                     ] ThreadLocalAllocBuffer::compute_size(3) returns 41612
[3.223s][trace][gc,tlab                     ] TLAB: fill thread: 0x00007ff7a3004000 [id: 8963] desired_size: 325KB slow allocs: 0  refill waste: 5200B alloc: 0.99205     6773KB refills: 21 waste  0.2% gc: 0B slow: 11904B fast: 0B
[3.236s][trace][gc,tlab                     ] ThreadLocalAllocBuffer::compute_size(8) returns 41617
[3.236s][trace][gc,tlab                     ] TLAB: fill thread: 0x00007ff7a3004000 [id: 8963] desired_size: 325KB slow allocs: 0  refill waste: 5200B alloc: 0.99205     7096KB refills: 22 waste  0.2% gc: 0B slow: 12496B fast: 0B
[3.249s][trace][gc,tlab                     ] ThreadLocalAllocBuffer::compute_size(8) returns 41617
[3.249s][trace][gc,tlab                     ] TLAB: fill thread: 0x00007ff7a3004000 [id: 8963] desired_size: 325KB slow allocs: 0  refill waste: 5200B alloc: 0.99205     7418KB refills: 23 waste  0.2% gc: 0B slow: 13120B fast: 0B
[3.263s][trace][gc,tlab                     ] ThreadLocalAllocBuffer::compute_size(3) returns 41612
[3.263s][trace][gc,tlab                     ] TLAB: fill thread: 0x00007ff7a3004000 [id: 8963] desired_size: 325KB slow allocs: 0  refill waste: 5200B alloc: 0.99205     7741KB refills: 24 waste  0.2% gc: 0B slow: 13712B fast: 0B
[3.275s][trace][gc,tlab                     ] ThreadLocalAllocBuffer::compute_size(3) returns 41612
[3.275s][trace][gc,tlab                     ] TLAB: fill thread: 0x00007ff7a3004000 [id: 8963] desired_size: 325KB slow allocs: 0  refill waste: 5200B alloc: 0.99205     8063KB refills: 25 waste  0.2% gc: 0B slow: 14296B fast: 0B
[3.288s][trace][gc,tlab                     ] ThreadLocalAllocBuffer::compute_size(3) returns 41612
[3.288s][trace][gc,tlab                     ] TLAB: fill thread: 0x00007ff7a3004000 [id: 8963] desired_size: 325KB slow allocs: 0  refill waste: 5200B alloc: 0.99205     8386KB refills: 26 waste  0.2% gc: 0B slow: 14880B fast: 0B
[3.301s][trace][gc,tlab                     ] ThreadLocalAllocBuffer::compute_size(8) returns 41617
[3.301s][trace][gc,tlab                     ] TLAB: fill thread: 0x00007ff7a3004000 [id: 8963] desired_size: 325KB slow allocs: 0  refill waste: 5200B alloc: 0.99205     8708KB refills: 27 waste  0.2% gc: 0B slow: 15472B fast: 0B
[3.314s][trace][gc,tlab                     ] ThreadLocalAllocBuffer::compute_size(8) returns 41617
[3.314s][trace][gc,tlab                     ] TLAB: fill thread: 0x00007ff7a3004000 [id: 8963] desired_size: 325KB slow allocs: 0  refill waste: 5200B alloc: 0.99205     9031KB refills: 28 waste  0.2% gc: 0B slow: 16096B fast: 0B
[3.327s][trace][gc,tlab                     ] ThreadLocalAllocBuffer::compute_size(3) returns 41612
[3.327s][trace][gc,tlab                     ] TLAB: fill thread: 0x00007ff7a3004000 [id: 8963] desired_size: 325KB slow allocs: 0  refill waste: 5200B alloc: 0.99205     9353KB refills: 29 waste  0.2% gc: 0B slow: 16688B fast: 0B
[3.340s][trace][gc,tlab                     ] ThreadLocalAllocBuffer::compute_size(3) returns 41612
[3.340s][trace][gc,tlab                     ] TLAB: fill thread: 0x00007ff7a3004000 [id: 8963] desired_size: 325KB slow allocs: 0  refill waste: 5200B alloc: 0.99205     9676KB refills: 30 waste  0.2% gc: 0B slow: 17272B fast: 0B
[3.353s][trace][gc,tlab                     ] ThreadLocalAllocBuffer::compute_size(3) returns 41612
[3.353s][trace][gc,tlab                     ] TLAB: fill thread: 0x00007ff7a3004000 [id: 8963] desired_size: 325KB slow allocs: 0  refill waste: 5200B alloc: 0.99205     9998KB refills: 31 waste  0.2% gc: 0B slow: 17856B fast: 0B
[3.366s][trace][gc,tlab                     ] ThreadLocalAllocBuffer::compute_size(8) returns 41617
[3.366s][trace][gc,tlab                     ] TLAB: fill thread: 0x00007ff7a3004000 [id: 8963] desired_size: 325KB slow allocs: 0  refill waste: 5200B alloc: 0.99205    10321KB refills: 32 waste  0.2% gc: 0B slow: 18448B fast: 0B
[3.380s][trace][gc,tlab                     ] ThreadLocalAllocBuffer::compute_size(8) returns 41617
[3.380s][trace][gc,tlab                     ] TLAB: fill thread: 0x00007ff7a3004000 [id: 8963] desired_size: 325KB slow allocs: 0  refill waste: 5200B alloc: 0.99205    10643KB refills: 33 waste  0.2% gc: 0B slow: 19072B fast: 0B
[3.393s][trace][gc,tlab                     ] ThreadLocalAllocBuffer::compute_size(3) returns 41612
[3.393s][trace][gc,tlab                     ] TLAB: fill thread: 0x00007ff7a3004000 [id: 8963] desired_size: 325KB slow allocs: 0  refill waste: 5200B alloc: 0.99205    10966KB refills: 34 waste  0.2% gc: 0B slow: 19664B fast: 0B
[3.406s][trace][gc,tlab                     ] ThreadLocalAllocBuffer::compute_size(3) returns 41612
[3.406s][trace][gc,tlab                     ] TLAB: fill thread: 0x00007ff7a3004000 [id: 8963] desired_size: 325KB slow allocs: 0  refill waste: 5200B alloc: 0.99205    11288KB refills: 35 waste  0.2% gc: 0B slow: 20248B fast: 0B
[3.421s][trace][gc,tlab                     ] ThreadLocalAllocBuffer::compute_size(3) returns 41612
[3.421s][trace][gc,tlab                     ] TLAB: fill thread: 0x00007ff7a3004000 [id: 8963] desired_size: 325KB slow allocs: 0  refill waste: 5200B alloc: 0.99205    11611KB refills: 36 waste  0.2% gc: 0B slow: 20832B fast: 0B
[3.436s][trace][gc,tlab                     ] ThreadLocalAllocBuffer::compute_size(8) returns 41617
[3.436s][trace][gc,tlab                     ] TLAB: fill thread: 0x00007ff7a3004000 [id: 8963] desired_size: 325KB slow allocs: 0  refill waste: 5200B alloc: 0.99205    11933KB refills: 37 waste  0.2% gc: 0B slow: 21424B fast: 0B
[3.450s][trace][gc,tlab                     ] ThreadLocalAllocBuffer::compute_size(8) returns 41617
[3.450s][trace][gc,tlab                     ] TLAB: fill thread: 0x00007ff7a3004000 [id: 8963] desired_size: 325KB slow allocs: 0  refill waste: 5200B alloc: 0.99205    12256KB refills: 38 waste  0.2% gc: 0B slow: 22048B fast: 0B
[3.464s][trace][gc,tlab                     ] ThreadLocalAllocBuffer::compute_size(3) returns 41612
[3.464s][trace][gc,tlab                     ] TLAB: fill thread: 0x00007ff7a3004000 [id: 8963] desired_size: 325KB slow allocs: 0  refill waste: 5200B alloc: 0.99205    12579KB refills: 39 waste  0.2% gc: 0B slow: 22640B fast: 0B
[3.478s][trace][gc,tlab                     ] ThreadLocalAllocBuffer::compute_size(3) returns 41612
[3.478s][trace][gc,tlab                     ] TLAB: fill thread: 0x00007ff7a3004000 [id: 8963] desired_size: 325KB slow allocs: 0  refill waste: 5200B alloc: 0.99205    12901KB refills: 40 waste  0.2% gc: 0B slow: 23224B fast: 0B
[3.490s][trace][gc,tlab                     ] ThreadLocalAllocBuffer::compute_size(3) returns 41612
[3.490s][trace][gc,tlab                     ] TLAB: fill thread: 0x00007ff7a3004000 [id: 8963] desired_size: 325KB slow allocs: 0  refill waste: 5200B alloc: 0.99205    13224KB refills: 41 waste  0.2% gc: 0B slow: 23808B fast: 0B
[3.503s][trace][gc,tlab                     ] ThreadLocalAllocBuffer::compute_size(8) returns 41617
[3.503s][trace][gc,tlab                     ] TLAB: fill thread: 0x00007ff7a3004000 [id: 8963] desired_size: 325KB slow allocs: 0  refill waste: 5200B alloc: 0.99205    13546KB refills: 42 waste  0.2% gc: 0B slow: 24400B fast: 0B
[3.516s][trace][gc,tlab                     ] ThreadLocalAllocBuffer::compute_size(8) returns 41617
[3.516s][trace][gc,tlab                     ] TLAB: fill thread: 0x00007ff7a3004000 [id: 8963] desired_size: 325KB slow allocs: 0  refill waste: 5200B alloc: 0.99205    13869KB refills: 43 waste  0.2% gc: 0B slow: 25024B fast: 0B
[3.529s][trace][gc,tlab                     ] ThreadLocalAllocBuffer::compute_size(3) returns 41612
[3.529s][trace][gc,tlab                     ] TLAB: fill thread: 0x00007ff7a3004000 [id: 8963] desired_size: 325KB slow allocs: 0  refill waste: 5200B alloc: 0.99205    14191KB refills: 44 waste  0.2% gc: 0B slow: 25616B fast: 0B
[3.541s][trace][gc,tlab                     ] ThreadLocalAllocBuffer::compute_size(3) returns 41612
[3.541s][trace][gc,tlab                     ] TLAB: fill thread: 0x00007ff7a3004000 [id: 8963] desired_size: 325KB slow allocs: 0  refill waste: 5200B alloc: 0.99205    14514KB refills: 45 waste  0.2% gc: 0B slow: 26200B fast: 0B
[3.554s][trace][gc,tlab                     ] ThreadLocalAllocBuffer::compute_size(3) returns 41612
[3.554s][trace][gc,tlab                     ] TLAB: fill thread: 0x00007ff7a3004000 [id: 8963] desired_size: 325KB slow allocs: 0  refill waste: 5200B alloc: 0.99205    14836KB refills: 46 waste  0.2% gc: 0B slow: 26784B fast: 0B
[3.567s][trace][gc,tlab                     ] ThreadLocalAllocBuffer::compute_size(8) returns 41617
[3.567s][trace][gc,tlab                     ] TLAB: fill thread: 0x00007ff7a3004000 [id: 8963] desired_size: 325KB slow allocs: 0  refill waste: 5200B alloc: 0.99205    15159KB refills: 47 waste  0.2% gc: 0B slow: 27376B fast: 0B
[3.580s][trace][gc,tlab                     ] ThreadLocalAllocBuffer::compute_size(8) returns 41617
[3.580s][trace][gc,tlab                     ] TLAB: fill thread: 0x00007ff7a3004000 [id: 8963] desired_size: 325KB slow allocs: 0  refill waste: 5200B alloc: 0.99205    15481KB refills: 48 waste  0.2% gc: 0B slow: 28000B fast: 0B
[3.593s][trace][gc,tlab                     ] ThreadLocalAllocBuffer::compute_size(3) returns 41612
[3.593s][trace][gc,tlab                     ] TLAB: fill thread: 0x00007ff7a3004000 [id: 8963] desired_size: 325KB slow allocs: 0  refill waste: 5200B alloc: 0.99205    15804KB refills: 49 waste  0.2% gc: 0B slow: 28592B fast: 0B
[3.605s][trace][gc,tlab                     ] ThreadLocalAllocBuffer::compute_size(3) returns 41612
[3.605s][trace][gc,tlab                     ] TLAB: fill thread: 0x00007ff7a3004000 [id: 8963] desired_size: 325KB slow allocs: 0  refill waste: 5200B alloc: 0.99205    16126KB refills: 50 waste  0.2% gc: 0B slow: 29176B fast: 0B
[3.618s][trace][gc,tlab                     ] ThreadLocalAllocBuffer::compute_size(3) returns 16444
[3.618s][trace][gc,tlab                     ] TLAB: fill thread: 0x00007ff7a3004000 [id: 8963] desired_size: 325KB slow allocs: 0  refill waste: 5200B alloc: 0.99205    16254KB refills: 51 waste  0.2% gc: 0B slow: 29760B fast: 0B
[3.623s][trace][gc,tlab                     ] ThreadLocalAllocBuffer::compute_size(8) returns failure
[3.623s][trace][gc,alloc                    ] GenCollectedHeap::mem_allocate_work: attempting locked slow path allocation
[3.623s][trace][gc,alloc                    ] DefNewGeneration::allocate_from_space(8):  will_fail: false  heap_lock: locked  free: 0  should_allocate_from_space: NOT returns NULL
[3.623s][trace][gc,nmethod                  ] oops_do_marking_prologue
[3.623s][trace][gc,nmethod                  ] oops_do_marking_epilogue
[3.623s][debug][gc,heap                     ] GC(5) Heap before GC invocations=5 (full 0): par new generation   total 18432K, used 18432K [0x00000007fc400000, 0x00000007fd800000, 0x00000007fd800000)
[3.623s][debug][gc,heap                     ] GC(5)   eden space 16384K, 100% used [0x00000007fc400000, 0x00000007fd400000, 0x00000007fd400000)
[3.623s][debug][gc,heap                     ] GC(5)   from space 2048K, 100% used [0x00000007fd600000, 0x00000007fd800000, 0x00000007fd800000)
[3.623s][debug][gc,heap                     ] GC(5)   to   space 2048K,   0% used [0x00000007fd400000, 0x00000007fd400000, 0x00000007fd600000)
[3.623s][debug][gc,heap                     ] GC(5)  concurrent mark-sweep generation total 40960K, used 17497K [0x00000007fd800000, 0x0000000800000000, 0x0000000800000000)
[3.623s][debug][gc,heap                     ] GC(5)  Metaspace       used 6832K, capacity 6934K, committed 7168K, reserved 1056768K
[3.623s][debug][gc,heap                     ] GC(5)   class space    used 609K, capacity 647K, committed 768K, reserved 1048576K
[3.623s][info ][gc,start                    ] GC(5) Pause Young (Allocation Failure)
[3.623s][trace][gc,tlab                     ] GC(5) TLAB: gc thread: 0x00007ff7a3004000 [id: 8963] desired_size: 325KB slow allocs: 0  refill waste: 5200B alloc: 0.99205    16254KB refills: 51 waste  0.2% gc: 0B slow: 30384B fast: 0B
[3.623s][trace][gc,tlab                     ] GC(5) TLAB: gc thread: 0x00007ff783019800 [id: 12035] desired_size: 327KB slow allocs: 0  refill waste: 5240B alloc: 1.00000    16384KB refills: 0 waste  0.0% gc: 0B slow: 0B fast: 0B
[3.623s][trace][gc,tlab                     ] GC(5) TLAB: gc thread: 0x00007ff7a3801000 [id: 17923] desired_size: 163KB slow allocs: 0  refill waste: 2616B alloc: 0.50000     8192KB refills: 0 waste  0.0% gc: 0B slow: 0B fast: 0B
[3.623s][trace][gc,tlab                     ] GC(5) TLAB: gc thread: 0x00007ff7a3029800 [id: 13315] desired_size: 327KB slow allocs: 0  refill waste: 5240B alloc: 1.00000    16384KB refills: 0 waste  0.0% gc: 0B slow: 0B fast: 0B
[3.623s][trace][gc,tlab                     ] GC(5) TLAB: gc thread: 0x00007ff7a3808000 [id: 15875] desired_size: 327KB slow allocs: 0  refill waste: 5240B alloc: 1.00000    16384KB refills: 0 waste  0.0% gc: 0B slow: 0B fast: 0B
[3.623s][trace][gc,tlab                     ] GC(5) TLAB: gc thread: 0x00007ff78301a800 [id: 13571] desired_size: 106KB slow allocs: 0  refill waste: 1704B alloc: 0.32503     5325KB refills: 0 waste  0.0% gc: 0B slow: 0B fast: 0B
[3.623s][trace][gc,tlab                     ] GC(5) TLAB: gc thread: 0x00007ff78301d800 [id: 14339] desired_size: 327KB slow allocs: 0  refill waste: 5240B alloc: 1.00000    16384KB refills: 0 waste  0.0% gc: 0B slow: 0B fast: 0B
[3.623s][trace][gc,tlab                     ] GC(5) TLAB: gc thread: 0x00007ff793003000 [id: 14851] desired_size: 327KB slow allocs: 0  refill waste: 5240B alloc: 1.00000    16384KB refills: 0 waste  0.0% gc: 0B slow: 0B fast: 0B
[3.623s][trace][gc,tlab                     ] GC(5) TLAB: gc thread: 0x00007ff7a3882800 [id: 43267] desired_size: 327KB slow allocs: 0  refill waste: 5240B alloc: 1.00000    16384KB refills: 0 waste  0.0% gc: 0B slow: 0B fast: 0B
[3.623s][trace][gc,tlab                     ] GC(5) TLAB: gc thread: 0x00007ff7a5816000 [id: 42755] desired_size: 163KB slow allocs: 0  refill waste: 2616B alloc: 0.50000     8192KB refills: 0 waste  0.0% gc: 0B slow: 0B fast: 0B
[3.623s][trace][gc,tlab                     ] GC(5) TLAB: gc thread: 0x00007ff7a5817000 [id: 41987] desired_size: 327KB slow allocs: 0  refill waste: 5240B alloc: 1.00000    16384KB refills: 0 waste  0.0% gc: 0B slow: 0B fast: 0B
[3.623s][debug][gc,tlab                     ] GC(5) TLAB totals: thrds: 1  refills: 51 max: 51 slow allocs: 0 max 0 waste:  0.2% gc: 0B max: 0B slow: 30384B max: 30384B fast: 0B max: 0B
[3.623s][debug][gc,freelist,stats           ] Before GC:
[3.623s][debug][gc,freelist,stats           ] Statistics for BinaryTreeDictionary:
[3.623s][debug][gc,freelist,stats           ] ------------------------------------
[3.623s][debug][gc,freelist,stats           ] Total Free Space: 2957189
[3.623s][debug][gc,freelist,stats           ] Max   Chunk Size: 2957189
[3.623s][debug][gc,freelist,stats           ] Number of Blocks: 1
[3.623s][debug][gc,freelist,stats           ] Av.  Block  Size: 2957189
[3.623s][debug][gc,freelist,stats           ] Tree      Height: 1
[3.623s][trace][gc,freelist,stats           ] Statistics for IndexedFreeLists:
[3.623s][trace][gc,freelist,stats           ] --------------------------------
[3.623s][trace][gc,freelist,stats           ] Total Free Space: 29652
[3.623s][trace][gc,freelist,stats           ] Max   Chunk Size: 130
[3.623s][trace][gc,freelist,stats           ] Number of Blocks: 1959
[3.623s][trace][gc,freelist,stats           ] Av.  Block  Size: 15
[3.623s][trace][gc,freelist,stats           ]  free=2986841 frag=0.0198
[3.623s][trace][gc,phases,start             ] GC(5) Collect gen: ParNew
[3.623s][trace][gc                          ] GC(5) Young invoke=6 size=64
[3.623s][trace][gc,task                     ] GC(5) GCTaskManager::calc_default_active_workers() : active_workers(): 2  new_active_workers: 2  prev_active_workers: 2
 active_workers_by_JT: 2  active_workers_by_heap_size: 2
[3.623s][trace][gc,task                     ] GC(5) WorkerManager::add_workers() : created_workers: 2
[3.623s][trace][gc,task                     ] GC(5) GC Thread: using 2 out of 10 workers
[3.623s][info ][gc,task                     ] GC(5) Using 2 workers of 10 for evacuation
[3.623s][trace][gc,promotion                ] CMS: promo attempt is safe: available(24025800) >= av_promo(4539270), max_promo(18874368)
[3.623s][trace][gc,phases,start             ] GC(5) ParNew (Allocation Failure)
[3.623s][trace][gc,nmethod                  ] GC(5) oops_do_marking_prologue
[3.623s][trace][gc,task                     ] GC(5) WorkerManager::add_workers() : created_workers: 2
[3.623s][trace][gc,task                     ] GC(5) GC Thread: using 2 out of 10 workers
[3.623s][trace][gc,nmethod                  ] GC(5)  346 %     4       TExample::main @ 18 (86 bytes)   oops_do, mark
[3.631s][trace][gc,task                     ] GC(5) WorkerManager::add_workers() : created_workers: 2
[3.631s][trace][gc,task                     ] GC(5) GC Thread: using 2 out of 10 workers
[3.631s][trace][gc,nmethod                  ] GC(5)  346 %     4       TExample::main @ 18 (86 bytes)   oops_do, unmark
[3.631s][trace][gc,nmethod                  ] GC(5) oops_do_marking_epilogue
[3.631s][trace][gc,plab                     ] GC(5) 0[3]: 12/26624/1024
[3.631s][trace][gc,plab                     ] GC(5) 0[4]: 800/31744/1024
[3.631s][trace][gc,plab                     ] GC(5) 1[3]: 399/42371/1024
[3.631s][trace][gc,plab                     ] GC(5) 1[4]: 752/35837/1024
[3.631s][trace][gc,plab                     ] GC(5) 1[8]: 457/3012/502
[3.631s][trace][gc,plab                     ] GC(5) [3]: 1024
[3.632s][trace][gc,plab                     ] GC(5) [4]: 1024
[3.632s][trace][gc,plab                     ] GC(5) [8]: 570
[3.632s][debug][gc,ref                      ] GC(5) Skipped phase1 of Reference Processing due to unavailable references
[3.632s][debug][gc,ref                      ] GC(5) Skipped phase2 of Reference Processing due to unavailable references
[3.632s][debug][gc,ref                      ] GC(5) Skipped phase3 of Reference Processing due to unavailable references
[3.632s][debug][gc,ref                      ] GC(5) Skipped phase4 of Reference Processing due to unavailable references
[3.632s][debug][gc,phases,ref               ] GC(5) Reference Processing: 0.0ms
[3.632s][debug][gc,phases,ref               ] GC(5)   Reconsider SoftReferences: 0.0ms
[3.632s][debug][gc,phases,ref               ] GC(5)     SoftRef: skipped
[3.632s][debug][gc,phases,ref               ] GC(5)   Notify Soft/WeakReferences: 0.0ms
[3.632s][debug][gc,phases,ref               ] GC(5)     SoftRef: skipped
[3.632s][debug][gc,phases,ref               ] GC(5)     WeakRef: skipped
[3.632s][debug][gc,phases,ref               ] GC(5)     FinalRef: skipped
[3.632s][debug][gc,phases,ref               ] GC(5)     Total: skipped
[3.632s][debug][gc,phases,ref               ] GC(5)   Notify and keep alive finalizable: 0.0ms
[3.632s][debug][gc,phases,ref               ] GC(5)     FinalRef: skipped
[3.632s][debug][gc,phases,ref               ] GC(5)   Notify PhantomReferences: 0.0ms
[3.632s][debug][gc,phases,ref               ] GC(5)     PhantomRef: skipped
[3.632s][debug][gc,phases,ref               ] GC(5)   SoftReference:
[3.632s][debug][gc,phases,ref               ] GC(5)     Discovered: 0
[3.632s][debug][gc,phases,ref               ] GC(5)     Cleared: 0
[3.632s][debug][gc,phases,ref               ] GC(5)   WeakReference:
[3.632s][debug][gc,phases,ref               ] GC(5)     Discovered: 0
[3.632s][debug][gc,phases,ref               ] GC(5)     Cleared: 0
[3.632s][debug][gc,phases,ref               ] GC(5)   FinalReference:
[3.632s][debug][gc,phases,ref               ] GC(5)     Discovered: 0
[3.632s][debug][gc,phases,ref               ] GC(5)     Cleared: 0
[3.632s][debug][gc,phases,ref               ] GC(5)   PhantomReference:
[3.632s][debug][gc,phases,ref               ] GC(5)     Discovered: 0
[3.632s][debug][gc,phases,ref               ] GC(5)     Cleared: 0
[3.632s][debug][gc,age                      ] GC(5) Desired survivor size 1048576 bytes, new threshold 1 (max threshold 6)
[3.632s][trace][gc,age                      ] GC(5) Age table with threshold 1 (max threshold 6)
[3.632s][trace][gc,age                      ] GC(5) - age   1:    2097064 bytes,    2097064 total
[3.632s][debug][gc,plab                     ] GC(5) Young PLAB allocation: allocated: 2097152B, wasted: 88B, unused: 0B, used: 2097064B, undo waste: 0B,
[3.632s][debug][gc,plab                     ] GC(5) Young sizing: calculated: 2097064B, actual: 2095312B
[3.632s][trace][gc,phases                   ] GC(5) ParNew (Allocation Failure) 8.313ms
[3.632s][trace][gc,phases                   ] GC(5) Collect gen: ParNew 8.345ms
[3.632s][info ][gc,heap                     ] GC(5) ParNew: 18432K->2048K(18432K)
[3.632s][info ][gc,heap                     ] GC(5) CMS: 17497K->21358K(40960K)
[3.632s][info ][gc,metaspace                ] GC(5) Metaspace: 6832K->6832K(1056768K)
[3.632s][trace][gc,tlab                     ] GC(5) TLAB new size: thread: 0x00007ff7a3004000 [id: 8963] refills 50  alloc: 0.994197 desired_size: 41609 -> 41699
[3.632s][trace][gc,tlab                     ] GC(5) TLAB new size: thread: 0x00007ff783019800 [id: 12035] refills 50  alloc: 0.999999 desired_size: 41943 -> 41943
[3.632s][trace][gc,tlab                     ] GC(5) TLAB new size: thread: 0x00007ff7a3801000 [id: 17923] refills 50  alloc: 0.500000 desired_size: 20971 -> 20971
[3.632s][trace][gc,tlab                     ] GC(5) TLAB new size: thread: 0x00007ff7a3029800 [id: 13315] refills 50  alloc: 0.999999 desired_size: 41943 -> 41943
[3.632s][trace][gc,tlab                     ] GC(5) TLAB new size: thread: 0x00007ff7a3808000 [id: 15875] refills 50  alloc: 0.999999 desired_size: 41943 -> 41943
[3.632s][trace][gc,tlab                     ] GC(5) TLAB new size: thread: 0x00007ff78301a800 [id: 13571] refills 50  alloc: 0.325027 desired_size: 13632 -> 13632
[3.632s][trace][gc,tlab                     ] GC(5) TLAB new size: thread: 0x00007ff78301d800 [id: 14339] refills 50  alloc: 0.999999 desired_size: 41943 -> 41943
[3.632s][trace][gc,tlab                     ] GC(5) TLAB new size: thread: 0x00007ff793003000 [id: 14851] refills 50  alloc: 0.999999 desired_size: 41943 -> 41943
[3.632s][trace][gc,tlab                     ] GC(5) TLAB new size: thread: 0x00007ff7a3882800 [id: 43267] refills 50  alloc: 0.999999 desired_size: 41943 -> 41943
[3.632s][trace][gc,tlab                     ] GC(5) TLAB new size: thread: 0x00007ff7a5816000 [id: 42755] refills 50  alloc: 0.500000 desired_size: 20971 -> 20971
[3.632s][trace][gc,tlab                     ] GC(5) TLAB new size: thread: 0x00007ff7a5817000 [id: 41987] refills 50  alloc: 0.999999 desired_size: 41943 -> 41943
[3.632s][debug][gc,freelist,stats           ] After GC:
[3.632s][debug][gc,freelist,stats           ] Statistics for BinaryTreeDictionary:
[3.632s][debug][gc,freelist,stats           ] ------------------------------------
[3.632s][debug][gc,freelist,stats           ] Total Free Space: 2457099
[3.632s][debug][gc,freelist,stats           ] Max   Chunk Size: 2457099
[3.632s][debug][gc,freelist,stats           ] Number of Blocks: 1
[3.632s][debug][gc,freelist,stats           ] Av.  Block  Size: 2457099
[3.632s][debug][gc,freelist,stats           ] Tree      Height: 1
[3.632s][trace][gc,freelist,stats           ] Statistics for IndexedFreeLists:
[3.632s][trace][gc,freelist,stats           ] --------------------------------
[3.632s][trace][gc,freelist,stats           ] Total Free Space: 35504
[3.632s][trace][gc,freelist,stats           ] Max   Chunk Size: 130
[3.632s][trace][gc,freelist,stats           ] Number of Blocks: 2971
[3.632s][trace][gc,freelist,stats           ] Av.  Block  Size: 11
[3.632s][trace][gc,freelist,stats           ]  free=2492603 frag=0.0283
[3.632s][info ][gc                          ] GC(5) Pause Young (Allocation Failure) 35M->22M(58M) 8.484ms
[3.632s][info ][gc,cpu                      ] GC(5) User=0.01s Sys=0.01s Real=0.01s
[3.632s][debug][gc,heap                     ] GC(5) Heap after GC invocations=6 (full 0): par new generation   total 18432K, used 2048K [0x00000007fc400000, 0x00000007fd800000, 0x00000007fd800000)
[3.632s][debug][gc,heap                     ] GC(5)   eden space 16384K,   0% used [0x00000007fc400000, 0x00000007fc400000, 0x00000007fd400000)
[3.632s][debug][gc,heap                     ] GC(5)   from space 2048K, 100% used [0x00000007fd400000, 0x00000007fd600000, 0x00000007fd600000)
[3.632s][debug][gc,heap                     ] GC(5)   to   space 2048K,   0% used [0x00000007fd600000, 0x00000007fd600000, 0x00000007fd800000)
[3.632s][debug][gc,heap                     ] GC(5)  concurrent mark-sweep generation total 40960K, used 21358K [0x00000007fd800000, 0x0000000800000000, 0x0000000800000000)
[3.632s][debug][gc,heap                     ] GC(5)  Metaspace       used 6832K, capacity 6934K, committed 7168K, reserved 1056768K
[3.632s][debug][gc,heap                     ] GC(5)   class space    used 609K, capacity 647K, committed 768K, reserved 1048576K
[3.632s][trace][gc,tlab                     ] ThreadLocalAllocBuffer::compute_size(3) returns 41702
[3.632s][trace][gc                          ]  CMSCollector: collect for bootstrapping statistics: occupancy = 0.521449, boot occupancy = 0.500000
[3.632s][trace][gc,tlab                     ] TLAB: fill thread: 0x00007ff7a3004000 [id: 8963] desired_size: 325KB slow allocs: 0  refill waste: 5208B alloc: 0.99420      324KB refills: 1 waste  0.0% gc: 0B slow: 0B fast: 0B
[3.632s][debug][gc,state                    ] Thread 0x00007ff7a4008000 in CMS state 3
[3.632s][debug][gc,state                    ] CMS Thread 0x00007ff7a4008000 continuing at CMS state 3
[3.632s][trace][gc,nmethod                  ] oops_do_marking_prologue
[3.632s][trace][gc,nmethod                  ] oops_do_marking_epilogue
[3.632s][info ][gc,start                    ] GC(6) Pause Initial Mark
[3.632s][trace][gc,phases,start             ] GC(6) checkpointRootsInitialWork
[3.632s][trace][gc,heap                     ] GC(6) eden 0x00000007fc400000-0x00000007fc451770-0x00000007fd400000(16777216)
[3.632s][trace][gc,heap                     ] GC(6) _eden_chunk_index=2, _eden_chunk_capacity=1153
[3.632s][trace][gc,heap                     ] GC(6) _eden_chunk_array[0]=0x00000007fc400040
[3.632s][trace][gc,heap                     ] GC(6) _eden_chunk_array[1]=0x00000007fc451770
[3.632s][trace][gc,heap                     ] GC(6) survivor 0x00000007fd400000-0x00000007fd600000-0x00000007fd600000(2097152)
[3.632s][trace][gc,heap                     ] GC(6) _survivor_chunk_index=0, _survivor_chunk_capacity=1024
[3.632s][trace][gc,nmethod                  ] GC(6) oops_do_marking_prologue
[3.632s][trace][gc,survivor                 ]  (Survivor:3chunks)
[3.632s][trace][gc,task                     ] GC(6) WorkerManager::add_workers() : created_workers: 2
[3.632s][trace][gc,task                     ] GC(6) GC Thread: using 2 out of 10 workers
[3.632s][trace][gc,task                     ] GC(6) Finished young gen initial mark scan work in 1th thread: 0.000 sec
[3.632s][trace][gc,nmethod                  ] GC(6)  346 %     4       TExample::main @ 18 (86 bytes)   oops_do, mark
[3.632s][trace][gc,task                     ] GC(6) Finished remaining root initial mark scan work in 1th thread: 0.000 sec
[3.632s][trace][gc,task                     ] GC(6) Finished young gen initial mark scan work in 0th thread: 0.000 sec
[3.632s][trace][gc,task                     ] GC(6) Finished remaining root initial mark scan work in 0th thread: 0.000 sec
[3.632s][trace][gc,task                     ] GC(6) WorkerManager::add_workers() : created_workers: 2
[3.632s][trace][gc,task                     ] GC(6) GC Thread: using 2 out of 10 workers
[3.632s][trace][gc,nmethod                  ] GC(6)  346 %     4       TExample::main @ 18 (86 bytes)   oops_do, unmark
[3.632s][trace][gc,nmethod                  ] GC(6) oops_do_marking_epilogue
[3.632s][trace][gc,phases                   ] GC(6) checkpointRootsInitialWork 0.410ms
[3.632s][info ][gc                          ] GC(6) Pause Initial Mark 23M->23M(58M) 0.420ms
[3.632s][info ][gc,cpu                      ] GC(6) User=0.00s Sys=0.00s Real=0.00s
[3.632s][debug][gc,state                    ]   Thread 0x00007ff7a4008000 done - next CMS state 4
[3.632s][debug][gc,state                    ] Thread 0x00007ff7a4008000 in CMS state 4
[3.632s][debug][gc,state                    ] CMS Thread 0x00007ff7a4008000 continuing at CMS state 4
[3.632s][info ][gc                          ] GC(6) Concurrent Mark
[3.632s][trace][gc,task                     ] GC(6) GCTaskManager::calc_default_active_workers() : active_workers(): 1  new_active_workers: 2  prev_active_workers: 1
 active_workers_by_JT: 2  active_workers_by_heap_size: 2
[3.632s][trace][gc,task                     ] GC(6) WorkerManager::add_workers() : created_workers: 2
[3.632s][trace][gc,task                     ] GC(6) Creating additional CMS Thread(s) previously created workers 1 active workers 2 total created workers 2
[3.632s][trace][gc,task                     ] GC(6) CMS Thread: using 2 out of 3 workers
[3.632s][info ][gc,task                     ] GC(6) Using 2 workers of 3 for marking
[3.636s][trace][gc,task                     ] GC(6) Finished cms space scanning in 0th thread: 0.004 sec
[3.636s][trace][gc,task                     ] GC(6) Finished cms space scanning in 1th thread: 0.004 sec
[3.637s][trace][gc,task                     ] GC(6) Finished work stealing in 1th thread: 0.000 sec
[3.637s][trace][gc,task                     ] GC(6) Finished work stealing in 0th thread: 0.000 sec
[3.637s][debug][gc                          ] GC(6) Concurrent active time: 0.004ms
[3.637s][trace][gc                          ] GC(6)  (CMS Concurrent Mark yielded 0 times)
[3.637s][info ][gc                          ] GC(6) Concurrent Mark 4.297ms
[3.637s][info ][gc,cpu                      ] GC(6) User=0.01s Sys=0.00s Real=0.00s
[3.637s][debug][gc,state                    ]   Thread 0x00007ff7a4008000 done - next CMS state 5
[3.637s][debug][gc,state                    ] Thread 0x00007ff7a4008000 in CMS state 5
[3.637s][debug][gc,state                    ] CMS Thread 0x00007ff7a4008000 continuing at CMS state 5
[3.637s][info ][gc                          ] GC(6) Concurrent Preclean
[3.637s][debug][gc,ref,start                ] GC(6) Preclean SoftReferences
[3.637s][trace][gc,ref                      ] GC(6) SoftRef before: 0 0 0 0 0 0 0 0 0 0 (0)
[3.637s][trace][gc,ref                      ] GC(6) SoftRef after: 0 0 0 0 0 0 0 0 0 0 (0)
[3.637s][debug][gc,ref                      ] GC(6) Preclean SoftReferences 0.010ms
[3.637s][debug][gc,ref,start                ] GC(6) Preclean WeakReferences
[3.637s][trace][gc,ref                      ] GC(6) WeakRef before: 18 0 0 0 0 0 0 0 0 0 (18)
[3.637s][trace][gc,ref                      ] GC(6) WeakRef after: 0 0 0 0 0 0 0 0 0 0 (0)
[3.637s][debug][gc,ref                      ] GC(6) Preclean WeakReferences 0.010ms
[3.637s][debug][gc,ref,start                ] GC(6) Preclean FinalReferences
[3.637s][trace][gc,ref                      ] GC(6) FinalRef before: 0 0 0 0 0 0 0 0 0 0 (0)
[3.637s][trace][gc,ref                      ] GC(6) FinalRef after: 0 0 0 0 0 0 0 0 0 0 (0)
[3.637s][debug][gc,ref                      ] GC(6) Preclean FinalReferences 0.008ms
[3.637s][debug][gc,ref,start                ] GC(6) Preclean PhantomReferences
[3.637s][trace][gc,ref                      ] GC(6) PhantomRef before: 10 0 0 0 0 0 0 0 0 0 (10)
[3.637s][trace][gc,ref                      ] GC(6) PhantomRef after: 0 0 0 0 0 0 0 0 0 0 (0)
[3.637s][debug][gc,ref                      ] GC(6) Preclean PhantomReferences 0.008ms
[3.637s][trace][gc                          ] GC(6)  (modUnionTable: 0 cards)
[3.637s][trace][gc                          ] GC(6)  (cardTable: 810 cards, re-scanned 810 cards, 1 iterations)
[3.637s][debug][gc                          ] GC(6) Concurrent active time: 0.000ms
[3.637s][trace][gc                          ] GC(6)  (CMS Concurrent Preclean yielded 0 times)
[3.637s][info ][gc                          ] GC(6) Concurrent Preclean 0.505ms
[3.637s][info ][gc,cpu                      ] GC(6) User=0.01s Sys=0.00s Real=0.00s
[3.637s][debug][gc,state                    ]   Thread 0x00007ff7a4008000 done - next CMS state 6
[3.637s][debug][gc,state                    ] Thread 0x00007ff7a4008000 in CMS state 6
[3.637s][debug][gc,state                    ] CMS Thread 0x00007ff7a4008000 continuing at CMS state 6
[3.637s][debug][gc,state                    ]   Thread 0x00007ff7a4008000 done - next CMS state 7
[3.637s][debug][gc,state                    ] Thread 0x00007ff7a4008000 in CMS state 7
[3.637s][debug][gc,state                    ] CMS Thread 0x00007ff7a4008000 continuing at CMS state 7
[3.637s][trace][gc,nmethod                  ] oops_do_marking_prologue
[3.637s][trace][gc,nmethod                  ] oops_do_marking_epilogue
[3.637s][info ][gc,start                    ] GC(6) Pause Remark
[3.637s][debug][gc                          ] GC(6) YG occupancy: 2373 K (18432 K)
[3.637s][trace][gc,phases,start             ] GC(6) checkpointRootsFinalWork
[3.637s][trace][gc,heap                     ] GC(6) eden 0x00000007fc400000-0x00000007fc451770-0x00000007fd400000(16777216)
[3.637s][trace][gc,heap                     ] GC(6) _eden_chunk_index=2, _eden_chunk_capacity=1153
[3.637s][trace][gc,heap                     ] GC(6) _eden_chunk_array[0]=0x00000007fc400040
[3.637s][trace][gc,heap                     ] GC(6) _eden_chunk_array[1]=0x00000007fc451770
[3.637s][trace][gc,heap                     ] GC(6) survivor 0x00000007fd400000-0x00000007fd600000-0x00000007fd600000(2097152)
[3.637s][trace][gc,heap                     ] GC(6) _survivor_chunk_index=3, _survivor_chunk_capacity=1024
[3.637s][trace][gc,heap                     ] GC(6) _survivor_chunk_array[0]=0x00000007fd400000
[3.637s][trace][gc,heap                     ] GC(6) _survivor_chunk_array[1]=0x00000007fd4ff228
[3.637s][trace][gc,heap                     ] GC(6) _survivor_chunk_array[2]=0x00000007fd5fe450
[3.637s][debug][gc,phases,start             ] GC(6) Rescan (parallel)
[3.637s][trace][gc,nmethod                  ] GC(6) oops_do_marking_prologue
[3.637s][trace][gc,survivor                 ]  (Survivor:3chunks)
[3.637s][trace][gc,task                     ] GC(6) WorkerManager::add_workers() : created_workers: 2
[3.637s][trace][gc,task                     ] GC(6) GC Thread: using 2 out of 10 workers
[3.638s][trace][gc,task                     ] GC(6) Finished young gen rescan work in 1th thread: 0.000 sec
[3.638s][trace][gc,nmethod                  ] GC(6)  346 %     4       TExample::main @ 18 (86 bytes)   oops_do, mark
[3.638s][trace][gc,task                     ] GC(6) Finished remaining root rescan work in 1th thread: 0.000 sec
[3.638s][trace][gc,task                     ] GC(6) Finished young gen rescan work in 0th thread: 0.000 sec
[3.638s][trace][gc,task                     ] GC(6) Finished remaining root rescan work in 0th thread: 0.000 sec
[3.638s][trace][gc,task                     ] GC(6) Finished unhandled CLD scanning work in 0th thread: 0.000 sec
[3.638s][trace][gc,task                     ] GC(6) Finished dirty CLD scanning work in 0th thread: 0.000 sec
[3.638s][trace][gc,task                     ] GC(6) Finished dirty card rescan work in 0th thread: 0.000 sec
[3.638s][trace][gc,task                     ] GC(6) Finished dirty card rescan work in 1th thread: 0.000 sec
[3.638s][trace][gc,task                     ] GC(6) Finished work stealing in 1th thread: 0.000 sec
[3.638s][trace][gc,task                     ] GC(6) Finished work stealing in 0th thread: 0.000 sec
[3.638s][trace][gc,task                     ] GC(6) WorkerManager::add_workers() : created_workers: 2
[3.638s][trace][gc,task                     ] GC(6) GC Thread: using 2 out of 10 workers
[3.638s][trace][gc,nmethod                  ] GC(6)  346 %     4       TExample::main @ 18 (86 bytes)   oops_do, unmark
[3.638s][trace][gc,nmethod                  ] GC(6) oops_do_marking_epilogue
[3.638s][debug][gc,phases                   ] GC(6) Rescan (parallel) 0.599ms
[3.638s][trace][gc,phases,start             ] GC(6) refProcessingWork
[3.638s][debug][gc,phases,start             ] GC(6) Reference Processing
[3.638s][debug][gc,ref                      ] GC(6) Skipped phase1 of Reference Processing due to unavailable references
[3.638s][debug][gc,ref                      ] GC(6) Skipped phase2 of Reference Processing due to unavailable references
[3.638s][debug][gc,ref                      ] GC(6) Skipped phase3 of Reference Processing due to unavailable references
[3.638s][debug][gc,ref                      ] GC(6) Skipped phase4 of Reference Processing due to unavailable references
[3.638s][debug][gc,phases,ref               ] GC(6) Reference Processing: 0.0ms
[3.638s][debug][gc,phases,ref               ] GC(6)   Reconsider SoftReferences: 0.0ms
[3.638s][debug][gc,phases,ref               ] GC(6)     SoftRef: skipped
[3.638s][debug][gc,phases,ref               ] GC(6)   Notify Soft/WeakReferences: 0.0ms
[3.638s][debug][gc,phases,ref               ] GC(6)     SoftRef: skipped
[3.638s][debug][gc,phases,ref               ] GC(6)     WeakRef: skipped
[3.638s][debug][gc,phases,ref               ] GC(6)     FinalRef: skipped
[3.638s][debug][gc,phases,ref               ] GC(6)     Total: skipped
[3.638s][debug][gc,phases,ref               ] GC(6)   Notify and keep alive finalizable: 0.0ms
[3.638s][debug][gc,phases,ref               ] GC(6)     FinalRef: skipped
[3.638s][debug][gc,phases,ref               ] GC(6)   Notify PhantomReferences: 0.0ms
[3.638s][debug][gc,phases,ref               ] GC(6)     PhantomRef: skipped
[3.638s][debug][gc,phases,ref               ] GC(6)   SoftReference:
[3.638s][debug][gc,phases,ref               ] GC(6)     Discovered: 0
[3.638s][debug][gc,phases,ref               ] GC(6)     Cleared: 0
[3.638s][debug][gc,phases,ref               ] GC(6)   WeakReference:
[3.638s][debug][gc,phases,ref               ] GC(6)     Discovered: 0
[3.638s][debug][gc,phases,ref               ] GC(6)     Cleared: 0
[3.638s][debug][gc,phases,ref               ] GC(6)   FinalReference:
[3.638s][debug][gc,phases,ref               ] GC(6)     Discovered: 0
[3.638s][debug][gc,phases,ref               ] GC(6)     Cleared: 0
[3.638s][debug][gc,phases,ref               ] GC(6)   PhantomReference:
[3.638s][debug][gc,phases,ref               ] GC(6)     Discovered: 0
[3.638s][debug][gc,phases,ref               ] GC(6)     Cleared: 0
[3.638s][debug][gc,phases                   ] GC(6) Reference Processing 0.061ms
[3.638s][debug][gc,phases,start             ] GC(6) Weak Processing
[3.638s][debug][gc,phases                   ] GC(6) Weak Processing 0.004ms
[3.638s][debug][gc,phases,start             ] GC(6) Class Unloading
[3.638s][debug][gc,phases,start             ] GC(6) ClassLoaderData
[3.638s][trace][gc,metaspace,freelist,blocks] returning block at 0x0000000114877dc0 size = 5
[3.638s][trace][gc,metaspace,freelist,blocks] returning block at 0x0000000114877b50 size = 9
[3.638s][trace][gc,metaspace,freelist,blocks] returning block at 0x0000000114877b98 size = 69
[3.638s][trace][gc,metaspace,freelist,blocks] returning block at 0x0000000114878028 size = 6
[3.638s][trace][gc,metaspace,freelist,blocks] returning block at 0x0000000114877e00 size = 8
[3.638s][trace][gc,metaspace,freelist,blocks] returning block at 0x0000000114877e40 size = 61
[3.638s][trace][gc,metaspace,freelist,blocks] returning block at 0x0000000114878208 size = 5
[3.638s][trace][gc,metaspace,freelist,blocks] returning block at 0x0000000114878070 size = 6
[3.638s][trace][gc,metaspace,freelist,blocks] returning block at 0x00000001148780a0 size = 45
[3.638s][trace][gc,metaspace,freelist,blocks] returning block at 0x000000011486fd58 size = 4
[3.638s][trace][gc,metaspace,freelist,blocks] returning block at 0x000000011486fbb0 size = 6
[3.638s][trace][gc,metaspace,freelist,blocks] returning block at 0x000000011486fbe0 size = 47
[3.638s][trace][gc,metaspace,freelist,blocks] returning block at 0x000000011486ff70 size = 6
[3.638s][trace][gc,metaspace,freelist,blocks] returning block at 0x000000011486fd90 size = 7
[3.638s][trace][gc,metaspace,freelist,blocks] returning block at 0x000000011486fdc8 size = 53
[3.638s][trace][gc,metaspace,freelist,blocks] returning block at 0x00000001146c9770 size = 9
[3.638s][trace][gc,metaspace,freelist,blocks] returning block at 0x00000001146c9540 size = 8
[3.638s][trace][gc,metaspace,freelist,blocks] returning block at 0x00000001146c9580 size = 62
[3.638s][trace][gc,metaspace,freelist,blocks] returning block at 0x00000001146c61d8 size = 5
[3.638s][trace][gc,metaspace,freelist,blocks] returning block at 0x00000001146c5fc0 size = 8
[3.638s][trace][gc,metaspace,freelist,blocks] returning block at 0x00000001146c6000 size = 59
[3.638s][trace][gc,metaspace,freelist,blocks] returning block at 0x00000001146c3330 size = 5
[3.638s][trace][gc,metaspace,freelist,blocks] returning block at 0x00000001146c3238 size = 4
[3.638s][trace][gc,metaspace,freelist,blocks] returning block at 0x00000001146c3258 size = 27
[3.638s][trace][gc,metaspace,freelist,blocks] returning block at 0x00000001146c3430 size = 5
[3.638s][trace][gc,metaspace,freelist,blocks] returning block at 0x00000001146c3370 size = 3
[3.638s][trace][gc,metaspace,freelist,blocks] returning block at 0x00000001146c3388 size = 21
[3.638s][trace][gc,metaspace,freelist,blocks] returning block at 0x00000001146c36f0 size = 12
[3.638s][trace][gc,metaspace,freelist,blocks] returning block at 0x00000001146c3470 size = 9
[3.638s][trace][gc,metaspace,freelist,blocks] returning block at 0x00000001146c34b8 size = 71
[3.638s][trace][gc,metaspace,freelist,blocks] returning block at 0x00000001146bcd88 size = 9
[3.638s][trace][gc,metaspace,freelist,blocks] returning block at 0x00000001146bd6d8 size = 5
[3.638s][trace][gc,metaspace,freelist,blocks] returning block at 0x00000001146bcad0 size = 10
[3.638s][trace][gc,metaspace,freelist,blocks] returning block at 0x00000001146bcb20 size = 77
[3.638s][trace][gc,metaspace,freelist,blocks] returning block at 0x000000011458b248 size = 28
[3.638s][trace][gc,metaspace,freelist,blocks] returning block at 0x000000011458d740 size = 3
[3.638s][trace][gc,metaspace,freelist,blocks] returning block at 0x000000011458a868 size = 35
[3.638s][trace][gc,metaspace,freelist,blocks] returning block at 0x000000011458a980 size = 281
[3.638s][trace][gc,metaspace,freelist,blocks] returning block at 0x00000001145852c0 size = 12
[3.638s][trace][gc,metaspace,freelist,blocks] returning block at 0x0000000114585a18 size = 3
[3.638s][trace][gc,metaspace,freelist,blocks] returning block at 0x0000000114584f00 size = 14
[3.638s][trace][gc,metaspace,freelist,blocks] returning block at 0x0000000114584f70 size = 106
[3.638s][trace][gc,metaspace,freelist,blocks] returning block at 0x0000000114583780 size = 12
[3.638s][trace][gc,metaspace,freelist,blocks] returning block at 0x0000000114583ed8 size = 3
[3.638s][trace][gc,metaspace,freelist,blocks] returning block at 0x00000001145833c0 size = 14
[3.638s][trace][gc,metaspace,freelist,blocks] returning block at 0x0000000114583430 size = 106
[3.638s][trace][gc,metaspace,freelist,blocks] returning block at 0x00000001145811f8 size = 12
[3.638s][trace][gc,metaspace,freelist,blocks] returning block at 0x00000001145822e0 size = 3
[3.638s][trace][gc,metaspace,freelist,blocks] returning block at 0x0000000114580e38 size = 14
[3.638s][trace][gc,metaspace,freelist,blocks] returning block at 0x0000000114580ea8 size = 106
[3.638s][trace][gc,metaspace,freelist,blocks] returning block at 0x0000000114581418 size = 4
[3.638s][trace][gc,metaspace,freelist,blocks] returning block at 0x0000000114581270 size = 6
[3.638s][trace][gc,metaspace,freelist,blocks] returning block at 0x00000001145812a0 size = 47
[3.638s][trace][gc,metaspace,freelist,blocks] returning block at 0x000000011456d9a0 size = 4
[3.638s][trace][gc,metaspace,freelist,blocks] returning block at 0x000000011456d7a0 size = 7
[3.638s][trace][gc,metaspace,freelist,blocks] returning block at 0x000000011456d7d8 size = 57
[3.638s][trace][gc,metaspace,freelist,blocks] returning block at 0x000000011456dae0 size = 4
[3.638s][trace][gc,metaspace,freelist,blocks] returning block at 0x000000011456d9d8 size = 4
[3.638s][trace][gc,metaspace,freelist,blocks] returning block at 0x000000011456d9f8 size = 29
[3.638s][trace][gc,metaspace,freelist,blocks] returning block at 0x0000000114520908 size = 14
[3.638s][trace][gc,metaspace,freelist,blocks] returning block at 0x0000000114520220 size = 25
[3.638s][trace][gc,metaspace,freelist,blocks] returning block at 0x00000001145202e8 size = 196
[3.638s][trace][gc,metaspace,freelist,blocks] returning block at 0x0000000114447790 size = 17
[3.638s][trace][gc,metaspace,freelist,blocks] returning block at 0x00000001144470d0 size = 24
[3.638s][trace][gc,metaspace,freelist,blocks] returning block at 0x0000000114447190 size = 192
[3.638s][trace][gc,metaspace,freelist,blocks] returning block at 0x0000000114419730 size = 15
[3.638s][trace][gc,metaspace,freelist,blocks] returning block at 0x000000011441a330 size = 3
[3.638s][trace][gc,metaspace,freelist,blocks] returning block at 0x0000000114419160 size = 21
[3.638s][trace][gc,metaspace,freelist,blocks] returning block at 0x0000000114419208 size = 165
[3.638s][trace][gc,metaspace,freelist,blocks] returning block at 0x00000001143cd2a0 size = 12
[3.638s][trace][gc,metaspace,freelist,blocks] returning block at 0x00000001143ccf98 size = 11
[3.638s][trace][gc,metaspace,freelist,blocks] returning block at 0x00000001143ccff0 size = 86
[3.638s][trace][gc,metaspace,freelist,blocks] returning block at 0x00000001142f70f8 size = 4
[3.638s][trace][gc,metaspace,freelist,blocks] returning block at 0x00000001142f7038 size = 3
[3.638s][trace][gc,metaspace,freelist,blocks] returning block at 0x00000001142f7050 size = 21
[3.638s][debug][gc,phases                   ] GC(6) ClassLoaderData 0.169ms
[3.638s][debug][gc,phases,start             ] GC(6) ProtectionDomainCacheTable
[3.638s][debug][gc,phases                   ] GC(6) ProtectionDomainCacheTable 0.003ms
[3.638s][debug][gc,phases,start             ] GC(6) ResolvedMethodTable
[3.638s][debug][gc,phases                   ] GC(6) ResolvedMethodTable 0.007ms
[3.638s][debug][gc,phases                   ] GC(6) Class Unloading 0.284ms
[3.638s][debug][gc,phases,start             ] GC(6) Scrub Symbol Table
[3.639s][debug][gc,phases                   ] GC(6) Scrub Symbol Table 0.371ms
[3.639s][debug][gc,phases,start             ] GC(6) Scrub String Table
[3.639s][debug][gc,phases                   ] GC(6) Scrub String Table 0.026ms
[3.639s][trace][gc,phases                   ] GC(6) refProcessingWork 0.767ms
[3.639s][trace][gc,phases                   ] GC(6) checkpointRootsFinalWork 1.394ms
[3.639s][info ][gc                          ] GC(6) Pause Remark 23M->23M(58M) 1.406ms
[3.639s][info ][gc,cpu                      ] GC(6) User=0.00s Sys=0.00s Real=0.00s
[3.639s][debug][gc,state                    ]   Thread 0x00007ff7a4008000 done - next CMS state 8
[3.639s][debug][gc,state                    ] Thread 0x00007ff7a4008000 in CMS state 8
[3.639s][debug][gc,state                    ] CMS Thread 0x00007ff7a4008000 continuing at CMS state 8
[3.639s][info ][gc                          ] GC(6) Concurrent Sweep
[3.639s][trace][gc,freelist                 ] GC(6) size[3] :
[3.639s][trace][gc,freelist                 ] GC(6) demand: 351051, old_rate: 0.000000, current_rate: 96843.804688, new_rate: 96843.804688, old_desired: 0, new_desired: 351051
[3.639s][trace][gc,freelist                 ] GC(6) size[4] :
[3.639s][trace][gc,freelist                 ] GC(6) demand: 330804, old_rate: 0.000000, current_rate: 91258.304688, new_rate: 91258.304688, old_desired: 0, new_desired: 330804
[3.639s][trace][gc,freelist                 ] GC(6) size[5] :
[3.639s][trace][gc,freelist                 ] GC(6) demand: 1299, old_rate: 0.000000, current_rate: 358.352783, new_rate: 358.352783, old_desired: 0, new_desired: 1299
[3.639s][trace][gc,freelist                 ] GC(6) size[6] :
[3.639s][trace][gc,freelist                 ] GC(6) demand: 1372, old_rate: 0.000000, current_rate: 378.491180, new_rate: 378.491180, old_desired: 0, new_desired: 1372
[3.639s][trace][gc,freelist                 ] GC(6) size[7] :
[3.639s][trace][gc,freelist                 ] GC(6) demand: 673, old_rate: 0.000000, current_rate: 185.659302, new_rate: 185.659302, old_desired: 0, new_desired: 673
[3.639s][trace][gc,freelist                 ] GC(6) size[8] :
[3.639s][trace][gc,freelist                 ] GC(6) demand: 21391, old_rate: 0.000000, current_rate: 5901.096680, new_rate: 5901.096680, old_desired: 0, new_desired: 21391
[3.639s][trace][gc,freelist                 ] GC(6) size[9] :
[3.639s][trace][gc,freelist                 ] GC(6) demand: 121, old_rate: 0.000000, current_rate: 33.380051, new_rate: 33.380051, old_desired: 0, new_desired: 120
[3.639s][trace][gc,freelist                 ] GC(6) size[10] :
[3.639s][trace][gc,freelist                 ] GC(6) demand: 564, old_rate: 0.000000, current_rate: 155.589661, new_rate: 155.589661, old_desired: 0, new_desired: 564
[3.639s][trace][gc,freelist                 ] GC(6) size[11] :
[3.639s][trace][gc,freelist                 ] GC(6) demand: 150, old_rate: 0.000000, current_rate: 41.380230, new_rate: 41.380230, old_desired: 0, new_desired: 150
[3.639s][trace][gc,freelist                 ] GC(6) size[12] :
[3.639s][trace][gc,freelist                 ] GC(6) demand: 71, old_rate: 0.000000, current_rate: 19.586643, new_rate: 19.586643, old_desired: 0, new_desired: 71
[3.639s][trace][gc,freelist                 ] GC(6) size[13] :
[3.639s][trace][gc,freelist                 ] GC(6) demand: 95, old_rate: 0.000000, current_rate: 26.207479, new_rate: 26.207483, old_desired: 0, new_desired: 95
[3.639s][trace][gc,freelist                 ] GC(6) size[14] :
[3.639s][trace][gc,freelist                 ] GC(6) demand: 610, old_rate: 0.000000, current_rate: 168.279602, new_rate: 168.279602, old_desired: 0, new_desired: 610
[3.639s][trace][gc,freelist                 ] GC(6) size[15] :
[3.639s][trace][gc,freelist                 ] GC(6) demand: 203, old_rate: 0.000000, current_rate: 56.001244, new_rate: 56.001244, old_desired: 0, new_desired: 203
[3.639s][trace][gc,freelist                 ] GC(6) size[16] :
[3.639s][trace][gc,freelist                 ] GC(6) demand: 83, old_rate: 0.000000, current_rate: 22.897060, new_rate: 22.897060, old_desired: 0, new_desired: 83
[3.639s][trace][gc,freelist                 ] GC(6) size[17] :
[3.639s][trace][gc,freelist                 ] GC(6) demand: 44, old_rate: 0.000000, current_rate: 12.138201, new_rate: 12.138201, old_desired: 0, new_desired: 44
[3.639s][trace][gc,freelist                 ] GC(6) size[18] :
[3.639s][trace][gc,freelist                 ] GC(6) demand: 61, old_rate: 0.000000, current_rate: 16.827961, new_rate: 16.827961, old_desired: 0, new_desired: 61
[3.639s][trace][gc,freelist                 ] GC(6) size[19] :
[3.639s][trace][gc,freelist                 ] GC(6) demand: 13, old_rate: 0.000000, current_rate: 3.586287, new_rate: 3.586287, old_desired: 0, new_desired: 13
[3.639s][trace][gc,freelist                 ] GC(6) size[20] :
[3.639s][trace][gc,freelist                 ] GC(6) demand: 23, old_rate: 0.000000, current_rate: 6.344969, new_rate: 6.344969, old_desired: 0, new_desired: 23
[3.639s][trace][gc,freelist                 ] GC(6) size[21] :
[3.639s][trace][gc,freelist                 ] GC(6) demand: 17, old_rate: 0.000000, current_rate: 4.689759, new_rate: 4.689759, old_desired: 0, new_desired: 17
[3.639s][trace][gc,freelist                 ] GC(6) size[22] :
[3.639s][trace][gc,freelist                 ] GC(6) demand: 12, old_rate: 0.000000, current_rate: 3.310418, new_rate: 3.310418, old_desired: 0, new_desired: 12
[3.639s][trace][gc,freelist                 ] GC(6) size[23] :
[3.639s][trace][gc,freelist                 ] GC(6) demand: 6, old_rate: 0.000000, current_rate: 1.655209, new_rate: 1.655209, old_desired: 0, new_desired: 6
[3.639s][trace][gc,freelist                 ] GC(6) size[24] :
[3.639s][trace][gc,freelist                 ] GC(6) demand: 7, old_rate: 0.000000, current_rate: 1.931077, new_rate: 1.931078, old_desired: 0, new_desired: 7
[3.639s][trace][gc,freelist                 ] GC(6) size[25] :
[3.639s][trace][gc,freelist                 ] GC(6) demand: 5, old_rate: 0.000000, current_rate: 1.379341, new_rate: 1.379341, old_desired: 0, new_desired: 5
[3.639s][trace][gc,freelist                 ] GC(6) size[26] :
[3.639s][trace][gc,freelist                 ] GC(6) demand: 6, old_rate: 0.000000, current_rate: 1.655209, new_rate: 1.655209, old_desired: 0, new_desired: 6
[3.639s][trace][gc,freelist                 ] GC(6) size[27] :
[3.639s][trace][gc,freelist                 ] GC(6) demand: 7, old_rate: 0.000000, current_rate: 1.931077, new_rate: 1.931078, old_desired: 0, new_desired: 7
[3.639s][trace][gc,freelist                 ] GC(6) size[28] :
[3.639s][trace][gc,freelist                 ] GC(6) demand: 5, old_rate: 0.000000, current_rate: 1.379341, new_rate: 1.379341, old_desired: 0, new_desired: 5
[3.639s][trace][gc,freelist                 ] GC(6) size[29] :
[3.639s][trace][gc,freelist                 ] GC(6) demand: 2, old_rate: 0.000000, current_rate: 0.551736, new_rate: 0.551736, old_desired: 0, new_desired: 2
[3.639s][trace][gc,freelist                 ] GC(6) size[30] :
[3.639s][trace][gc,freelist                 ] GC(6) demand: 4, old_rate: 0.000000, current_rate: 1.103473, new_rate: 1.103473, old_desired: 0, new_desired: 4
[3.639s][trace][gc,freelist                 ] GC(6) size[31] :
[3.639s][trace][gc,freelist                 ] GC(6) demand: 3, old_rate: 0.000000, current_rate: 0.827605, new_rate: 0.827605, old_desired: 0, new_desired: 3
[3.639s][trace][gc,freelist                 ] GC(6) size[32] :
[3.639s][trace][gc,freelist                 ] GC(6) demand: 0, old_rate: 0.000000, current_rate: 0.000000, new_rate: 0.000000, old_desired: 0, new_desired: 0
[3.639s][trace][gc,freelist                 ] GC(6) size[33] :
[3.639s][trace][gc,freelist                 ] GC(6) demand: 0, old_rate: 0.000000, current_rate: 0.000000, new_rate: 0.000000, old_desired: 0, new_desired: 0
[3.639s][trace][gc,freelist                 ] GC(6) size[34] :
[3.639s][trace][gc,freelist                 ] GC(6) demand: 17, old_rate: 0.000000, current_rate: 4.689759, new_rate: 4.689759, old_desired: 0, new_desired: 17
[3.639s][trace][gc,freelist                 ] GC(6) size[35] :
[3.639s][trace][gc,freelist                 ] GC(6) demand: 6, old_rate: 0.000000, current_rate: 1.655209, new_rate: 1.655209, old_desired: 0, new_desired: 6
[3.639s][trace][gc,freelist                 ] GC(6) size[36] :
[3.639s][trace][gc,freelist                 ] GC(6) demand: 1, old_rate: 0.000000, current_rate: 0.275868, new_rate: 0.275868, old_desired: 0, new_desired: 1
[3.639s][trace][gc,freelist                 ] GC(6) size[37] :
[3.639s][trace][gc,freelist                 ] GC(6) demand: 0, old_rate: 0.000000, current_rate: 0.000000, new_rate: 0.000000, old_desired: 0, new_desired: 0
[3.639s][trace][gc,freelist                 ] GC(6) size[38] :
[3.639s][trace][gc,freelist                 ] GC(6) demand: 2, old_rate: 0.000000, current_rate: 0.551736, new_rate: 0.551736, old_desired: 0, new_desired: 2
[3.639s][trace][gc,freelist                 ] GC(6) size[39] :
[3.639s][trace][gc,freelist                 ] GC(6) demand: 0, old_rate: 0.000000, current_rate: 0.000000, new_rate: 0.000000, old_desired: 0, new_desired: 0
[3.639s][trace][gc,freelist                 ] GC(6) size[40] :
[3.639s][trace][gc,freelist                 ] GC(6) demand: 0, old_rate: 0.000000, current_rate: 0.000000, new_rate: 0.000000, old_desired: 0, new_desired: 0
[3.639s][trace][gc,freelist                 ] GC(6) size[41] :
[3.639s][trace][gc,freelist                 ] GC(6) demand: 1, old_rate: 0.000000, current_rate: 0.275868, new_rate: 0.275868, old_desired: 0, new_desired: 1
[3.639s][trace][gc,freelist                 ] GC(6) size[42] :
[3.639s][trace][gc,freelist                 ] GC(6) demand: 0, old_rate: 0.000000, current_rate: 0.000000, new_rate: 0.000000, old_desired: 0, new_desired: 0
[3.639s][trace][gc,freelist                 ] GC(6) size[43] :
[3.639s][trace][gc,freelist                 ] GC(6) demand: 0, old_rate: 0.000000, current_rate: 0.000000, new_rate: 0.000000, old_desired: 0, new_desired: 0
[3.639s][trace][gc,freelist                 ] GC(6) size[44] :
[3.639s][trace][gc,freelist                 ] GC(6) demand: 0, old_rate: 0.000000, current_rate: 0.000000, new_rate: 0.000000, old_desired: 0, new_desired: 0
[3.639s][trace][gc,freelist                 ] GC(6) size[45] :
[3.639s][trace][gc,freelist                 ] GC(6) demand: 0, old_rate: 0.000000, current_rate: 0.000000, new_rate: 0.000000, old_desired: 0, new_desired: 0
[3.639s][trace][gc,freelist                 ] GC(6) size[46] :
[3.639s][trace][gc,freelist                 ] GC(6) demand: 1, old_rate: 0.000000, current_rate: 0.275868, new_rate: 0.275868, old_desired: 0, new_desired: 1
[3.639s][trace][gc,freelist                 ] GC(6) size[47] :
[3.639s][trace][gc,freelist                 ] GC(6) demand: 11, old_rate: 0.000000, current_rate: 3.034550, new_rate: 3.034550, old_desired: 0, new_desired: 11
[3.639s][trace][gc,freelist                 ] GC(6) size[48] :
[3.639s][trace][gc,freelist                 ] GC(6) demand: 4, old_rate: 0.000000, current_rate: 1.103473, new_rate: 1.103473, old_desired: 0, new_desired: 4
[3.639s][trace][gc,freelist                 ] GC(6) size[49] :
[3.639s][trace][gc,freelist                 ] GC(6) demand: 2, old_rate: 0.000000, current_rate: 0.551736, new_rate: 0.551736, old_desired: 0, new_desired: 2
[3.639s][trace][gc,freelist                 ] GC(6) size[50] :
[3.639s][trace][gc,freelist                 ] GC(6) demand: 1, old_rate: 0.000000, current_rate: 0.275868, new_rate: 0.275868, old_desired: 0, new_desired: 1
[3.639s][trace][gc,freelist                 ] GC(6) size[51] :
[3.639s][trace][gc,freelist                 ] GC(6) demand: 1, old_rate: 0.000000, current_rate: 0.275868, new_rate: 0.275868, old_desired: 0, new_desired: 1
[3.639s][trace][gc,freelist                 ] GC(6) size[52] :
[3.639s][trace][gc,freelist                 ] GC(6) demand: 1, old_rate: 0.000000, current_rate: 0.275868, new_rate: 0.275868, old_desired: 0, new_desired: 1
[3.639s][trace][gc,freelist                 ] GC(6) size[53] :
[3.639s][trace][gc,freelist                 ] GC(6) demand: 0, old_rate: 0.000000, current_rate: 0.000000, new_rate: 0.000000, old_desired: 0, new_desired: 0
[3.639s][trace][gc,freelist                 ] GC(6) size[54] :
[3.639s][trace][gc,freelist                 ] GC(6) demand: 0, old_rate: 0.000000, current_rate: 0.000000, new_rate: 0.000000, old_desired: 0, new_desired: 0
[3.639s][trace][gc,freelist                 ] GC(6) size[55] :
[3.639s][trace][gc,freelist                 ] GC(6) demand: 0, old_rate: 0.000000, current_rate: 0.000000, new_rate: 0.000000, old_desired: 0, new_desired: 0
[3.639s][trace][gc,freelist                 ] GC(6) size[56] :
[3.639s][trace][gc,freelist                 ] GC(6) demand: 1, old_rate: 0.000000, current_rate: 0.275868, new_rate: 0.275868, old_desired: 0, new_desired: 1
[3.639s][trace][gc,freelist                 ] GC(6) size[57] :
[3.639s][trace][gc,freelist                 ] GC(6) demand: 0, old_rate: 0.000000, current_rate: 0.000000, new_rate: 0.000000, old_desired: 0, new_desired: 0
[3.639s][trace][gc,freelist                 ] GC(6) size[58] :
[3.639s][trace][gc,freelist                 ] GC(6) demand: 0, old_rate: 0.000000, current_rate: 0.000000, new_rate: 0.000000, old_desired: 0, new_desired: 0
[3.639s][trace][gc,freelist                 ] GC(6) size[59] :
[3.639s][trace][gc,freelist                 ] GC(6) demand: 1, old_rate: 0.000000, current_rate: 0.275868, new_rate: 0.275868, old_desired: 0, new_desired: 1
[3.639s][trace][gc,freelist                 ] GC(6) size[60] :
[3.639s][trace][gc,freelist                 ] GC(6) demand: 0, old_rate: 0.000000, current_rate: 0.000000, new_rate: 0.000000, old_desired: 0, new_desired: 0
[3.639s][trace][gc,freelist                 ] GC(6) size[61] :
[3.639s][trace][gc,freelist                 ] GC(6) demand: 0, old_rate: 0.000000, current_rate: 0.000000, new_rate: 0.000000, old_desired: 0, new_desired: 0
[3.639s][trace][gc,freelist                 ] GC(6) size[62] :
[3.639s][trace][gc,freelist                 ] GC(6) demand: 3, old_rate: 0.000000, current_rate: 0.827605, new_rate: 0.827605, old_desired: 0, new_desired: 3
[3.639s][trace][gc,freelist                 ] GC(6) size[63] :
[3.639s][trace][gc,freelist                 ] GC(6) demand: 1, old_rate: 0.000000, current_rate: 0.275868, new_rate: 0.275868, old_desired: 0, new_desired: 1
[3.639s][trace][gc,freelist                 ] GC(6) size[64] :
[3.639s][trace][gc,freelist                 ] GC(6) demand: 0, old_rate: 0.000000, current_rate: 0.000000, new_rate: 0.000000, old_desired: 0, new_desired: 0
[3.639s][trace][gc,freelist                 ] GC(6) size[65] :
[3.639s][trace][gc,freelist                 ] GC(6) demand: 0, old_rate: 0.000000, current_rate: 0.000000, new_rate: 0.000000, old_desired: 0, new_desired: 0
[3.639s][trace][gc,freelist                 ] GC(6) size[66] :
[3.639s][trace][gc,freelist                 ] GC(6) demand: 9, old_rate: 0.000000, current_rate: 2.482814, new_rate: 2.482814, old_desired: 0, new_desired: 9
[3.639s][trace][gc,freelist                 ] GC(6) size[67] :
[3.639s][trace][gc,freelist                 ] GC(6) demand: 0, old_rate: 0.000000, current_rate: 0.000000, new_rate: 0.000000, old_desired: 0, new_desired: 0
[3.639s][trace][gc,freelist                 ] GC(6) size[68] :
[3.639s][trace][gc,freelist                 ] GC(6) demand: 1, old_rate: 0.000000, current_rate: 0.275868, new_rate: 0.275868, old_desired: 0, new_desired: 1
[3.639s][trace][gc,freelist                 ] GC(6) size[69] :
[3.639s][trace][gc,freelist                 ] GC(6) demand: 0, old_rate: 0.000000, current_rate: 0.000000, new_rate: 0.000000, old_desired: 0, new_desired: 0
[3.639s][trace][gc,freelist                 ] GC(6) size[70] :
[3.639s][trace][gc,freelist                 ] GC(6) demand: 0, old_rate: 0.000000, current_rate: 0.000000, new_rate: 0.000000, old_desired: 0, new_desired: 0
[3.639s][trace][gc,freelist                 ] GC(6) size[71] :
[3.639s][trace][gc,freelist                 ] GC(6) demand: 0, old_rate: 0.000000, current_rate: 0.000000, new_rate: 0.000000, old_desired: 0, new_desired: 0
[3.639s][trace][gc,freelist                 ] GC(6) size[72] :
[3.639s][trace][gc,freelist                 ] GC(6) demand: 1, old_rate: 0.000000, current_rate: 0.275868, new_rate: 0.275868, old_desired: 0, new_desired: 1
[3.639s][trace][gc,freelist                 ] GC(6) size[73] :
[3.639s][trace][gc,freelist                 ] GC(6) demand: 0, old_rate: 0.000000, current_rate: 0.000000, new_rate: 0.000000, old_desired: 0, new_desired: 0
[3.639s][trace][gc,freelist                 ] GC(6) size[74] :
[3.639s][trace][gc,freelist                 ] GC(6) demand: 1, old_rate: 0.000000, current_rate: 0.275868, new_rate: 0.275868, old_desired: 0, new_desired: 1
[3.639s][trace][gc,freelist                 ] GC(6) size[75] :
[3.639s][trace][gc,freelist                 ] GC(6) demand: 1, old_rate: 0.000000, current_rate: 0.275868, new_rate: 0.275868, old_desired: 0, new_desired: 1
[3.639s][trace][gc,freelist                 ] GC(6) size[76] :
[3.639s][trace][gc,freelist                 ] GC(6) demand: 0, old_rate: 0.000000, current_rate: 0.000000, new_rate: 0.000000, old_desired: 0, new_desired: 0
[3.639s][trace][gc,freelist                 ] GC(6) size[77] :
[3.639s][trace][gc,freelist                 ] GC(6) demand: 0, old_rate: 0.000000, current_rate: 0.000000, new_rate: 0.000000, old_desired: 0, new_desired: 0
[3.639s][trace][gc,freelist                 ] GC(6) size[78] :
[3.639s][trace][gc,freelist                 ] GC(6) demand: 0, old_rate: 0.000000, current_rate: 0.000000, new_rate: 0.000000, old_desired: 0, new_desired: 0
[3.639s][trace][gc,freelist                 ] GC(6) size[79] :
[3.639s][trace][gc,freelist                 ] GC(6) demand: 1, old_rate: 0.000000, current_rate: 0.275868, new_rate: 0.275868, old_desired: 0, new_desired: 1
[3.639s][trace][gc,freelist                 ] GC(6) size[80] :
[3.639s][trace][gc,freelist                 ] GC(6) demand: 0, old_rate: 0.000000, current_rate: 0.000000, new_rate: 0.000000, old_desired: 0, new_desired: 0
[3.639s][trace][gc,freelist                 ] GC(6) size[81] :
[3.639s][trace][gc,freelist                 ] GC(6) demand: 1, old_rate: 0.000000, current_rate: 0.275868, new_rate: 0.275868, old_desired: 0, new_desired: 1
[3.639s][trace][gc,freelist                 ] GC(6) size[82] :
[3.639s][trace][gc,freelist                 ] GC(6) demand: 1, old_rate: 0.000000, current_rate: 0.275868, new_rate: 0.275868, old_desired: 0, new_desired: 1
[3.639s][trace][gc,freelist                 ] GC(6) size[83] :
[3.639s][trace][gc,freelist                 ] GC(6) demand: 0, old_rate: 0.000000, current_rate: 0.000000, new_rate: 0.000000, old_desired: 0, new_desired: 0
[3.639s][trace][gc,freelist                 ] GC(6) size[84] :
[3.639s][trace][gc,freelist                 ] GC(6) demand: 0, old_rate: 0.000000, current_rate: 0.000000, new_rate: 0.000000, old_desired: 0, new_desired: 0
[3.639s][trace][gc,freelist                 ] GC(6) size[85] :
[3.639s][trace][gc,freelist                 ] GC(6) demand: 0, old_rate: 0.000000, current_rate: 0.000000, new_rate: 0.000000, old_desired: 0, new_desired: 0
[3.639s][trace][gc,freelist                 ] GC(6) size[86] :
[3.639s][trace][gc,freelist                 ] GC(6) demand: 0, old_rate: 0.000000, current_rate: 0.000000, new_rate: 0.000000, old_desired: 0, new_desired: 0
[3.639s][trace][gc,freelist                 ] GC(6) size[87] :
[3.639s][trace][gc,freelist                 ] GC(6) demand: 0, old_rate: 0.000000, current_rate: 0.000000, new_rate: 0.000000, old_desired: 0, new_desired: 0
[3.639s][trace][gc,freelist                 ] GC(6) size[88] :
[3.639s][trace][gc,freelist                 ] GC(6) demand: 1, old_rate: 0.000000, current_rate: 0.275868, new_rate: 0.275868, old_desired: 0, new_desired: 1
[3.639s][trace][gc,freelist                 ] GC(6) size[89] :
[3.639s][trace][gc,freelist                 ] GC(6) demand: 1, old_rate: 0.000000, current_rate: 0.275868, new_rate: 0.275868, old_desired: 0, new_desired: 1
[3.639s][trace][gc,freelist                 ] GC(6) size[90] :
[3.639s][trace][gc,freelist                 ] GC(6) demand: 0, old_rate: 0.000000, current_rate: 0.000000, new_rate: 0.000000, old_desired: 0, new_desired: 0
[3.639s][trace][gc,freelist                 ] GC(6) size[91] :
[3.639s][trace][gc,freelist                 ] GC(6) demand: 0, old_rate: 0.000000, current_rate: 0.000000, new_rate: 0.000000, old_desired: 0, new_desired: 0
[3.639s][trace][gc,freelist                 ] GC(6) size[92] :
[3.639s][trace][gc,freelist                 ] GC(6) demand: 0, old_rate: 0.000000, current_rate: 0.000000, new_rate: 0.000000, old_desired: 0, new_desired: 0
[3.639s][trace][gc,freelist                 ] GC(6) size[93] :
[3.639s][trace][gc,freelist                 ] GC(6) demand: 0, old_rate: 0.000000, current_rate: 0.000000, new_rate: 0.000000, old_desired: 0, new_desired: 0
[3.639s][trace][gc,freelist                 ] GC(6) size[94] :
[3.639s][trace][gc,freelist                 ] GC(6) demand: 0, old_rate: 0.000000, current_rate: 0.000000, new_rate: 0.000000, old_desired: 0, new_desired: 0
[3.639s][trace][gc,freelist                 ] GC(6) size[95] :
[3.639s][trace][gc,freelist                 ] GC(6) demand: 0, old_rate: 0.000000, current_rate: 0.000000, new_rate: 0.000000, old_desired: 0, new_desired: 0
[3.639s][trace][gc,freelist                 ] GC(6) size[96] :
[3.639s][trace][gc,freelist                 ] GC(6) demand: 0, old_rate: 0.000000, current_rate: 0.000000, new_rate: 0.000000, old_desired: 0, new_desired: 0
[3.639s][trace][gc,freelist                 ] GC(6) size[97] :
[3.639s][trace][gc,freelist                 ] GC(6) demand: 0, old_rate: 0.000000, current_rate: 0.000000, new_rate: 0.000000, old_desired: 0, new_desired: 0
[3.639s][trace][gc,freelist                 ] GC(6) size[98] :
[3.639s][trace][gc,freelist                 ] GC(6) demand: 0, old_rate: 0.000000, current_rate: 0.000000, new_rate: 0.000000, old_desired: 0, new_desired: 0
[3.639s][trace][gc,freelist                 ] GC(6) size[99] :
[3.639s][trace][gc,freelist                 ] GC(6) demand: 2, old_rate: 0.000000, current_rate: 0.551736, new_rate: 0.551736, old_desired: 0, new_desired: 2
[3.639s][trace][gc,freelist                 ] GC(6) size[100] :
[3.639s][trace][gc,freelist                 ] GC(6) demand: 0, old_rate: 0.000000, current_rate: 0.000000, new_rate: 0.000000, old_desired: 0, new_desired: 0
[3.639s][trace][gc,freelist                 ] GC(6) size[101] :
[3.639s][trace][gc,freelist                 ] GC(6) demand: 0, old_rate: 0.000000, current_rate: 0.000000, new_rate: 0.000000, old_desired: 0, new_desired: 0
[3.639s][trace][gc,freelist                 ] GC(6) size[102] :
[3.639s][trace][gc,freelist                 ] GC(6) demand: 0, old_rate: 0.000000, current_rate: 0.000000, new_rate: 0.000000, old_desired: 0, new_desired: 0
[3.639s][trace][gc,freelist                 ] GC(6) size[103] :
[3.639s][trace][gc,freelist                 ] GC(6) demand: 1, old_rate: 0.000000, current_rate: 0.275868, new_rate: 0.275868, old_desired: 0, new_desired: 1
[3.639s][trace][gc,freelist                 ] GC(6) size[104] :
[3.639s][trace][gc,freelist                 ] GC(6) demand: 1, old_rate: 0.000000, current_rate: 0.275868, new_rate: 0.275868, old_desired: 0, new_desired: 1
[3.639s][trace][gc,freelist                 ] GC(6) size[105] :
[3.639s][trace][gc,freelist                 ] GC(6) demand: 0, old_rate: 0.000000, current_rate: 0.000000, new_rate: 0.000000, old_desired: 0, new_desired: 0
[3.639s][trace][gc,freelist                 ] GC(6) size[106] :
[3.639s][trace][gc,freelist                 ] GC(6) demand: 1, old_rate: 0.000000, current_rate: 0.275868, new_rate: 0.275868, old_desired: 0, new_desired: 1
[3.639s][trace][gc,freelist                 ] GC(6) size[107] :
[3.639s][trace][gc,freelist                 ] GC(6) demand: 0, old_rate: 0.000000, current_rate: 0.000000, new_rate: 0.000000, old_desired: 0, new_desired: 0
[3.639s][trace][gc,freelist                 ] GC(6) size[108] :
[3.639s][trace][gc,freelist                 ] GC(6) demand: 0, old_rate: 0.000000, current_rate: 0.000000, new_rate: 0.000000, old_desired: 0, new_desired: 0
[3.639s][trace][gc,freelist                 ] GC(6) size[109] :
[3.639s][trace][gc,freelist                 ] GC(6) demand: 1, old_rate: 0.000000, current_rate: 0.275868, new_rate: 0.275868, old_desired: 0, new_desired: 1
[3.639s][trace][gc,freelist                 ] GC(6) size[110] :
[3.639s][trace][gc,freelist                 ] GC(6) demand: 0, old_rate: 0.000000, current_rate: 0.000000, new_rate: 0.000000, old_desired: 0, new_desired: 0
[3.639s][trace][gc,freelist                 ] GC(6) size[111] :
[3.639s][trace][gc,freelist                 ] GC(6) demand: 0, old_rate: 0.000000, current_rate: 0.000000, new_rate: 0.000000, old_desired: 0, new_desired: 0
[3.639s][trace][gc,freelist                 ] GC(6) size[112] :
[3.639s][trace][gc,freelist                 ] GC(6) demand: 0, old_rate: 0.000000, current_rate: 0.000000, new_rate: 0.000000, old_desired: 0, new_desired: 0
[3.639s][trace][gc,freelist                 ] GC(6) size[113] :
[3.639s][trace][gc,freelist                 ] GC(6) demand: 0, old_rate: 0.000000, current_rate: 0.000000, new_rate: 0.000000, old_desired: 0, new_desired: 0
[3.639s][trace][gc,freelist                 ] GC(6) size[114] :
[3.639s][trace][gc,freelist                 ] GC(6) demand: 1, old_rate: 0.000000, current_rate: 0.275868, new_rate: 0.275868, old_desired: 0, new_desired: 1
[3.639s][trace][gc,freelist                 ] GC(6) size[115] :
[3.639s][trace][gc,freelist                 ] GC(6) demand: 0, old_rate: 0.000000, current_rate: 0.000000, new_rate: 0.000000, old_desired: 0, new_desired: 0
[3.639s][trace][gc,freelist                 ] GC(6) size[116] :
[3.639s][trace][gc,freelist                 ] GC(6) demand: 0, old_rate: 0.000000, current_rate: 0.000000, new_rate: 0.000000, old_desired: 0, new_desired: 0
[3.639s][trace][gc,freelist                 ] GC(6) size[117] :
[3.639s][trace][gc,freelist                 ] GC(6) demand: 0, old_rate: 0.000000, current_rate: 0.000000, new_rate: 0.000000, old_desired: 0, new_desired: 0
[3.639s][trace][gc,freelist                 ] GC(6) size[118] :
[3.639s][trace][gc,freelist                 ] GC(6) demand: 0, old_rate: 0.000000, current_rate: 0.000000, new_rate: 0.000000, old_desired: 0, new_desired: 0
[3.639s][trace][gc,freelist                 ] GC(6) size[119] :
[3.639s][trace][gc,freelist                 ] GC(6) demand: 0, old_rate: 0.000000, current_rate: 0.000000, new_rate: 0.000000, old_desired: 0, new_desired: 0
[3.639s][trace][gc,freelist                 ] GC(6) size[120] :
[3.639s][trace][gc,freelist                 ] GC(6) demand: 0, old_rate: 0.000000, current_rate: 0.000000, new_rate: 0.000000, old_desired: 0, new_desired: 0
[3.639s][trace][gc,freelist                 ] GC(6) size[121] :
[3.639s][trace][gc,freelist                 ] GC(6) demand: 0, old_rate: 0.000000, current_rate: 0.000000, new_rate: 0.000000, old_desired: 0, new_desired: 0
[3.639s][trace][gc,freelist                 ] GC(6) size[122] :
[3.639s][trace][gc,freelist                 ] GC(6) demand: 1, old_rate: 0.000000, current_rate: 0.275868, new_rate: 0.275868, old_desired: 0, new_desired: 1
[3.639s][trace][gc,freelist                 ] GC(6) size[123] :
[3.639s][trace][gc,freelist                 ] GC(6) demand: 1, old_rate: 0.000000, current_rate: 0.275868, new_rate: 0.275868, old_desired: 0, new_desired: 1
[3.639s][trace][gc,freelist                 ] GC(6) size[124] :
[3.639s][trace][gc,freelist                 ] GC(6) demand: 1, old_rate: 0.000000, current_rate: 0.275868, new_rate: 0.275868, old_desired: 0, new_desired: 1
[3.639s][trace][gc,freelist                 ] GC(6) size[125] :
[3.639s][trace][gc,freelist                 ] GC(6) demand: 0, old_rate: 0.000000, current_rate: 0.000000, new_rate: 0.000000, old_desired: 0, new_desired: 0
[3.639s][trace][gc,freelist                 ] GC(6) size[126] :
[3.639s][trace][gc,freelist                 ] GC(6) demand: 0, old_rate: 0.000000, current_rate: 0.000000, new_rate: 0.000000, old_desired: 0, new_desired: 0
[3.639s][trace][gc,freelist                 ] GC(6) size[127] :
[3.639s][trace][gc,freelist                 ] GC(6) demand: 0, old_rate: 0.000000, current_rate: 0.000000, new_rate: 0.000000, old_desired: 0, new_desired: 0
[3.639s][trace][gc,freelist                 ] GC(6) size[128] :
[3.639s][trace][gc,freelist                 ] GC(6) demand: 1, old_rate: 0.000000, current_rate: 0.275868, new_rate: 0.275868, old_desired: 0, new_desired: 1
[3.639s][trace][gc,freelist                 ] GC(6) size[129] :
[3.639s][trace][gc,freelist                 ] GC(6) demand: 0, old_rate: 0.000000, current_rate: 0.000000, new_rate: 0.000000, old_desired: 0, new_desired: 0
[3.639s][trace][gc,freelist                 ] GC(6) size[130] :
[3.639s][trace][gc,freelist                 ] GC(6) demand: 10, old_rate: 0.000000, current_rate: 2.758682, new_rate: 2.758682, old_desired: 0, new_desired: 10
[3.639s][trace][gc,freelist                 ] GC(6) size[131] :
[3.639s][trace][gc,freelist                 ] GC(6) demand: 0, old_rate: 0.000000, current_rate: 0.000000, new_rate: 0.000000, old_desired: 0, new_desired: 0
[3.639s][trace][gc,freelist                 ] GC(6) size[132] :
[3.639s][trace][gc,freelist                 ] GC(6) demand: 0, old_rate: 0.000000, current_rate: 0.000000, new_rate: 0.000000, old_desired: 0, new_desired: 0
[3.639s][trace][gc,freelist                 ] GC(6) size[133] :
[3.639s][trace][gc,freelist                 ] GC(6) demand: 0, old_rate: 0.000000, current_rate: 0.000000, new_rate: 0.000000, old_desired: 0, new_desired: 0
[3.639s][trace][gc,freelist                 ] GC(6) size[134] :
[3.639s][trace][gc,freelist                 ] GC(6) demand: 0, old_rate: 0.000000, current_rate: 0.000000, new_rate: 0.000000, old_desired: 0, new_desired: 0
[3.639s][trace][gc,freelist                 ] GC(6) size[135] :
[3.639s][trace][gc,freelist                 ] GC(6) demand: 0, old_rate: 0.000000, current_rate: 0.000000, new_rate: 0.000000, old_desired: 0, new_desired: 0
[3.639s][trace][gc,freelist                 ] GC(6) size[136] :
[3.639s][trace][gc,freelist                 ] GC(6) demand: 0, old_rate: 0.000000, current_rate: 0.000000, new_rate: 0.000000, old_desired: 0, new_desired: 0
[3.639s][trace][gc,freelist                 ] GC(6) size[137] :
[3.639s][trace][gc,freelist                 ] GC(6) demand: 0, old_rate: 0.000000, current_rate: 0.000000, new_rate: 0.000000, old_desired: 0, new_desired: 0
[3.639s][trace][gc,freelist                 ] GC(6) size[138] :
[3.639s][trace][gc,freelist                 ] GC(6) demand: 0, old_rate: 0.000000, current_rate: 0.000000, new_rate: 0.000000, old_desired: 0, new_desired: 0
[3.639s][trace][gc,freelist                 ] GC(6) size[139] :
[3.639s][trace][gc,freelist                 ] GC(6) demand: 0, old_rate: 0.000000, current_rate: 0.000000, new_rate: 0.000000, old_desired: 0, new_desired: 0
[3.639s][trace][gc,freelist                 ] GC(6) size[140] :
[3.639s][trace][gc,freelist                 ] GC(6) demand: 0, old_rate: 0.000000, current_rate: 0.000000, new_rate: 0.000000, old_desired: 0, new_desired: 0
[3.639s][trace][gc,freelist                 ] GC(6) size[141] :
[3.639s][trace][gc,freelist                 ] GC(6) demand: 0, old_rate: 0.000000, current_rate: 0.000000, new_rate: 0.000000, old_desired: 0, new_desired: 0
[3.639s][trace][gc,freelist                 ] GC(6) size[142] :
[3.639s][trace][gc,freelist                 ] GC(6) demand: 0, old_rate: 0.000000, current_rate: 0.000000, new_rate: 0.000000, old_desired: 0, new_desired: 0
[3.639s][trace][gc,freelist                 ] GC(6) size[143] :
[3.639s][trace][gc,freelist                 ] GC(6) demand: 0, old_rate: 0.000000, current_rate: 0.000000, new_rate: 0.000000, old_desired: 0, new_desired: 0
[3.639s][trace][gc,freelist                 ] GC(6) size[144] :
[3.639s][trace][gc,freelist                 ] GC(6) demand: 0, old_rate: 0.000000, current_rate: 0.000000, new_rate: 0.000000, old_desired: 0, new_desired: 0
[3.639s][trace][gc,freelist                 ] GC(6) size[145] :
[3.639s][trace][gc,freelist                 ] GC(6) demand: 0, old_rate: 0.000000, current_rate: 0.000000, new_rate: 0.000000, old_desired: 0, new_desired: 0
[3.639s][trace][gc,freelist                 ] GC(6) size[146] :
[3.639s][trace][gc,freelist                 ] GC(6) demand: 0, old_rate: 0.000000, current_rate: 0.000000, new_rate: 0.000000, old_desired: 0, new_desired: 0
[3.639s][trace][gc,freelist                 ] GC(6) size[147] :
[3.639s][trace][gc,freelist                 ] GC(6) demand: 0, old_rate: 0.000000, current_rate: 0.000000, new_rate: 0.000000, old_desired: 0, new_desired: 0
[3.639s][trace][gc,freelist                 ] GC(6) size[148] :
[3.639s][trace][gc,freelist                 ] GC(6) demand: 0, old_rate: 0.000000, current_rate: 0.000000, new_rate: 0.000000, old_desired: 0, new_desired: 0
[3.639s][trace][gc,freelist                 ] GC(6) size[149] :
[3.639s][trace][gc,freelist                 ] GC(6) demand: 0, old_rate: 0.000000, current_rate: 0.000000, new_rate: 0.000000, old_desired: 0, new_desired: 0
[3.639s][trace][gc,freelist                 ] GC(6) size[150] :
[3.639s][trace][gc,freelist                 ] GC(6) demand: 0, old_rate: 0.000000, current_rate: 0.000000, new_rate: 0.000000, old_desired: 0, new_desired: 0
[3.639s][trace][gc,freelist                 ] GC(6) size[151] :
[3.639s][trace][gc,freelist                 ] GC(6) demand: 0, old_rate: 0.000000, current_rate: 0.000000, new_rate: 0.000000, old_desired: 0, new_desired: 0
[3.639s][trace][gc,freelist                 ] GC(6) size[152] :
[3.639s][trace][gc,freelist                 ] GC(6) demand: 0, old_rate: 0.000000, current_rate: 0.000000, new_rate: 0.000000, old_desired: 0, new_desired: 0
[3.639s][trace][gc,freelist                 ] GC(6) size[153] :
[3.639s][trace][gc,freelist                 ] GC(6) demand: 0, old_rate: 0.000000, current_rate: 0.000000, new_rate: 0.000000, old_desired: 0, new_desired: 0
[3.639s][trace][gc,freelist                 ] GC(6) size[154] :
[3.639s][trace][gc,freelist                 ] GC(6) demand: 0, old_rate: 0.000000, current_rate: 0.000000, new_rate: 0.000000, old_desired: 0, new_desired: 0
[3.639s][trace][gc,freelist                 ] GC(6) size[155] :
[3.639s][trace][gc,freelist                 ] GC(6) demand: 0, old_rate: 0.000000, current_rate: 0.000000, new_rate: 0.000000, old_desired: 0, new_desired: 0
[3.639s][trace][gc,freelist                 ] GC(6) size[156] :
[3.639s][trace][gc,freelist                 ] GC(6) demand: 0, old_rate: 0.000000, current_rate: 0.000000, new_rate: 0.000000, old_desired: 0, new_desired: 0
[3.639s][trace][gc,freelist                 ] GC(6) size[157] :
[3.639s][trace][gc,freelist                 ] GC(6) demand: 0, old_rate: 0.000000, current_rate: 0.000000, new_rate: 0.000000, old_desired: 0, new_desired: 0
[3.639s][trace][gc,freelist                 ] GC(6) size[158] :
[3.639s][trace][gc,freelist                 ] GC(6) demand: 0, old_rate: 0.000000, current_rate: 0.000000, new_rate: 0.000000, old_desired: 0, new_desired: 0
[3.639s][trace][gc,freelist                 ] GC(6) size[159] :
[3.639s][trace][gc,freelist                 ] GC(6) demand: 0, old_rate: 0.000000, current_rate: 0.000000, new_rate: 0.000000, old_desired: 0, new_desired: 0
[3.639s][trace][gc,freelist                 ] GC(6) size[160] :
[3.639s][trace][gc,freelist                 ] GC(6) demand: 0, old_rate: 0.000000, current_rate: 0.000000, new_rate: 0.000000, old_desired: 0, new_desired: 0
[3.639s][trace][gc,freelist                 ] GC(6) size[161] :
[3.639s][trace][gc,freelist                 ] GC(6) demand: 0, old_rate: 0.000000, current_rate: 0.000000, new_rate: 0.000000, old_desired: 0, new_desired: 0
[3.639s][trace][gc,freelist                 ] GC(6) size[162] :
[3.639s][trace][gc,freelist                 ] GC(6) demand: 0, old_rate: 0.000000, current_rate: 0.000000, new_rate: 0.000000, old_desired: 0, new_desired: 0
[3.639s][trace][gc,freelist                 ] GC(6) size[163] :
[3.639s][trace][gc,freelist                 ] GC(6) demand: 0, old_rate: 0.000000, current_rate: 0.000000, new_rate: 0.000000, old_desired: 0, new_desired: 0
[3.639s][trace][gc,freelist                 ] GC(6) size[164] :
[3.639s][trace][gc,freelist                 ] GC(6) demand: 0, old_rate: 0.000000, current_rate: 0.000000, new_rate: 0.000000, old_desired: 0, new_desired: 0
[3.639s][trace][gc,freelist                 ] GC(6) size[165] :
[3.639s][trace][gc,freelist                 ] GC(6) demand: 1, old_rate: 0.000000, current_rate: 0.275868, new_rate: 0.275868, old_desired: 0, new_desired: 1
[3.639s][trace][gc,freelist                 ] GC(6) size[166] :
[3.639s][trace][gc,freelist                 ] GC(6) demand: 0, old_rate: 0.000000, current_rate: 0.000000, new_rate: 0.000000, old_desired: 0, new_desired: 0
[3.639s][trace][gc,freelist                 ] GC(6) size[167] :
[3.639s][trace][gc,freelist                 ] GC(6) demand: 0, old_rate: 0.000000, current_rate: 0.000000, new_rate: 0.000000, old_desired: 0, new_desired: 0
[3.639s][trace][gc,freelist                 ] GC(6) size[168] :
[3.639s][trace][gc,freelist                 ] GC(6) demand: 0, old_rate: 0.000000, current_rate: 0.000000, new_rate: 0.000000, old_desired: 0, new_desired: 0
[3.639s][trace][gc,freelist                 ] GC(6) size[169] :
[3.639s][trace][gc,freelist                 ] GC(6) demand: 0, old_rate: 0.000000, current_rate: 0.000000, new_rate: 0.000000, old_desired: 0, new_desired: 0
[3.639s][trace][gc,freelist                 ] GC(6) size[170] :
[3.639s][trace][gc,freelist                 ] GC(6) demand: 0, old_rate: 0.000000, current_rate: 0.000000, new_rate: 0.000000, old_desired: 0, new_desired: 0
[3.639s][trace][gc,freelist                 ] GC(6) size[171] :
[3.639s][trace][gc,freelist                 ] GC(6) demand: 0, old_rate: 0.000000, current_rate: 0.000000, new_rate: 0.000000, old_desired: 0, new_desired: 0
[3.639s][trace][gc,freelist                 ] GC(6) size[172] :
[3.639s][trace][gc,freelist                 ] GC(6) demand: 0, old_rate: 0.000000, current_rate: 0.000000, new_rate: 0.000000, old_desired: 0, new_desired: 0
[3.639s][trace][gc,freelist                 ] GC(6) size[173] :
[3.639s][trace][gc,freelist                 ] GC(6) demand: 0, old_rate: 0.000000, current_rate: 0.000000, new_rate: 0.000000, old_desired: 0, new_desired: 0
[3.639s][trace][gc,freelist                 ] GC(6) size[174] :
[3.639s][trace][gc,freelist                 ] GC(6) demand: 0, old_rate: 0.000000, current_rate: 0.000000, new_rate: 0.000000, old_desired: 0, new_desired: 0
[3.639s][trace][gc,freelist                 ] GC(6) size[175] :
[3.639s][trace][gc,freelist                 ] GC(6) demand: 0, old_rate: 0.000000, current_rate: 0.000000, new_rate: 0.000000, old_desired: 0, new_desired: 0
[3.639s][trace][gc,freelist                 ] GC(6) size[176] :
[3.639s][trace][gc,freelist                 ] GC(6) demand: 0, old_rate: 0.000000, current_rate: 0.000000, new_rate: 0.000000, old_desired: 0, new_desired: 0
[3.639s][trace][gc,freelist                 ] GC(6) size[177] :
[3.639s][trace][gc,freelist                 ] GC(6) demand: 0, old_rate: 0.000000, current_rate: 0.000000, new_rate: 0.000000, old_desired: 0, new_desired: 0
[3.639s][trace][gc,freelist                 ] GC(6) size[178] :
[3.639s][trace][gc,freelist                 ] GC(6) demand: 0, old_rate: 0.000000, current_rate: 0.000000, new_rate: 0.000000, old_desired: 0, new_desired: 0
[3.639s][trace][gc,freelist                 ] GC(6) size[179] :
[3.639s][trace][gc,freelist                 ] GC(6) demand: 0, old_rate: 0.000000, current_rate: 0.000000, new_rate: 0.000000, old_desired: 0, new_desired: 0
[3.639s][trace][gc,freelist                 ] GC(6) size[180] :
[3.639s][trace][gc,freelist                 ] GC(6) demand: 0, old_rate: 0.000000, current_rate: 0.000000, new_rate: 0.000000, old_desired: 0, new_desired: 0
[3.639s][trace][gc,freelist                 ] GC(6) size[181] :
[3.639s][trace][gc,freelist                 ] GC(6) demand: 0, old_rate: 0.000000, current_rate: 0.000000, new_rate: 0.000000, old_desired: 0, new_desired: 0
[3.639s][trace][gc,freelist                 ] GC(6) size[182] :
[3.639s][trace][gc,freelist                 ] GC(6) demand: 0, old_rate: 0.000000, current_rate: 0.000000, new_rate: 0.000000, old_desired: 0, new_desired: 0
[3.639s][trace][gc,freelist                 ] GC(6) size[183] :
[3.639s][trace][gc,freelist                 ] GC(6) demand: 0, old_rate: 0.000000, current_rate: 0.000000, new_rate: 0.000000, old_desired: 0, new_desired: 0
[3.639s][trace][gc,freelist                 ] GC(6) size[184] :
[3.639s][trace][gc,freelist                 ] GC(6) demand: 0, old_rate: 0.000000, current_rate: 0.000000, new_rate: 0.000000, old_desired: 0, new_desired: 0
[3.639s][trace][gc,freelist                 ] GC(6) size[185] :
[3.639s][trace][gc,freelist                 ] GC(6) demand: 0, old_rate: 0.000000, current_rate: 0.000000, new_rate: 0.000000, old_desired: 0, new_desired: 0
[3.639s][trace][gc,freelist                 ] GC(6) size[186] :
[3.639s][trace][gc,freelist                 ] GC(6) demand: 0, old_rate: 0.000000, current_rate: 0.000000, new_rate: 0.000000, old_desired: 0, new_desired: 0
[3.639s][trace][gc,freelist                 ] GC(6) size[187] :
[3.640s][trace][gc,freelist                 ] GC(6) demand: 0, old_rate: 0.000000, current_rate: 0.000000, new_rate: 0.000000, old_desired: 0, new_desired: 0
[3.640s][trace][gc,freelist                 ] GC(6) size[188] :
[3.640s][trace][gc,freelist                 ] GC(6) demand: 0, old_rate: 0.000000, current_rate: 0.000000, new_rate: 0.000000, old_desired: 0, new_desired: 0
[3.640s][trace][gc,freelist                 ] GC(6) size[189] :
[3.640s][trace][gc,freelist                 ] GC(6) demand: 1, old_rate: 0.000000, current_rate: 0.275868, new_rate: 0.275868, old_desired: 0, new_desired: 1
[3.640s][trace][gc,freelist                 ] GC(6) size[190] :
[3.640s][trace][gc,freelist                 ] GC(6) demand: 0, old_rate: 0.000000, current_rate: 0.000000, new_rate: 0.000000, old_desired: 0, new_desired: 0
[3.640s][trace][gc,freelist                 ] GC(6) size[191] :
[3.640s][trace][gc,freelist                 ] GC(6) demand: 0, old_rate: 0.000000, current_rate: 0.000000, new_rate: 0.000000, old_desired: 0, new_desired: 0
[3.640s][trace][gc,freelist                 ] GC(6) size[192] :
[3.640s][trace][gc,freelist                 ] GC(6) demand: 0, old_rate: 0.000000, current_rate: 0.000000, new_rate: 0.000000, old_desired: 0, new_desired: 0
[3.640s][trace][gc,freelist                 ] GC(6) size[193] :
[3.640s][trace][gc,freelist                 ] GC(6) demand: 0, old_rate: 0.000000, current_rate: 0.000000, new_rate: 0.000000, old_desired: 0, new_desired: 0
[3.640s][trace][gc,freelist                 ] GC(6) size[194] :
[3.640s][trace][gc,freelist                 ] GC(6) demand: 0, old_rate: 0.000000, current_rate: 0.000000, new_rate: 0.000000, old_desired: 0, new_desired: 0
[3.640s][trace][gc,freelist                 ] GC(6) size[195] :
[3.640s][trace][gc,freelist                 ] GC(6) demand: 0, old_rate: 0.000000, current_rate: 0.000000, new_rate: 0.000000, old_desired: 0, new_desired: 0
[3.640s][trace][gc,freelist                 ] GC(6) size[196] :
[3.640s][trace][gc,freelist                 ] GC(6) demand: 0, old_rate: 0.000000, current_rate: 0.000000, new_rate: 0.000000, old_desired: 0, new_desired: 0
[3.640s][trace][gc,freelist                 ] GC(6) size[197] :
[3.640s][trace][gc,freelist                 ] GC(6) demand: 0, old_rate: 0.000000, current_rate: 0.000000, new_rate: 0.000000, old_desired: 0, new_desired: 0
[3.640s][trace][gc,freelist                 ] GC(6) size[198] :
[3.640s][trace][gc,freelist                 ] GC(6) demand: 0, old_rate: 0.000000, current_rate: 0.000000, new_rate: 0.000000, old_desired: 0, new_desired: 0
[3.640s][trace][gc,freelist                 ] GC(6) size[199] :
[3.640s][trace][gc,freelist                 ] GC(6) demand: 0, old_rate: 0.000000, current_rate: 0.000000, new_rate: 0.000000, old_desired: 0, new_desired: 0
[3.640s][trace][gc,freelist                 ] GC(6) size[200] :
[3.640s][trace][gc,freelist                 ] GC(6) demand: 0, old_rate: 0.000000, current_rate: 0.000000, new_rate: 0.000000, old_desired: 0, new_desired: 0
[3.640s][trace][gc,freelist                 ] GC(6) size[201] :
[3.640s][trace][gc,freelist                 ] GC(6) demand: 0, old_rate: 0.000000, current_rate: 0.000000, new_rate: 0.000000, old_desired: 0, new_desired: 0
[3.640s][trace][gc,freelist                 ] GC(6) size[202] :
[3.640s][trace][gc,freelist                 ] GC(6) demand: 0, old_rate: 0.000000, current_rate: 0.000000, new_rate: 0.000000, old_desired: 0, new_desired: 0
[3.640s][trace][gc,freelist                 ] GC(6) size[203] :
[3.640s][trace][gc,freelist                 ] GC(6) demand: 0, old_rate: 0.000000, current_rate: 0.000000, new_rate: 0.000000, old_desired: 0, new_desired: 0
[3.640s][trace][gc,freelist                 ] GC(6) size[204] :
[3.640s][trace][gc,freelist                 ] GC(6) demand: 0, old_rate: 0.000000, current_rate: 0.000000, new_rate: 0.000000, old_desired: 0, new_desired: 0
[3.640s][trace][gc,freelist                 ] GC(6) size[205] :
[3.640s][trace][gc,freelist                 ] GC(6) demand: 0, old_rate: 0.000000, current_rate: 0.000000, new_rate: 0.000000, old_desired: 0, new_desired: 0
[3.640s][trace][gc,freelist                 ] GC(6) size[206] :
[3.640s][trace][gc,freelist                 ] GC(6) demand: 0, old_rate: 0.000000, current_rate: 0.000000, new_rate: 0.000000, old_desired: 0, new_desired: 0
[3.640s][trace][gc,freelist                 ] GC(6) size[207] :
[3.640s][trace][gc,freelist                 ] GC(6) demand: 0, old_rate: 0.000000, current_rate: 0.000000, new_rate: 0.000000, old_desired: 0, new_desired: 0
[3.640s][trace][gc,freelist                 ] GC(6) size[208] :
[3.640s][trace][gc,freelist                 ] GC(6) demand: 0, old_rate: 0.000000, current_rate: 0.000000, new_rate: 0.000000, old_desired: 0, new_desired: 0
[3.640s][trace][gc,freelist                 ] GC(6) size[209] :
[3.640s][trace][gc,freelist                 ] GC(6) demand: 0, old_rate: 0.000000, current_rate: 0.000000, new_rate: 0.000000, old_desired: 0, new_desired: 0
[3.640s][trace][gc,freelist                 ] GC(6) size[210] :
[3.640s][trace][gc,freelist                 ] GC(6) demand: 0, old_rate: 0.000000, current_rate: 0.000000, new_rate: 0.000000, old_desired: 0, new_desired: 0
[3.640s][trace][gc,freelist                 ] GC(6) size[211] :
[3.640s][trace][gc,freelist                 ] GC(6) demand: 0, old_rate: 0.000000, current_rate: 0.000000, new_rate: 0.000000, old_desired: 0, new_desired: 0
[3.640s][trace][gc,freelist                 ] GC(6) size[212] :
[3.640s][trace][gc,freelist                 ] GC(6) demand: 0, old_rate: 0.000000, current_rate: 0.000000, new_rate: 0.000000, old_desired: 0, new_desired: 0
[3.640s][trace][gc,freelist                 ] GC(6) size[213] :
[3.640s][trace][gc,freelist                 ] GC(6) demand: 0, old_rate: 0.000000, current_rate: 0.000000, new_rate: 0.000000, old_desired: 0, new_desired: 0
[3.640s][trace][gc,freelist                 ] GC(6) size[214] :
[3.640s][trace][gc,freelist                 ] GC(6) demand: 0, old_rate: 0.000000, current_rate: 0.000000, new_rate: 0.000000, old_desired: 0, new_desired: 0
[3.640s][trace][gc,freelist                 ] GC(6) size[215] :
[3.640s][trace][gc,freelist                 ] GC(6) demand: 0, old_rate: 0.000000, current_rate: 0.000000, new_rate: 0.000000, old_desired: 0, new_desired: 0
[3.640s][trace][gc,freelist                 ] GC(6) size[216] :
[3.640s][trace][gc,freelist                 ] GC(6) demand: 0, old_rate: 0.000000, current_rate: 0.000000, new_rate: 0.000000, old_desired: 0, new_desired: 0
[3.640s][trace][gc,freelist                 ] GC(6) size[217] :
[3.640s][trace][gc,freelist                 ] GC(6) demand: 0, old_rate: 0.000000, current_rate: 0.000000, new_rate: 0.000000, old_desired: 0, new_desired: 0
[3.640s][trace][gc,freelist                 ] GC(6) size[218] :
[3.640s][trace][gc,freelist                 ] GC(6) demand: 0, old_rate: 0.000000, current_rate: 0.000000, new_rate: 0.000000, old_desired: 0, new_desired: 0
[3.640s][trace][gc,freelist                 ] GC(6) size[219] :
[3.640s][trace][gc,freelist                 ] GC(6) demand: 0, old_rate: 0.000000, current_rate: 0.000000, new_rate: 0.000000, old_desired: 0, new_desired: 0
[3.640s][trace][gc,freelist                 ] GC(6) size[220] :
[3.640s][trace][gc,freelist                 ] GC(6) demand: 0, old_rate: 0.000000, current_rate: 0.000000, new_rate: 0.000000, old_desired: 0, new_desired: 0
[3.640s][trace][gc,freelist                 ] GC(6) size[221] :
[3.640s][trace][gc,freelist                 ] GC(6) demand: 0, old_rate: 0.000000, current_rate: 0.000000, new_rate: 0.000000, old_desired: 0, new_desired: 0
[3.640s][trace][gc,freelist                 ] GC(6) size[222] :
[3.640s][trace][gc,freelist                 ] GC(6) demand: 0, old_rate: 0.000000, current_rate: 0.000000, new_rate: 0.000000, old_desired: 0, new_desired: 0
[3.640s][trace][gc,freelist                 ] GC(6) size[223] :
[3.640s][trace][gc,freelist                 ] GC(6) demand: 0, old_rate: 0.000000, current_rate: 0.000000, new_rate: 0.000000, old_desired: 0, new_desired: 0
[3.640s][trace][gc,freelist                 ] GC(6) size[224] :
[3.640s][trace][gc,freelist                 ] GC(6) demand: 0, old_rate: 0.000000, current_rate: 0.000000, new_rate: 0.000000, old_desired: 0, new_desired: 0
[3.640s][trace][gc,freelist                 ] GC(6) size[225] :
[3.640s][trace][gc,freelist                 ] GC(6) demand: 0, old_rate: 0.000000, current_rate: 0.000000, new_rate: 0.000000, old_desired: 0, new_desired: 0
[3.640s][trace][gc,freelist                 ] GC(6) size[226] :
[3.640s][trace][gc,freelist                 ] GC(6) demand: 0, old_rate: 0.000000, current_rate: 0.000000, new_rate: 0.000000, old_desired: 0, new_desired: 0
[3.640s][trace][gc,freelist                 ] GC(6) size[227] :
[3.640s][trace][gc,freelist                 ] GC(6) demand: 0, old_rate: 0.000000, current_rate: 0.000000, new_rate: 0.000000, old_desired: 0, new_desired: 0
[3.640s][trace][gc,freelist                 ] GC(6) size[228] :
[3.640s][trace][gc,freelist                 ] GC(6) demand: 0, old_rate: 0.000000, current_rate: 0.000000, new_rate: 0.000000, old_desired: 0, new_desired: 0
[3.640s][trace][gc,freelist                 ] GC(6) size[229] :
[3.640s][trace][gc,freelist                 ] GC(6) demand: 0, old_rate: 0.000000, current_rate: 0.000000, new_rate: 0.000000, old_desired: 0, new_desired: 0
[3.640s][trace][gc,freelist                 ] GC(6) size[230] :
[3.640s][trace][gc,freelist                 ] GC(6) demand: 0, old_rate: 0.000000, current_rate: 0.000000, new_rate: 0.000000, old_desired: 0, new_desired: 0
[3.640s][trace][gc,freelist                 ] GC(6) size[231] :
[3.640s][trace][gc,freelist                 ] GC(6) demand: 0, old_rate: 0.000000, current_rate: 0.000000, new_rate: 0.000000, old_desired: 0, new_desired: 0
[3.640s][trace][gc,freelist                 ] GC(6) size[232] :
[3.640s][trace][gc,freelist                 ] GC(6) demand: 0, old_rate: 0.000000, current_rate: 0.000000, new_rate: 0.000000, old_desired: 0, new_desired: 0
[3.640s][trace][gc,freelist                 ] GC(6) size[233] :
[3.640s][trace][gc,freelist                 ] GC(6) demand: 0, old_rate: 0.000000, current_rate: 0.000000, new_rate: 0.000000, old_desired: 0, new_desired: 0
[3.640s][trace][gc,freelist                 ] GC(6) size[234] :
[3.640s][trace][gc,freelist                 ] GC(6) demand: 0, old_rate: 0.000000, current_rate: 0.000000, new_rate: 0.000000, old_desired: 0, new_desired: 0
[3.640s][trace][gc,freelist                 ] GC(6) size[235] :
[3.640s][trace][gc,freelist                 ] GC(6) demand: 0, old_rate: 0.000000, current_rate: 0.000000, new_rate: 0.000000, old_desired: 0, new_desired: 0
[3.640s][trace][gc,freelist                 ] GC(6) size[236] :
[3.640s][trace][gc,freelist                 ] GC(6) demand: 0, old_rate: 0.000000, current_rate: 0.000000, new_rate: 0.000000, old_desired: 0, new_desired: 0
[3.640s][trace][gc,freelist                 ] GC(6) size[237] :
[3.640s][trace][gc,freelist                 ] GC(6) demand: 0, old_rate: 0.000000, current_rate: 0.000000, new_rate: 0.000000, old_desired: 0, new_desired: 0
[3.640s][trace][gc,freelist                 ] GC(6) size[238] :
[3.640s][trace][gc,freelist                 ] GC(6) demand: 0, old_rate: 0.000000, current_rate: 0.000000, new_rate: 0.000000, old_desired: 0, new_desired: 0
[3.640s][trace][gc,freelist                 ] GC(6) size[239] :
[3.640s][trace][gc,freelist                 ] GC(6) demand: 0, old_rate: 0.000000, current_rate: 0.000000, new_rate: 0.000000, old_desired: 0, new_desired: 0
[3.640s][trace][gc,freelist                 ] GC(6) size[240] :
[3.640s][trace][gc,freelist                 ] GC(6) demand: 0, old_rate: 0.000000, current_rate: 0.000000, new_rate: 0.000000, old_desired: 0, new_desired: 0
[3.640s][trace][gc,freelist                 ] GC(6) size[241] :
[3.640s][trace][gc,freelist                 ] GC(6) demand: 0, old_rate: 0.000000, current_rate: 0.000000, new_rate: 0.000000, old_desired: 0, new_desired: 0
[3.640s][trace][gc,freelist                 ] GC(6) size[242] :
[3.640s][trace][gc,freelist                 ] GC(6) demand: 0, old_rate: 0.000000, current_rate: 0.000000, new_rate: 0.000000, old_desired: 0, new_desired: 0
[3.640s][trace][gc,freelist                 ] GC(6) size[243] :
[3.640s][trace][gc,freelist                 ] GC(6) demand: 0, old_rate: 0.000000, current_rate: 0.000000, new_rate: 0.000000, old_desired: 0, new_desired: 0
[3.640s][trace][gc,freelist                 ] GC(6) size[244] :
[3.640s][trace][gc,freelist                 ] GC(6) demand: 0, old_rate: 0.000000, current_rate: 0.000000, new_rate: 0.000000, old_desired: 0, new_desired: 0
[3.640s][trace][gc,freelist                 ] GC(6) size[245] :
[3.640s][trace][gc,freelist                 ] GC(6) demand: 0, old_rate: 0.000000, current_rate: 0.000000, new_rate: 0.000000, old_desired: 0, new_desired: 0
[3.640s][trace][gc,freelist                 ] GC(6) size[246] :
[3.640s][trace][gc,freelist                 ] GC(6) demand: 0, old_rate: 0.000000, current_rate: 0.000000, new_rate: 0.000000, old_desired: 0, new_desired: 0
[3.640s][trace][gc,freelist                 ] GC(6) size[247] :
[3.640s][trace][gc,freelist                 ] GC(6) demand: 0, old_rate: 0.000000, current_rate: 0.000000, new_rate: 0.000000, old_desired: 0, new_desired: 0
[3.640s][trace][gc,freelist                 ] GC(6) size[248] :
[3.640s][trace][gc,freelist                 ] GC(6) demand: 0, old_rate: 0.000000, current_rate: 0.000000, new_rate: 0.000000, old_desired: 0, new_desired: 0
[3.640s][trace][gc,freelist                 ] GC(6) size[249] :
[3.640s][trace][gc,freelist                 ] GC(6) demand: 0, old_rate: 0.000000, current_rate: 0.000000, new_rate: 0.000000, old_desired: 0, new_desired: 0
[3.640s][trace][gc,freelist                 ] GC(6) size[250] :
[3.640s][trace][gc,freelist                 ] GC(6) demand: 0, old_rate: 0.000000, current_rate: 0.000000, new_rate: 0.000000, old_desired: 0, new_desired: 0
[3.640s][trace][gc,freelist                 ] GC(6) size[251] :
[3.640s][trace][gc,freelist                 ] GC(6) demand: 0, old_rate: 0.000000, current_rate: 0.000000, new_rate: 0.000000, old_desired: 0, new_desired: 0
[3.640s][trace][gc,freelist                 ] GC(6) size[252] :
[3.640s][trace][gc,freelist                 ] GC(6) demand: 0, old_rate: 0.000000, current_rate: 0.000000, new_rate: 0.000000, old_desired: 0, new_desired: 0
[3.640s][trace][gc,freelist                 ] GC(6) size[253] :
[3.640s][trace][gc,freelist                 ] GC(6) demand: 0, old_rate: 0.000000, current_rate: 0.000000, new_rate: 0.000000, old_desired: 0, new_desired: 0
[3.640s][trace][gc,freelist                 ] GC(6) size[254] :
[3.640s][trace][gc,freelist                 ] GC(6) demand: 0, old_rate: 0.000000, current_rate: 0.000000, new_rate: 0.000000, old_desired: 0, new_desired: 0
[3.640s][trace][gc,freelist                 ] GC(6) size[255] :
[3.640s][trace][gc,freelist                 ] GC(6) demand: 0, old_rate: 0.000000, current_rate: 0.000000, new_rate: 0.000000, old_desired: 0, new_desired: 0
[3.640s][trace][gc,freelist                 ] GC(6) size[256] :
[3.640s][trace][gc,freelist                 ] GC(6) demand: 0, old_rate: 0.000000, current_rate: 0.000000, new_rate: 0.000000, old_desired: 0, new_desired: 0
[3.640s][trace][gc,freelist                 ] GC(6) demand: 1, old_rate: 0.000000, current_rate: 0.275868, new_rate: 0.275868, old_desired: 0, new_desired: 1
[3.640s][debug][gc,freelist                 ] GC(6) CMS: Large Block: 0x00000007fed40fa8; Proximity: 0x0000000000000000 -> 0x00000007fed0a900
[3.646s][trace][gc,tlab                     ] ThreadLocalAllocBuffer::compute_size(4) returns 41703
[3.647s][trace][gc,tlab                     ] TLAB: fill thread: 0x00007ff7a3004000 [id: 8963] desired_size: 325KB slow allocs: 0  refill waste: 5208B alloc: 0.99420      648KB refills: 2 waste  0.1% gc: 0B slow: 584B fast: 0B
[3.652s][debug][gc,freelist                 ] GC(6) CMS: Large block 0x00000007fed40fa8
[3.652s][debug][gc,freelist,census          ] end sweep# 1
[3.652s][debug][gc,freelist,census          ]             size	       bfrsurp	       surplus	       desired	       prvSwep	       bfrSwep	         count	       cBirths	       cDeaths	       sBirths	       sDeaths
[3.652s][debug][gc,freelist,census          ]                3	             0	       -129045	        351051	             0	           411	        257111	             0	           399	        351462	             0
[3.652s][debug][gc,freelist,census          ]                4	             0	       -124926	        330804	             0	          1552	        238958	             0	          1552	        332356	             0
[3.652s][debug][gc,freelist,census          ]                5	             0	         -1415	          1299	             0	            13	            13	             0	             0	          1312	             0
[3.652s][debug][gc,freelist,census          ]                6	             0	         -1509	          1372	             0	             0	             0	             0	             0	          1392	            20
[3.652s][debug][gc,freelist,census          ]                7	             0	          -725	           673	             0	            15	            15	             0	             0	           688	             0
[3.652s][debug][gc,freelist,census          ]                8	             0	         -4711	         21391	             0	           457	         18819	             0	             0	         23457	          1609
[3.652s][debug][gc,freelist,census          ]                9	             0	          -132	           120	             0	             0	             0	             0	             0	           128	             7
[3.652s][debug][gc,freelist,census          ]               10	             0	          -608	           564	             0	            12	            12	             0	             0	           576	             0
[3.652s][debug][gc,freelist,census          ]               11	             0	          -139	           150	             0	            26	            26	             0	             0	           176	             0
[3.652s][debug][gc,freelist,census          ]               12	             0	           -78	            71	             0	             0	             0	             0	             0	            80	             9
[3.652s][debug][gc,freelist,census          ]               13	             0	           -87	            95	             0	            17	            17	             0	             0	           112	             0
[3.652s][debug][gc,freelist,census          ]               14	             0	          -657	           610	             0	            14	            14	             0	             0	           624	             0
[3.652s][debug][gc,freelist,census          ]               15	             0	          -223	           203	             0	             0	             0	             0	             0	           224	            21
[3.652s][debug][gc,freelist,census          ]               16	             0	           -91	            83	             0	             0	             0	             0	             0	            96	            13
[3.652s][debug][gc,freelist,census          ]               17	             0	           -28	            44	             0	            20	            20	             0	             0	            64	             0
[3.652s][debug][gc,freelist,census          ]               18	             0	           -67	            61	             0	             0	             0	             0	             0	            80	            19
[3.652s][debug][gc,freelist,census          ]               19	             0	            -2	            13	             0	            19	            12	             0	             7	            32	             0
[3.652s][debug][gc,freelist,census          ]               20	             0	           -25	            23	             0	             0	             0	             0	             0	            48	            25
[3.652s][debug][gc,freelist,census          ]               21	             0	           -18	            17	             0	             0	             0	             0	             0	            32	            15
[3.652s][debug][gc,freelist,census          ]               22	             0	            -1	            12	             0	            20	            12	             0	             8	            32	             0
[3.652s][debug][gc,freelist,census          ]               23	             0	             0	             6	             0	            26	             6	             0	            20	            32	             0
[3.652s][debug][gc,freelist,census          ]               24	             0	            -7	             7	             0	             0	             0	             0	             0	            32	            25
[3.652s][debug][gc,freelist,census          ]               25	             0	            -5	             5	             0	            27	             0	             0	            27	            32	             0
[3.652s][debug][gc,freelist,census          ]               26	             0	             0	             6	             0	            26	             6	             0	            20	            32	             0
[3.652s][debug][gc,freelist,census          ]               27	             0	            -7	             7	             0	             0	             0	             0	             0	            16	             9
[3.652s][debug][gc,freelist,census          ]               28	             0	            -5	             5	             0	             0	             0	             0	             0	            32	            27
[3.652s][debug][gc,freelist,census          ]               29	             0	            -1	             2	             0	            30	             1	             0	            29	            32	             0
[3.652s][debug][gc,freelist,census          ]               30	             0	            -4	             4	             0	             0	             0	             0	             0	            32	            28
[3.652s][debug][gc,freelist,census          ]               31	             0	            -2	             3	             0	            13	             1	             0	            12	            16	             0
[3.652s][debug][gc,freelist,census          ]               32	             0	             0	             0	             0	             0	             0	             0	             0	             0	             0
[3.652s][debug][gc,freelist,census          ]               33	             0	             0	             0	             0	             0	             0	             0	             0	             0	             0
[3.652s][debug][gc,freelist,census          ]               34	             0	            -3	            17	             0	            15	            15	             0	             0	            32	             0
[3.652s][debug][gc,freelist,census          ]               35	             0	            -1	             6	             0	            10	             5	             0	             5	            16	             0
[3.652s][debug][gc,freelist,census          ]               36	             0	            -1	             1	             0	             0	             0	             0	             0	            16	            15
[3.652s][debug][gc,freelist,census          ]               37	             0	             0	             0	             0	             0	             0	             0	             0	             0	             0
[3.652s][debug][gc,freelist,census          ]               38	             0	            -2	             2	             0	            14	             0	             0	            14	            16	             0
[3.652s][debug][gc,freelist,census          ]               39	             0	             0	             0	             0	             0	             0	             0	             0	             0	             0
[3.652s][debug][gc,freelist,census          ]             size	       bfrsurp	       surplus	       desired	       prvSwep	       bfrSwep	         count	       cBirths	       cDeaths	       sBirths	       sDeaths
[3.652s][debug][gc,freelist,census          ]               40	             0	             0	             0	             0	             0	             0	             0	             0	             0	             0
[3.652s][debug][gc,freelist,census          ]               41	             0	            -1	             1	             0	            15	             0	             0	            15	            16	             0
[3.652s][debug][gc,freelist,census          ]               42	             0	             0	             0	             0	             0	             0	             0	             0	             0	             0
[3.652s][debug][gc,freelist,census          ]               43	             0	             0	             0	             0	             0	             0	             0	             0	             0	             0
[3.652s][debug][gc,freelist,census          ]               44	             0	             1	             0	             0	             0	             1	             1	             0	             0	             0
[3.652s][debug][gc,freelist,census          ]               45	             0	             0	             0	             0	             0	             0	             0	             0	             0	             0
[3.652s][debug][gc,freelist,census          ]               46	             0	             0	             1	             0	            15	             1	             1	            15	            16	             0
[3.652s][debug][gc,freelist,census          ]               47	             0	            -5	            11	             0	            21	             7	             0	            14	            32	             0
[3.652s][debug][gc,freelist,census          ]               48	             0	            -4	             4	             0	             0	             0	             0	             0	            32	            28
[3.652s][debug][gc,freelist,census          ]               49	             0	            -2	             2	             0	            14	             0	             0	            14	            16	             0
[3.652s][debug][gc,freelist,census          ]               50	             0	            -1	             1	             0	            15	             0	             0	            15	            16	             0
[3.652s][debug][gc,freelist,census          ]               51	             0	            -1	             1	             0	             0	             0	             0	             0	            16	            15
[3.652s][debug][gc,freelist,census          ]               52	             0	             1	             1	             0	             0	             2	             2	             0	            16	            15
[3.652s][debug][gc,freelist,census          ]               53	             0	             0	             0	             0	             0	             0	             0	             0	             0	             0
[3.652s][debug][gc,freelist,census          ]               54	             0	             0	             0	             0	             0	             0	             0	             0	             0	             0
[3.652s][debug][gc,freelist,census          ]               55	             0	             0	             0	             0	             0	             0	             0	             0	             0	             0
[3.652s][debug][gc,freelist,census          ]               56	             0	            -1	             1	             0	             0	             0	             0	             0	            16	            15
[3.652s][debug][gc,freelist,census          ]               57	             0	             1	             0	             0	             0	             1	             1	             0	             0	             0
[3.652s][debug][gc,freelist,census          ]               58	             0	             2	             0	             0	             0	             2	             2	             0	             0	             0
[3.652s][debug][gc,freelist,census          ]               59	             0	            -1	             1	             0	            15	             0	             0	            15	            16	             0
[3.652s][debug][gc,freelist,census          ]               60	             0	             0	             0	             0	             0	             0	             0	             0	             0	             0
[3.652s][debug][gc,freelist,census          ]               61	             0	             0	             0	             0	             0	             0	             0	             0	             0	             0
[3.652s][debug][gc,freelist,census          ]               62	             0	             1	             3	             0	            13	             4	             2	            11	            16	             0
[3.652s][debug][gc,freelist,census          ]               63	             0	            -1	             1	             0	             0	             0	             0	             0	            16	            15
[3.652s][debug][gc,freelist,census          ]               64	             0	             0	             0	             0	             0	             0	             0	             0	             0	             0
[3.652s][debug][gc,freelist,census          ]               65	             0	             0	             0	             0	             0	             0	             0	             0	             0	             0
[3.652s][debug][gc,freelist,census          ]               66	             0	            -7	             9	             0	             0	             2	             2	             0	            32	            23
[3.652s][debug][gc,freelist,census          ]               67	             0	             0	             0	             0	             0	             0	             0	             0	             0	             0
[3.652s][debug][gc,freelist,census          ]               68	             0	            -1	             1	             0	             0	             0	             0	             0	            16	            15
[3.652s][debug][gc,freelist,census          ]               69	             0	             1	             0	             0	             0	             1	             1	             0	             0	             0
[3.652s][debug][gc,freelist,census          ]               70	             0	             1	             0	             0	             0	             1	             1	             0	             0	             0
[3.652s][debug][gc,freelist,census          ]               71	             0	             0	             0	             0	             0	             0	             0	             0	             0	             0
[3.652s][debug][gc,freelist,census          ]               72	             0	            -1	             1	             0	             0	             0	             0	             0	            16	            15
[3.652s][debug][gc,freelist,census          ]               73	             0	             0	             0	             0	             0	             0	             0	             0	             0	             0
[3.652s][debug][gc,freelist,census          ]               74	             0	            -1	             1	             0	            15	             0	             0	            15	            16	             0
[3.652s][debug][gc,freelist,census          ]               75	             0	             1	             1	             0	             0	             2	             2	             0	            16	            15
[3.652s][debug][gc,freelist,census          ]               76	             0	             1	             0	             0	             0	             1	             1	             0	             0	             0
[3.652s][debug][gc,freelist,census          ]               77	             0	             0	             0	             0	             0	             0	             0	             0	             0	             0
[3.652s][debug][gc,freelist,census          ]               78	             0	             1	             0	             0	             0	             1	             1	             0	             0	             0
[3.652s][debug][gc,freelist,census          ]               79	             0	            -1	             1	             0	            15	             0	             0	            15	            16	             0
[3.652s][debug][gc,freelist,census          ]             size	       bfrsurp	       surplus	       desired	       prvSwep	       bfrSwep	         count	       cBirths	       cDeaths	       sBirths	       sDeaths
[3.652s][debug][gc,freelist,census          ]               80	             0	             0	             0	             0	             0	             0	             0	             0	             0	             0
[3.652s][debug][gc,freelist,census          ]               81	             0	            -1	             1	             0	             0	             0	             0	             0	            16	            15
[3.652s][debug][gc,freelist,census          ]               82	             0	             1	             1	             0	            15	             2	             2	            15	            16	             0
[3.652s][debug][gc,freelist,census          ]               83	             0	             0	             0	             0	             0	             0	             0	             0	             0	             0
[3.652s][debug][gc,freelist,census          ]               84	             0	             0	             0	             0	             0	             0	             0	             0	             0	             0
[3.652s][debug][gc,freelist,census          ]               85	             0	             0	             0	             0	             0	             0	             0	             0	             0	             0
[3.652s][debug][gc,freelist,census          ]               86	             0	             0	             0	             0	             0	             0	             0	             0	             0	             0
[3.652s][debug][gc,freelist,census          ]               87	             0	             1	             0	             0	             0	             1	             1	             0	             0	             0
[3.652s][debug][gc,freelist,census          ]               88	             0	            -1	             1	             0	             0	             0	             0	             0	            16	            15
[3.652s][debug][gc,freelist,census          ]               89	             0	            -1	             1	             0	            15	             0	             0	            15	            16	             0
[3.652s][debug][gc,freelist,census          ]               90	             0	             0	             0	             0	             0	             0	             0	             0	             0	             0
[3.652s][debug][gc,freelist,census          ]               91	             0	             0	             0	             0	             0	             0	             0	             0	             0	             0
[3.652s][debug][gc,freelist,census          ]               92	             0	             1	             0	             0	             0	             1	             1	             0	             0	             0
[3.652s][debug][gc,freelist,census          ]               93	             0	             1	             0	             0	             0	             1	             1	             0	             0	             0
[3.652s][debug][gc,freelist,census          ]               94	             0	             1	             0	             0	             0	             1	             1	             0	             0	             0
[3.652s][debug][gc,freelist,census          ]               95	             0	             0	             0	             0	             0	             0	             0	             0	             0	             0
[3.652s][debug][gc,freelist,census          ]               96	             0	             0	             0	             0	             0	             0	             0	             0	             0	             0
[3.652s][debug][gc,freelist,census          ]               97	             0	             0	             0	             0	             0	             0	             0	             0	             0	             0
[3.652s][debug][gc,freelist,census          ]               98	             0	             1	             0	             0	             0	             1	             1	             0	             0	             0
[3.652s][debug][gc,freelist,census          ]               99	             0	            -2	             2	             0	             0	             0	             0	             0	            16	            14
[3.652s][debug][gc,freelist,census          ]              100	             0	             1	             0	             0	             0	             1	             1	             0	             0	             0
[3.652s][debug][gc,freelist,census          ]              101	             0	             0	             0	             0	             0	             0	             0	             0	             0	             0
[3.652s][debug][gc,freelist,census          ]              102	             0	             0	             0	             0	             0	             0	             0	             0	             0	             0
[3.652s][debug][gc,freelist,census          ]              103	             0	            -1	             1	             0	            15	             0	             0	            15	            16	             0
[3.652s][debug][gc,freelist,census          ]              104	             0	             1	             1	             0	             0	             2	             2	             0	            16	            15
[3.652s][debug][gc,freelist,census          ]              105	             0	             1	             0	             0	             0	             1	             1	             0	             0	             0
[3.652s][debug][gc,freelist,census          ]              106	             0	            -1	             1	             0	            15	             0	             0	            15	            16	             0
[3.652s][debug][gc,freelist,census          ]              107	             0	             0	             0	             0	             0	             0	             0	             0	             0	             0
[3.652s][debug][gc,freelist,census          ]              108	             0	             0	             0	             0	             0	             0	             0	             0	             0	             0
[3.652s][debug][gc,freelist,census          ]              109	             0	            -1	             1	             0	            15	             0	             0	            15	            16	             0
[3.652s][debug][gc,freelist,census          ]              110	             0	             0	             0	             0	             0	             0	             0	             0	             0	             0
[3.652s][debug][gc,freelist,census          ]              111	             0	             0	             0	             0	             0	             0	             0	             0	             0	             0
[3.652s][debug][gc,freelist,census          ]              112	             0	             0	             0	             0	             0	             0	             0	             0	             0	             0
[3.652s][debug][gc,freelist,census          ]              113	             0	             0	             0	             0	             0	             0	             0	             0	             0	             0
[3.652s][debug][gc,freelist,census          ]              114	             0	             1	             1	             0	             0	             2	             2	             0	            16	            15
[3.652s][debug][gc,freelist,census          ]              115	             0	             1	             0	             0	             0	             1	             1	             0	             0	             0
[3.652s][debug][gc,freelist,census          ]              116	             0	             1	             0	             0	             0	             1	             1	             0	             0	             0
[3.652s][debug][gc,freelist,census          ]              117	             0	             0	             0	             0	             0	             0	             0	             0	             0	             0
[3.652s][debug][gc,freelist,census          ]              118	             0	             1	             0	             0	             0	             1	             1	             0	             0	             0
[3.652s][debug][gc,freelist,census          ]              119	             0	             0	             0	             0	             0	             0	             0	             0	             0	             0
[3.652s][debug][gc,freelist,census          ]             size	       bfrsurp	       surplus	       desired	       prvSwep	       bfrSwep	         count	       cBirths	       cDeaths	       sBirths	       sDeaths
[3.652s][debug][gc,freelist,census          ]              120	             0	             0	             0	             0	             0	             0	             0	             0	             0	             0
[3.652s][debug][gc,freelist,census          ]              121	             0	             0	             0	             0	             0	             0	             0	             0	             0	             0
[3.652s][debug][gc,freelist,census          ]              122	             0	            -1	             1	             0	            15	             0	             0	            15	            16	             0
[3.652s][debug][gc,freelist,census          ]              123	             0	             1	             1	             0	             0	             2	             2	             0	            16	            15
[3.652s][debug][gc,freelist,census          ]              124	             0	             1	             1	             0	             0	             2	             2	             0	            16	            15
[3.652s][debug][gc,freelist,census          ]              125	             0	             1	             0	             0	             0	             1	             1	             0	             0	             0
[3.652s][debug][gc,freelist,census          ]              126	             0	             0	             0	             0	             0	             0	             0	             0	             0	             0
[3.652s][debug][gc,freelist,census          ]              127	             0	             0	             0	             0	             0	             0	             0	             0	             0	             0
[3.652s][debug][gc,freelist,census          ]              128	             0	            -1	             1	             0	             0	             0	             0	             0	            16	            15
[3.652s][debug][gc,freelist,census          ]              129	             0	             0	             0	             0	             0	             0	             0	             0	             0	             0
[3.652s][debug][gc,freelist,census          ]              130	             0	            -4	            10	             0	             6	             7	             1	             0	            16	             0
[3.652s][debug][gc,freelist,census          ]              131	             0	             0	             0	             0	             0	             0	             0	             0	             0	             0
[3.652s][debug][gc,freelist,census          ]              132	             0	             0	             0	             0	             0	             0	             0	             0	             0	             0
[3.652s][debug][gc,freelist,census          ]              133	             0	             0	             0	             0	             0	             0	             0	             0	             0	             0
[3.652s][debug][gc,freelist,census          ]              134	             0	             0	             0	             0	             0	             0	             0	             0	             0	             0
[3.652s][debug][gc,freelist,census          ]              135	             0	             0	             0	             0	             0	             0	             0	             0	             0	             0
[3.652s][debug][gc,freelist,census          ]              136	             0	             0	             0	             0	             0	             0	             0	             0	             0	             0
[3.652s][debug][gc,freelist,census          ]              137	             0	             0	             0	             0	             0	             0	             0	             0	             0	             0
[3.652s][debug][gc,freelist,census          ]              138	             0	             1	             0	             0	             0	             1	             1	             0	             0	             0
[3.652s][debug][gc,freelist,census          ]              139	             0	             0	             0	             0	             0	             0	             0	             0	             0	             0
[3.652s][debug][gc,freelist,census          ]              140	             0	             0	             0	             0	             0	             0	             0	             0	             0	             0
[3.652s][debug][gc,freelist,census          ]              141	             0	             1	             0	             0	             0	             1	             1	             0	             0	             0
[3.652s][debug][gc,freelist,census          ]              142	             0	             0	             0	             0	             0	             0	             0	             0	             0	             0
[3.652s][debug][gc,freelist,census          ]              143	             0	             0	             0	             0	             0	             0	             0	             0	             0	             0
[3.652s][debug][gc,freelist,census          ]              144	             0	             0	             0	             0	             0	             0	             0	             0	             0	             0
[3.652s][debug][gc,freelist,census          ]              145	             0	             1	             0	             0	             0	             1	             1	             0	             0	             0
[3.653s][debug][gc,freelist,census          ]              146	             0	             0	             0	             0	             0	             0	             0	             0	             0	             0
[3.653s][debug][gc,freelist,census          ]              147	             0	             1	             0	             0	             0	             1	             1	             0	             0	             0
[3.653s][debug][gc,freelist,census          ]              148	             0	             1	             0	             0	             0	             1	             1	             0	             0	             0
[3.653s][debug][gc,freelist,census          ]              149	             0	             0	             0	             0	             0	             0	             0	             0	             0	             0
[3.653s][debug][gc,freelist,census          ]              150	             0	             2	             0	             0	             0	             2	             2	             0	             0	             0
[3.653s][debug][gc,freelist,census          ]              151	             0	             0	             0	             0	             0	             0	             0	             0	             0	             0
[3.653s][debug][gc,freelist,census          ]              152	             0	             2	             0	             0	             0	             2	             2	             0	             0	             0
[3.653s][debug][gc,freelist,census          ]              153	             0	             0	             0	             0	             0	             0	             0	             0	             0	             0
[3.653s][debug][gc,freelist,census          ]              154	             0	             0	             0	             0	             0	             0	             0	             0	             0	             0
[3.653s][debug][gc,freelist,census          ]              155	             0	             1	             0	             0	             0	             1	             1	             0	             0	             0
[3.653s][debug][gc,freelist,census          ]              156	             0	             0	             0	             0	             0	             0	             0	             0	             0	             0
[3.653s][debug][gc,freelist,census          ]              157	             0	             0	             0	             0	             0	             0	             0	             0	             0	             0
[3.653s][debug][gc,freelist,census          ]              158	             0	             1	             0	             0	             0	             1	             1	             0	             0	             0
[3.653s][debug][gc,freelist,census          ]              159	             0	             0	             0	             0	             0	             0	             0	             0	             0	             0
[3.653s][debug][gc,freelist,census          ]             size	       bfrsurp	       surplus	       desired	       prvSwep	       bfrSwep	         count	       cBirths	       cDeaths	       sBirths	       sDeaths
[3.653s][debug][gc,freelist,census          ]              160	             0	             0	             0	             0	             0	             0	             0	             0	             0	             0
[3.653s][debug][gc,freelist,census          ]              161	             0	             0	             0	             0	             0	             0	             0	             0	             0	             0
[3.653s][debug][gc,freelist,census          ]              162	             0	             0	             0	             0	             0	             0	             0	             0	             0	             0
[3.653s][debug][gc,freelist,census          ]              163	             0	             0	             0	             0	             0	             0	             0	             0	             0	             0
[3.653s][debug][gc,freelist,census          ]              164	             0	             1	             0	             0	             0	             1	             1	             0	             0	             0
[3.653s][debug][gc,freelist,census          ]              165	             0	            -1	             1	             0	             0	             0	             0	             0	            16	            15
[3.653s][debug][gc,freelist,census          ]              166	             0	             0	             0	             0	             0	             0	             0	             0	             0	             0
[3.653s][debug][gc,freelist,census          ]              167	             0	             0	             0	             0	             0	             0	             0	             0	             0	             0
[3.653s][debug][gc,freelist,census          ]              168	             0	             0	             0	             0	             0	             0	             0	             0	             0	             0
[3.653s][debug][gc,freelist,census          ]              169	             0	             0	             0	             0	             0	             0	             0	             0	             0	             0
[3.653s][debug][gc,freelist,census          ]              170	             0	             0	             0	             0	             0	             0	             0	             0	             0	             0
[3.653s][debug][gc,freelist,census          ]              171	             0	             0	             0	             0	             0	             0	             0	             0	             0	             0
[3.653s][debug][gc,freelist,census          ]              172	             0	             0	             0	             0	             0	             0	             0	             0	             0	             0
[3.653s][debug][gc,freelist,census          ]              173	             0	             0	             0	             0	             0	             0	             0	             0	             0	             0
[3.653s][debug][gc,freelist,census          ]              174	             0	             1	             0	             0	             0	             1	             1	             0	             0	             0
[3.653s][debug][gc,freelist,census          ]              175	             0	             0	             0	             0	             0	             0	             0	             0	             0	             0
[3.653s][debug][gc,freelist,census          ]              176	             0	             0	             0	             0	             0	             0	             0	             0	             0	             0
[3.653s][debug][gc,freelist,census          ]              177	             0	             1	             0	             0	             0	             1	             1	             0	             0	             0
[3.653s][debug][gc,freelist,census          ]              178	             0	             1	             0	             0	             0	             1	             1	             0	             0	             0
[3.653s][debug][gc,freelist,census          ]              179	             0	             0	             0	             0	             0	             0	             0	             0	             0	             0
[3.653s][debug][gc,freelist,census          ]              180	             0	             0	             0	             0	             0	             0	             0	             0	             0	             0
[3.653s][debug][gc,freelist,census          ]              181	             0	             0	             0	             0	             0	             0	             0	             0	             0	             0
[3.653s][debug][gc,freelist,census          ]              182	             0	             0	             0	             0	             0	             0	             0	             0	             0	             0
[3.653s][debug][gc,freelist,census          ]              183	             0	             0	             0	             0	             0	             0	             0	             0	             0	             0
[3.653s][debug][gc,freelist,census          ]              184	             0	             1	             0	             0	             0	             1	             1	             0	             0	             0
[3.653s][debug][gc,freelist,census          ]              185	             0	             0	             0	             0	             0	             0	             0	             0	             0	             0
[3.653s][debug][gc,freelist,census          ]              186	             0	             1	             0	             0	             0	             1	             1	             0	             0	             0
[3.653s][debug][gc,freelist,census          ]              187	             0	             0	             0	             0	             0	             0	             0	             0	             0	             0
[3.653s][debug][gc,freelist,census          ]              188	             0	             1	             0	             0	             0	             1	             1	             0	             0	             0
[3.653s][debug][gc,freelist,census          ]              189	             0	            -1	             1	             0	             0	             0	             0	             0	            16	            15
[3.653s][debug][gc,freelist,census          ]              190	             0	             0	             0	             0	             0	             0	             0	             0	             0	             0
[3.653s][debug][gc,freelist,census          ]              191	             0	             0	             0	             0	             0	             0	             0	             0	             0	             0
[3.653s][debug][gc,freelist,census          ]              192	             0	             0	             0	             0	             0	             0	             0	             0	             0	             0
[3.653s][debug][gc,freelist,census          ]              193	             0	             0	             0	             0	             0	             0	             0	             0	             0	             0
[3.653s][debug][gc,freelist,census          ]              194	             0	             0	             0	             0	             0	             0	             0	             0	             0	             0
[3.653s][debug][gc,freelist,census          ]              195	             0	             0	             0	             0	             0	             0	             0	             0	             0	             0
[3.653s][debug][gc,freelist,census          ]              196	             0	             1	             0	             0	             0	             1	             1	             0	             0	             0
[3.653s][debug][gc,freelist,census          ]              197	             0	             0	             0	             0	             0	             0	             0	             0	             0	             0
[3.653s][debug][gc,freelist,census          ]              198	             0	             0	             0	             0	             0	             0	             0	             0	             0	             0
[3.653s][debug][gc,freelist,census          ]              199	             0	             0	             0	             0	             0	             0	             0	             0	             0	             0
[3.653s][debug][gc,freelist,census          ]             size	       bfrsurp	       surplus	       desired	       prvSwep	       bfrSwep	         count	       cBirths	       cDeaths	       sBirths	       sDeaths
[3.653s][debug][gc,freelist,census          ]              200	             0	             1	             0	             0	             0	             1	             1	             0	             0	             0
[3.653s][debug][gc,freelist,census          ]              201	             0	             0	             0	             0	             0	             0	             0	             0	             0	             0
[3.653s][debug][gc,freelist,census          ]              202	             0	             0	             0	             0	             0	             0	             0	             0	             0	             0
[3.653s][debug][gc,freelist,census          ]              203	             0	             1	             0	             0	             0	             1	             1	             0	             0	             0
[3.653s][debug][gc,freelist,census          ]              204	             0	             0	             0	             0	             0	             0	             0	             0	             0	             0
[3.653s][debug][gc,freelist,census          ]              205	             0	             1	             0	             0	             0	             1	             1	             0	             0	             0
[3.653s][debug][gc,freelist,census          ]              206	             0	             1	             0	             0	             0	             1	             1	             0	             0	             0
[3.653s][debug][gc,freelist,census          ]              207	             0	             0	             0	             0	             0	             0	             0	             0	             0	             0
[3.653s][debug][gc,freelist,census          ]              208	             0	             0	             0	             0	             0	             0	             0	             0	             0	             0
[3.653s][debug][gc,freelist,census          ]              209	             0	             0	             0	             0	             0	             0	             0	             0	             0	             0
[3.653s][debug][gc,freelist,census          ]              210	             0	             0	             0	             0	             0	             0	             0	             0	             0	             0
[3.653s][debug][gc,freelist,census          ]              211	             0	             0	             0	             0	             0	             0	             0	             0	             0	             0
[3.653s][debug][gc,freelist,census          ]              212	             0	             1	             0	             0	             0	             1	             1	             0	             0	             0
[3.653s][debug][gc,freelist,census          ]              213	             0	             0	             0	             0	             0	             0	             0	             0	             0	             0
[3.653s][debug][gc,freelist,census          ]              214	             0	             0	             0	             0	             0	             0	             0	             0	             0	             0
[3.653s][debug][gc,freelist,census          ]              215	             0	             0	             0	             0	             0	             0	             0	             0	             0	             0
[3.653s][debug][gc,freelist,census          ]              216	             0	             0	             0	             0	             0	             0	             0	             0	             0	             0
[3.653s][debug][gc,freelist,census          ]              217	             0	             0	             0	             0	             0	             0	             0	             0	             0	             0
[3.653s][debug][gc,freelist,census          ]              218	             0	             1	             0	             0	             0	             1	             1	             0	             0	             0
[3.653s][debug][gc,freelist,census          ]              219	             0	             0	             0	             0	             0	             0	             0	             0	             0	             0
[3.653s][debug][gc,freelist,census          ]              220	             0	             0	             0	             0	             0	             0	             0	             0	             0	             0
[3.653s][debug][gc,freelist,census          ]              221	             0	             0	             0	             0	             0	             0	             0	             0	             0	             0
[3.653s][debug][gc,freelist,census          ]              222	             0	             1	             0	             0	             0	             1	             1	             0	             0	             0
[3.653s][debug][gc,freelist,census          ]              223	             0	             0	             0	             0	             0	             0	             0	             0	             0	             0
[3.653s][debug][gc,freelist,census          ]              224	             0	             0	             0	             0	             0	             0	             0	             0	             0	             0
[3.653s][debug][gc,freelist,census          ]              225	             0	             0	             0	             0	             0	             0	             0	             0	             0	             0
[3.653s][debug][gc,freelist,census          ]              226	             0	             0	             0	             0	             0	             0	             0	             0	             0	             0
[3.653s][debug][gc,freelist,census          ]              227	             0	             0	             0	             0	             0	             0	             0	             0	             0	             0
[3.653s][debug][gc,freelist,census          ]              228	             0	             0	             0	             0	             0	             0	             0	             0	             0	             0
[3.653s][debug][gc,freelist,census          ]              229	             0	             0	             0	             0	             0	             0	             0	             0	             0	             0
[3.653s][debug][gc,freelist,census          ]              230	             0	             1	             0	             0	             0	             1	             1	             0	             0	             0
[3.653s][debug][gc,freelist,census          ]              231	             0	             0	             0	             0	             0	             0	             0	             0	             0	             0
[3.653s][debug][gc,freelist,census          ]              232	             0	             0	             0	             0	             0	             0	             0	             0	             0	             0
[3.653s][debug][gc,freelist,census          ]              233	             0	             0	             0	             0	             0	             0	             0	             0	             0	             0
[3.653s][debug][gc,freelist,census          ]              234	             0	             0	             0	             0	             0	             0	             0	             0	             0	             0
[3.653s][debug][gc,freelist,census          ]              235	             0	             1	             0	             0	             0	             1	             1	             0	             0	             0
[3.653s][debug][gc,freelist,census          ]              236	             0	             1	             0	             0	             0	             1	             1	             0	             0	             0
[3.653s][debug][gc,freelist,census          ]              237	             0	             1	             0	             0	             0	             1	             1	             0	             0	             0
[3.653s][debug][gc,freelist,census          ]              238	             0	             0	             0	             0	             0	             0	             0	             0	             0	             0
[3.653s][debug][gc,freelist,census          ]              239	             0	             0	             0	             0	             0	             0	             0	             0	             0	             0
[3.653s][debug][gc,freelist,census          ]             size	       bfrsurp	       surplus	       desired	       prvSwep	       bfrSwep	         count	       cBirths	       cDeaths	       sBirths	       sDeaths
[3.653s][debug][gc,freelist,census          ]              240	             0	             0	             0	             0	             0	             0	             0	             0	             0	             0
[3.653s][debug][gc,freelist,census          ]              241	             0	             0	             0	             0	             0	             0	             0	             0	             0	             0
[3.653s][debug][gc,freelist,census          ]              242	             0	             0	             0	             0	             0	             0	             0	             0	             0	             0
[3.653s][debug][gc,freelist,census          ]              243	             0	             0	             0	             0	             0	             0	             0	             0	             0	             0
[3.653s][debug][gc,freelist,census          ]              244	             0	             1	             0	             0	             0	             1	             1	             0	             0	             0
[3.653s][debug][gc,freelist,census          ]              245	             0	             1	             0	             0	             0	             1	             1	             0	             0	             0
[3.653s][debug][gc,freelist,census          ]              246	             0	             1	             0	             0	             0	             1	             1	             0	             0	             0
[3.653s][debug][gc,freelist,census          ]              247	             0	             0	             0	             0	             0	             0	             0	             0	             0	             0
[3.653s][debug][gc,freelist,census          ]              248	             0	             1	             0	             0	             0	             1	             1	             0	             0	             0
[3.653s][debug][gc,freelist,census          ]              249	             0	             0	             0	             0	             0	             0	             0	             0	             0	             0
[3.653s][debug][gc,freelist,census          ]              250	             0	             1	             0	             0	             0	             1	             1	             0	             0	             0
[3.653s][debug][gc,freelist,census          ]              251	             0	             0	             0	             0	             0	             0	             0	             0	             0	             0
[3.653s][debug][gc,freelist,census          ]              252	             0	             0	             0	             0	             0	             0	             0	             0	             0	             0
[3.653s][debug][gc,freelist,census          ]              253	             0	             0	             0	             0	             0	             0	             0	             0	             0	             0
[3.653s][debug][gc,freelist,census          ]              254	             0	             0	             0	             0	             0	             0	             0	             0	             0	             0
[3.653s][debug][gc,freelist,census          ]              255	             0	             0	             0	             0	             0	             0	             0	             0	             0	             0
[3.653s][debug][gc,freelist,census          ]              256	             0	             0	             0	             0	             0	             0	             0	             0	             0	             0
[3.653s][debug][gc,freelist,census          ]            TOTAL	             0	       -264507	        708796	             0	          2971	        515152	            74	          2312	        713915	          2147
[3.653s][debug][gc,freelist,census          ] Total free in indexed lists 1891967 words
[3.653s][debug][gc,freelist,census          ] growth: 709530.00000  deficit:  0.27320
[3.653s][debug][gc,freelist,census          ] BinaryTree
[3.653s][debug][gc,freelist,census          ]             size	       bfrsurp	       surplus	       desired	       prvSwep	       bfrSwep	         count	       cBirths	       cDeaths	       sBirths	       sDeaths
[3.653s][debug][gc,freelist,census          ]              281	             0	             0	             0	             0	             0	             1	             0	             0	             1	             0
[3.653s][debug][gc,freelist,census          ]              300	             0	             0	             0	             0	             0	             1	             0	             0	             1	             0
[3.653s][debug][gc,freelist,census          ]              354	             0	             0	             0	             0	             0	             1	             0	             0	             1	             0
[3.653s][debug][gc,freelist,census          ]              740	             0	             0	             0	             0	             0	             1	             0	             0	             1	             0
[3.653s][debug][gc,freelist,census          ]              790	             0	             0	             0	             0	             0	             1	             0	             0	             1	             0
[3.653s][debug][gc,freelist,census          ]              820	             0	             0	             0	             0	             0	             1	             0	             0	             1	             0
[3.653s][debug][gc,freelist,census          ]             1157	             0	             0	             0	             0	             0	             1	             0	             0	             1	             0
[3.653s][debug][gc,freelist,census          ]             1197	             0	             0	             0	             0	             0	             1	             0	             0	             1	             0
[3.653s][debug][gc,freelist,census          ]             1339	             0	             0	             0	             0	             0	             1	             0	             0	             1	             0
[3.653s][debug][gc,freelist,census          ]             1378	             0	             0	             0	             0	             0	             1	             0	             0	             1	             0
[3.653s][debug][gc,freelist,census          ]             1417	             0	             0	             0	             0	             0	             1	             0	             0	             1	             0
[3.653s][debug][gc,freelist,census          ]             1586	             0	             0	             0	             0	             0	             1	             0	             0	             1	             0
[3.653s][debug][gc,freelist,census          ]             3008	             0	             0	             0	             0	             0	             1	             0	             0	             1	             0
[3.653s][debug][gc,freelist,census          ]             3200	             0	             0	             0	             0	             0	             1	             0	             0	             1	             0
[3.653s][debug][gc,freelist,census          ]          2457099	             1	             1	             1	             0	             1	             1	             0	             0	             2	             0
[3.653s][debug][gc,freelist,census          ]                 	       bfrsurp	       surplus	       desired	       prvSwep	       bfrSwep	         count	       cBirths	       cDeaths	       sBirths	       sDeaths
[3.653s][debug][gc,freelist,census          ]           TOTAL		             1	             1	             1	             0	             1	            15	             0	             0	            16	             0
[3.653s][debug][gc,freelist,census          ] total_free(words):          2474666 growth: 16.00000  deficit: -14.00000
[3.653s][trace][gc,freelist,stats           ] Statistics for BinaryTreeDictionary:
[3.653s][trace][gc,freelist,stats           ] ------------------------------------
[3.653s][trace][gc,freelist,stats           ] Total Free Space: 2474666
[3.653s][trace][gc,freelist,stats           ] Max   Chunk Size: 2457099
[3.653s][trace][gc,freelist,stats           ] Number of Blocks: 15
[3.653s][trace][gc,freelist,stats           ] Av.  Block  Size: 164977
[3.653s][trace][gc,freelist,stats           ] Tree      Height: 9
[3.653s][debug][gc                          ] GC(6) Concurrent active time: 0.014ms
[3.653s][trace][gc                          ] GC(6)  (CMS Concurrent Sweep yielded 0 times)
[3.653s][info ][gc                          ] GC(6) Concurrent Sweep 14.125ms
[3.653s][info ][gc,cpu                      ] GC(6) User=0.02s Sys=0.00s Real=0.02s
[3.653s][trace][gc,metaspace                ] GC(6) MetaspaceGC::compute_new_size:
[3.653s][trace][gc,metaspace                ] GC(6)     minimum_free_percentage:   0.40  maximum_used_percentage:   0.60
[3.653s][trace][gc,metaspace                ] GC(6)      used_after_gc       : 7168.0KB
[3.653s][trace][gc,metaspace                ] GC(6)     maximum_free_percentage:   0.70  minimum_used_percentage:   0.30
[3.653s][trace][gc,metaspace                ] GC(6)     minimum_desired_capacity: 21296.0KB  maximum_desired_capacity: 23893.3KB
[3.653s][trace][gc                          ] GC(6) Shrinking of CMS not yet implemented
[3.653s][debug][gc,state                    ]   Thread 0x00007ff7a4008000 done - next CMS state 1
[3.653s][debug][gc,state                    ] Thread 0x00007ff7a4008000 in CMS state 1
[3.653s][debug][gc,state                    ] CMS Thread 0x00007ff7a4008000 continuing at CMS state 1
[3.653s][info ][gc                          ] GC(6) Concurrent Reset
[3.653s][debug][gc                          ] GC(6) Concurrent active time: 0.000ms
[3.653s][trace][gc                          ] GC(6)  (CMS Concurrent Reset yielded 0 times)
[3.653s][info ][gc                          ] GC(6) Concurrent Reset 0.195ms
[3.653s][info ][gc,cpu                      ] GC(6) User=0.01s Sys=0.00s Real=0.00s
[3.653s][debug][gc,state                    ]   Thread 0x00007ff7a4008000 done - next CMS state 2
[3.653s][debug][gc,state                    ] CMS Thread 0x00007ff7a4008000 exiting collection CMS state 2
[3.653s][info ][gc,heap                     ] GC(6) Old: 21358K->6717K(40960K)
[3.659s][trace][gc,tlab                     ] ThreadLocalAllocBuffer::compute_size(3) returns 41702
[3.659s][trace][gc,tlab                     ] TLAB: fill thread: 0x00007ff7a3004000 [id: 8963] desired_size: 325KB slow allocs: 0  refill waste: 5208B alloc: 0.99420      972KB refills: 3 waste  0.1% gc: 0B slow: 1168B fast: 0B
[3.672s][trace][gc,tlab                     ] ThreadLocalAllocBuffer::compute_size(4) returns 41703
[3.672s][trace][gc,tlab                     ] TLAB: fill thread: 0x00007ff7a3004000 [id: 8963] desired_size: 325KB slow allocs: 0  refill waste: 5208B alloc: 0.99420     1296KB refills: 4 waste  0.1% gc: 0B slow: 1752B fast: 0B
[3.685s][trace][gc,tlab                     ] ThreadLocalAllocBuffer::compute_size(3) returns 41702
[3.685s][trace][gc,tlab                     ] TLAB: fill thread: 0x00007ff7a3004000 [id: 8963] desired_size: 325KB slow allocs: 0  refill waste: 5208B alloc: 0.99420     1620KB refills: 5 waste  0.1% gc: 0B slow: 2336B fast: 0B
[3.697s][trace][gc,tlab                     ] ThreadLocalAllocBuffer::compute_size(4) returns 41703
[3.697s][trace][gc,tlab                     ] TLAB: fill thread: 0x00007ff7a3004000 [id: 8963] desired_size: 325KB slow allocs: 0  refill waste: 5208B alloc: 0.99420     1944KB refills: 6 waste  0.1% gc: 0B slow: 2920B fast: 0B
[3.710s][trace][gc,tlab                     ] ThreadLocalAllocBuffer::compute_size(3) returns 41702
[3.710s][trace][gc,tlab                     ] TLAB: fill thread: 0x00007ff7a3004000 [id: 8963] desired_size: 325KB slow allocs: 0  refill waste: 5208B alloc: 0.99420     2267KB refills: 7 waste  0.2% gc: 0B slow: 3504B fast: 0B
[3.723s][trace][gc,tlab                     ] ThreadLocalAllocBuffer::compute_size(4) returns 41703
[3.723s][trace][gc,tlab                     ] TLAB: fill thread: 0x00007ff7a3004000 [id: 8963] desired_size: 325KB slow allocs: 0  refill waste: 5208B alloc: 0.99420     2591KB refills: 8 waste  0.2% gc: 0B slow: 4088B fast: 0B
[3.736s][trace][gc,tlab                     ] ThreadLocalAllocBuffer::compute_size(3) returns 41702
[3.736s][trace][gc,tlab                     ] TLAB: fill thread: 0x00007ff7a3004000 [id: 8963] desired_size: 325KB slow allocs: 0  refill waste: 5208B alloc: 0.99420     2915KB refills: 9 waste  0.2% gc: 0B slow: 4672B fast: 0B
[3.749s][trace][gc,tlab                     ] ThreadLocalAllocBuffer::compute_size(4) returns 41703
[3.749s][trace][gc,tlab                     ] TLAB: fill thread: 0x00007ff7a3004000 [id: 8963] desired_size: 325KB slow allocs: 0  refill waste: 5208B alloc: 0.99420     3239KB refills: 10 waste  0.2% gc: 0B slow: 5256B fast: 0B
[3.762s][trace][gc,tlab                     ] ThreadLocalAllocBuffer::compute_size(3) returns 41702
[3.762s][trace][gc,tlab                     ] TLAB: fill thread: 0x00007ff7a3004000 [id: 8963] desired_size: 325KB slow allocs: 0  refill waste: 5208B alloc: 0.99420     3563KB refills: 11 waste  0.2% gc: 0B slow: 5840B fast: 0B
[3.774s][trace][gc,tlab                     ] ThreadLocalAllocBuffer::compute_size(4) returns 41703
[3.774s][trace][gc,tlab                     ] TLAB: fill thread: 0x00007ff7a3004000 [id: 8963] desired_size: 325KB slow allocs: 0  refill waste: 5208B alloc: 0.99420     3887KB refills: 12 waste  0.2% gc: 0B slow: 6424B fast: 0B
[3.788s][trace][gc,tlab                     ] ThreadLocalAllocBuffer::compute_size(3) returns 41702
[3.788s][trace][gc,tlab                     ] TLAB: fill thread: 0x00007ff7a3004000 [id: 8963] desired_size: 325KB slow allocs: 0  refill waste: 5208B alloc: 0.99420     4211KB refills: 13 waste  0.2% gc: 0B slow: 7008B fast: 0B
[3.803s][trace][gc,tlab                     ] ThreadLocalAllocBuffer::compute_size(4) returns 41703
[3.803s][trace][gc,tlab                     ] TLAB: fill thread: 0x00007ff7a3004000 [id: 8963] desired_size: 325KB slow allocs: 0  refill waste: 5208B alloc: 0.99420     4535KB refills: 14 waste  0.2% gc: 0B slow: 7592B fast: 0B
[3.818s][trace][gc,tlab                     ] ThreadLocalAllocBuffer::compute_size(3) returns 41702
[3.818s][trace][gc,tlab                     ] TLAB: fill thread: 0x00007ff7a3004000 [id: 8963] desired_size: 325KB slow allocs: 0  refill waste: 5208B alloc: 0.99420     4859KB refills: 15 waste  0.2% gc: 0B slow: 8176B fast: 0B
[3.832s][trace][gc,tlab                     ] ThreadLocalAllocBuffer::compute_size(4) returns 41703
[3.832s][trace][gc,tlab                     ] TLAB: fill thread: 0x00007ff7a3004000 [id: 8963] desired_size: 325KB slow allocs: 0  refill waste: 5208B alloc: 0.99420     5183KB refills: 16 waste  0.2% gc: 0B slow: 8760B fast: 0B
[3.847s][trace][gc,tlab                     ] ThreadLocalAllocBuffer::compute_size(3) returns 41702
[3.847s][trace][gc,tlab                     ] TLAB: fill thread: 0x00007ff7a3004000 [id: 8963] desired_size: 325KB slow allocs: 0  refill waste: 5208B alloc: 0.99420     5507KB refills: 17 waste  0.2% gc: 0B slow: 9344B fast: 0B
[3.861s][trace][gc,tlab                     ] ThreadLocalAllocBuffer::compute_size(4) returns 41703
[3.861s][trace][gc,tlab                     ] TLAB: fill thread: 0x00007ff7a3004000 [id: 8963] desired_size: 325KB slow allocs: 0  refill waste: 5208B alloc: 0.99420     5830KB refills: 18 waste  0.2% gc: 0B slow: 9928B fast: 0B
[3.875s][trace][gc,tlab                     ] ThreadLocalAllocBuffer::compute_size(3) returns 41702
[3.876s][trace][gc,tlab                     ] TLAB: fill thread: 0x00007ff7a3004000 [id: 8963] desired_size: 325KB slow allocs: 0  refill waste: 5208B alloc: 0.99420     6154KB refills: 19 waste  0.2% gc: 0B slow: 10512B fast: 0B
[3.890s][trace][gc,tlab                     ] ThreadLocalAllocBuffer::compute_size(4) returns 41703
[3.890s][trace][gc,tlab                     ] TLAB: fill thread: 0x00007ff7a3004000 [id: 8963] desired_size: 325KB slow allocs: 0  refill waste: 5208B alloc: 0.99420     6478KB refills: 20 waste  0.2% gc: 0B slow: 11096B fast: 0B
[3.905s][trace][gc,tlab                     ] ThreadLocalAllocBuffer::compute_size(3) returns 41702
[3.905s][trace][gc,tlab                     ] TLAB: fill thread: 0x00007ff7a3004000 [id: 8963] desired_size: 325KB slow allocs: 0  refill waste: 5208B alloc: 0.99420     6802KB refills: 21 waste  0.2% gc: 0B slow: 11680B fast: 0B
[3.919s][trace][gc,tlab                     ] ThreadLocalAllocBuffer::compute_size(4) returns 41703
[3.919s][trace][gc,tlab                     ] TLAB: fill thread: 0x00007ff7a3004000 [id: 8963] desired_size: 325KB slow allocs: 0  refill waste: 5208B alloc: 0.99420     7126KB refills: 22 waste  0.2% gc: 0B slow: 12264B fast: 0B
[3.933s][trace][gc,tlab                     ] ThreadLocalAllocBuffer::compute_size(3) returns 41702
[3.933s][trace][gc,tlab                     ] TLAB: fill thread: 0x00007ff7a3004000 [id: 8963] desired_size: 325KB slow allocs: 0  refill waste: 5208B alloc: 0.99420     7450KB refills: 23 waste  0.2% gc: 0B slow: 12848B fast: 0B
[3.946s][trace][gc,tlab                     ] ThreadLocalAllocBuffer::compute_size(4) returns 41703
[3.946s][trace][gc,tlab                     ] TLAB: fill thread: 0x00007ff7a3004000 [id: 8963] desired_size: 325KB slow allocs: 0  refill waste: 5208B alloc: 0.99420     7774KB refills: 24 waste  0.2% gc: 0B slow: 13432B fast: 0B
[3.959s][trace][gc,tlab                     ] ThreadLocalAllocBuffer::compute_size(3) returns 41702
[3.959s][trace][gc,tlab                     ] TLAB: fill thread: 0x00007ff7a3004000 [id: 8963] desired_size: 325KB slow allocs: 0  refill waste: 5208B alloc: 0.99420     8098KB refills: 25 waste  0.2% gc: 0B slow: 14016B fast: 0B
[3.972s][trace][gc,tlab                     ] ThreadLocalAllocBuffer::compute_size(4) returns 41703
[3.972s][trace][gc,tlab                     ] TLAB: fill thread: 0x00007ff7a3004000 [id: 8963] desired_size: 325KB slow allocs: 0  refill waste: 5208B alloc: 0.99420     8422KB refills: 26 waste  0.2% gc: 0B slow: 14600B fast: 0B
[3.985s][trace][gc,tlab                     ] ThreadLocalAllocBuffer::compute_size(3) returns 41702
[3.985s][trace][gc,tlab                     ] TLAB: fill thread: 0x00007ff7a3004000 [id: 8963] desired_size: 325KB slow allocs: 0  refill waste: 5208B alloc: 0.99420     8746KB refills: 27 waste  0.2% gc: 0B slow: 15184B fast: 0B
[3.998s][trace][gc,tlab                     ] ThreadLocalAllocBuffer::compute_size(4) returns 41703
[3.998s][trace][gc,tlab                     ] TLAB: fill thread: 0x00007ff7a3004000 [id: 8963] desired_size: 325KB slow allocs: 0  refill waste: 5208B alloc: 0.99420     9070KB refills: 28 waste  0.2% gc: 0B slow: 15768B fast: 0B
[4.011s][trace][gc,tlab                     ] ThreadLocalAllocBuffer::compute_size(3) returns 41702
[4.011s][trace][gc,tlab                     ] TLAB: fill thread: 0x00007ff7a3004000 [id: 8963] desired_size: 325KB slow allocs: 0  refill waste: 5208B alloc: 0.99420     9393KB refills: 29 waste  0.2% gc: 0B slow: 16352B fast: 0B
[4.025s][trace][gc,tlab                     ] ThreadLocalAllocBuffer::compute_size(4) returns 41703
[4.025s][trace][gc,tlab                     ] TLAB: fill thread: 0x00007ff7a3004000 [id: 8963] desired_size: 325KB slow allocs: 0  refill waste: 5208B alloc: 0.99420     9717KB refills: 30 waste  0.2% gc: 0B slow: 16936B fast: 0B
[4.040s][trace][gc,tlab                     ] ThreadLocalAllocBuffer::compute_size(3) returns 41702
[4.040s][trace][gc,tlab                     ] TLAB: fill thread: 0x00007ff7a3004000 [id: 8963] desired_size: 325KB slow allocs: 0  refill waste: 5208B alloc: 0.99420    10041KB refills: 31 waste  0.2% gc: 0B slow: 17520B fast: 0B
[4.055s][trace][gc,tlab                     ] ThreadLocalAllocBuffer::compute_size(4) returns 41703
[4.055s][trace][gc,tlab                     ] TLAB: fill thread: 0x00007ff7a3004000 [id: 8963] desired_size: 325KB slow allocs: 0  refill waste: 5208B alloc: 0.99420    10365KB refills: 32 waste  0.2% gc: 0B slow: 18104B fast: 0B
[4.068s][trace][gc,tlab                     ] ThreadLocalAllocBuffer::compute_size(3) returns 41702
[4.068s][trace][gc,tlab                     ] TLAB: fill thread: 0x00007ff7a3004000 [id: 8963] desired_size: 325KB slow allocs: 0  refill waste: 5208B alloc: 0.99420    10689KB refills: 33 waste  0.2% gc: 0B slow: 18688B fast: 0B
[4.081s][trace][gc,tlab                     ] ThreadLocalAllocBuffer::compute_size(4) returns 41703
[4.081s][trace][gc,tlab                     ] TLAB: fill thread: 0x00007ff7a3004000 [id: 8963] desired_size: 325KB slow allocs: 0  refill waste: 5208B alloc: 0.99420    11013KB refills: 34 waste  0.2% gc: 0B slow: 19272B fast: 0B
[4.094s][trace][gc,tlab                     ] ThreadLocalAllocBuffer::compute_size(3) returns 41702
[4.094s][trace][gc,tlab                     ] TLAB: fill thread: 0x00007ff7a3004000 [id: 8963] desired_size: 325KB slow allocs: 0  refill waste: 5208B alloc: 0.99420    11337KB refills: 35 waste  0.2% gc: 0B slow: 19856B fast: 0B
[4.107s][trace][gc,tlab                     ] ThreadLocalAllocBuffer::compute_size(4) returns 41703
[4.107s][trace][gc,tlab                     ] TLAB: fill thread: 0x00007ff7a3004000 [id: 8963] desired_size: 325KB slow allocs: 0  refill waste: 5208B alloc: 0.99420    11661KB refills: 36 waste  0.2% gc: 0B slow: 20440B fast: 0B
[4.119s][trace][gc,tlab                     ] ThreadLocalAllocBuffer::compute_size(3) returns 41702
[4.119s][trace][gc,tlab                     ] TLAB: fill thread: 0x00007ff7a3004000 [id: 8963] desired_size: 325KB slow allocs: 0  refill waste: 5208B alloc: 0.99420    11985KB refills: 37 waste  0.2% gc: 0B slow: 21024B fast: 0B
[4.132s][trace][gc,tlab                     ] ThreadLocalAllocBuffer::compute_size(4) returns 41703
[4.132s][trace][gc,tlab                     ] TLAB: fill thread: 0x00007ff7a3004000 [id: 8963] desired_size: 325KB slow allocs: 0  refill waste: 5208B alloc: 0.99420    12309KB refills: 38 waste  0.2% gc: 0B slow: 21608B fast: 0B
[4.145s][trace][gc,tlab                     ] ThreadLocalAllocBuffer::compute_size(3) returns 41702
[4.145s][trace][gc,tlab                     ] TLAB: fill thread: 0x00007ff7a3004000 [id: 8963] desired_size: 325KB slow allocs: 0  refill waste: 5208B alloc: 0.99420    12633KB refills: 39 waste  0.2% gc: 0B slow: 22192B fast: 0B
[4.157s][trace][gc,tlab                     ] ThreadLocalAllocBuffer::compute_size(4) returns 41703
[4.157s][trace][gc,tlab                     ] TLAB: fill thread: 0x00007ff7a3004000 [id: 8963] desired_size: 325KB slow allocs: 0  refill waste: 5208B alloc: 0.99420    12956KB refills: 40 waste  0.2% gc: 0B slow: 22776B fast: 0B
[4.171s][trace][gc,tlab                     ] ThreadLocalAllocBuffer::compute_size(3) returns 41702
[4.171s][trace][gc,tlab                     ] TLAB: fill thread: 0x00007ff7a3004000 [id: 8963] desired_size: 325KB slow allocs: 0  refill waste: 5208B alloc: 0.99420    13280KB refills: 41 waste  0.2% gc: 0B slow: 23360B fast: 0B
[4.183s][trace][gc,tlab                     ] ThreadLocalAllocBuffer::compute_size(4) returns 41703
[4.183s][trace][gc,tlab                     ] TLAB: fill thread: 0x00007ff7a3004000 [id: 8963] desired_size: 325KB slow allocs: 0  refill waste: 5208B alloc: 0.99420    13604KB refills: 42 waste  0.2% gc: 0B slow: 23944B fast: 0B
[4.196s][trace][gc,tlab                     ] ThreadLocalAllocBuffer::compute_size(3) returns 41702
[4.196s][trace][gc,tlab                     ] TLAB: fill thread: 0x00007ff7a3004000 [id: 8963] desired_size: 325KB slow allocs: 0  refill waste: 5208B alloc: 0.99420    13928KB refills: 43 waste  0.2% gc: 0B slow: 24528B fast: 0B
[4.209s][trace][gc,tlab                     ] ThreadLocalAllocBuffer::compute_size(4) returns 41703
[4.209s][trace][gc,tlab                     ] TLAB: fill thread: 0x00007ff7a3004000 [id: 8963] desired_size: 325KB slow allocs: 0  refill waste: 5208B alloc: 0.99420    14252KB refills: 44 waste  0.2% gc: 0B slow: 25112B fast: 0B
[4.222s][trace][gc,tlab                     ] ThreadLocalAllocBuffer::compute_size(3) returns 41702
[4.222s][trace][gc,tlab                     ] TLAB: fill thread: 0x00007ff7a3004000 [id: 8963] desired_size: 325KB slow allocs: 0  refill waste: 5208B alloc: 0.99420    14576KB refills: 45 waste  0.2% gc: 0B slow: 25696B fast: 0B
[4.235s][trace][gc,tlab                     ] ThreadLocalAllocBuffer::compute_size(4) returns 41703
[4.235s][trace][gc,tlab                     ] TLAB: fill thread: 0x00007ff7a3004000 [id: 8963] desired_size: 325KB slow allocs: 0  refill waste: 5208B alloc: 0.99420    14900KB refills: 46 waste  0.2% gc: 0B slow: 26280B fast: 0B
[4.247s][trace][gc,tlab                     ] ThreadLocalAllocBuffer::compute_size(3) returns 41702
[4.247s][trace][gc,tlab                     ] TLAB: fill thread: 0x00007ff7a3004000 [id: 8963] desired_size: 325KB slow allocs: 0  refill waste: 5208B alloc: 0.99420    15224KB refills: 47 waste  0.2% gc: 0B slow: 26864B fast: 0B
[4.260s][trace][gc,tlab                     ] ThreadLocalAllocBuffer::compute_size(4) returns 41703
[4.260s][trace][gc,tlab                     ] TLAB: fill thread: 0x00007ff7a3004000 [id: 8963] desired_size: 325KB slow allocs: 0  refill waste: 5208B alloc: 0.99420    15548KB refills: 48 waste  0.2% gc: 0B slow: 27448B fast: 0B
[4.273s][trace][gc,tlab                     ] ThreadLocalAllocBuffer::compute_size(3) returns 41702
[4.273s][trace][gc,tlab                     ] TLAB: fill thread: 0x00007ff7a3004000 [id: 8963] desired_size: 325KB slow allocs: 0  refill waste: 5208B alloc: 0.99420    15872KB refills: 49 waste  0.2% gc: 0B slow: 28032B fast: 0B
[4.286s][trace][gc,tlab                     ] ThreadLocalAllocBuffer::compute_size(4) returns 41703
[4.286s][trace][gc,tlab                     ] TLAB: fill thread: 0x00007ff7a3004000 [id: 8963] desired_size: 325KB slow allocs: 0  refill waste: 5208B alloc: 0.99420    16196KB refills: 50 waste  0.2% gc: 0B slow: 28616B fast: 0B
[4.299s][trace][gc,tlab                     ] ThreadLocalAllocBuffer::compute_size(3) returns 12019
[4.299s][trace][gc,tlab                     ] TLAB: fill thread: 0x00007ff7a3004000 [id: 8963] desired_size: 325KB slow allocs: 0  refill waste: 5208B alloc: 0.99420    16289KB refills: 51 waste  0.2% gc: 0B slow: 29200B fast: 0B
[4.303s][trace][gc,tlab                     ] ThreadLocalAllocBuffer::compute_size(8) returns failure
[4.303s][trace][gc,alloc                    ] GenCollectedHeap::mem_allocate_work: attempting locked slow path allocation
[4.303s][trace][gc,alloc                    ] DefNewGeneration::allocate_from_space(8):  will_fail: false  heap_lock: locked  free: 0  should_allocate_from_space: NOT returns NULL
[4.303s][trace][gc,nmethod                  ] oops_do_marking_prologue
[4.303s][trace][gc,nmethod                  ] oops_do_marking_epilogue
[4.303s][debug][gc,heap                     ] GC(7) Heap before GC invocations=6 (full 1): par new generation   total 18432K, used 18432K [0x00000007fc400000, 0x00000007fd800000, 0x00000007fd800000)
[4.303s][debug][gc,heap                     ] GC(7)   eden space 16384K, 100% used [0x00000007fc400000, 0x00000007fd400000, 0x00000007fd400000)
[4.303s][debug][gc,heap                     ] GC(7)   from space 2048K, 100% used [0x00000007fd400000, 0x00000007fd600000, 0x00000007fd600000)
[4.303s][debug][gc,heap                     ] GC(7)   to   space 2048K,   0% used [0x00000007fd600000, 0x00000007fd600000, 0x00000007fd800000)
[4.303s][debug][gc,heap                     ] GC(7)  concurrent mark-sweep generation total 40960K, used 6717K [0x00000007fd800000, 0x0000000800000000, 0x0000000800000000)
[4.303s][debug][gc,heap                     ] GC(7)  Metaspace       used 6832K, capacity 6934K, committed 7168K, reserved 1056768K
[4.303s][debug][gc,heap                     ] GC(7)   class space    used 609K, capacity 647K, committed 768K, reserved 1048576K
[4.303s][info ][gc,start                    ] GC(7) Pause Young (Allocation Failure)
[4.303s][trace][gc,tlab                     ] GC(7) TLAB: gc thread: 0x00007ff7a3004000 [id: 8963] desired_size: 325KB slow allocs: 0  refill waste: 5208B alloc: 0.99420    16289KB refills: 51 waste  0.2% gc: 0B slow: 29832B fast: 0B
[4.303s][trace][gc,tlab                     ] GC(7) TLAB: gc thread: 0x00007ff783019800 [id: 12035] desired_size: 327KB slow allocs: 0  refill waste: 5240B alloc: 1.00000    16384KB refills: 0 waste  0.0% gc: 0B slow: 0B fast: 0B
[4.303s][trace][gc,tlab                     ] GC(7) TLAB: gc thread: 0x00007ff7a3801000 [id: 17923] desired_size: 163KB slow allocs: 0  refill waste: 2616B alloc: 0.50000     8192KB refills: 0 waste  0.0% gc: 0B slow: 0B fast: 0B
[4.303s][trace][gc,tlab                     ] GC(7) TLAB: gc thread: 0x00007ff7a3029800 [id: 13315] desired_size: 327KB slow allocs: 0  refill waste: 5240B alloc: 1.00000    16384KB refills: 0 waste  0.0% gc: 0B slow: 0B fast: 0B
[4.303s][trace][gc,tlab                     ] GC(7) TLAB: gc thread: 0x00007ff7a3808000 [id: 15875] desired_size: 327KB slow allocs: 0  refill waste: 5240B alloc: 1.00000    16384KB refills: 0 waste  0.0% gc: 0B slow: 0B fast: 0B
[4.303s][trace][gc,tlab                     ] GC(7) TLAB: gc thread: 0x00007ff78301a800 [id: 13571] desired_size: 106KB slow allocs: 0  refill waste: 1704B alloc: 0.32503     5325KB refills: 0 waste  0.0% gc: 0B slow: 0B fast: 0B
[4.303s][trace][gc,tlab                     ] GC(7) TLAB: gc thread: 0x00007ff78301d800 [id: 14339] desired_size: 327KB slow allocs: 0  refill waste: 5240B alloc: 1.00000    16384KB refills: 0 waste  0.0% gc: 0B slow: 0B fast: 0B
[4.303s][trace][gc,tlab                     ] GC(7) TLAB: gc thread: 0x00007ff793003000 [id: 14851] desired_size: 327KB slow allocs: 0  refill waste: 5240B alloc: 1.00000    16384KB refills: 0 waste  0.0% gc: 0B slow: 0B fast: 0B
[4.303s][trace][gc,tlab                     ] GC(7) TLAB: gc thread: 0x00007ff7a3882800 [id: 43267] desired_size: 327KB slow allocs: 0  refill waste: 5240B alloc: 1.00000    16384KB refills: 0 waste  0.0% gc: 0B slow: 0B fast: 0B
[4.303s][trace][gc,tlab                     ] GC(7) TLAB: gc thread: 0x00007ff7a5816000 [id: 42755] desired_size: 163KB slow allocs: 0  refill waste: 2616B alloc: 0.50000     8192KB refills: 0 waste  0.0% gc: 0B slow: 0B fast: 0B
[4.303s][trace][gc,tlab                     ] GC(7) TLAB: gc thread: 0x00007ff7a5817000 [id: 41987] desired_size: 327KB slow allocs: 0  refill waste: 5240B alloc: 1.00000    16384KB refills: 0 waste  0.0% gc: 0B slow: 0B fast: 0B
[4.303s][debug][gc,tlab                     ] GC(7) TLAB totals: thrds: 1  refills: 51 max: 51 slow allocs: 0 max 0 waste:  0.2% gc: 0B max: 0B slow: 29832B max: 29832B fast: 0B max: 0B
[4.303s][debug][gc,freelist,stats           ] Before GC:
[4.303s][debug][gc,freelist,stats           ] Statistics for BinaryTreeDictionary:
[4.303s][debug][gc,freelist,stats           ] ------------------------------------
[4.303s][debug][gc,freelist,stats           ] Total Free Space: 2474666
[4.303s][debug][gc,freelist,stats           ] Max   Chunk Size: 2457099
[4.303s][debug][gc,freelist,stats           ] Number of Blocks: 15
[4.303s][debug][gc,freelist,stats           ] Av.  Block  Size: 164977
[4.303s][debug][gc,freelist,stats           ] Tree      Height: 9
[4.303s][trace][gc,freelist,stats           ] Statistics for IndexedFreeLists:
[4.303s][trace][gc,freelist,stats           ] --------------------------------
[4.303s][trace][gc,freelist,stats           ] Total Free Space: 1891967
[4.303s][trace][gc,freelist,stats           ] Max   Chunk Size: 250
[4.303s][trace][gc,freelist,stats           ] Number of Blocks: 515152
[4.303s][trace][gc,freelist,stats           ] Av.  Block  Size: 3
[4.303s][trace][gc,freelist,stats           ]  free=4366633 frag=0.6834
[4.303s][trace][gc,phases,start             ] GC(7) Collect gen: ParNew
[4.303s][trace][gc                          ] GC(7) Young invoke=7 size=64
[4.303s][trace][gc,task                     ] GC(7) GCTaskManager::calc_default_active_workers() : active_workers(): 2  new_active_workers: 2  prev_active_workers: 2
 active_workers_by_JT: 2  active_workers_by_heap_size: 2
[4.303s][trace][gc,task                     ] GC(7) WorkerManager::add_workers() : created_workers: 2
[4.303s][trace][gc,task                     ] GC(7) GC Thread: using 2 out of 10 workers
[4.303s][info ][gc,task                     ] GC(7) Using 2 workers of 10 for evacuation
[4.303s][trace][gc,promotion                ] CMS: promo attempt is safe: available(35064136) >= av_promo(4750627), max_promo(18874368)
[4.303s][trace][gc,phases,start             ] GC(7) ParNew (Allocation Failure)
[4.303s][trace][gc,nmethod                  ] GC(7) oops_do_marking_prologue
[4.303s][trace][gc,task                     ] GC(7) WorkerManager::add_workers() : created_workers: 2
[4.303s][trace][gc,task                     ] GC(7) GC Thread: using 2 out of 10 workers
[4.303s][trace][gc,nmethod                  ] GC(7)  346 %     4       TExample::main @ 18 (86 bytes)   oops_do, mark
[4.311s][trace][gc,task                     ] GC(7) WorkerManager::add_workers() : created_workers: 2
[4.311s][trace][gc,task                     ] GC(7) GC Thread: using 2 out of 10 workers
[4.311s][trace][gc,nmethod                  ] GC(7)  346 %     4       TExample::main @ 18 (86 bytes)   oops_do, unmark
[4.311s][trace][gc,nmethod                  ] GC(7) oops_do_marking_epilogue
[4.311s][trace][gc,plab                     ] GC(7) 0[3]: 957/27648/1024
[4.311s][trace][gc,plab                     ] GC(7) 0[4]: 731/31744/1024
[4.311s][trace][gc,plab                     ] GC(7) 1[3]: 786/47104/1024
[4.311s][trace][gc,plab                     ] GC(7) 1[4]: 743/35840/1024
[4.311s][trace][gc,plab                     ] GC(7) 1[8]: 511/7410/570
[4.311s][trace][gc,plab                     ] GC(7) [3]: 1024
[4.311s][trace][gc,plab                     ] GC(7) [4]: 1024
[4.311s][trace][gc,plab                     ] GC(7) [8]: 797
[4.311s][debug][gc,ref                      ] GC(7) Skipped phase1 of Reference Processing due to unavailable references
[4.311s][debug][gc,ref                      ] GC(7) Skipped phase2 of Reference Processing due to unavailable references
[4.311s][debug][gc,ref                      ] GC(7) Skipped phase3 of Reference Processing due to unavailable references
[4.311s][debug][gc,ref                      ] GC(7) Skipped phase4 of Reference Processing due to unavailable references
[4.311s][debug][gc,phases,ref               ] GC(7) Reference Processing: 0.0ms
[4.311s][debug][gc,phases,ref               ] GC(7)   Reconsider SoftReferences: 0.0ms
[4.311s][debug][gc,phases,ref               ] GC(7)     SoftRef: skipped
[4.311s][debug][gc,phases,ref               ] GC(7)   Notify Soft/WeakReferences: 0.0ms
[4.311s][debug][gc,phases,ref               ] GC(7)     SoftRef: skipped
[4.311s][debug][gc,phases,ref               ] GC(7)     WeakRef: skipped
[4.311s][debug][gc,phases,ref               ] GC(7)     FinalRef: skipped
[4.311s][debug][gc,phases,ref               ] GC(7)     Total: skipped
[4.311s][debug][gc,phases,ref               ] GC(7)   Notify and keep alive finalizable: 0.0ms
[4.311s][debug][gc,phases,ref               ] GC(7)     FinalRef: skipped
[4.312s][debug][gc,phases,ref               ] GC(7)   Notify PhantomReferences: 0.0ms
[4.312s][debug][gc,phases,ref               ] GC(7)     PhantomRef: skipped
[4.312s][debug][gc,phases,ref               ] GC(7)   SoftReference:
[4.312s][debug][gc,phases,ref               ] GC(7)     Discovered: 0
[4.312s][debug][gc,phases,ref               ] GC(7)     Cleared: 0
[4.312s][debug][gc,phases,ref               ] GC(7)   WeakReference:
[4.312s][debug][gc,phases,ref               ] GC(7)     Discovered: 0
[4.312s][debug][gc,phases,ref               ] GC(7)     Cleared: 0
[4.312s][debug][gc,phases,ref               ] GC(7)   FinalReference:
[4.312s][debug][gc,phases,ref               ] GC(7)     Discovered: 0
[4.312s][debug][gc,phases,ref               ] GC(7)     Cleared: 0
[4.312s][debug][gc,phases,ref               ] GC(7)   PhantomReference:
[4.312s][debug][gc,phases,ref               ] GC(7)     Discovered: 0
[4.312s][debug][gc,phases,ref               ] GC(7)     Cleared: 0
[4.312s][debug][gc,age                      ] GC(7) Desired survivor size 1048576 bytes, new threshold 1 (max threshold 6)
[4.312s][trace][gc,age                      ] GC(7) Age table with threshold 1 (max threshold 6)
[4.312s][trace][gc,age                      ] GC(7) - age   1:    2095280 bytes,    2095280 total
[4.312s][debug][gc,plab                     ] GC(7) Young PLAB allocation: allocated: 2095312B, wasted: 32B, unused: 0B, used: 2095280B, undo waste: 0B,
[4.312s][debug][gc,plab                     ] GC(7) Young sizing: calculated: 2095280B, actual: 2095288B
[4.312s][trace][gc,phases                   ] GC(7) ParNew (Allocation Failure) 8.529ms
[4.312s][trace][gc,phases                   ] GC(7) Collect gen: ParNew 8.562ms
[4.312s][info ][gc,heap                     ] GC(7) ParNew: 18432K->2046K(18432K)
[4.312s][info ][gc,heap                     ] GC(7) CMS: 6717K->10960K(40960K)
[4.312s][info ][gc,metaspace                ] GC(7) Metaspace: 6832K->6832K(1056768K)
[4.312s][trace][gc,tlab                     ] GC(7) TLAB new size: thread: 0x00007ff7a3004000 [id: 8963] refills 50  alloc: 0.995606 desired_size: 41699 -> 41758
[4.312s][trace][gc,tlab                     ] GC(7) TLAB new size: thread: 0x00007ff783019800 [id: 12035] refills 50  alloc: 0.999999 desired_size: 41943 -> 41943
[4.312s][trace][gc,tlab                     ] GC(7) TLAB new size: thread: 0x00007ff7a3801000 [id: 17923] refills 50  alloc: 0.500000 desired_size: 20971 -> 20971
[4.312s][trace][gc,tlab                     ] GC(7) TLAB new size: thread: 0x00007ff7a3029800 [id: 13315] refills 50  alloc: 0.999999 desired_size: 41943 -> 41943
[4.312s][trace][gc,tlab                     ] GC(7) TLAB new size: thread: 0x00007ff7a3808000 [id: 15875] refills 50  alloc: 0.999999 desired_size: 41943 -> 41943
[4.312s][trace][gc,tlab                     ] GC(7) TLAB new size: thread: 0x00007ff78301a800 [id: 13571] refills 50  alloc: 0.325027 desired_size: 13632 -> 13632
[4.312s][trace][gc,tlab                     ] GC(7) TLAB new size: thread: 0x00007ff78301d800 [id: 14339] refills 50  alloc: 0.999999 desired_size: 41943 -> 41943
[4.312s][trace][gc,tlab                     ] GC(7) TLAB new size: thread: 0x00007ff793003000 [id: 14851] refills 50  alloc: 0.999999 desired_size: 41943 -> 41943
[4.312s][trace][gc,tlab                     ] GC(7) TLAB new size: thread: 0x00007ff7a3882800 [id: 43267] refills 50  alloc: 0.999999 desired_size: 41943 -> 41943
[4.312s][trace][gc,tlab                     ] GC(7) TLAB new size: thread: 0x00007ff7a5816000 [id: 42755] refills 50  alloc: 0.500000 desired_size: 20971 -> 20971
[4.312s][trace][gc,tlab                     ] GC(7) TLAB new size: thread: 0x00007ff7a5817000 [id: 41987] refills 50  alloc: 0.999999 desired_size: 41943 -> 41943
[4.312s][debug][gc,freelist,stats           ] After GC:
[4.312s][debug][gc,freelist,stats           ] Statistics for BinaryTreeDictionary:
[4.312s][debug][gc,freelist,stats           ] ------------------------------------
[4.312s][debug][gc,freelist,stats           ] Total Free Space: 2469700
[4.312s][debug][gc,freelist,stats           ] Max   Chunk Size: 2457099
[4.312s][debug][gc,freelist,stats           ] Number of Blocks: 8
[4.312s][debug][gc,freelist,stats           ] Av.  Block  Size: 308712
[4.312s][debug][gc,freelist,stats           ] Tree      Height: 5
[4.312s][trace][gc,freelist,stats           ] Statistics for IndexedFreeLists:
[4.312s][trace][gc,freelist,stats           ] --------------------------------
[4.312s][trace][gc,freelist,stats           ] Total Free Space: 1353820
[4.312s][trace][gc,freelist,stats           ] Max   Chunk Size: 250
[4.312s][trace][gc,freelist,stats           ] Number of Blocks: 369141
[4.312s][trace][gc,freelist,stats           ] Av.  Block  Size: 3
[4.312s][trace][gc,freelist,stats           ]  free=3823520 frag=0.5870
[4.312s][info ][gc                          ] GC(7) Pause Young (Allocation Failure) 24M->12M(58M) 8.709ms
[4.312s][info ][gc,cpu                      ] GC(7) User=0.02s Sys=0.00s Real=0.01s
[4.312s][debug][gc,heap                     ] GC(7) Heap after GC invocations=7 (full 1): par new generation   total 18432K, used 2046K [0x00000007fc400000, 0x00000007fd800000, 0x00000007fd800000)
[4.312s][debug][gc,heap                     ] GC(7)   eden space 16384K,   0% used [0x00000007fc400000, 0x00000007fc400000, 0x00000007fd400000)
[4.312s][debug][gc,heap                     ] GC(7)   from space 2048K,  99% used [0x00000007fd600000, 0x00000007fd7ff8d0, 0x00000007fd800000)
[4.312s][debug][gc,heap                     ] GC(7)   to   space 2048K,   0% used [0x00000007fd400000, 0x00000007fd400000, 0x00000007fd600000)
[4.312s][debug][gc,heap                     ] GC(7)  concurrent mark-sweep generation total 40960K, used 10960K [0x00000007fd800000, 0x0000000800000000, 0x0000000800000000)
[4.312s][debug][gc,heap                     ] GC(7)  Metaspace       used 6832K, capacity 6934K, committed 7168K, reserved 1056768K
[4.312s][debug][gc,heap                     ] GC(7)   class space    used 609K, capacity 647K, committed 768K, reserved 1048576K
[4.312s][trace][gc,tlab                     ] ThreadLocalAllocBuffer::compute_size(3) returns 41761
[4.312s][trace][gc,tlab                     ] TLAB: fill thread: 0x00007ff7a3004000 [id: 8963] desired_size: 326KB slow allocs: 0  refill waste: 5216B alloc: 0.99561      325KB refills: 1 waste  0.0% gc: 0B slow: 0B fast: 0B
[4.312s][trace][gc                          ] CMSCollector shouldConcurrentCollect:
[4.312s][trace][gc                          ] CMSStats::time_until_cms_gen_full: cms_free 25626196 expected_promotion 5093036
[4.312s][trace][gc                          ]   cms_free_dbl 23063576.400000 cms_consumption_rate 5856831.812043
[4.312s][trace][gc                          ] time_until_cms_gen_full 3.9378929
[4.312s][trace][gc                          ] free=30719232
[4.312s][trace][gc                          ] contiguous_available=19656792
[4.312s][trace][gc                          ] promotion_rate=5.85683e+06
[4.312s][trace][gc                          ] cms_allocation_rate=0
[4.312s][trace][gc                          ] occupancy=0.2675964
[4.312s][trace][gc                          ] initiatingOccupancy=0.9200000
[4.312s][trace][gc                          ] cms_time_since_begin=0.6799492
[4.312s][trace][gc                          ] cms_time_since_end=0.6586403
[4.312s][trace][gc                          ] metadata initialized 0
[4.312s][trace][gc                          ] CMSStats::time_until_cms_gen_full: cms_free 25626196 expected_promotion 5093036
[4.312s][trace][gc                          ]   cms_free_dbl 23063576.400000 cms_consumption_rate 5856831.812043
[4.312s][trace][gc,promotion                ] CMS: promo attempt is safe: available(30719232) >= av_promo(5093036), max_promo(2429464)
[4.326s][trace][gc,tlab                     ] ThreadLocalAllocBuffer::compute_size(4) returns 41762
[4.326s][trace][gc,tlab                     ] TLAB: fill thread: 0x00007ff7a3004000 [id: 8963] desired_size: 326KB slow allocs: 0  refill waste: 5216B alloc: 0.99561      650KB refills: 2 waste  0.1% gc: 0B slow: 592B fast: 0B
[4.339s][trace][gc,tlab                     ] ThreadLocalAllocBuffer::compute_size(3) returns 41761
[4.339s][trace][gc,tlab                     ] TLAB: fill thread: 0x00007ff7a3004000 [id: 8963] desired_size: 326KB slow allocs: 0  refill waste: 5216B alloc: 0.99561      975KB refills: 3 waste  0.1% gc: 0B slow: 1184B fast: 0B
[4.352s][trace][gc,tlab                     ] ThreadLocalAllocBuffer::compute_size(4) returns 41762
[4.352s][trace][gc,tlab                     ] TLAB: fill thread: 0x00007ff7a3004000 [id: 8963] desired_size: 326KB slow allocs: 0  refill waste: 5216B alloc: 0.99561     1299KB refills: 4 waste  0.1% gc: 0B slow: 1776B fast: 0B
[4.365s][trace][gc,tlab                     ] ThreadLocalAllocBuffer::compute_size(3) returns 41761
[4.365s][trace][gc,tlab                     ] TLAB: fill thread: 0x00007ff7a3004000 [id: 8963] desired_size: 326KB slow allocs: 0  refill waste: 5216B alloc: 0.99561     1624KB refills: 5 waste  0.1% gc: 0B slow: 2368B fast: 0B
[4.378s][trace][gc,tlab                     ] ThreadLocalAllocBuffer::compute_size(4) returns 41762
[4.378s][trace][gc,tlab                     ] TLAB: fill thread: 0x00007ff7a3004000 [id: 8963] desired_size: 326KB slow allocs: 0  refill waste: 5216B alloc: 0.99561     1949KB refills: 6 waste  0.1% gc: 0B slow: 2960B fast: 0B
[4.391s][trace][gc,tlab                     ] ThreadLocalAllocBuffer::compute_size(3) returns 41761
[4.391s][trace][gc,tlab                     ] TLAB: fill thread: 0x00007ff7a3004000 [id: 8963] desired_size: 326KB slow allocs: 0  refill waste: 5216B alloc: 0.99561     2274KB refills: 7 waste  0.2% gc: 0B slow: 3552B fast: 0B
[4.405s][trace][gc,tlab                     ] ThreadLocalAllocBuffer::compute_size(4) returns 41762
[4.405s][trace][gc,tlab                     ] TLAB: fill thread: 0x00007ff7a3004000 [id: 8963] desired_size: 326KB slow allocs: 0  refill waste: 5216B alloc: 0.99561     2599KB refills: 8 waste  0.2% gc: 0B slow: 4144B fast: 0B
[4.409s][trace][gc,metaspace,freelist,blocks] getting block at 0x00000001146bcad0 size = 10
[4.409s][trace][gc,metaspace,freelist,blocks] getting block at 0x0000000114878260 size = 10
[4.409s][trace][gc,metaspace,freelist,blocks] getting block at 0x000000011483ffb0 size = 10
[4.409s][trace][gc,metaspace,freelist,blocks] getting block at 0x0000000114585350 size = 10
[4.409s][trace][gc,metaspace,freelist,blocks] getting block at 0x0000000114583810 size = 10
[4.409s][trace][gc,metaspace,freelist,blocks] getting block at 0x000000011456d7a0 size = 7
[4.409s][trace][gc,metaspace,freelist,blocks] getting block at 0x000000011486fdc8 size = 53
[4.409s][trace][gc,metaspace,freelist,blocks] getting block at 0x00000001142f70f8 size = 4
[4.409s][trace][gc,metaspace,freelist,blocks] getting block at 0x00000001142f7038 size = 3
[4.409s][trace][gc,metaspace,freelist,blocks] getting block at 0x000000011441a330 size = 3
[4.409s][trace][gc,metaspace,freelist,blocks] getting block at 0x00000001143ccf98 size = 11
[4.409s][trace][gc,metaspace,freelist,blocks] getting block at 0x00000001145852c0 size = 11
[4.409s][trace][gc,metaspace,freelist,blocks] getting block at 0x0000000114583780 size = 12
[4.409s][trace][gc,metaspace,freelist,blocks] getting block at 0x00000001145811f8 size = 11
[4.409s][trace][gc,metaspace,freelist,blocks] getting block at 0x000000011456d9d8 size = 4
[4.409s][trace][gc,metaspace,freelist,blocks] getting block at 0x00000001145833c0 size = 14
[4.409s][trace][gc,metaspace,freelist,blocks] returning block at 0x000000011478ff58 size = 21
[4.409s][trace][gc,metaspace,freelist,blocks] getting block at 0x000000011478fbd0 size = 113
[4.409s][trace][gc,metaspace,freelist,blocks] getting block at 0x0000000114581c18 size = 10
[4.409s][trace][gc,metaspace,freelist,blocks] getting block at 0x00000001145822e0 size = 3
[4.409s][trace][gc,metaspace,freelist,blocks] getting block at 0x00000001146bd6d8 size = 5
[4.409s][trace][gc,metaspace,freelist,blocks] getting block at 0x00000001148bff70 size = 18
[4.409s][trace][gc,metaspace,freelist,blocks] getting block at 0x00000001143cd2a0 size = 11
[4.409s][trace][gc,metaspace,freelist,blocks] getting block at 0x00000001148792a0 size = 22
[4.409s][trace][gc,metaspace,freelist,blocks] getting block at 0x00000001146c36f0 size = 11
[4.409s][trace][gc,metaspace,freelist,blocks] getting block at 0x0000000114419160 size = 20
[4.409s][trace][gc,metaspace,freelist,blocks] getting block at 0x00000001144197d8 size = 11
[4.409s][trace][gc,metaspace,freelist,blocks] getting block at 0x00000001146c34b8 size = 70
[4.409s][trace][gc,metaspace,freelist,blocks] returning block at 0x0000000114580e90 size = 3
[4.409s][trace][gc,metaspace,freelist,blocks] getting block at 0x0000000114580e38 size = 11
[4.409s][trace][gc,metaspace,freelist,blocks] getting block at 0x0000000114580e90 size = 3
[4.409s][trace][gc,metaspace,freelist,blocks] getting block at 0x00000001146bcd88 size = 9
[4.409s][trace][gc,metaspace,freelist,blocks] returning block at 0x0000000114520960 size = 3
[4.409s][trace][gc,metaspace,freelist,blocks] getting block at 0x0000000114520908 size = 11
[4.409s][trace][gc,metaspace,freelist,blocks] getting block at 0x0000000114871210 size = 16
[4.410s][trace][gc,metaspace,freelist,blocks] returning block at 0x000000011480fed8 size = 37
[4.410s][trace][gc,metaspace,freelist,blocks] getting block at 0x000000011480fb00 size = 123
[4.410s][trace][gc,metaspace,freelist,blocks] returning block at 0x0000000114584f58 size = 3
[4.410s][trace][gc,metaspace,freelist,blocks] getting block at 0x0000000114584f00 size = 11
[4.410s][trace][gc,metaspace,freelist,blocks] getting block at 0x0000000114581270 size = 6
[4.410s][trace][gc,metaspace,freelist,blocks] returning block at 0x00000001146bd6d8 size = 5
[4.410s][trace][gc,metaspace,freelist,blocks] getting block at 0x0000000114584f58 size = 3
[4.410s][trace][gc,metaspace,freelist,blocks] getting block at 0x0000000114520960 size = 3
[4.410s][trace][gc,metaspace,freelist,blocks] returning block at 0x00000001143cd278 size = 5
[4.410s][trace][gc,metaspace,freelist,blocks] getting block at 0x00000001143ccff0 size = 81
[4.410s][trace][gc,metaspace,freelist,blocks] getting block at 0x0000000114583ed8 size = 3
[4.410s][trace][gc,metaspace,freelist,blocks] getting block at 0x0000000114585a18 size = 3
[4.410s][trace][gc,metaspace,freelist,blocks] getting block at 0x0000000114520220 size = 25
[4.410s][trace][gc,metaspace,freelist,blocks] getting block at 0x000000011458d740 size = 3
[4.410s][trace][gc,tlab                     ] ThreadLocalAllocBuffer::compute_size(47) returns 41990
[4.410s][trace][gc,tlab                     ] TLAB: fill thread: 0x00007ff7a5871000 [id: 8963] desired_size: 327KB slow allocs: 0  refill waste: 5240B alloc: 1.00000     2938KB refills: 1 waste  0.0% gc: 0B slow: 0B fast: 0B
[4.410s][trace][gc,metaspace,freelist,blocks] getting block at 0x0000000114447790 size = 16
[4.410s][trace][gc,metaspace,freelist,blocks] returning block at 0x0000000114419608 size = 37
[4.410s][trace][gc,metaspace,freelist,blocks] getting block at 0x0000000114419208 size = 128
[4.410s][trace][gc,metaspace,freelist,blocks] returning block at 0x0000000114419790 size = 3
[4.410s][trace][gc,metaspace,freelist,blocks] getting block at 0x0000000114419730 size = 12
[4.410s][trace][gc,metaspace,freelist,blocks] getting block at 0x00000001146c3470 size = 9
[4.410s][trace][gc,metaspace,freelist,blocks] returning block at 0x00000001144478b8 size = 4
[4.410s][trace][gc,metaspace,freelist,blocks] getting block at 0x0000000114447860 size = 11
[4.410s][trace][gc,metaspace,freelist,blocks] getting block at 0x000000011458a868 size = 35
[4.410s][trace][gc,metaspace,freelist,blocks] returning block at 0x00000001147cffc0 size = 8
[4.410s][trace][gc,metaspace,freelist,blocks] getting block at 0x00000001147cff68 size = 11
[4.410s][trace][gc,metaspace,freelist,blocks] getting block at 0x000000011480fed8 size = 37
[4.410s][trace][gc,metaspace,freelist,blocks] returning block at 0x000000011487b490 size = 8
[4.410s][trace][gc,metaspace,freelist,blocks] getting block at 0x000000011487b438 size = 11
[4.410s][trace][gc,metaspace,freelist,blocks] getting block at 0x000000011486fd90 size = 7
[4.410s][trace][gc,metaspace,freelist,blocks] returning block at 0x0000000114520a10 size = 6
[4.410s][trace][gc,metaspace,freelist,blocks] getting block at 0x00000001145209a8 size = 13
[4.410s][trace][gc,metaspace,freelist,blocks] returning block at 0x00000001142f70c8 size = 6
[4.410s][trace][gc,metaspace,freelist,blocks] getting block at 0x00000001142f7050 size = 15
[4.410s][trace][gc,metaspace,freelist,blocks] returning block at 0x000000011478ffb0 size = 10
[4.410s][trace][gc,metaspace,freelist,blocks] getting block at 0x000000011478ff58 size = 11
[4.410s][trace][gc,metaspace,freelist,blocks] getting block at 0x00000001146c3ce0 size = 7
[4.410s][trace][gc,metaspace,freelist,blocks] returning block at 0x00000001146c33f0 size = 8
[4.410s][trace][gc,metaspace,freelist,blocks] getting block at 0x00000001146c3388 size = 13
[4.410s][trace][gc,metaspace,freelist,blocks] getting block at 0x00000001144470d0 size = 22
[4.410s][trace][gc,metaspace,freelist,blocks] returning block at 0x00000001146c32b0 size = 16
[4.410s][trace][gc,metaspace,freelist,blocks] getting block at 0x00000001146c3258 size = 11
[4.410s][trace][gc,metaspace,freelist,blocks] returning block at 0x00000001146c3318 size = 3
[4.410s][trace][gc,metaspace,freelist,blocks] getting block at 0x00000001146c32b0 size = 13
[4.410s][trace][gc,metaspace,freelist,blocks] returning block at 0x000000011458b2a0 size = 17
[4.410s][trace][gc,metaspace,freelist,blocks] getting block at 0x000000011458b248 size = 11
[4.410s][trace][gc,metaspace,freelist,blocks] returning block at 0x000000011458b300 size = 5
[4.410s][trace][gc,metaspace,freelist,blocks] getting block at 0x000000011458b2a0 size = 12
[4.410s][trace][gc,metaspace,freelist,blocks] returning block at 0x000000011481ff78 size = 17
[4.410s][trace][gc,metaspace,freelist,blocks] getting block at 0x000000011481ff20 size = 11
[4.410s][trace][gc,metaspace,freelist,blocks] getting block at 0x00000001146c3318 size = 3
[4.410s][trace][gc,metaspace,freelist,blocks] getting block at 0x0000000114419790 size = 3
[4.410s][trace][gc,metaspace,freelist,blocks] returning block at 0x00000001145836d8 size = 21
[4.410s][trace][gc,metaspace,freelist,blocks] getting block at 0x0000000114583430 size = 85
[4.410s][trace][gc,metaspace,freelist,blocks] getting block at 0x00000001146c3370 size = 3
[4.410s][trace][gc,metaspace,freelist,blocks] getting block at 0x000000011478ffb0 size = 10
[4.410s][trace][gc,metaspace,freelist,blocks] getting block at 0x00000001144478b8 size = 4
[4.410s][trace][gc,metaspace,freelist,blocks] getting block at 0x000000011456d9f8 size = 29
[4.410s][trace][gc,metaspace,freelist,blocks] getting block at 0x000000011456dae0 size = 4
[4.410s][trace][gc,metaspace,freelist,blocks] getting block at 0x000000011488ffe8 size = 3
[4.410s][trace][gc,metaspace,freelist,blocks] getting block at 0x00000001146c4948 size = 3
[4.410s][trace][gc,metaspace,freelist,blocks] returning block at 0x000000011481ffd0 size = 6
[4.410s][trace][gc,metaspace,freelist,blocks] getting block at 0x000000011481ff78 size = 11
[4.410s][trace][gc,metaspace,freelist,blocks] getting block at 0x00000001142f7ec8 size = 3
[4.410s][trace][gc,metaspace,freelist,blocks] getting block at 0x00000001146c9770 size = 9
[4.410s][trace][gc                          ] CMSCollector shouldConcurrentCollect:
[4.410s][trace][gc                          ] CMSStats::time_until_cms_gen_full: cms_free 25626196 expected_promotion 5093036
[4.410s][trace][gc                          ]   cms_free_dbl 23063576.400000 cms_consumption_rate 5856831.812043
[4.410s][trace][gc                          ] time_until_cms_gen_full 3.9378929
[4.410s][trace][gc                          ] free=30719232
[4.410s][trace][gc                          ] contiguous_available=19656792
[4.410s][trace][gc                          ] promotion_rate=5.85683e+06
[4.410s][trace][gc                          ] cms_allocation_rate=0
[4.410s][trace][gc                          ] occupancy=0.2675964
[4.410s][trace][gc                          ] initiatingOccupancy=0.9200000
[4.410s][trace][gc                          ] cms_time_since_begin=0.7781559
[4.410s][trace][gc                          ] cms_time_since_end=0.7568460
[4.410s][trace][gc                          ] metadata initialized 0
[4.410s][trace][gc                          ] CMSStats::time_until_cms_gen_full: cms_free 25626196 expected_promotion 5093036
[4.410s][trace][gc                          ]   cms_free_dbl 23063576.400000 cms_consumption_rate 5856831.812043
[4.410s][trace][gc,promotion                ] CMS: promo attempt is safe: available(30719232) >= av_promo(5093036), max_promo(5104032)
[4.410s][info ][gc,heap,exit                ] Heap
[4.410s][info ][gc,heap,exit                ]  par new generation   total 18432K, used 4984K [0x00000007fc400000, 0x00000007fd800000, 0x00000007fd800000)
[4.410s][info ][gc,heap,exit                ]   eden space 16384K,  17% used [0x00000007fc400000, 0x00000007fc6de8d0, 0x00000007fd400000)
[4.410s][info ][gc,heap,exit                ]   from space 2048K,  99% used [0x00000007fd600000, 0x00000007fd7ff8d0, 0x00000007fd800000)
[4.410s][info ][gc,heap,exit                ]   to   space 2048K,   0% used [0x00000007fd400000, 0x00000007fd400000, 0x00000007fd600000)
[4.410s][info ][gc,heap,exit                ]  concurrent mark-sweep generation total 40960K, used 10960K [0x00000007fd800000, 0x0000000800000000, 0x0000000800000000)
[4.410s][info ][gc,heap,exit                ]  Metaspace       used 6836K, capacity 6934K, committed 7168K, reserved 1056768K
[4.410s][info ][gc,heap,exit                ]   class space    used 611K, capacity 647K, committed 768K, reserved 1048576K
[4.410s][debug][gc,heap,exit                ] Accumulated young generation GC time 0.0957987 secs, 7 GC's, avg GC time 0.0136855
[4.410s][debug][gc,heap,exit                ] Accumulated old generation GC time 0.0000000 secs, 0 GC's, avg GC time 0.0000000
[4.410s][trace][gc,nmethod                  ] oops_do_marking_prologue
[4.410s][trace][gc,nmethod                  ] oops_do_marking_epilogue

Process finished with exit code 0
